Java HotSpot(TM) 64-Bit Server VM (25.201-b09) for linux-amd64 JRE (1.8.0_201-b09), built on Dec 15 2018 11:35:59 by "java_re" with gcc 7.3.0
Memory: 4k page, physical 16381992k(13149836k free), swap 16733180k(16733180k free)
CommandLine flags: -XX:+ExplicitGCInvokesConcurrent -XX:GCLogFileSize=104857600 -XX:InitialHeapSize=1073741824 -XX:InitiatingHeapOccupancyPercent=35 -XX:+ManagementServer -XX:MaxGCPauseMillis=20 -XX:MaxHeapSize=1073741824 -XX:NumberOfGCLogFiles=10 -XX:+PrintGC -XX:+PrintGCDateStamps -XX:+PrintGCDetails -XX:+PrintGCTimeStamps -XX:+UseCompressedClassPointers -XX:+UseCompressedOops -XX:+UseG1GC -XX:+UseGCLogFileRotation 
2019-06-22T22:11:03.212+0900: 0.868: [GC pause (G1 Evacuation Pause) (young), 0.0085237 secs]
   [Parallel Time: 3.9 ms, GC Workers: 8]
      [GC Worker Start (ms): Min: 868.4, Avg: 868.5, Max: 868.6, Diff: 0.2]
      [Ext Root Scanning (ms): Min: 0.2, Avg: 0.8, Max: 3.6, Diff: 3.4, Sum: 6.7]
      [Update RS (ms): Min: 0.0, Avg: 0.0, Max: 0.0, Diff: 0.0, Sum: 0.0]
         [Processed Buffers: Min: 0, Avg: 0.0, Max: 0, Diff: 0, Sum: 0]
      [Scan RS (ms): Min: 0.0, Avg: 0.0, Max: 0.0, Diff: 0.0, Sum: 0.0]
      [Code Root Scanning (ms): Min: 0.0, Avg: 0.1, Max: 0.3, Diff: 0.3, Sum: 0.7]
      [Object Copy (ms): Min: 0.0, Avg: 2.1, Max: 2.7, Diff: 2.7, Sum: 16.9]
      [Termination (ms): Min: 0.0, Avg: 0.6, Max: 0.7, Diff: 0.7, Sum: 4.6]
         [Termination Attempts: Min: 1, Avg: 41.4, Max: 69, Diff: 68, Sum: 331]
      [GC Worker Other (ms): Min: 0.0, Avg: 0.0, Max: 0.0, Diff: 0.0, Sum: 0.1]
      [GC Worker Total (ms): Min: 3.5, Avg: 3.6, Max: 3.7, Diff: 0.2, Sum: 29.0]
      [GC Worker End (ms): Min: 872.1, Avg: 872.1, Max: 872.1, Diff: 0.0]
   [Code Root Fixup: 0.0 ms]
   [Code Root Purge: 0.0 ms]
   [Clear CT: 0.4 ms]
   [Other: 4.2 ms]
      [Choose CSet: 0.0 ms]
      [Ref Proc: 3.2 ms]
      [Ref Enq: 0.0 ms]
      [Redirty Cards: 0.7 ms]
      [Humongous Register: 0.0 ms]
      [Humongous Reclaim: 0.0 ms]
      [Free CSet: 0.1 ms]
   [Eden: 51.0M(51.0M)->0.0B(44.0M) Survivors: 0.0B->7168.0K Heap: 51.0M(1024.0M)->9600.5K(1024.0M)]
 [Times: user=0.02 sys=0.00, real=0.01 secs] 
2019-06-22T22:11:03.294+0900: 0.950: [GC pause (Metadata GC Threshold) (young) (initial-mark), 0.0041575 secs]
   [Parallel Time: 2.2 ms, GC Workers: 8]
      [GC Worker Start (ms): Min: 950.2, Avg: 950.3, Max: 950.6, Diff: 0.3]
      [Ext Root Scanning (ms): Min: 0.3, Avg: 0.6, Max: 1.1, Diff: 0.8, Sum: 4.6]
      [Update RS (ms): Min: 0.0, Avg: 0.0, Max: 0.1, Diff: 0.1, Sum: 0.3]
         [Processed Buffers: Min: 0, Avg: 0.2, Max: 1, Diff: 1, Sum: 2]
      [Scan RS (ms): Min: 0.0, Avg: 0.0, Max: 0.0, Diff: 0.0, Sum: 0.0]
      [Code Root Scanning (ms): Min: 0.0, Avg: 0.1, Max: 0.6, Diff: 0.6, Sum: 0.6]
      [Object Copy (ms): Min: 1.0, Avg: 1.3, Max: 1.6, Diff: 0.6, Sum: 10.6]
      [Termination (ms): Min: 0.0, Avg: 0.0, Max: 0.0, Diff: 0.0, Sum: 0.0]
         [Termination Attempts: Min: 1, Avg: 2.9, Max: 4, Diff: 3, Sum: 23]
      [GC Worker Other (ms): Min: 0.0, Avg: 0.0, Max: 0.0, Diff: 0.0, Sum: 0.0]
      [GC Worker Total (ms): Min: 1.8, Avg: 2.0, Max: 2.1, Diff: 0.3, Sum: 16.1]
      [GC Worker End (ms): Min: 952.3, Avg: 952.3, Max: 952.3, Diff: 0.0]
   [Code Root Fixup: 0.0 ms]
   [Code Root Purge: 0.0 ms]
   [Clear CT: 0.2 ms]
   [Other: 1.7 ms]
      [Choose CSet: 0.0 ms]
      [Ref Proc: 1.4 ms]
      [Ref Enq: 0.0 ms]
      [Redirty Cards: 0.2 ms]
      [Humongous Register: 0.0 ms]
      [Humongous Reclaim: 0.0 ms]
      [Free CSet: 0.0 ms]
   [Eden: 12.0M(44.0M)->0.0B(44.0M) Survivors: 7168.0K->7168.0K Heap: 20.8M(1024.0M)->10.5M(1024.0M)]
 [Times: user=0.02 sys=0.00, real=0.01 secs] 
2019-06-22T22:11:03.298+0900: 0.954: [GC concurrent-root-region-scan-start]
2019-06-22T22:11:03.300+0900: 0.956: [GC concurrent-root-region-scan-end, 0.0016184 secs]
2019-06-22T22:11:03.300+0900: 0.956: [GC concurrent-mark-start]
2019-06-22T22:11:03.300+0900: 0.956: [GC concurrent-mark-end, 0.0004007 secs]
2019-06-22T22:11:03.301+0900: 0.957: [GC remark 2019-06-22T22:11:03.301+0900: 0.957: [Finalize Marking, 0.0002519 secs] 2019-06-22T22:11:03.301+0900: 0.957: [GC ref-proc, 0.0002431 secs] 2019-06-22T22:11:03.301+0900: 0.957: [Unloading, 0.0014610 secs], 0.0021712 secs]
 [Times: user=0.01 sys=0.00, real=0.00 secs] 
2019-06-22T22:11:03.303+0900: 0.959: [GC cleanup 11M->9235K(1024M), 0.0004952 secs]
 [Times: user=0.01 sys=0.00, real=0.00 secs] 
2019-06-22T22:11:03.304+0900: 0.960: [GC concurrent-cleanup-start]
2019-06-22T22:11:03.304+0900: 0.960: [GC concurrent-cleanup-end, 0.0000089 secs]
2019-06-22T22:11:03.717+0900: 1.373: [GC pause (G1 Evacuation Pause) (young), 0.0091367 secs]
   [Parallel Time: 6.5 ms, GC Workers: 8]
      [GC Worker Start (ms): Min: 1372.8, Avg: 1372.9, Max: 1372.9, Diff: 0.1]
      [Ext Root Scanning (ms): Min: 0.3, Avg: 0.7, Max: 1.4, Diff: 1.1, Sum: 5.4]
      [Update RS (ms): Min: 0.0, Avg: 0.0, Max: 0.1, Diff: 0.1, Sum: 0.2]
         [Processed Buffers: Min: 0, Avg: 1.0, Max: 4, Diff: 4, Sum: 8]
      [Scan RS (ms): Min: 0.0, Avg: 0.0, Max: 0.0, Diff: 0.0, Sum: 0.0]
      [Code Root Scanning (ms): Min: 0.0, Avg: 1.0, Max: 5.5, Diff: 5.5, Sum: 7.8]
      [Object Copy (ms): Min: 0.3, Avg: 3.0, Max: 4.0, Diff: 3.7, Sum: 24.2]
      [Termination (ms): Min: 0.0, Avg: 1.6, Max: 1.9, Diff: 1.9, Sum: 12.5]
         [Termination Attempts: Min: 1, Avg: 65.2, Max: 96, Diff: 95, Sum: 522]
      [GC Worker Other (ms): Min: 0.0, Avg: 0.0, Max: 0.0, Diff: 0.0, Sum: 0.0]
      [GC Worker Total (ms): Min: 6.2, Avg: 6.3, Max: 6.3, Diff: 0.1, Sum: 50.2]
      [GC Worker End (ms): Min: 1379.1, Avg: 1379.1, Max: 1379.3, Diff: 0.2]
   [Code Root Fixup: 0.0 ms]
   [Code Root Purge: 0.0 ms]
   [Clear CT: 0.2 ms]
   [Other: 2.3 ms]
      [Choose CSet: 0.0 ms]
      [Ref Proc: 1.9 ms]
      [Ref Enq: 0.0 ms]
      [Redirty Cards: 0.2 ms]
      [Humongous Register: 0.0 ms]
      [Humongous Reclaim: 0.0 ms]
      [Free CSet: 0.1 ms]
   [Eden: 44.0M(44.0M)->0.0B(44.0M) Survivors: 7168.0K->7168.0K Heap: 180.5M(1024.0M)->143.6M(1024.0M)]
 [Times: user=0.04 sys=0.00, real=0.01 secs] 
2019-06-22T22:49:09.885+0900: 2287.541: [GC pause (G1 Evacuation Pause) (young), 0.0052124 secs]
   [Parallel Time: 3.3 ms, GC Workers: 8]
      [GC Worker Start (ms): Min: 2287541.4, Avg: 2287541.4, Max: 2287541.5, Diff: 0.1]
      [Ext Root Scanning (ms): Min: 0.3, Avg: 0.5, Max: 1.0, Diff: 0.7, Sum: 4.1]
      [Update RS (ms): Min: 0.0, Avg: 0.8, Max: 2.7, Diff: 2.7, Sum: 6.5]
         [Processed Buffers: Min: 0, Avg: 4.1, Max: 16, Diff: 16, Sum: 33]
      [Scan RS (ms): Min: 0.0, Avg: 0.1, Max: 0.2, Diff: 0.2, Sum: 0.6]
      [Code Root Scanning (ms): Min: 0.0, Avg: 0.1, Max: 0.2, Diff: 0.2, Sum: 0.5]
      [Object Copy (ms): Min: 0.1, Avg: 1.2, Max: 1.7, Diff: 1.5, Sum: 9.4]
      [Termination (ms): Min: 0.0, Avg: 0.5, Max: 0.7, Diff: 0.7, Sum: 4.0]
         [Termination Attempts: Min: 1, Avg: 1.9, Max: 3, Diff: 2, Sum: 15]
      [GC Worker Other (ms): Min: 0.0, Avg: 0.0, Max: 0.0, Diff: 0.0, Sum: 0.0]
      [GC Worker Total (ms): Min: 3.1, Avg: 3.2, Max: 3.3, Diff: 0.2, Sum: 25.3]
      [GC Worker End (ms): Min: 2287544.6, Avg: 2287544.6, Max: 2287544.6, Diff: 0.0]
   [Code Root Fixup: 0.0 ms]
   [Code Root Purge: 0.0 ms]
   [Clear CT: 0.1 ms]
   [Other: 1.7 ms]
      [Choose CSet: 0.0 ms]
      [Ref Proc: 1.5 ms]
      [Ref Enq: 0.0 ms]
      [Redirty Cards: 0.1 ms]
      [Humongous Register: 0.0 ms]
      [Humongous Reclaim: 0.0 ms]
      [Free CSet: 0.0 ms]
   [Eden: 44.0M(44.0M)->0.0B(44.0M) Survivors: 7168.0K->7168.0K Heap: 187.6M(1024.0M)->146.0M(1024.0M)]
 [Times: user=0.03 sys=0.00, real=0.01 secs] 
2019-06-22T22:50:07.736+0900: 2345.392: [GC pause (Metadata GC Threshold) (young) (initial-mark), 0.0064134 secs]
   [Parallel Time: 4.3 ms, GC Workers: 8]
      [GC Worker Start (ms): Min: 2345391.8, Avg: 2345391.9, Max: 2345391.9, Diff: 0.1]
      [Ext Root Scanning (ms): Min: 0.8, Avg: 0.8, Max: 0.9, Diff: 0.2, Sum: 6.6]
      [Update RS (ms): Min: 0.1, Avg: 0.2, Max: 0.3, Diff: 0.2, Sum: 1.4]
         [Processed Buffers: Min: 1, Avg: 2.6, Max: 7, Diff: 6, Sum: 21]
      [Scan RS (ms): Min: 0.0, Avg: 0.0, Max: 0.0, Diff: 0.0, Sum: 0.0]
      [Code Root Scanning (ms): Min: 0.0, Avg: 0.1, Max: 0.3, Diff: 0.3, Sum: 1.0]
      [Object Copy (ms): Min: 2.4, Avg: 2.6, Max: 2.8, Diff: 0.3, Sum: 20.8]
      [Termination (ms): Min: 0.0, Avg: 0.0, Max: 0.0, Diff: 0.0, Sum: 0.0]
         [Termination Attempts: Min: 1, Avg: 4.1, Max: 6, Diff: 5, Sum: 33]
      [GC Worker Other (ms): Min: 0.0, Avg: 0.0, Max: 0.0, Diff: 0.0, Sum: 0.1]
      [GC Worker Total (ms): Min: 3.7, Avg: 3.7, Max: 3.8, Diff: 0.1, Sum: 29.9]
      [GC Worker End (ms): Min: 2345395.6, Avg: 2345395.6, Max: 2345395.6, Diff: 0.0]
   [Code Root Fixup: 0.0 ms]
   [Code Root Purge: 0.0 ms]
   [Clear CT: 0.9 ms]
   [Other: 1.2 ms]
      [Choose CSet: 0.0 ms]
      [Ref Proc: 0.6 ms]
      [Ref Enq: 0.0 ms]
      [Redirty Cards: 0.4 ms]
      [Humongous Register: 0.0 ms]
      [Humongous Reclaim: 0.0 ms]
      [Free CSet: 0.0 ms]
   [Eden: 37.0M(44.0M)->0.0B(46.0M) Survivors: 7168.0K->5120.0K Heap: 182.3M(1024.0M)->149.2M(1024.0M)]
 [Times: user=0.03 sys=0.00, real=0.01 secs] 
2019-06-22T22:50:07.742+0900: 2345.398: [GC concurrent-root-region-scan-start]
2019-06-22T22:50:07.745+0900: 2345.401: [GC concurrent-root-region-scan-end, 0.0026842 secs]
2019-06-22T22:50:07.745+0900: 2345.401: [GC concurrent-mark-start]
2019-06-22T22:50:07.751+0900: 2345.407: [GC concurrent-mark-end, 0.0064366 secs]
2019-06-22T22:50:07.752+0900: 2345.408: [GC remark 2019-06-22T22:50:07.752+0900: 2345.408: [Finalize Marking, 0.0003043 secs] 2019-06-22T22:50:07.752+0900: 2345.408: [GC ref-proc, 0.0008444 secs] 2019-06-22T22:50:07.753+0900: 2345.409: [Unloading, 0.0028967 secs], 0.0053504 secs]
 [Times: user=0.03 sys=0.00, real=0.00 secs] 
2019-06-22T22:50:07.757+0900: 2345.413: [GC cleanup 149M->144M(1024M), 0.0006194 secs]
 [Times: user=0.00 sys=0.00, real=0.00 secs] 
2019-06-22T22:50:07.758+0900: 2345.414: [GC concurrent-cleanup-start]
2019-06-22T22:50:07.758+0900: 2345.414: [GC concurrent-cleanup-end, 0.0000606 secs]
2019-06-22T22:53:22.985+0900: 2540.641: [GC pause (G1 Evacuation Pause) (young), 0.0100517 secs]
   [Parallel Time: 7.1 ms, GC Workers: 8]
      [GC Worker Start (ms): Min: 2540641.1, Avg: 2540641.2, Max: 2540641.3, Diff: 0.2]
      [Ext Root Scanning (ms): Min: 0.3, Avg: 0.8, Max: 1.5, Diff: 1.2, Sum: 6.2]
      [Update RS (ms): Min: 0.0, Avg: 0.6, Max: 1.1, Diff: 1.1, Sum: 5.1]
         [Processed Buffers: Min: 0, Avg: 5.9, Max: 13, Diff: 13, Sum: 47]
      [Scan RS (ms): Min: 0.0, Avg: 0.2, Max: 0.4, Diff: 0.3, Sum: 1.7]
      [Code Root Scanning (ms): Min: 0.0, Avg: 1.1, Max: 5.1, Diff: 5.1, Sum: 8.7]
      [Object Copy (ms): Min: 0.0, Avg: 3.2, Max: 4.0, Diff: 4.0, Sum: 25.8]
      [Termination (ms): Min: 0.0, Avg: 0.9, Max: 1.0, Diff: 1.0, Sum: 7.2]
         [Termination Attempts: Min: 1, Avg: 1.0, Max: 1, Diff: 0, Sum: 8]
      [GC Worker Other (ms): Min: 0.0, Avg: 0.0, Max: 0.0, Diff: 0.0, Sum: 0.1]
      [GC Worker Total (ms): Min: 6.8, Avg: 6.8, Max: 6.9, Diff: 0.2, Sum: 54.7]
      [GC Worker End (ms): Min: 2540648.0, Avg: 2540648.0, Max: 2540648.0, Diff: 0.0]
   [Code Root Fixup: 0.0 ms]
   [Code Root Purge: 0.0 ms]
   [Clear CT: 0.3 ms]
   [Other: 2.5 ms]
      [Choose CSet: 0.0 ms]
      [Ref Proc: 1.8 ms]
      [Ref Enq: 0.0 ms]
      [Redirty Cards: 0.3 ms]
      [Humongous Register: 0.0 ms]
      [Humongous Reclaim: 0.0 ms]
      [Free CSet: 0.1 ms]
   [Eden: 46.0M(46.0M)->0.0B(44.0M) Survivors: 5120.0K->7168.0K Heap: 190.2M(1024.0M)->147.9M(1024.0M)]
 [Times: user=0.05 sys=0.00, real=0.01 secs] 
2019-06-22T22:55:23.395+0900: 2661.051: [GC pause (G1 Evacuation Pause) (young), 0.0101161 secs]
   [Parallel Time: 7.4 ms, GC Workers: 8]
      [GC Worker Start (ms): Min: 2661051.7, Avg: 2661051.9, Max: 2661052.0, Diff: 0.3]
      [Ext Root Scanning (ms): Min: 0.6, Avg: 1.0, Max: 2.8, Diff: 2.2, Sum: 7.8]
      [Update RS (ms): Min: 0.0, Avg: 1.3, Max: 1.7, Diff: 1.7, Sum: 10.2]
         [Processed Buffers: Min: 0, Avg: 3.2, Max: 10, Diff: 10, Sum: 26]
      [Scan RS (ms): Min: 0.0, Avg: 0.0, Max: 0.0, Diff: 0.0, Sum: 0.1]
      [Code Root Scanning (ms): Min: 0.0, Avg: 0.8, Max: 2.1, Diff: 2.1, Sum: 6.1]
      [Object Copy (ms): Min: 2.7, Avg: 4.0, Max: 4.7, Diff: 2.0, Sum: 31.9]
      [Termination (ms): Min: 0.0, Avg: 0.0, Max: 0.0, Diff: 0.0, Sum: 0.0]
         [Termination Attempts: Min: 1, Avg: 1.0, Max: 1, Diff: 0, Sum: 8]
      [GC Worker Other (ms): Min: 0.0, Avg: 0.0, Max: 0.0, Diff: 0.0, Sum: 0.1]
      [GC Worker Total (ms): Min: 6.9, Avg: 7.0, Max: 7.2, Diff: 0.3, Sum: 56.4]
      [GC Worker End (ms): Min: 2661058.9, Avg: 2661058.9, Max: 2661058.9, Diff: 0.0]
   [Code Root Fixup: 0.0 ms]
   [Code Root Purge: 0.0 ms]
   [Clear CT: 0.8 ms]
   [Other: 1.8 ms]
      [Choose CSet: 0.0 ms]
      [Ref Proc: 0.8 ms]
      [Ref Enq: 0.0 ms]
      [Redirty Cards: 0.7 ms]
      [Humongous Register: 0.0 ms]
      [Humongous Reclaim: 0.0 ms]
      [Free CSet: 0.1 ms]
   [Eden: 44.0M(44.0M)->0.0B(46.0M) Survivors: 7168.0K->5120.0K Heap: 191.9M(1024.0M)->149.2M(1024.0M)]
 [Times: user=0.06 sys=0.00, real=0.01 secs] 
2019-06-22T22:57:43.334+0900: 2800.990: [GC pause (G1 Evacuation Pause) (young), 0.0098364 secs]
   [Parallel Time: 7.5 ms, GC Workers: 8]
      [GC Worker Start (ms): Min: 2800990.4, Avg: 2800990.6, Max: 2800990.7, Diff: 0.3]
      [Ext Root Scanning (ms): Min: 0.5, Avg: 0.8, Max: 1.4, Diff: 0.9, Sum: 6.1]
      [Update RS (ms): Min: 1.3, Avg: 1.8, Max: 2.7, Diff: 1.4, Sum: 14.1]
         [Processed Buffers: Min: 1, Avg: 5.8, Max: 11, Diff: 10, Sum: 46]
      [Scan RS (ms): Min: 0.0, Avg: 0.3, Max: 0.6, Diff: 0.5, Sum: 2.5]
      [Code Root Scanning (ms): Min: 0.0, Avg: 0.4, Max: 1.1, Diff: 1.1, Sum: 3.3]
      [Object Copy (ms): Min: 3.3, Avg: 4.0, Max: 4.5, Diff: 1.2, Sum: 31.7]
      [Termination (ms): Min: 0.0, Avg: 0.0, Max: 0.0, Diff: 0.0, Sum: 0.0]
         [Termination Attempts: Min: 1, Avg: 1.6, Max: 3, Diff: 2, Sum: 13]
      [GC Worker Other (ms): Min: 0.0, Avg: 0.0, Max: 0.0, Diff: 0.0, Sum: 0.1]
      [GC Worker Total (ms): Min: 7.1, Avg: 7.2, Max: 7.4, Diff: 0.3, Sum: 57.8]
      [GC Worker End (ms): Min: 2800997.8, Avg: 2800997.8, Max: 2800997.8, Diff: 0.0]
   [Code Root Fixup: 0.0 ms]
   [Code Root Purge: 0.0 ms]
   [Clear CT: 0.6 ms]
   [Other: 1.7 ms]
      [Choose CSet: 0.0 ms]
      [Ref Proc: 0.6 ms]
      [Ref Enq: 0.0 ms]
      [Redirty Cards: 0.8 ms]
      [Humongous Register: 0.0 ms]
      [Humongous Reclaim: 0.0 ms]
      [Free CSet: 0.0 ms]
   [Eden: 46.0M(46.0M)->0.0B(49.0M) Survivors: 5120.0K->7168.0K Heap: 195.2M(1024.0M)->152.3M(1024.0M)]
 [Times: user=0.05 sys=0.01, real=0.01 secs] 
2019-06-22T23:00:20.344+0900: 2958.000: [GC pause (G1 Evacuation Pause) (young), 0.0107061 secs]
   [Parallel Time: 8.3 ms, GC Workers: 8]
      [GC Worker Start (ms): Min: 2957999.8, Avg: 2958000.0, Max: 2958000.1, Diff: 0.3]
      [Ext Root Scanning (ms): Min: 0.6, Avg: 0.8, Max: 1.6, Diff: 1.1, Sum: 6.3]
      [Update RS (ms): Min: 0.5, Avg: 1.2, Max: 1.8, Diff: 1.3, Sum: 9.2]
         [Processed Buffers: Min: 1, Avg: 5.0, Max: 17, Diff: 16, Sum: 40]
      [Scan RS (ms): Min: 0.0, Avg: 0.0, Max: 0.0, Diff: 0.0, Sum: 0.1]
      [Code Root Scanning (ms): Min: 0.0, Avg: 0.4, Max: 0.8, Diff: 0.8, Sum: 2.8]
      [Object Copy (ms): Min: 5.4, Avg: 5.7, Max: 6.0, Diff: 0.6, Sum: 45.4]
      [Termination (ms): Min: 0.0, Avg: 0.0, Max: 0.0, Diff: 0.0, Sum: 0.1]
         [Termination Attempts: Min: 2, Avg: 3.6, Max: 5, Diff: 3, Sum: 29]
      [GC Worker Other (ms): Min: 0.0, Avg: 0.0, Max: 0.0, Diff: 0.0, Sum: 0.1]
      [GC Worker Total (ms): Min: 7.9, Avg: 8.0, Max: 8.2, Diff: 0.3, Sum: 64.1]
      [GC Worker End (ms): Min: 2958008.0, Avg: 2958008.0, Max: 2958008.0, Diff: 0.0]
   [Code Root Fixup: 0.0 ms]
   [Code Root Purge: 0.0 ms]
   [Clear CT: 1.0 ms]
   [Other: 1.4 ms]
      [Choose CSet: 0.0 ms]
      [Ref Proc: 0.4 ms]
      [Ref Enq: 0.0 ms]
      [Redirty Cards: 0.6 ms]
      [Humongous Register: 0.0 ms]
      [Humongous Reclaim: 0.0 ms]
      [Free CSet: 0.0 ms]
   [Eden: 49.0M(49.0M)->0.0B(60.0M) Survivors: 7168.0K->7168.0K Heap: 201.3M(1024.0M)->153.7M(1024.0M)]
 [Times: user=0.07 sys=0.00, real=0.01 secs] 
2019-06-22T23:03:31.771+0900: 3149.427: [GC pause (G1 Evacuation Pause) (young), 0.0126985 secs]
   [Parallel Time: 11.1 ms, GC Workers: 8]
      [GC Worker Start (ms): Min: 3149427.1, Avg: 3149427.3, Max: 3149427.4, Diff: 0.3]
      [Ext Root Scanning (ms): Min: 0.6, Avg: 0.8, Max: 1.1, Diff: 0.5, Sum: 6.1]
      [Update RS (ms): Min: 1.6, Avg: 1.8, Max: 2.3, Diff: 0.7, Sum: 14.3]
         [Processed Buffers: Min: 2, Avg: 6.0, Max: 12, Diff: 10, Sum: 48]
      [Scan RS (ms): Min: 0.0, Avg: 0.1, Max: 0.3, Diff: 0.3, Sum: 0.8]
      [Code Root Scanning (ms): Min: 0.0, Avg: 0.0, Max: 0.1, Diff: 0.1, Sum: 0.1]
      [Object Copy (ms): Min: 7.4, Avg: 7.8, Max: 7.9, Diff: 0.5, Sum: 62.5]
      [Termination (ms): Min: 0.0, Avg: 0.0, Max: 0.0, Diff: 0.0, Sum: 0.0]
         [Termination Attempts: Min: 1, Avg: 1.0, Max: 1, Diff: 0, Sum: 8]
      [GC Worker Other (ms): Min: 0.0, Avg: 0.0, Max: 0.0, Diff: 0.0, Sum: 0.2]
      [GC Worker Total (ms): Min: 10.3, Avg: 10.5, Max: 10.7, Diff: 0.3, Sum: 83.9]
      [GC Worker End (ms): Min: 3149437.8, Avg: 3149437.8, Max: 3149437.8, Diff: 0.0]
   [Code Root Fixup: 0.0 ms]
   [Code Root Purge: 0.0 ms]
   [Clear CT: 0.4 ms]
   [Other: 1.1 ms]
      [Choose CSet: 0.0 ms]
      [Ref Proc: 0.7 ms]
      [Ref Enq: 0.0 ms]
      [Redirty Cards: 0.1 ms]
      [Humongous Register: 0.0 ms]
      [Humongous Reclaim: 0.0 ms]
      [Free CSet: 0.0 ms]
   [Eden: 60.0M(60.0M)->0.0B(65.0M) Survivors: 7168.0K->9216.0K Heap: 213.7M(1024.0M)->157.5M(1024.0M)]
 [Times: user=0.08 sys=0.01, real=0.01 secs] 
2019-06-22T23:06:58.093+0900: 3355.749: [GC pause (G1 Evacuation Pause) (young), 0.0142043 secs]
   [Parallel Time: 12.2 ms, GC Workers: 8]
      [GC Worker Start (ms): Min: 3355749.3, Avg: 3355749.4, Max: 3355749.6, Diff: 0.3]
      [Ext Root Scanning (ms): Min: 0.6, Avg: 0.8, Max: 1.1, Diff: 0.5, Sum: 6.0]
      [Update RS (ms): Min: 1.7, Avg: 2.0, Max: 2.7, Diff: 1.0, Sum: 16.3]
         [Processed Buffers: Min: 2, Avg: 7.1, Max: 17, Diff: 15, Sum: 57]
      [Scan RS (ms): Min: 0.0, Avg: 0.1, Max: 0.4, Diff: 0.3, Sum: 1.0]
      [Code Root Scanning (ms): Min: 0.0, Avg: 0.0, Max: 0.1, Diff: 0.1, Sum: 0.1]
      [Object Copy (ms): Min: 8.0, Avg: 8.5, Max: 8.8, Diff: 0.9, Sum: 68.1]
      [Termination (ms): Min: 0.2, Avg: 0.3, Max: 0.5, Diff: 0.3, Sum: 2.4]
         [Termination Attempts: Min: 10, Avg: 33.2, Max: 59, Diff: 49, Sum: 266]
      [GC Worker Other (ms): Min: 0.0, Avg: 0.0, Max: 0.0, Diff: 0.0, Sum: 0.1]
      [GC Worker Total (ms): Min: 11.6, Avg: 11.8, Max: 11.9, Diff: 0.2, Sum: 94.1]
      [GC Worker End (ms): Min: 3355761.1, Avg: 3355761.2, Max: 3355761.3, Diff: 0.2]
   [Code Root Fixup: 0.0 ms]
   [Code Root Purge: 0.0 ms]
   [Clear CT: 0.4 ms]
   [Other: 1.6 ms]
      [Choose CSet: 0.0 ms]
      [Ref Proc: 0.4 ms]
      [Ref Enq: 0.0 ms]
      [Redirty Cards: 0.8 ms]
      [Humongous Register: 0.0 ms]
      [Humongous Reclaim: 0.0 ms]
      [Free CSet: 0.0 ms]
   [Eden: 65.0M(65.0M)->0.0B(67.0M) Survivors: 9216.0K->10.0M Heap: 222.5M(1024.0M)->162.3M(1024.0M)]
 [Times: user=0.09 sys=0.01, real=0.01 secs] 
2019-06-22T23:09:14.749+0900: 3492.405: [GC pause (G1 Evacuation Pause) (young), 0.0145497 secs]
   [Parallel Time: 12.1 ms, GC Workers: 8]
      [GC Worker Start (ms): Min: 3492405.4, Avg: 3492405.5, Max: 3492405.7, Diff: 0.3]
      [Ext Root Scanning (ms): Min: 0.6, Avg: 0.8, Max: 1.0, Diff: 0.4, Sum: 6.1]
      [Update RS (ms): Min: 1.7, Avg: 1.8, Max: 2.1, Diff: 0.4, Sum: 14.7]
         [Processed Buffers: Min: 1, Avg: 6.6, Max: 13, Diff: 12, Sum: 53]
      [Scan RS (ms): Min: 0.3, Avg: 0.6, Max: 1.0, Diff: 0.7, Sum: 4.8]
      [Code Root Scanning (ms): Min: 0.0, Avg: 0.0, Max: 0.0, Diff: 0.0, Sum: 0.1]
      [Object Copy (ms): Min: 8.0, Avg: 8.3, Max: 8.5, Diff: 0.5, Sum: 66.1]
      [Termination (ms): Min: 0.1, Avg: 0.1, Max: 0.2, Diff: 0.2, Sum: 0.8]
         [Termination Attempts: Min: 6, Avg: 24.1, Max: 36, Diff: 30, Sum: 193]
      [GC Worker Other (ms): Min: 0.0, Avg: 0.0, Max: 0.0, Diff: 0.0, Sum: 0.1]
      [GC Worker Total (ms): Min: 11.4, Avg: 11.6, Max: 11.8, Diff: 0.3, Sum: 92.7]
      [GC Worker End (ms): Min: 3492417.1, Avg: 3492417.1, Max: 3492417.2, Diff: 0.1]
   [Code Root Fixup: 0.0 ms]
   [Code Root Purge: 0.0 ms]
   [Clear CT: 1.0 ms]
   [Other: 1.4 ms]
      [Choose CSet: 0.0 ms]
      [Ref Proc: 0.4 ms]
      [Ref Enq: 0.0 ms]
      [Redirty Cards: 0.6 ms]
      [Humongous Register: 0.0 ms]
      [Humongous Reclaim: 0.0 ms]
      [Free CSet: 0.0 ms]
   [Eden: 43.0M(43.0M)->0.0B(79.0M) Survivors: 10.0M->5120.0K Heap: 205.3M(1024.0M)->167.3M(1024.0M)]
 [Times: user=0.10 sys=0.00, real=0.02 secs] 
2019-06-22T23:11:33.282+0900: 3630.938: [GC pause (G1 Evacuation Pause) (young), 0.0165628 secs]
   [Parallel Time: 14.0 ms, GC Workers: 8]
      [GC Worker Start (ms): Min: 3630938.1, Avg: 3630938.3, Max: 3630938.9, Diff: 0.8]
      [Ext Root Scanning (ms): Min: 0.0, Avg: 0.6, Max: 0.9, Diff: 0.9, Sum: 4.6]
      [Update RS (ms): Min: 0.0, Avg: 1.9, Max: 2.5, Diff: 2.5, Sum: 15.0]
         [Processed Buffers: Min: 0, Avg: 7.1, Max: 23, Diff: 23, Sum: 57]
      [Scan RS (ms): Min: 0.0, Avg: 0.8, Max: 1.1, Diff: 1.1, Sum: 6.1]
      [Code Root Scanning (ms): Min: 0.0, Avg: 0.0, Max: 0.0, Diff: 0.0, Sum: 0.0]
      [Object Copy (ms): Min: 8.9, Avg: 9.5, Max: 12.1, Diff: 3.2, Sum: 76.2]
      [Termination (ms): Min: 0.0, Avg: 0.9, Max: 1.0, Diff: 1.0, Sum: 6.9]
         [Termination Attempts: Min: 1, Avg: 13.1, Max: 19, Diff: 18, Sum: 105]
      [GC Worker Other (ms): Min: 0.0, Avg: 0.0, Max: 0.0, Diff: 0.0, Sum: 0.1]
      [GC Worker Total (ms): Min: 13.0, Avg: 13.6, Max: 13.8, Diff: 0.8, Sum: 108.9]
      [GC Worker End (ms): Min: 3630951.9, Avg: 3630951.9, Max: 3630951.9, Diff: 0.0]
   [Code Root Fixup: 0.0 ms]
   [Code Root Purge: 0.0 ms]
   [Clear CT: 0.5 ms]
   [Other: 2.1 ms]
      [Choose CSet: 0.0 ms]
      [Ref Proc: 1.4 ms]
      [Ref Enq: 0.0 ms]
      [Redirty Cards: 0.4 ms]
      [Humongous Register: 0.0 ms]
      [Humongous Reclaim: 0.0 ms]
      [Free CSet: 0.0 ms]
   [Eden: 46.0M(46.0M)->0.0B(70.0M) Survivors: 5120.0K->7168.0K Heap: 213.3M(1024.0M)->174.0M(1024.0M)]
 [Times: user=0.10 sys=0.00, real=0.02 secs] 
2019-06-22T23:15:17.314+0900: 3854.970: [GC pause (G1 Evacuation Pause) (young), 0.0125802 secs]
   [Parallel Time: 11.4 ms, GC Workers: 8]
      [GC Worker Start (ms): Min: 3854969.9, Avg: 3854970.1, Max: 3854970.2, Diff: 0.3]
      [Ext Root Scanning (ms): Min: 0.6, Avg: 0.8, Max: 1.1, Diff: 0.5, Sum: 6.3]
      [Update RS (ms): Min: 1.8, Avg: 2.0, Max: 2.3, Diff: 0.5, Sum: 16.2]
         [Processed Buffers: Min: 2, Avg: 6.5, Max: 18, Diff: 16, Sum: 52]
      [Scan RS (ms): Min: 0.3, Avg: 0.6, Max: 0.9, Diff: 0.6, Sum: 4.9]
      [Code Root Scanning (ms): Min: 0.0, Avg: 0.0, Max: 0.1, Diff: 0.1, Sum: 0.1]
      [Object Copy (ms): Min: 7.3, Avg: 7.4, Max: 7.5, Diff: 0.3, Sum: 59.4]
      [Termination (ms): Min: 0.0, Avg: 0.0, Max: 0.0, Diff: 0.0, Sum: 0.0]
         [Termination Attempts: Min: 1, Avg: 2.1, Max: 4, Diff: 3, Sum: 17]
      [GC Worker Other (ms): Min: 0.0, Avg: 0.0, Max: 0.0, Diff: 0.0, Sum: 0.2]
      [GC Worker Total (ms): Min: 10.8, Avg: 10.9, Max: 11.0, Diff: 0.3, Sum: 87.2]
      [GC Worker End (ms): Min: 3854981.0, Avg: 3854981.0, Max: 3854981.0, Diff: 0.0]
   [Code Root Fixup: 0.0 ms]
   [Code Root Purge: 0.0 ms]
   [Clear CT: 0.2 ms]
   [Other: 1.0 ms]
      [Choose CSet: 0.0 ms]
      [Ref Proc: 0.5 ms]
      [Ref Enq: 0.0 ms]
      [Redirty Cards: 0.1 ms]
      [Humongous Register: 0.0 ms]
      [Humongous Reclaim: 0.0 ms]
      [Free CSet: 0.0 ms]
   [Eden: 70.0M(70.0M)->0.0B(103.0M) Survivors: 7168.0K->9216.0K Heap: 244.0M(1024.0M)->180.2M(1024.0M)]
 [Times: user=0.09 sys=0.00, real=0.01 secs] 
2019-06-22T23:17:31.760+0900: 3989.416: [GC pause (G1 Evacuation Pause) (young), 0.0077407 secs]
   [Parallel Time: 6.1 ms, GC Workers: 8]
      [GC Worker Start (ms): Min: 3989416.0, Avg: 3989416.8, Max: 3989421.5, Diff: 5.5]
      [Ext Root Scanning (ms): Min: 0.0, Avg: 0.2, Max: 0.6, Diff: 0.6, Sum: 1.8]
      [Update RS (ms): Min: 0.0, Avg: 0.5, Max: 0.6, Diff: 0.6, Sum: 3.7]
         [Processed Buffers: Min: 0, Avg: 6.2, Max: 15, Diff: 15, Sum: 50]
      [Scan RS (ms): Min: 0.0, Avg: 0.3, Max: 0.3, Diff: 0.3, Sum: 2.0]
      [Code Root Scanning (ms): Min: 0.0, Avg: 0.0, Max: 0.0, Diff: 0.0, Sum: 0.0]
      [Object Copy (ms): Min: 0.0, Avg: 3.3, Max: 3.8, Diff: 3.8, Sum: 26.8]
      [Termination (ms): Min: 0.0, Avg: 0.5, Max: 0.6, Diff: 0.6, Sum: 3.8]
         [Termination Attempts: Min: 1, Avg: 1.1, Max: 2, Diff: 1, Sum: 9]
      [GC Worker Other (ms): Min: 0.0, Avg: 0.0, Max: 0.0, Diff: 0.0, Sum: 0.0]
      [GC Worker Total (ms): Min: 0.0, Avg: 4.8, Max: 5.5, Diff: 5.5, Sum: 38.1]
      [GC Worker End (ms): Min: 3989421.5, Avg: 3989421.5, Max: 3989421.5, Diff: 0.0]
   [Code Root Fixup: 0.0 ms]
   [Code Root Purge: 0.0 ms]
   [Clear CT: 0.4 ms]
   [Other: 1.2 ms]
      [Choose CSet: 0.0 ms]
      [Ref Proc: 0.8 ms]
      [Ref Enq: 0.0 ms]
      [Redirty Cards: 0.2 ms]
      [Humongous Register: 0.0 ms]
      [Humongous Reclaim: 0.0 ms]
      [Free CSet: 0.0 ms]
   [Eden: 42.0M(42.0M)->0.0B(209.0M) Survivors: 9216.0K->7168.0K Heap: 222.2M(1024.0M)->182.1M(1024.0M)]
 [Times: user=0.05 sys=0.00, real=0.00 secs] 
2019-06-22T23:33:33.446+0900: 4951.102: [GC pause (G1 Evacuation Pause) (young), 0.0218378 secs]
   [Parallel Time: 20.0 ms, GC Workers: 8]
      [GC Worker Start (ms): Min: 4951102.4, Avg: 4951102.6, Max: 4951102.7, Diff: 0.3]
      [Ext Root Scanning (ms): Min: 0.6, Avg: 0.8, Max: 1.0, Diff: 0.4, Sum: 6.2]
      [Update RS (ms): Min: 2.1, Avg: 2.2, Max: 2.5, Diff: 0.4, Sum: 17.9]
         [Processed Buffers: Min: 2, Avg: 6.8, Max: 22, Diff: 20, Sum: 54]
      [Scan RS (ms): Min: 0.0, Avg: 0.3, Max: 0.6, Diff: 0.6, Sum: 2.0]
      [Code Root Scanning (ms): Min: 0.0, Avg: 0.0, Max: 0.1, Diff: 0.1, Sum: 0.1]
      [Object Copy (ms): Min: 14.0, Avg: 14.4, Max: 14.8, Diff: 0.7, Sum: 115.3]
      [Termination (ms): Min: 1.5, Avg: 1.7, Max: 2.0, Diff: 0.5, Sum: 14.0]
         [Termination Attempts: Min: 55, Avg: 110.2, Max: 158, Diff: 103, Sum: 882]
      [GC Worker Other (ms): Min: 0.0, Avg: 0.0, Max: 0.0, Diff: 0.0, Sum: 0.2]
      [GC Worker Total (ms): Min: 19.3, Avg: 19.5, Max: 19.6, Diff: 0.3, Sum: 155.8]
      [GC Worker End (ms): Min: 4951122.0, Avg: 4951122.1, Max: 4951122.1, Diff: 0.1]
   [Code Root Fixup: 0.0 ms]
   [Code Root Purge: 0.0 ms]
   [Clear CT: 0.4 ms]
   [Other: 1.5 ms]
      [Choose CSet: 0.0 ms]
      [Ref Proc: 0.5 ms]
      [Ref Enq: 0.0 ms]
      [Redirty Cards: 0.5 ms]
      [Humongous Register: 0.0 ms]
      [Humongous Reclaim: 0.0 ms]
      [Free CSet: 0.1 ms]
   [Eden: 209.0M(209.0M)->0.0B(86.0M) Survivors: 7168.0K->21.0M Heap: 391.1M(1024.0M)->196.1M(1024.0M)]
 [Times: user=0.14 sys=0.02, real=0.02 secs] 
2019-06-22T23:44:33.452+0900: 5611.108: [GC pause (G1 Evacuation Pause) (young), 0.0233831 secs]
   [Parallel Time: 21.3 ms, GC Workers: 8]
      [GC Worker Start (ms): Min: 5611108.2, Avg: 5611108.4, Max: 5611108.5, Diff: 0.3]
      [Ext Root Scanning (ms): Min: 0.6, Avg: 0.7, Max: 1.0, Diff: 0.5, Sum: 5.9]
      [Update RS (ms): Min: 1.0, Avg: 1.1, Max: 1.3, Diff: 0.3, Sum: 8.6]
         [Processed Buffers: Min: 1, Avg: 6.0, Max: 10, Diff: 9, Sum: 48]
      [Scan RS (ms): Min: 0.0, Avg: 0.0, Max: 0.1, Diff: 0.1, Sum: 0.2]
      [Code Root Scanning (ms): Min: 0.0, Avg: 0.0, Max: 0.1, Diff: 0.1, Sum: 0.2]
      [Object Copy (ms): Min: 17.2, Avg: 17.4, Max: 17.6, Diff: 0.4, Sum: 139.2]
      [Termination (ms): Min: 1.2, Avg: 1.4, Max: 1.7, Diff: 0.5, Sum: 11.1]
         [Termination Attempts: Min: 130, Avg: 176.8, Max: 208, Diff: 78, Sum: 1414]
      [GC Worker Other (ms): Min: 0.0, Avg: 0.0, Max: 0.0, Diff: 0.0, Sum: 0.1]
      [GC Worker Total (ms): Min: 20.5, Avg: 20.7, Max: 21.0, Diff: 0.5, Sum: 165.4]
      [GC Worker End (ms): Min: 5611129.0, Avg: 5611129.0, Max: 5611129.2, Diff: 0.2]
   [Code Root Fixup: 0.0 ms]
   [Code Root Purge: 0.0 ms]
   [Clear CT: 0.3 ms]
   [Other: 1.7 ms]
      [Choose CSet: 0.0 ms]
      [Ref Proc: 0.6 ms]
      [Ref Enq: 0.0 ms]
      [Redirty Cards: 0.8 ms]
      [Humongous Register: 0.0 ms]
      [Humongous Reclaim: 0.0 ms]
      [Free CSet: 0.0 ms]
   [Eden: 86.0M(86.0M)->0.0B(100.0M) Survivors: 21.0M->10.0M Heap: 282.1M(1024.0M)->203.3M(1024.0M)]
 [Times: user=0.17 sys=0.00, real=0.02 secs] 
2019-06-22T23:51:35.010+0900: 6032.666: [GC pause (G1 Evacuation Pause) (young), 0.0162517 secs]
   [Parallel Time: 13.6 ms, GC Workers: 8]
      [GC Worker Start (ms): Min: 6032666.0, Avg: 6032666.2, Max: 6032666.3, Diff: 0.4]
      [Ext Root Scanning (ms): Min: 0.5, Avg: 0.7, Max: 1.1, Diff: 0.5, Sum: 5.9]
      [Update RS (ms): Min: 2.3, Avg: 2.4, Max: 2.7, Diff: 0.4, Sum: 19.2]
         [Processed Buffers: Min: 2, Avg: 6.6, Max: 14, Diff: 12, Sum: 53]
      [Scan RS (ms): Min: 1.0, Avg: 1.2, Max: 1.3, Diff: 0.3, Sum: 9.4]
      [Code Root Scanning (ms): Min: 0.0, Avg: 0.0, Max: 0.3, Diff: 0.3, Sum: 0.4]
      [Object Copy (ms): Min: 7.4, Avg: 7.4, Max: 7.5, Diff: 0.2, Sum: 59.6]
      [Termination (ms): Min: 0.9, Avg: 1.1, Max: 1.2, Diff: 0.3, Sum: 8.5]
         [Termination Attempts: Min: 74, Avg: 105.4, Max: 148, Diff: 74, Sum: 843]
      [GC Worker Other (ms): Min: 0.0, Avg: 0.0, Max: 0.0, Diff: 0.0, Sum: 0.1]
      [GC Worker Total (ms): Min: 12.7, Avg: 12.9, Max: 13.1, Diff: 0.4, Sum: 103.1]
      [GC Worker End (ms): Min: 6032679.0, Avg: 6032679.0, Max: 6032679.1, Diff: 0.1]
   [Code Root Fixup: 0.0 ms]
   [Code Root Purge: 0.0 ms]
   [Clear CT: 0.7 ms]
   [Other: 1.9 ms]
      [Choose CSet: 0.0 ms]
      [Ref Proc: 0.8 ms]
      [Ref Enq: 0.0 ms]
      [Redirty Cards: 0.8 ms]
      [Humongous Register: 0.0 ms]
      [Humongous Reclaim: 0.0 ms]
      [Free CSet: 0.0 ms]
   [Eden: 58.0M(58.0M)->0.0B(120.0M) Survivors: 10.0M->7168.0K Heap: 261.3M(1024.0M)->209.0M(1024.0M)]
 [Times: user=0.10 sys=0.00, real=0.02 secs] 
2019-06-23T00:03:30.010+0900: 6747.666: [GC pause (G1 Evacuation Pause) (young), 0.0307479 secs]
   [Parallel Time: 28.1 ms, GC Workers: 8]
      [GC Worker Start (ms): Min: 6747666.0, Avg: 6747667.2, Max: 6747674.1, Diff: 8.1]
      [Ext Root Scanning (ms): Min: 0.0, Avg: 0.7, Max: 1.1, Diff: 1.1, Sum: 5.6]
      [Update RS (ms): Min: 0.0, Avg: 2.4, Max: 3.0, Diff: 3.0, Sum: 19.4]
         [Processed Buffers: Min: 0, Avg: 6.5, Max: 17, Diff: 17, Sum: 52]
      [Scan RS (ms): Min: 0.0, Avg: 1.0, Max: 1.3, Diff: 1.3, Sum: 8.3]
      [Code Root Scanning (ms): Min: 0.0, Avg: 0.1, Max: 0.2, Diff: 0.2, Sum: 0.4]
      [Object Copy (ms): Min: 19.6, Avg: 21.2, Max: 21.6, Diff: 2.0, Sum: 170.0]
      [Termination (ms): Min: 0.0, Avg: 1.1, Max: 1.3, Diff: 1.3, Sum: 9.0]
         [Termination Attempts: Min: 1, Avg: 1.0, Max: 1, Diff: 0, Sum: 8]
      [GC Worker Other (ms): Min: 0.0, Avg: 0.0, Max: 0.0, Diff: 0.0, Sum: 0.2]
      [GC Worker Total (ms): Min: 19.6, Avg: 26.6, Max: 27.8, Diff: 8.1, Sum: 212.9]
      [GC Worker End (ms): Min: 6747693.8, Avg: 6747693.8, Max: 6747694.0, Diff: 0.2]
   [Code Root Fixup: 0.0 ms]
   [Code Root Purge: 0.0 ms]
   [Clear CT: 0.4 ms]
   [Other: 2.2 ms]
      [Choose CSet: 0.0 ms]
      [Ref Proc: 1.2 ms]
      [Ref Enq: 0.0 ms]
      [Redirty Cards: 0.5 ms]
      [Humongous Register: 0.1 ms]
      [Humongous Reclaim: 0.0 ms]
      [Free CSet: 0.1 ms]
   [Eden: 91.0M(91.0M)->0.0B(38.0M) Survivors: 7168.0K->13.0M Heap: 300.0M(1024.0M)->216.0M(1024.0M)]
 [Times: user=0.18 sys=0.01, real=0.04 secs] 
2019-06-23T00:10:35.010+0900: 7172.666: [GC pause (G1 Evacuation Pause) (young), 0.0168394 secs]
   [Parallel Time: 15.4 ms, GC Workers: 8]
      [GC Worker Start (ms): Min: 7172666.0, Avg: 7172666.2, Max: 7172666.4, Diff: 0.3]
      [Ext Root Scanning (ms): Min: 0.5, Avg: 0.7, Max: 1.0, Diff: 0.5, Sum: 6.0]
      [Update RS (ms): Min: 0.9, Avg: 1.1, Max: 1.9, Diff: 1.0, Sum: 8.8]
         [Processed Buffers: Min: 1, Avg: 5.6, Max: 19, Diff: 18, Sum: 45]
      [Scan RS (ms): Min: 0.4, Avg: 1.0, Max: 1.3, Diff: 0.9, Sum: 8.2]
      [Code Root Scanning (ms): Min: 0.0, Avg: 0.1, Max: 0.2, Diff: 0.2, Sum: 0.4]
      [Object Copy (ms): Min: 10.3, Avg: 10.7, Max: 10.9, Diff: 0.6, Sum: 85.7]
      [Termination (ms): Min: 1.2, Avg: 1.4, Max: 1.8, Diff: 0.6, Sum: 11.5]
         [Termination Attempts: Min: 126, Avg: 190.2, Max: 222, Diff: 96, Sum: 1522]
      [GC Worker Other (ms): Min: 0.0, Avg: 0.0, Max: 0.0, Diff: 0.0, Sum: 0.1]
      [GC Worker Total (ms): Min: 14.9, Avg: 15.1, Max: 15.2, Diff: 0.3, Sum: 120.8]
      [GC Worker End (ms): Min: 7172681.2, Avg: 7172681.3, Max: 7172681.4, Diff: 0.2]
   [Code Root Fixup: 0.0 ms]
   [Code Root Purge: 0.0 ms]
   [Clear CT: 0.3 ms]
   [Other: 1.1 ms]
      [Choose CSet: 0.0 ms]
      [Ref Proc: 0.6 ms]
      [Ref Enq: 0.0 ms]
      [Redirty Cards: 0.2 ms]
      [Humongous Register: 0.0 ms]
      [Humongous Reclaim: 0.0 ms]
      [Free CSet: 0.0 ms]
   [Eden: 38.0M(38.0M)->0.0B(91.0M) Survivors: 13.0M->5120.0K Heap: 254.0M(1024.0M)->219.7M(1024.0M)]
 [Times: user=0.11 sys=0.02, real=0.02 secs] 
2019-06-23T00:18:04.901+0900: 7622.557: [GC pause (G1 Evacuation Pause) (young), 0.0108864 secs]
   [Parallel Time: 8.0 ms, GC Workers: 8]
      [GC Worker Start (ms): Min: 7622557.0, Avg: 7622557.2, Max: 7622557.4, Diff: 0.3]
      [Ext Root Scanning (ms): Min: 0.6, Avg: 0.8, Max: 1.1, Diff: 0.5, Sum: 6.0]
      [Update RS (ms): Min: 2.0, Avg: 2.2, Max: 2.6, Diff: 0.6, Sum: 17.8]
         [Processed Buffers: Min: 1, Avg: 6.4, Max: 18, Diff: 17, Sum: 51]
      [Scan RS (ms): Min: 1.0, Avg: 1.2, Max: 1.5, Diff: 0.5, Sum: 9.9]
      [Code Root Scanning (ms): Min: 0.0, Avg: 0.0, Max: 0.1, Diff: 0.1, Sum: 0.1]
      [Object Copy (ms): Min: 3.3, Avg: 3.4, Max: 3.5, Diff: 0.2, Sum: 26.8]
      [Termination (ms): Min: 0.0, Avg: 0.0, Max: 0.0, Diff: 0.0, Sum: 0.0]
         [Termination Attempts: Min: 1, Avg: 1.6, Max: 2, Diff: 1, Sum: 13]
      [GC Worker Other (ms): Min: 0.0, Avg: 0.0, Max: 0.0, Diff: 0.0, Sum: 0.2]
      [GC Worker Total (ms): Min: 7.5, Avg: 7.6, Max: 7.8, Diff: 0.3, Sum: 60.8]
      [GC Worker End (ms): Min: 7622564.8, Avg: 7622564.8, Max: 7622564.8, Diff: 0.0]
   [Code Root Fixup: 0.0 ms]
   [Code Root Purge: 0.0 ms]
   [Clear CT: 0.6 ms]
   [Other: 2.3 ms]
      [Choose CSet: 0.0 ms]
      [Ref Proc: 1.2 ms]
      [Ref Enq: 0.0 ms]
      [Redirty Cards: 0.8 ms]
      [Humongous Register: 0.0 ms]
      [Humongous Reclaim: 0.0 ms]
      [Free CSet: 0.0 ms]
   [Eden: 67.0M(67.0M)->0.0B(98.0M) Survivors: 5120.0K->9216.0K Heap: 286.7M(1024.0M)->223.2M(1024.0M)]
 [Times: user=0.07 sys=0.00, real=0.01 secs] 
2019-06-23T00:22:40.009+0900: 7897.665: [GC pause (G1 Evacuation Pause) (young), 0.0105128 secs]
   [Parallel Time: 8.9 ms, GC Workers: 8]
      [GC Worker Start (ms): Min: 7897665.6, Avg: 7897665.8, Max: 7897666.4, Diff: 0.8]
      [Ext Root Scanning (ms): Min: 0.2, Avg: 0.7, Max: 1.1, Diff: 0.8, Sum: 5.9]
      [Update RS (ms): Min: 1.2, Avg: 1.4, Max: 1.9, Diff: 0.7, Sum: 11.3]
         [Processed Buffers: Min: 2, Avg: 5.8, Max: 15, Diff: 13, Sum: 46]
      [Scan RS (ms): Min: 0.7, Avg: 1.3, Max: 1.6, Diff: 0.9, Sum: 10.2]
      [Code Root Scanning (ms): Min: 0.0, Avg: 0.0, Max: 0.1, Diff: 0.1, Sum: 0.1]
      [Object Copy (ms): Min: 5.0, Avg: 5.1, Max: 5.2, Diff: 0.3, Sum: 40.8]
      [Termination (ms): Min: 0.0, Avg: 0.0, Max: 0.0, Diff: 0.0, Sum: 0.0]
         [Termination Attempts: Min: 1, Avg: 1.0, Max: 1, Diff: 0, Sum: 8]
      [GC Worker Other (ms): Min: 0.0, Avg: 0.0, Max: 0.0, Diff: 0.0, Sum: 0.2]
      [GC Worker Total (ms): Min: 8.0, Avg: 8.6, Max: 8.8, Diff: 0.8, Sum: 68.6]
      [GC Worker End (ms): Min: 7897674.4, Avg: 7897674.4, Max: 7897674.4, Diff: 0.0]
   [Code Root Fixup: 0.0 ms]
   [Code Root Purge: 0.0 ms]
   [Clear CT: 0.2 ms]
   [Other: 1.5 ms]
      [Choose CSet: 0.0 ms]
      [Ref Proc: 1.1 ms]
      [Ref Enq: 0.0 ms]
      [Redirty Cards: 0.1 ms]
      [Humongous Register: 0.0 ms]
      [Humongous Reclaim: 0.0 ms]
      [Free CSet: 0.0 ms]
   [Eden: 66.0M(66.0M)->0.0B(161.0M) Survivors: 9216.0K->7168.0K Heap: 289.2M(1024.0M)->225.3M(1024.0M)]
 [Times: user=0.07 sys=0.00, real=0.02 secs] 
2019-06-23T00:26:50.201+0900: 8147.857: [GC pause (G1 Evacuation Pause) (young), 0.0135664 secs]
   [Parallel Time: 8.0 ms, GC Workers: 8]
      [GC Worker Start (ms): Min: 8147857.2, Avg: 8147858.1, Max: 8147863.4, Diff: 6.2]
      [Ext Root Scanning (ms): Min: 0.0, Avg: 0.4, Max: 0.7, Diff: 0.7, Sum: 2.8]
      [Update RS (ms): Min: 0.0, Avg: 0.8, Max: 1.1, Diff: 1.1, Sum: 6.4]
         [Processed Buffers: Min: 0, Avg: 5.9, Max: 14, Diff: 14, Sum: 47]
      [Scan RS (ms): Min: 0.0, Avg: 0.8, Max: 1.1, Diff: 1.1, Sum: 6.3]
      [Code Root Scanning (ms): Min: 0.0, Avg: 0.0, Max: 0.0, Diff: 0.0, Sum: 0.0]
      [Object Copy (ms): Min: 1.0, Avg: 4.2, Max: 4.7, Diff: 3.7, Sum: 33.5]
      [Termination (ms): Min: 0.0, Avg: 0.4, Max: 1.0, Diff: 1.0, Sum: 2.8]
         [Termination Attempts: Min: 1, Avg: 1.0, Max: 1, Diff: 0, Sum: 8]
      [GC Worker Other (ms): Min: 0.0, Avg: 0.0, Max: 0.0, Diff: 0.0, Sum: 0.1]
      [GC Worker Total (ms): Min: 1.0, Avg: 6.5, Max: 8.0, Diff: 6.9, Sum: 51.9]
      [GC Worker End (ms): Min: 8147864.4, Avg: 8147864.6, Max: 8147865.2, Diff: 0.7]
   [Code Root Fixup: 0.0 ms]
   [Code Root Purge: 0.0 ms]
   [Clear CT: 1.5 ms]
   [Other: 4.0 ms]
      [Choose CSet: 0.0 ms]
      [Ref Proc: 3.4 ms]
      [Ref Enq: 0.0 ms]
      [Redirty Cards: 0.2 ms]
      [Humongous Register: 0.0 ms]
      [Humongous Reclaim: 0.0 ms]
      [Free CSet: 0.1 ms]
   [Eden: 98.0M(98.0M)->0.0B(175.0M) Survivors: 7168.0K->7168.0K Heap: 323.3M(1024.0M)->225.1M(1024.0M)]
 [Times: user=0.07 sys=0.00, real=0.01 secs] 
2019-06-23T00:31:12.761+0900: 8410.417: [GC pause (G1 Evacuation Pause) (young), 0.0107712 secs]
   [Parallel Time: 8.6 ms, GC Workers: 8]
      [GC Worker Start (ms): Min: 8410417.1, Avg: 8410417.8, Max: 8410422.1, Diff: 5.0]
      [Ext Root Scanning (ms): Min: 0.0, Avg: 0.4, Max: 0.7, Diff: 0.7, Sum: 3.1]
      [Update RS (ms): Min: 0.0, Avg: 0.7, Max: 0.9, Diff: 0.9, Sum: 5.6]
         [Processed Buffers: Min: 0, Avg: 5.8, Max: 18, Diff: 18, Sum: 46]
      [Scan RS (ms): Min: 0.0, Avg: 0.7, Max: 0.9, Diff: 0.8, Sum: 5.5]
      [Code Root Scanning (ms): Min: 0.0, Avg: 0.0, Max: 0.0, Diff: 0.0, Sum: 0.1]
      [Object Copy (ms): Min: 2.3, Avg: 4.9, Max: 6.3, Diff: 4.0, Sum: 39.6]
      [Termination (ms): Min: 0.0, Avg: 1.1, Max: 1.2, Diff: 1.2, Sum: 8.5]
         [Termination Attempts: Min: 1, Avg: 1.2, Max: 2, Diff: 1, Sum: 10]
      [GC Worker Other (ms): Min: 0.0, Avg: 0.0, Max: 0.0, Diff: 0.0, Sum: 0.1]
      [GC Worker Total (ms): Min: 3.6, Avg: 7.8, Max: 8.5, Diff: 5.0, Sum: 62.5]
      [GC Worker End (ms): Min: 8410425.7, Avg: 8410425.7, Max: 8410425.7, Diff: 0.0]
   [Code Root Fixup: 0.0 ms]
   [Code Root Purge: 0.0 ms]
   [Clear CT: 0.2 ms]
   [Other: 2.0 ms]
      [Choose CSet: 0.0 ms]
      [Ref Proc: 1.5 ms]
      [Ref Enq: 0.0 ms]
      [Redirty Cards: 0.1 ms]
      [Humongous Register: 0.0 ms]
      [Humongous Reclaim: 0.0 ms]
      [Free CSet: 0.1 ms]
   [Eden: 175.0M(175.0M)->0.0B(253.0M) Survivors: 7168.0K->8192.0K Heap: 400.1M(1024.0M)->226.3M(1024.0M)]
 [Times: user=0.07 sys=0.00, real=0.01 secs] 
2019-06-23T00:31:45.344+0900: 8443.000: [GC pause (G1 Evacuation Pause) (young), 0.0062553 secs]
   [Parallel Time: 5.2 ms, GC Workers: 8]
      [GC Worker Start (ms): Min: 8442999.6, Avg: 8443001.2, Max: 8443004.7, Diff: 5.1]
      [Ext Root Scanning (ms): Min: 0.0, Avg: 0.2, Max: 0.6, Diff: 0.6, Sum: 1.5]
      [Update RS (ms): Min: 0.0, Avg: 0.3, Max: 0.7, Diff: 0.7, Sum: 2.6]
         [Processed Buffers: Min: 0, Avg: 5.2, Max: 21, Diff: 21, Sum: 42]
      [Scan RS (ms): Min: 0.0, Avg: 0.2, Max: 0.3, Diff: 0.3, Sum: 1.2]
      [Code Root Scanning (ms): Min: 0.0, Avg: 0.0, Max: 0.0, Diff: 0.0, Sum: 0.0]
      [Object Copy (ms): Min: 0.0, Avg: 2.4, Max: 3.3, Diff: 3.3, Sum: 19.5]
      [Termination (ms): Min: 0.0, Avg: 0.5, Max: 0.5, Diff: 0.5, Sum: 3.8]
         [Termination Attempts: Min: 1, Avg: 2.1, Max: 4, Diff: 3, Sum: 17]
      [GC Worker Other (ms): Min: 0.0, Avg: 0.0, Max: 0.0, Diff: 0.0, Sum: 0.1]
      [GC Worker Total (ms): Min: 0.0, Avg: 3.6, Max: 5.2, Diff: 5.2, Sum: 28.7]
      [GC Worker End (ms): Min: 8443004.7, Avg: 8443004.8, Max: 8443004.8, Diff: 0.0]
   [Code Root Fixup: 0.0 ms]
   [Code Root Purge: 0.0 ms]
   [Clear CT: 0.1 ms]
   [Other: 0.9 ms]
      [Choose CSet: 0.0 ms]
      [Ref Proc: 0.6 ms]
      [Ref Enq: 0.0 ms]
      [Redirty Cards: 0.1 ms]
      [Humongous Register: 0.0 ms]
      [Humongous Reclaim: 0.0 ms]
      [Free CSet: 0.1 ms]
   [Eden: 253.0M(253.0M)->0.0B(608.0M) Survivors: 8192.0K->6144.0K Heap: 479.3M(1024.0M)->224.8M(1024.0M)]
 [Times: user=0.02 sys=0.01, real=0.00 secs] 
2019-06-23T00:32:58.503+0900: 8516.159: [GC pause (G1 Evacuation Pause) (young), 0.0288228 secs]
   [Parallel Time: 17.0 ms, GC Workers: 8]
      [GC Worker Start (ms): Min: 8516159.5, Avg: 8516166.9, Max: 8516175.1, Diff: 15.6]
      [Ext Root Scanning (ms): Min: 0.0, Avg: 0.5, Max: 1.1, Diff: 1.1, Sum: 4.1]
      [Update RS (ms): Min: 0.0, Avg: 1.4, Max: 2.9, Diff: 2.9, Sum: 11.2]
         [Processed Buffers: Min: 0, Avg: 5.5, Max: 24, Diff: 24, Sum: 44]
      [Scan RS (ms): Min: 0.0, Avg: 0.6, Max: 1.3, Diff: 1.3, Sum: 4.8]
      [Code Root Scanning (ms): Min: 0.0, Avg: 0.0, Max: 0.1, Diff: 0.1, Sum: 0.1]
      [Object Copy (ms): Min: 0.0, Avg: 4.5, Max: 9.2, Diff: 9.2, Sum: 36.4]
      [Termination (ms): Min: 0.0, Avg: 1.4, Max: 2.2, Diff: 2.2, Sum: 11.0]
         [Termination Attempts: Min: 1, Avg: 1.6, Max: 4, Diff: 3, Sum: 13]
      [GC Worker Other (ms): Min: 0.0, Avg: 0.0, Max: 0.0, Diff: 0.0, Sum: 0.1]
      [GC Worker Total (ms): Min: 0.0, Avg: 8.5, Max: 15.9, Diff: 15.8, Sum: 67.7]
      [GC Worker End (ms): Min: 8516175.1, Avg: 8516175.4, Max: 8516176.3, Diff: 1.2]
   [Code Root Fixup: 0.0 ms]
   [Code Root Purge: 0.0 ms]
   [Clear CT: 0.2 ms]
   [Other: 11.6 ms]
      [Choose CSet: 0.0 ms]
      [Ref Proc: 10.8 ms]
      [Ref Enq: 0.0 ms]
      [Redirty Cards: 0.1 ms]
      [Humongous Register: 0.1 ms]
      [Humongous Reclaim: 0.0 ms]
      [Free CSet: 0.3 ms]
   [Eden: 608.0M(608.0M)->0.0B(115.0M) Survivors: 6144.0K->5120.0K Heap: 832.8M(1024.0M)->223.8M(1024.0M)]
 [Times: user=0.13 sys=0.00, real=0.03 secs] 
2019-06-23T00:33:15.760+0900: 8533.416: [GC pause (G1 Evacuation Pause) (young), 0.0108084 secs]
   [Parallel Time: 7.7 ms, GC Workers: 8]
      [GC Worker Start (ms): Min: 8533416.0, Avg: 8533416.2, Max: 8533416.6, Diff: 0.6]
      [Ext Root Scanning (ms): Min: 0.1, Avg: 0.5, Max: 0.8, Diff: 0.7, Sum: 3.7]
      [Update RS (ms): Min: 1.2, Avg: 1.4, Max: 1.8, Diff: 0.5, Sum: 11.5]
         [Processed Buffers: Min: 1, Avg: 5.6, Max: 15, Diff: 14, Sum: 45]
      [Scan RS (ms): Min: 0.0, Avg: 0.2, Max: 0.4, Diff: 0.4, Sum: 1.7]
      [Code Root Scanning (ms): Min: 0.0, Avg: 0.0, Max: 0.1, Diff: 0.1, Sum: 0.1]
      [Object Copy (ms): Min: 5.2, Avg: 5.3, Max: 5.3, Diff: 0.2, Sum: 42.2]
      [Termination (ms): Min: 0.0, Avg: 0.0, Max: 0.0, Diff: 0.0, Sum: 0.0]
         [Termination Attempts: Min: 1, Avg: 1.5, Max: 3, Diff: 2, Sum: 12]
      [GC Worker Other (ms): Min: 0.0, Avg: 0.0, Max: 0.0, Diff: 0.0, Sum: 0.1]
      [GC Worker Total (ms): Min: 7.0, Avg: 7.4, Max: 7.6, Diff: 0.6, Sum: 59.5]
      [GC Worker End (ms): Min: 8533423.6, Avg: 8533423.6, Max: 8533423.6, Diff: 0.0]
   [Code Root Fixup: 0.0 ms]
   [Code Root Purge: 0.0 ms]
   [Clear CT: 0.2 ms]
   [Other: 3.0 ms]
      [Choose CSet: 0.0 ms]
      [Ref Proc: 2.5 ms]
      [Ref Enq: 0.0 ms]
      [Redirty Cards: 0.1 ms]
      [Humongous Register: 0.0 ms]
      [Humongous Reclaim: 0.0 ms]
      [Free CSet: 0.1 ms]
   [Eden: 115.0M(115.0M)->0.0B(205.0M) Survivors: 5120.0K->8192.0K Heap: 338.8M(1024.0M)->226.3M(1024.0M)]
 [Times: user=0.07 sys=0.00, real=0.01 secs] 
2019-06-23T00:36:25.175+0900: 8722.831: [GC pause (G1 Evacuation Pause) (young), 0.0151258 secs]
   [Parallel Time: 11.5 ms, GC Workers: 8]
      [GC Worker Start (ms): Min: 8722830.8, Avg: 8722834.4, Max: 8722842.1, Diff: 11.3]
      [Ext Root Scanning (ms): Min: 0.0, Avg: 0.3, Max: 1.2, Diff: 1.2, Sum: 2.2]
      [Update RS (ms): Min: 0.0, Avg: 0.7, Max: 1.4, Diff: 1.4, Sum: 5.2]
         [Processed Buffers: Min: 0, Avg: 6.1, Max: 18, Diff: 18, Sum: 49]
      [Scan RS (ms): Min: 0.0, Avg: 0.1, Max: 0.3, Diff: 0.3, Sum: 0.9]
      [Code Root Scanning (ms): Min: 0.0, Avg: 0.0, Max: 0.0, Diff: 0.0, Sum: 0.1]
      [Object Copy (ms): Min: 0.0, Avg: 3.2, Max: 4.5, Diff: 4.5, Sum: 25.2]
      [Termination (ms): Min: 0.0, Avg: 3.5, Max: 4.2, Diff: 4.2, Sum: 28.1]
         [Termination Attempts: Min: 1, Avg: 1.5, Max: 2, Diff: 1, Sum: 12]
      [GC Worker Other (ms): Min: 0.0, Avg: 0.0, Max: 0.0, Diff: 0.0, Sum: 0.1]
      [GC Worker Total (ms): Min: 0.0, Avg: 7.7, Max: 11.3, Diff: 11.3, Sum: 61.8]
      [GC Worker End (ms): Min: 8722842.1, Avg: 8722842.2, Max: 8722842.2, Diff: 0.1]
   [Code Root Fixup: 0.0 ms]
   [Code Root Purge: 0.0 ms]
   [Clear CT: 0.1 ms]
   [Other: 3.5 ms]
      [Choose CSet: 0.0 ms]
      [Ref Proc: 3.2 ms]
      [Ref Enq: 0.0 ms]
      [Redirty Cards: 0.1 ms]
      [Humongous Register: 0.0 ms]
      [Humongous Reclaim: 0.0 ms]
      [Free CSet: 0.1 ms]
   [Eden: 205.0M(205.0M)->0.0B(605.0M) Survivors: 8192.0K->9216.0K Heap: 431.3M(1024.0M)->227.1M(1024.0M)]
 [Times: user=0.06 sys=0.00, real=0.01 secs] 
2019-06-23T00:37:56.925+0900: 8814.581: [GC pause (G1 Evacuation Pause) (young), 0.0148199 secs]
   [Parallel Time: 9.1 ms, GC Workers: 8]
      [GC Worker Start (ms): Min: 8814580.6, Avg: 8814581.8, Max: 8814589.2, Diff: 8.5]
      [Ext Root Scanning (ms): Min: 0.0, Avg: 0.4, Max: 0.7, Diff: 0.7, Sum: 3.0]
      [Update RS (ms): Min: 0.0, Avg: 1.1, Max: 1.5, Diff: 1.5, Sum: 8.8]
         [Processed Buffers: Min: 0, Avg: 5.8, Max: 21, Diff: 21, Sum: 46]
      [Scan RS (ms): Min: 0.1, Avg: 0.2, Max: 0.4, Diff: 0.3, Sum: 1.8]
      [Code Root Scanning (ms): Min: 0.0, Avg: 0.0, Max: 0.0, Diff: 0.0, Sum: 0.1]
      [Object Copy (ms): Min: 0.0, Avg: 4.7, Max: 5.4, Diff: 5.4, Sum: 37.6]
      [Termination (ms): Min: 0.0, Avg: 1.2, Max: 1.6, Diff: 1.6, Sum: 9.3]
         [Termination Attempts: Min: 1, Avg: 7.0, Max: 14, Diff: 13, Sum: 56]
      [GC Worker Other (ms): Min: 0.0, Avg: 0.0, Max: 0.0, Diff: 0.0, Sum: 0.1]
      [GC Worker Total (ms): Min: 0.1, Avg: 7.6, Max: 9.0, Diff: 8.9, Sum: 60.8]
      [GC Worker End (ms): Min: 8814589.3, Avg: 8814589.4, Max: 8814589.7, Diff: 0.4]
   [Code Root Fixup: 0.0 ms]
   [Code Root Purge: 0.0 ms]
   [Clear CT: 0.2 ms]
   [Other: 5.5 ms]
      [Choose CSet: 0.0 ms]
      [Ref Proc: 4.8 ms]
      [Ref Enq: 0.0 ms]
      [Redirty Cards: 0.2 ms]
      [Humongous Register: 0.0 ms]
      [Humongous Reclaim: 0.0 ms]
      [Free CSet: 0.3 ms]
   [Eden: 605.0M(605.0M)->0.0B(606.0M) Survivors: 9216.0K->8192.0K Heap: 832.1M(1024.0M)->226.3M(1024.0M)]
 [Times: user=0.10 sys=0.00, real=0.02 secs] 
2019-06-23T00:41:19.403+0900: 9017.059: [GC pause (G1 Evacuation Pause) (young), 0.0071895 secs]
   [Parallel Time: 5.9 ms, GC Workers: 8]
      [GC Worker Start (ms): Min: 9017058.8, Avg: 9017059.3, Max: 9017062.1, Diff: 3.3]
      [Ext Root Scanning (ms): Min: 0.0, Avg: 0.2, Max: 0.5, Diff: 0.5, Sum: 1.8]
      [Update RS (ms): Min: 0.0, Avg: 0.6, Max: 0.8, Diff: 0.8, Sum: 4.7]
         [Processed Buffers: Min: 0, Avg: 6.4, Max: 14, Diff: 14, Sum: 51]
      [Scan RS (ms): Min: 0.0, Avg: 0.1, Max: 0.2, Diff: 0.1, Sum: 1.0]
      [Code Root Scanning (ms): Min: 0.0, Avg: 0.0, Max: 0.0, Diff: 0.0, Sum: 0.1]
      [Object Copy (ms): Min: 0.6, Avg: 2.7, Max: 3.8, Diff: 3.2, Sum: 21.4]
      [Termination (ms): Min: 0.0, Avg: 1.1, Max: 1.8, Diff: 1.8, Sum: 8.6]
         [Termination Attempts: Min: 1, Avg: 4.2, Max: 8, Diff: 7, Sum: 34]
      [GC Worker Other (ms): Min: 0.0, Avg: 0.0, Max: 0.0, Diff: 0.0, Sum: 0.1]
      [GC Worker Total (ms): Min: 1.7, Avg: 4.7, Max: 5.8, Diff: 4.1, Sum: 37.7]
      [GC Worker End (ms): Min: 9017063.8, Avg: 9017064.0, Max: 9017064.6, Diff: 0.8]
   [Code Root Fixup: 0.0 ms]
   [Code Root Purge: 0.0 ms]
   [Clear CT: 0.2 ms]
   [Other: 1.1 ms]
      [Choose CSet: 0.0 ms]
      [Ref Proc: 0.7 ms]
      [Ref Enq: 0.0 ms]
      [Redirty Cards: 0.1 ms]
      [Humongous Register: 0.0 ms]
      [Humongous Reclaim: 0.0 ms]
      [Free CSet: 0.2 ms]
   [Eden: 606.0M(606.0M)->0.0B(604.0M) Survivors: 8192.0K->10.0M Heap: 832.3M(1024.0M)->228.1M(1024.0M)]
 [Times: user=0.04 sys=0.00, real=0.00 secs] 
2019-06-23T00:41:58.308+0900: 9055.964: [GC pause (G1 Evacuation Pause) (young), 0.0105662 secs]
   [Parallel Time: 9.4 ms, GC Workers: 8]
      [GC Worker Start (ms): Min: 9055964.4, Avg: 9055966.3, Max: 9055972.0, Diff: 7.6]
      [Ext Root Scanning (ms): Min: 0.0, Avg: 0.3, Max: 0.7, Diff: 0.7, Sum: 2.5]
      [Update RS (ms): Min: 0.0, Avg: 0.9, Max: 1.5, Diff: 1.5, Sum: 7.5]
         [Processed Buffers: Min: 0, Avg: 6.0, Max: 19, Diff: 19, Sum: 48]
      [Scan RS (ms): Min: 0.0, Avg: 0.1, Max: 0.2, Diff: 0.2, Sum: 0.9]
      [Code Root Scanning (ms): Min: 0.0, Avg: 0.0, Max: 0.1, Diff: 0.1, Sum: 0.1]
      [Object Copy (ms): Min: 0.0, Avg: 3.6, Max: 4.9, Diff: 4.9, Sum: 29.1]
      [Termination (ms): Min: 0.0, Avg: 1.0, Max: 2.5, Diff: 2.5, Sum: 7.7]
         [Termination Attempts: Min: 1, Avg: 3.9, Max: 10, Diff: 9, Sum: 31]
      [GC Worker Other (ms): Min: 0.0, Avg: 0.0, Max: 0.0, Diff: 0.0, Sum: 0.1]
      [GC Worker Total (ms): Min: 0.1, Avg: 6.0, Max: 9.2, Diff: 9.1, Sum: 47.9]
      [GC Worker End (ms): Min: 9055972.1, Avg: 9055972.3, Max: 9055973.6, Diff: 1.5]
   [Code Root Fixup: 0.0 ms]
   [Code Root Purge: 0.0 ms]
   [Clear CT: 0.2 ms]
   [Other: 0.9 ms]
      [Choose CSet: 0.0 ms]
      [Ref Proc: 0.2 ms]
      [Ref Enq: 0.0 ms]
      [Redirty Cards: 0.2 ms]
      [Humongous Register: 0.0 ms]
      [Humongous Reclaim: 0.0 ms]
      [Free CSet: 0.3 ms]
   [Eden: 604.0M(604.0M)->0.0B(607.0M) Survivors: 10.0M->7168.0K Heap: 832.1M(1024.0M)->225.3M(1024.0M)]
 [Times: user=0.05 sys=0.00, real=0.02 secs] 
2019-06-23T00:43:49.182+0900: 9166.838: [GC pause (G1 Evacuation Pause) (young), 0.0101845 secs]
   [Parallel Time: 8.2 ms, GC Workers: 8]
      [GC Worker Start (ms): Min: 9166838.5, Avg: 9166838.7, Max: 9166838.8, Diff: 0.3]
      [Ext Root Scanning (ms): Min: 0.6, Avg: 0.7, Max: 1.0, Diff: 0.4, Sum: 5.9]
      [Update RS (ms): Min: 2.3, Avg: 2.5, Max: 2.8, Diff: 0.5, Sum: 20.3]
         [Processed Buffers: Min: 2, Avg: 6.2, Max: 18, Diff: 16, Sum: 50]
      [Scan RS (ms): Min: 0.1, Avg: 0.3, Max: 0.4, Diff: 0.3, Sum: 2.0]
      [Code Root Scanning (ms): Min: 0.0, Avg: 0.0, Max: 0.1, Diff: 0.1, Sum: 0.3]
      [Object Copy (ms): Min: 4.0, Avg: 4.1, Max: 4.2, Diff: 0.2, Sum: 32.6]
      [Termination (ms): Min: 0.0, Avg: 0.0, Max: 0.0, Diff: 0.0, Sum: 0.0]
         [Termination Attempts: Min: 1, Avg: 1.8, Max: 3, Diff: 2, Sum: 14]
      [GC Worker Other (ms): Min: 0.0, Avg: 0.0, Max: 0.1, Diff: 0.0, Sum: 0.3]
      [GC Worker Total (ms): Min: 7.5, Avg: 7.7, Max: 7.9, Diff: 0.3, Sum: 61.4]
      [GC Worker End (ms): Min: 9166846.4, Avg: 9166846.4, Max: 9166846.4, Diff: 0.0]
   [Code Root Fixup: 0.0 ms]
   [Code Root Purge: 0.0 ms]
   [Clear CT: 0.4 ms]
   [Other: 1.6 ms]
      [Choose CSet: 0.0 ms]
      [Ref Proc: 0.5 ms]
      [Ref Enq: 0.0 ms]
      [Redirty Cards: 0.7 ms]
      [Humongous Register: 0.0 ms]
      [Humongous Reclaim: 0.0 ms]
      [Free CSet: 0.2 ms]
   [Eden: 607.0M(607.0M)->0.0B(605.0M) Survivors: 7168.0K->9216.0K Heap: 832.3M(1024.0M)->227.3M(1024.0M)]
 [Times: user=0.07 sys=0.01, real=0.01 secs] 
2019-06-23T00:53:43.745+0900: 9761.401: [GC pause (G1 Evacuation Pause) (young), 0.0078787 secs]
   [Parallel Time: 6.1 ms, GC Workers: 8]
      [GC Worker Start (ms): Min: 9761400.9, Avg: 9761402.9, Max: 9761406.8, Diff: 5.9]
      [Ext Root Scanning (ms): Min: 0.0, Avg: 0.2, Max: 0.6, Diff: 0.6, Sum: 1.7]
      [Update RS (ms): Min: 0.0, Avg: 0.5, Max: 1.0, Diff: 1.0, Sum: 4.4]
         [Processed Buffers: Min: 0, Avg: 6.4, Max: 17, Diff: 17, Sum: 51]
      [Scan RS (ms): Min: 0.0, Avg: 0.1, Max: 0.2, Diff: 0.1, Sum: 0.8]
      [Code Root Scanning (ms): Min: 0.0, Avg: 0.0, Max: 0.0, Diff: 0.0, Sum: 0.1]
      [Object Copy (ms): Min: 0.0, Avg: 2.1, Max: 3.4, Diff: 3.4, Sum: 16.8]
      [Termination (ms): Min: 0.0, Avg: 0.9, Max: 1.3, Diff: 1.3, Sum: 7.6]
         [Termination Attempts: Min: 1, Avg: 2.6, Max: 7, Diff: 6, Sum: 21]
      [GC Worker Other (ms): Min: 0.0, Avg: 0.0, Max: 0.0, Diff: 0.0, Sum: 0.1]
      [GC Worker Total (ms): Min: 0.0, Avg: 3.9, Max: 6.0, Diff: 6.0, Sum: 31.3]
      [GC Worker End (ms): Min: 9761406.8, Avg: 9761406.8, Max: 9761406.9, Diff: 0.1]
   [Code Root Fixup: 0.0 ms]
   [Code Root Purge: 0.0 ms]
   [Clear CT: 0.1 ms]
   [Other: 1.7 ms]
      [Choose CSet: 0.0 ms]
      [Ref Proc: 1.3 ms]
      [Ref Enq: 0.0 ms]
      [Redirty Cards: 0.1 ms]
      [Humongous Register: 0.0 ms]
      [Humongous Reclaim: 0.0 ms]
      [Free CSet: 0.2 ms]
   [Eden: 605.0M(605.0M)->0.0B(605.0M) Survivors: 9216.0K->9216.0K Heap: 832.3M(1024.0M)->227.5M(1024.0M)]
 [Times: user=0.03 sys=0.00, real=0.01 secs] 
2019-06-23T00:54:07.037+0900: 9784.693: [GC pause (G1 Evacuation Pause) (young), 0.0053608 secs]
   [Parallel Time: 4.1 ms, GC Workers: 8]
      [GC Worker Start (ms): Min: 9784692.8, Avg: 9784693.3, Max: 9784696.8, Diff: 4.0]
      [Ext Root Scanning (ms): Min: 0.0, Avg: 0.2, Max: 0.6, Diff: 0.6, Sum: 1.8]
      [Update RS (ms): Min: 0.0, Avg: 0.6, Max: 0.7, Diff: 0.7, Sum: 4.5]
         [Processed Buffers: Min: 0, Avg: 5.8, Max: 15, Diff: 15, Sum: 46]
      [Scan RS (ms): Min: 0.0, Avg: 0.1, Max: 0.1, Diff: 0.1, Sum: 0.6]
      [Code Root Scanning (ms): Min: 0.0, Avg: 0.0, Max: 0.0, Diff: 0.0, Sum: 0.1]
      [Object Copy (ms): Min: 0.0, Avg: 2.1, Max: 2.5, Diff: 2.5, Sum: 17.1]
      [Termination (ms): Min: 0.0, Avg: 0.5, Max: 0.6, Diff: 0.6, Sum: 3.9]
         [Termination Attempts: Min: 1, Avg: 3.2, Max: 6, Diff: 5, Sum: 26]
      [GC Worker Other (ms): Min: 0.0, Avg: 0.0, Max: 0.0, Diff: 0.0, Sum: 0.1]
      [GC Worker Total (ms): Min: 0.0, Avg: 3.5, Max: 4.0, Diff: 4.0, Sum: 27.9]
      [GC Worker End (ms): Min: 9784696.8, Avg: 9784696.8, Max: 9784696.8, Diff: 0.0]
   [Code Root Fixup: 0.0 ms]
   [Code Root Purge: 0.0 ms]
   [Clear CT: 0.1 ms]
   [Other: 1.1 ms]
      [Choose CSet: 0.0 ms]
      [Ref Proc: 0.7 ms]
      [Ref Enq: 0.0 ms]
      [Redirty Cards: 0.1 ms]
      [Humongous Register: 0.0 ms]
      [Humongous Reclaim: 0.0 ms]
      [Free CSet: 0.2 ms]
   [Eden: 605.0M(605.0M)->0.0B(606.0M) Survivors: 9216.0K->8192.0K Heap: 832.5M(1024.0M)->226.3M(1024.0M)]
 [Times: user=0.03 sys=0.00, real=0.01 secs] 
2019-06-23T00:55:03.966+0900: 9841.622: [GC pause (G1 Evacuation Pause) (young), 0.0107261 secs]
   [Parallel Time: 8.8 ms, GC Workers: 8]
      [GC Worker Start (ms): Min: 9841621.6, Avg: 9841624.8, Max: 9841630.1, Diff: 8.5]
      [Ext Root Scanning (ms): Min: 0.0, Avg: 0.3, Max: 0.7, Diff: 0.7, Sum: 2.5]
      [Update RS (ms): Min: 0.0, Avg: 0.9, Max: 1.5, Diff: 1.5, Sum: 7.1]
         [Processed Buffers: Min: 0, Avg: 6.4, Max: 20, Diff: 20, Sum: 51]
      [Scan RS (ms): Min: 0.0, Avg: 0.1, Max: 0.2, Diff: 0.2, Sum: 0.8]
      [Code Root Scanning (ms): Min: 0.0, Avg: 0.0, Max: 0.0, Diff: 0.0, Sum: 0.1]
      [Object Copy (ms): Min: 0.0, Avg: 3.4, Max: 5.5, Diff: 5.5, Sum: 27.1]
      [Termination (ms): Min: 0.0, Avg: 0.7, Max: 1.2, Diff: 1.2, Sum: 5.4]
         [Termination Attempts: Min: 1, Avg: 3.8, Max: 8, Diff: 7, Sum: 30]
      [GC Worker Other (ms): Min: 0.0, Avg: 0.0, Max: 0.0, Diff: 0.0, Sum: 0.1]
      [GC Worker Total (ms): Min: 0.1, Avg: 5.4, Max: 8.7, Diff: 8.7, Sum: 43.1]
      [GC Worker End (ms): Min: 9841630.2, Avg: 9841630.2, Max: 9841630.4, Diff: 0.2]
   [Code Root Fixup: 0.0 ms]
   [Code Root Purge: 0.0 ms]
   [Clear CT: 0.2 ms]
   [Other: 1.7 ms]
      [Choose CSet: 0.0 ms]
      [Ref Proc: 1.2 ms]
      [Ref Enq: 0.0 ms]
      [Redirty Cards: 0.1 ms]
      [Humongous Register: 0.0 ms]
      [Humongous Reclaim: 0.0 ms]
      [Free CSet: 0.3 ms]
   [Eden: 606.0M(606.0M)->0.0B(605.0M) Survivors: 8192.0K->9216.0K Heap: 832.3M(1024.0M)->227.1M(1024.0M)]
 [Times: user=0.04 sys=0.01, real=0.01 secs] 
2019-06-23T00:55:29.925+0900: 9867.580: [GC pause (G1 Evacuation Pause) (young), 0.0056550 secs]
   [Parallel Time: 5.0 ms, GC Workers: 8]
      [GC Worker Start (ms): Min: 9867580.6, Avg: 9867581.8, Max: 9867585.4, Diff: 4.8]
      [Ext Root Scanning (ms): Min: 0.0, Avg: 0.2, Max: 0.6, Diff: 0.6, Sum: 1.8]
      [Update RS (ms): Min: 0.0, Avg: 0.6, Max: 0.9, Diff: 0.9, Sum: 5.0]
         [Processed Buffers: Min: 0, Avg: 6.0, Max: 13, Diff: 13, Sum: 48]
      [Scan RS (ms): Min: 0.0, Avg: 0.1, Max: 0.1, Diff: 0.1, Sum: 0.5]
      [Code Root Scanning (ms): Min: 0.0, Avg: 0.0, Max: 0.0, Diff: 0.0, Sum: 0.1]
      [Object Copy (ms): Min: 0.0, Avg: 2.2, Max: 3.0, Diff: 3.0, Sum: 17.6]
      [Termination (ms): Min: 0.0, Avg: 0.5, Max: 0.7, Diff: 0.7, Sum: 4.0]
         [Termination Attempts: Min: 1, Avg: 1.1, Max: 2, Diff: 1, Sum: 9]
      [GC Worker Other (ms): Min: 0.0, Avg: 0.0, Max: 0.0, Diff: 0.0, Sum: 0.1]
      [GC Worker Total (ms): Min: 0.0, Avg: 3.6, Max: 4.9, Diff: 4.8, Sum: 29.1]
      [GC Worker End (ms): Min: 9867585.4, Avg: 9867585.4, Max: 9867585.4, Diff: 0.0]
   [Code Root Fixup: 0.0 ms]
   [Code Root Purge: 0.0 ms]
   [Clear CT: 0.1 ms]
   [Other: 0.5 ms]
      [Choose CSet: 0.0 ms]
      [Ref Proc: 0.2 ms]
      [Ref Enq: 0.0 ms]
      [Redirty Cards: 0.1 ms]
      [Humongous Register: 0.0 ms]
      [Humongous Reclaim: 0.0 ms]
      [Free CSet: 0.2 ms]
   [Eden: 605.0M(605.0M)->0.0B(608.0M) Survivors: 9216.0K->6144.0K Heap: 832.1M(1024.0M)->225.5M(1024.0M)]
 [Times: user=0.03 sys=0.00, real=0.01 secs] 
2019-06-23T00:56:26.150+0900: 9923.806: [GC pause (G1 Evacuation Pause) (young), 0.0052681 secs]
   [Parallel Time: 4.3 ms, GC Workers: 8]
      [GC Worker Start (ms): Min: 9923806.4, Avg: 9923807.0, Max: 9923810.6, Diff: 4.2]
      [Ext Root Scanning (ms): Min: 0.0, Avg: 0.2, Max: 0.5, Diff: 0.5, Sum: 2.0]
      [Update RS (ms): Min: 0.0, Avg: 1.0, Max: 1.3, Diff: 1.3, Sum: 8.0]
         [Processed Buffers: Min: 0, Avg: 6.8, Max: 19, Diff: 19, Sum: 54]
      [Scan RS (ms): Min: 0.0, Avg: 0.1, Max: 0.2, Diff: 0.2, Sum: 0.7]
      [Code Root Scanning (ms): Min: 0.0, Avg: 0.0, Max: 0.0, Diff: 0.0, Sum: 0.1]
      [Object Copy (ms): Min: 0.0, Avg: 1.7, Max: 2.0, Diff: 2.0, Sum: 13.8]
      [Termination (ms): Min: 0.0, Avg: 0.6, Max: 0.7, Diff: 0.7, Sum: 4.8]
         [Termination Attempts: Min: 1, Avg: 1.2, Max: 2, Diff: 1, Sum: 10]
      [GC Worker Other (ms): Min: 0.0, Avg: 0.0, Max: 0.0, Diff: 0.0, Sum: 0.1]
      [GC Worker Total (ms): Min: 0.0, Avg: 3.7, Max: 4.3, Diff: 4.2, Sum: 29.6]
      [GC Worker End (ms): Min: 9923810.6, Avg: 9923810.7, Max: 9923810.7, Diff: 0.0]
   [Code Root Fixup: 0.0 ms]
   [Code Root Purge: 0.0 ms]
   [Clear CT: 0.2 ms]
   [Other: 0.8 ms]
      [Choose CSet: 0.0 ms]
      [Ref Proc: 0.4 ms]
      [Ref Enq: 0.0 ms]
      [Redirty Cards: 0.1 ms]
      [Humongous Register: 0.0 ms]
      [Humongous Reclaim: 0.0 ms]
      [Free CSet: 0.2 ms]
   [Eden: 608.0M(608.0M)->0.0B(608.0M) Survivors: 6144.0K->6144.0K Heap: 833.5M(1024.0M)->226.1M(1024.0M)]
 [Times: user=0.04 sys=0.00, real=0.00 secs] 
2019-06-23T00:56:52.215+0900: 9949.871: [GC pause (G1 Evacuation Pause) (young), 0.0052187 secs]
   [Parallel Time: 3.4 ms, GC Workers: 8]
      [GC Worker Start (ms): Min: 9949871.1, Avg: 9949871.6, Max: 9949874.4, Diff: 3.2]
      [Ext Root Scanning (ms): Min: 0.0, Avg: 0.2, Max: 0.6, Diff: 0.6, Sum: 1.9]
      [Update RS (ms): Min: 0.0, Avg: 0.4, Max: 0.6, Diff: 0.6, Sum: 3.4]
         [Processed Buffers: Min: 0, Avg: 4.9, Max: 14, Diff: 14, Sum: 39]
      [Scan RS (ms): Min: 0.0, Avg: 0.1, Max: 0.1, Diff: 0.1, Sum: 0.5]
      [Code Root Scanning (ms): Min: 0.0, Avg: 0.0, Max: 0.0, Diff: 0.0, Sum: 0.0]
      [Object Copy (ms): Min: 0.0, Avg: 1.4, Max: 1.6, Diff: 1.6, Sum: 11.2]
      [Termination (ms): Min: 0.0, Avg: 0.8, Max: 0.9, Diff: 0.9, Sum: 6.4]
         [Termination Attempts: Min: 1, Avg: 1.0, Max: 1, Diff: 0, Sum: 8]
      [GC Worker Other (ms): Min: 0.0, Avg: 0.0, Max: 0.0, Diff: 0.0, Sum: 0.1]
      [GC Worker Total (ms): Min: 0.0, Avg: 2.9, Max: 3.4, Diff: 3.3, Sum: 23.5]
      [GC Worker End (ms): Min: 9949874.4, Avg: 9949874.5, Max: 9949874.5, Diff: 0.1]
   [Code Root Fixup: 0.0 ms]
   [Code Root Purge: 0.0 ms]
   [Clear CT: 0.1 ms]
   [Other: 1.6 ms]
      [Choose CSet: 0.0 ms]
      [Ref Proc: 1.2 ms]
      [Ref Enq: 0.0 ms]
      [Redirty Cards: 0.1 ms]
      [Humongous Register: 0.0 ms]
      [Humongous Reclaim: 0.0 ms]
      [Free CSet: 0.2 ms]
   [Eden: 608.0M(608.0M)->0.0B(609.0M) Survivors: 6144.0K->5120.0K Heap: 834.1M(1024.0M)->226.1M(1024.0M)]
 [Times: user=0.03 sys=0.00, real=0.01 secs] 
2019-06-23T00:57:47.872+0900: 10005.528: [GC pause (G1 Evacuation Pause) (young), 0.0050563 secs]
   [Parallel Time: 4.2 ms, GC Workers: 8]
      [GC Worker Start (ms): Min: 10005528.4, Avg: 10005528.5, Max: 10005529.2, Diff: 0.8]
      [Ext Root Scanning (ms): Min: 0.0, Avg: 0.3, Max: 0.7, Diff: 0.7, Sum: 2.2]
      [Update RS (ms): Min: 0.4, Avg: 2.2, Max: 3.8, Diff: 3.4, Sum: 17.4]
         [Processed Buffers: Min: 1, Avg: 5.9, Max: 17, Diff: 16, Sum: 47]
      [Scan RS (ms): Min: 0.0, Avg: 0.1, Max: 0.1, Diff: 0.1, Sum: 0.5]
      [Code Root Scanning (ms): Min: 0.0, Avg: 0.0, Max: 0.0, Diff: 0.0, Sum: 0.0]
      [Object Copy (ms): Min: 0.0, Avg: 1.1, Max: 2.2, Diff: 2.1, Sum: 8.5]
      [Termination (ms): Min: 0.0, Avg: 0.5, Max: 1.0, Diff: 1.0, Sum: 3.7]
         [Termination Attempts: Min: 1, Avg: 6.8, Max: 18, Diff: 17, Sum: 54]
      [GC Worker Other (ms): Min: 0.0, Avg: 0.0, Max: 0.0, Diff: 0.0, Sum: 0.2]
      [GC Worker Total (ms): Min: 3.4, Avg: 4.0, Max: 4.2, Diff: 0.8, Sum: 32.4]
      [GC Worker End (ms): Min: 10005532.5, Avg: 10005532.5, Max: 10005532.6, Diff: 0.0]
   [Code Root Fixup: 0.0 ms]
   [Code Root Purge: 0.0 ms]
   [Clear CT: 0.2 ms]
   [Other: 0.6 ms]
      [Choose CSet: 0.0 ms]
      [Ref Proc: 0.2 ms]
      [Ref Enq: 0.0 ms]
      [Redirty Cards: 0.1 ms]
      [Humongous Register: 0.0 ms]
      [Humongous Reclaim: 0.0 ms]
      [Free CSet: 0.2 ms]
   [Eden: 609.0M(609.0M)->0.0B(609.0M) Survivors: 5120.0K->5120.0K Heap: 835.1M(1024.0M)->227.0M(1024.0M)]
 [Times: user=0.02 sys=0.00, real=0.00 secs] 
2019-06-23T00:58:13.899+0900: 10031.555: [GC pause (G1 Evacuation Pause) (young), 0.0028094 secs]
   [Parallel Time: 2.2 ms, GC Workers: 8]
      [GC Worker Start (ms): Min: 10031555.1, Avg: 10031555.4, Max: 10031557.2, Diff: 2.1]
      [Ext Root Scanning (ms): Min: 0.0, Avg: 0.2, Max: 0.5, Diff: 0.5, Sum: 1.8]
      [Update RS (ms): Min: 0.0, Avg: 0.2, Max: 0.3, Diff: 0.3, Sum: 1.4]
         [Processed Buffers: Min: 0, Avg: 4.5, Max: 22, Diff: 22, Sum: 36]
      [Scan RS (ms): Min: 0.0, Avg: 0.1, Max: 0.1, Diff: 0.1, Sum: 0.4]
      [Code Root Scanning (ms): Min: 0.0, Avg: 0.0, Max: 0.0, Diff: 0.0, Sum: 0.0]
      [Object Copy (ms): Min: 0.0, Avg: 0.9, Max: 1.0, Diff: 1.0, Sum: 7.1]
      [Termination (ms): Min: 0.0, Avg: 0.5, Max: 0.6, Diff: 0.6, Sum: 4.0]
         [Termination Attempts: Min: 1, Avg: 1.0, Max: 1, Diff: 0, Sum: 8]
      [GC Worker Other (ms): Min: 0.0, Avg: 0.0, Max: 0.0, Diff: 0.0, Sum: 0.1]
      [GC Worker Total (ms): Min: 0.0, Avg: 1.8, Max: 2.1, Diff: 2.1, Sum: 14.8]
      [GC Worker End (ms): Min: 10031557.2, Avg: 10031557.2, Max: 10031557.3, Diff: 0.1]
   [Code Root Fixup: 0.0 ms]
   [Code Root Purge: 0.0 ms]
   [Clear CT: 0.1 ms]
   [Other: 0.5 ms]
      [Choose CSet: 0.0 ms]
      [Ref Proc: 0.1 ms]
      [Ref Enq: 0.0 ms]
      [Redirty Cards: 0.1 ms]
      [Humongous Register: 0.0 ms]
      [Humongous Reclaim: 0.0 ms]
      [Free CSet: 0.2 ms]
   [Eden: 609.0M(609.0M)->0.0B(611.0M) Survivors: 5120.0K->3072.0K Heap: 836.0M(1024.0M)->225.3M(1024.0M)]
 [Times: user=0.02 sys=0.00, real=0.00 secs] 
2019-06-23T00:59:50.930+0900: 10128.586: [GC pause (G1 Evacuation Pause) (young), 0.0028937 secs]
   [Parallel Time: 1.8 ms, GC Workers: 8]
      [GC Worker Start (ms): Min: 10128585.7, Avg: 10128585.8, Max: 10128585.9, Diff: 0.2]
      [Ext Root Scanning (ms): Min: 0.1, Avg: 0.3, Max: 0.6, Diff: 0.5, Sum: 2.0]
      [Update RS (ms): Min: 0.0, Avg: 0.2, Max: 0.2, Diff: 0.2, Sum: 1.4]
         [Processed Buffers: Min: 0, Avg: 5.0, Max: 11, Diff: 11, Sum: 40]
      [Scan RS (ms): Min: 0.0, Avg: 0.1, Max: 0.1, Diff: 0.1, Sum: 0.6]
      [Code Root Scanning (ms): Min: 0.0, Avg: 0.0, Max: 0.0, Diff: 0.0, Sum: 0.0]
      [Object Copy (ms): Min: 1.1, Avg: 1.1, Max: 1.1, Diff: 0.1, Sum: 8.8]
      [Termination (ms): Min: 0.0, Avg: 0.0, Max: 0.0, Diff: 0.0, Sum: 0.0]
         [Termination Attempts: Min: 1, Avg: 1.0, Max: 1, Diff: 0, Sum: 8]
      [GC Worker Other (ms): Min: 0.0, Avg: 0.0, Max: 0.1, Diff: 0.1, Sum: 0.3]
      [GC Worker Total (ms): Min: 1.5, Avg: 1.6, Max: 1.7, Diff: 0.2, Sum: 13.1]
      [GC Worker End (ms): Min: 10128587.4, Avg: 10128587.4, Max: 10128587.4, Diff: 0.1]
   [Code Root Fixup: 0.0 ms]
   [Code Root Purge: 0.0 ms]
   [Clear CT: 0.1 ms]
   [Other: 1.0 ms]
      [Choose CSet: 0.0 ms]
      [Ref Proc: 0.6 ms]
      [Ref Enq: 0.0 ms]
      [Redirty Cards: 0.1 ms]
      [Humongous Register: 0.0 ms]
      [Humongous Reclaim: 0.0 ms]
      [Free CSet: 0.2 ms]
   [Eden: 611.0M(611.0M)->0.0B(609.0M) Survivors: 3072.0K->5120.0K Heap: 836.3M(1024.0M)->226.9M(1024.0M)]
 [Times: user=0.02 sys=0.00, real=0.01 secs] 
2019-06-23T01:00:17.245+0900: 10154.901: [GC pause (G1 Evacuation Pause) (young), 0.0044928 secs]
   [Parallel Time: 3.2 ms, GC Workers: 8]
      [GC Worker Start (ms): Min: 10154901.0, Avg: 10154901.3, Max: 10154903.2, Diff: 2.2]
      [Ext Root Scanning (ms): Min: 0.0, Avg: 0.2, Max: 0.5, Diff: 0.5, Sum: 1.8]
      [Update RS (ms): Min: 0.0, Avg: 0.1, Max: 0.3, Diff: 0.3, Sum: 1.1]
         [Processed Buffers: Min: 0, Avg: 5.0, Max: 15, Diff: 15, Sum: 40]
      [Scan RS (ms): Min: 0.0, Avg: 0.1, Max: 0.1, Diff: 0.1, Sum: 0.5]
      [Code Root Scanning (ms): Min: 0.0, Avg: 0.0, Max: 0.0, Diff: 0.0, Sum: 0.0]
      [Object Copy (ms): Min: 0.0, Avg: 0.9, Max: 1.1, Diff: 1.1, Sum: 7.5]
      [Termination (ms): Min: 0.0, Avg: 0.6, Max: 1.5, Diff: 1.5, Sum: 5.1]
         [Termination Attempts: Min: 1, Avg: 1.0, Max: 1, Diff: 0, Sum: 8]
      [GC Worker Other (ms): Min: 0.0, Avg: 0.0, Max: 0.0, Diff: 0.0, Sum: 0.1]
      [GC Worker Total (ms): Min: 0.0, Avg: 2.0, Max: 3.0, Diff: 3.0, Sum: 16.2]
      [GC Worker End (ms): Min: 10154903.2, Avg: 10154903.4, Max: 10154904.1, Diff: 0.9]
   [Code Root Fixup: 0.0 ms]
   [Code Root Purge: 0.0 ms]
   [Clear CT: 0.1 ms]
   [Other: 1.1 ms]
      [Choose CSet: 0.0 ms]
      [Ref Proc: 0.7 ms]
      [Ref Enq: 0.0 ms]
      [Redirty Cards: 0.1 ms]
      [Humongous Register: 0.0 ms]
      [Humongous Reclaim: 0.0 ms]
      [Free CSet: 0.2 ms]
   [Eden: 609.0M(609.0M)->0.0B(611.0M) Survivors: 5120.0K->3072.0K Heap: 835.9M(1024.0M)->225.3M(1024.0M)]
 [Times: user=0.02 sys=0.00, real=0.00 secs] 
2019-06-23T01:02:47.725+0900: 10305.381: [GC pause (G1 Evacuation Pause) (young), 0.0041408 secs]
   [Parallel Time: 2.6 ms, GC Workers: 8]
      [GC Worker Start (ms): Min: 10305381.0, Avg: 10305381.7, Max: 10305383.5, Diff: 2.5]
      [Ext Root Scanning (ms): Min: 0.0, Avg: 0.2, Max: 0.5, Diff: 0.5, Sum: 1.7]
      [Update RS (ms): Min: 0.0, Avg: 0.1, Max: 0.3, Diff: 0.3, Sum: 1.2]
         [Processed Buffers: Min: 0, Avg: 5.4, Max: 13, Diff: 13, Sum: 43]
      [Scan RS (ms): Min: 0.0, Avg: 0.1, Max: 0.1, Diff: 0.1, Sum: 0.5]
      [Code Root Scanning (ms): Min: 0.0, Avg: 0.0, Max: 0.0, Diff: 0.0, Sum: 0.0]
      [Object Copy (ms): Min: 0.0, Avg: 1.0, Max: 1.3, Diff: 1.3, Sum: 7.9]
      [Termination (ms): Min: 0.0, Avg: 0.5, Max: 0.7, Diff: 0.7, Sum: 3.8]
         [Termination Attempts: Min: 1, Avg: 1.5, Max: 3, Diff: 2, Sum: 12]
      [GC Worker Other (ms): Min: 0.0, Avg: 0.0, Max: 0.0, Diff: 0.0, Sum: 0.1]
      [GC Worker Total (ms): Min: 0.0, Avg: 1.9, Max: 2.6, Diff: 2.5, Sum: 15.3]
      [GC Worker End (ms): Min: 10305383.6, Avg: 10305383.6, Max: 10305383.6, Diff: 0.1]
   [Code Root Fixup: 0.0 ms]
   [Code Root Purge: 0.0 ms]
   [Clear CT: 0.1 ms]
   [Other: 1.4 ms]
      [Choose CSet: 0.0 ms]
      [Ref Proc: 1.0 ms]
      [Ref Enq: 0.0 ms]
      [Redirty Cards: 0.1 ms]
      [Humongous Register: 0.0 ms]
      [Humongous Reclaim: 0.0 ms]
      [Free CSet: 0.2 ms]
   [Eden: 611.0M(611.0M)->0.0B(610.0M) Survivors: 3072.0K->4096.0K Heap: 836.3M(1024.0M)->225.9M(1024.0M)]
 [Times: user=0.01 sys=0.00, real=0.00 secs] 
2019-06-23T01:03:13.123+0900: 10330.779: [GC pause (G1 Evacuation Pause) (young), 0.0031633 secs]
   [Parallel Time: 2.5 ms, GC Workers: 8]
      [GC Worker Start (ms): Min: 10330778.8, Avg: 10330779.1, Max: 10330781.1, Diff: 2.3]
      [Ext Root Scanning (ms): Min: 0.0, Avg: 0.2, Max: 0.5, Diff: 0.5, Sum: 2.0]
      [Update RS (ms): Min: 0.0, Avg: 0.2, Max: 0.3, Diff: 0.3, Sum: 1.4]
         [Processed Buffers: Min: 0, Avg: 4.6, Max: 15, Diff: 15, Sum: 37]
      [Scan RS (ms): Min: 0.0, Avg: 0.1, Max: 0.1, Diff: 0.1, Sum: 0.6]
      [Code Root Scanning (ms): Min: 0.0, Avg: 0.0, Max: 0.0, Diff: 0.0, Sum: 0.0]
      [Object Copy (ms): Min: 0.0, Avg: 1.0, Max: 1.2, Diff: 1.2, Sum: 7.9]
      [Termination (ms): Min: 0.0, Avg: 0.5, Max: 0.6, Diff: 0.6, Sum: 4.2]
         [Termination Attempts: Min: 1, Avg: 1.0, Max: 1, Diff: 0, Sum: 8]
      [GC Worker Other (ms): Min: 0.0, Avg: 0.0, Max: 0.0, Diff: 0.0, Sum: 0.1]
      [GC Worker Total (ms): Min: 0.0, Avg: 2.0, Max: 2.4, Diff: 2.3, Sum: 16.1]
      [GC Worker End (ms): Min: 10330781.1, Avg: 10330781.1, Max: 10330781.1, Diff: 0.0]
   [Code Root Fixup: 0.0 ms]
   [Code Root Purge: 0.0 ms]
   [Clear CT: 0.1 ms]
   [Other: 0.6 ms]
      [Choose CSet: 0.0 ms]
      [Ref Proc: 0.2 ms]
      [Ref Enq: 0.0 ms]
      [Redirty Cards: 0.1 ms]
      [Humongous Register: 0.0 ms]
      [Humongous Reclaim: 0.0 ms]
      [Free CSet: 0.2 ms]
   [Eden: 610.0M(610.0M)->0.0B(610.0M) Survivors: 4096.0K->4096.0K Heap: 835.9M(1024.0M)->226.5M(1024.0M)]
 [Times: user=0.02 sys=0.00, real=0.00 secs] 
2019-06-23T01:04:00.635+0900: 10378.291: [GC pause (G1 Evacuation Pause) (young), 0.0064142 secs]
   [Parallel Time: 4.5 ms, GC Workers: 8]
      [GC Worker Start (ms): Min: 10378290.8, Avg: 10378292.5, Max: 10378295.2, Diff: 4.4]
      [Ext Root Scanning (ms): Min: 0.0, Avg: 0.3, Max: 0.6, Diff: 0.6, Sum: 2.3]
      [Update RS (ms): Min: 0.0, Avg: 0.2, Max: 0.5, Diff: 0.5, Sum: 1.8]
         [Processed Buffers: Min: 0, Avg: 4.9, Max: 20, Diff: 20, Sum: 39]
      [Scan RS (ms): Min: 0.0, Avg: 0.1, Max: 0.1, Diff: 0.1, Sum: 0.7]
      [Code Root Scanning (ms): Min: 0.0, Avg: 0.0, Max: 0.0, Diff: 0.0, Sum: 0.0]
      [Object Copy (ms): Min: 0.0, Avg: 1.5, Max: 2.5, Diff: 2.5, Sum: 12.3]
      [Termination (ms): Min: 0.0, Avg: 0.6, Max: 1.0, Diff: 1.0, Sum: 5.2]
         [Termination Attempts: Min: 1, Avg: 1.1, Max: 2, Diff: 1, Sum: 9]
      [GC Worker Other (ms): Min: 0.0, Avg: 0.0, Max: 0.0, Diff: 0.0, Sum: 0.1]
      [GC Worker Total (ms): Min: 0.1, Avg: 2.8, Max: 4.5, Diff: 4.4, Sum: 22.3]
      [GC Worker End (ms): Min: 10378295.3, Avg: 10378295.3, Max: 10378295.3, Diff: 0.1]
   [Code Root Fixup: 0.0 ms]
   [Code Root Purge: 0.0 ms]
   [Clear CT: 0.2 ms]
   [Other: 1.7 ms]
      [Choose CSet: 0.0 ms]
      [Ref Proc: 1.2 ms]
      [Ref Enq: 0.0 ms]
      [Redirty Cards: 0.1 ms]
      [Humongous Register: 0.0 ms]
      [Humongous Reclaim: 0.0 ms]
      [Free CSet: 0.3 ms]
   [Eden: 610.0M(610.0M)->0.0B(611.0M) Survivors: 4096.0K->3072.0K Heap: 836.5M(1024.0M)->225.4M(1024.0M)]
 [Times: user=0.03 sys=0.00, real=0.01 secs] 
2019-06-23T01:04:26.740+0900: 10404.396: [GC pause (G1 Evacuation Pause) (young), 0.0035958 secs]
   [Parallel Time: 2.4 ms, GC Workers: 8]
      [GC Worker Start (ms): Min: 10404395.6, Avg: 10404396.2, Max: 10404397.9, Diff: 2.3]
      [Ext Root Scanning (ms): Min: 0.0, Avg: 0.2, Max: 0.5, Diff: 0.5, Sum: 1.6]
      [Update RS (ms): Min: 0.0, Avg: 0.1, Max: 0.3, Diff: 0.3, Sum: 1.1]
         [Processed Buffers: Min: 0, Avg: 4.6, Max: 11, Diff: 11, Sum: 37]
      [Scan RS (ms): Min: 0.0, Avg: 0.1, Max: 0.1, Diff: 0.1, Sum: 0.5]
      [Code Root Scanning (ms): Min: 0.0, Avg: 0.0, Max: 0.0, Diff: 0.0, Sum: 0.0]
      [Object Copy (ms): Min: 0.0, Avg: 0.9, Max: 1.2, Diff: 1.2, Sum: 7.3]
      [Termination (ms): Min: 0.0, Avg: 0.4, Max: 0.6, Diff: 0.6, Sum: 3.4]
         [Termination Attempts: Min: 1, Avg: 1.0, Max: 1, Diff: 0, Sum: 8]
      [GC Worker Other (ms): Min: 0.0, Avg: 0.0, Max: 0.0, Diff: 0.0, Sum: 0.1]
      [GC Worker Total (ms): Min: 0.0, Avg: 1.8, Max: 2.3, Diff: 2.3, Sum: 14.0]
      [GC Worker End (ms): Min: 10404397.9, Avg: 10404397.9, Max: 10404397.9, Diff: 0.0]
   [Code Root Fixup: 0.0 ms]
   [Code Root Purge: 0.0 ms]
   [Clear CT: 0.2 ms]
   [Other: 1.0 ms]
      [Choose CSet: 0.0 ms]
      [Ref Proc: 0.7 ms]
      [Ref Enq: 0.0 ms]
      [Redirty Cards: 0.1 ms]
      [Humongous Register: 0.0 ms]
      [Humongous Reclaim: 0.0 ms]
      [Free CSet: 0.2 ms]
   [Eden: 611.0M(611.0M)->0.0B(610.0M) Survivors: 3072.0K->4096.0K Heap: 836.4M(1024.0M)->226.0M(1024.0M)]
 [Times: user=0.02 sys=0.00, real=0.00 secs] 
2019-06-23T01:11:42.007+0900: 10839.663: [GC pause (G1 Evacuation Pause) (young), 0.0047308 secs]
   [Parallel Time: 3.6 ms, GC Workers: 8]
      [GC Worker Start (ms): Min: 10839662.7, Avg: 10839663.5, Max: 10839666.1, Diff: 3.4]
      [Ext Root Scanning (ms): Min: 0.0, Avg: 0.2, Max: 0.5, Diff: 0.5, Sum: 1.7]
      [Update RS (ms): Min: 0.0, Avg: 0.2, Max: 0.5, Diff: 0.5, Sum: 1.8]
         [Processed Buffers: Min: 0, Avg: 5.8, Max: 19, Diff: 19, Sum: 46]
      [Scan RS (ms): Min: 0.0, Avg: 0.1, Max: 0.1, Diff: 0.1, Sum: 0.4]
      [Code Root Scanning (ms): Min: 0.0, Avg: 0.0, Max: 0.0, Diff: 0.0, Sum: 0.0]
      [Object Copy (ms): Min: 0.0, Avg: 1.2, Max: 1.6, Diff: 1.6, Sum: 9.6]
      [Termination (ms): Min: 0.0, Avg: 1.0, Max: 1.3, Diff: 1.3, Sum: 7.7]
         [Termination Attempts: Min: 1, Avg: 1.0, Max: 1, Diff: 0, Sum: 8]
      [GC Worker Other (ms): Min: 0.0, Avg: 0.0, Max: 0.0, Diff: 0.0, Sum: 0.0]
      [GC Worker Total (ms): Min: 0.0, Avg: 2.7, Max: 3.5, Diff: 3.5, Sum: 21.2]
      [GC Worker End (ms): Min: 10839666.1, Avg: 10839666.2, Max: 10839666.2, Diff: 0.1]
   [Code Root Fixup: 0.0 ms]
   [Code Root Purge: 0.0 ms]
   [Clear CT: 0.1 ms]
   [Other: 1.0 ms]
      [Choose CSet: 0.0 ms]
      [Ref Proc: 0.7 ms]
      [Ref Enq: 0.0 ms]
      [Redirty Cards: 0.1 ms]
      [Humongous Register: 0.0 ms]
      [Humongous Reclaim: 0.0 ms]
      [Free CSet: 0.2 ms]
   [Eden: 610.0M(610.0M)->0.0B(610.0M) Survivors: 4096.0K->4096.0K Heap: 836.0M(1024.0M)->226.6M(1024.0M)]
 [Times: user=0.02 sys=0.00, real=0.01 secs] 
2019-06-23T01:12:07.520+0900: 10865.176: [GC pause (G1 Evacuation Pause) (young), 0.0209033 secs]
   [Parallel Time: 16.7 ms, GC Workers: 8]
      [GC Worker Start (ms): Min: 10865176.4, Avg: 10865183.6, Max: 10865192.6, Diff: 16.2]
      [Ext Root Scanning (ms): Min: 0.0, Avg: 0.4, Max: 2.4, Diff: 2.4, Sum: 3.2]
      [Update RS (ms): Min: 0.0, Avg: 0.6, Max: 2.6, Diff: 2.6, Sum: 4.9]
         [Processed Buffers: Min: 0, Avg: 4.8, Max: 20, Diff: 20, Sum: 38]
      [Scan RS (ms): Min: 0.1, Avg: 0.1, Max: 0.4, Diff: 0.3, Sum: 1.1]
      [Code Root Scanning (ms): Min: 0.0, Avg: 0.0, Max: 0.1, Diff: 0.1, Sum: 0.1]
      [Object Copy (ms): Min: 0.0, Avg: 6.3, Max: 8.9, Diff: 8.9, Sum: 50.3]
      [Termination (ms): Min: 0.0, Avg: 1.7, Max: 2.3, Diff: 2.3, Sum: 13.6]
         [Termination Attempts: Min: 1, Avg: 1.6, Max: 3, Diff: 2, Sum: 13]
      [GC Worker Other (ms): Min: 0.0, Avg: 0.1, Max: 0.1, Diff: 0.1, Sum: 0.5]
      [GC Worker Total (ms): Min: 0.1, Avg: 9.2, Max: 16.5, Diff: 16.4, Sum: 73.6]
      [GC Worker End (ms): Min: 10865192.7, Avg: 10865192.8, Max: 10865192.8, Diff: 0.1]
   [Code Root Fixup: 0.0 ms]
   [Code Root Purge: 0.0 ms]
   [Clear CT: 0.5 ms]
   [Other: 3.7 ms]
      [Choose CSet: 0.0 ms]
      [Ref Proc: 2.7 ms]
      [Ref Enq: 0.0 ms]
      [Redirty Cards: 0.2 ms]
      [Humongous Register: 0.1 ms]
      [Humongous Reclaim: 0.0 ms]
      [Free CSet: 0.5 ms]
   [Eden: 610.0M(610.0M)->0.0B(609.0M) Survivors: 4096.0K->5120.0K Heap: 836.6M(1024.0M)->227.3M(1024.0M)]
 [Times: user=0.09 sys=0.00, real=0.02 secs] 
2019-06-23T01:31:16.652+0900: 12014.308: [GC pause (G1 Evacuation Pause) (young), 0.0052613 secs]
   [Parallel Time: 3.7 ms, GC Workers: 8]
      [GC Worker Start (ms): Min: 12014308.4, Avg: 12014309.3, Max: 12014311.9, Diff: 3.5]
      [Ext Root Scanning (ms): Min: 0.0, Avg: 0.2, Max: 0.6, Diff: 0.6, Sum: 1.8]
      [Update RS (ms): Min: 0.0, Avg: 0.3, Max: 0.6, Diff: 0.6, Sum: 2.7]
         [Processed Buffers: Min: 0, Avg: 5.1, Max: 16, Diff: 16, Sum: 41]
      [Scan RS (ms): Min: 0.0, Avg: 0.1, Max: 0.1, Diff: 0.1, Sum: 0.5]
      [Code Root Scanning (ms): Min: 0.0, Avg: 0.0, Max: 0.0, Diff: 0.0, Sum: 0.0]
      [Object Copy (ms): Min: 0.0, Avg: 1.5, Max: 2.1, Diff: 2.1, Sum: 12.2]
      [Termination (ms): Min: 0.0, Avg: 0.5, Max: 0.7, Diff: 0.7, Sum: 3.8]
         [Termination Attempts: Min: 1, Avg: 1.0, Max: 1, Diff: 0, Sum: 8]
      [GC Worker Other (ms): Min: 0.0, Avg: 0.0, Max: 0.0, Diff: 0.0, Sum: 0.1]
      [GC Worker Total (ms): Min: 0.1, Avg: 2.6, Max: 3.6, Diff: 3.5, Sum: 21.1]
      [GC Worker End (ms): Min: 12014311.9, Avg: 12014311.9, Max: 12014312.1, Diff: 0.1]
   [Code Root Fixup: 0.0 ms]
   [Code Root Purge: 0.0 ms]
   [Clear CT: 0.1 ms]
   [Other: 1.4 ms]
      [Choose CSet: 0.0 ms]
      [Ref Proc: 1.1 ms]
      [Ref Enq: 0.0 ms]
      [Redirty Cards: 0.1 ms]
      [Humongous Register: 0.0 ms]
      [Humongous Reclaim: 0.0 ms]
      [Free CSet: 0.2 ms]
   [Eden: 609.0M(609.0M)->0.0B(609.0M) Survivors: 5120.0K->5120.0K Heap: 836.3M(1024.0M)->227.7M(1024.0M)]
 [Times: user=0.03 sys=0.00, real=0.00 secs] 
2019-06-23T01:31:41.963+0900: 12039.619: [GC pause (G1 Evacuation Pause) (young), 0.0047567 secs]
   [Parallel Time: 4.0 ms, GC Workers: 8]
      [GC Worker Start (ms): Min: 12039619.2, Avg: 12039620.7, Max: 12039623.1, Diff: 3.9]
      [Ext Root Scanning (ms): Min: 0.0, Avg: 0.2, Max: 0.5, Diff: 0.5, Sum: 1.6]
      [Update RS (ms): Min: 0.0, Avg: 0.3, Max: 0.6, Diff: 0.6, Sum: 2.4]
         [Processed Buffers: Min: 0, Avg: 4.9, Max: 12, Diff: 12, Sum: 39]
      [Scan RS (ms): Min: 0.0, Avg: 0.1, Max: 0.1, Diff: 0.1, Sum: 0.5]
      [Code Root Scanning (ms): Min: 0.0, Avg: 0.0, Max: 0.0, Diff: 0.0, Sum: 0.0]
      [Object Copy (ms): Min: 0.0, Avg: 1.5, Max: 2.4, Diff: 2.4, Sum: 12.0]
      [Termination (ms): Min: 0.0, Avg: 0.4, Max: 0.6, Diff: 0.6, Sum: 3.0]
         [Termination Attempts: Min: 1, Avg: 1.4, Max: 3, Diff: 2, Sum: 11]
      [GC Worker Other (ms): Min: 0.0, Avg: 0.0, Max: 0.0, Diff: 0.0, Sum: 0.1]
      [GC Worker Total (ms): Min: 0.0, Avg: 2.5, Max: 3.9, Diff: 3.9, Sum: 19.7]
      [GC Worker End (ms): Min: 12039623.1, Avg: 12039623.1, Max: 12039623.1, Diff: 0.0]
   [Code Root Fixup: 0.0 ms]
   [Code Root Purge: 0.0 ms]
   [Clear CT: 0.1 ms]
   [Other: 0.6 ms]
      [Choose CSet: 0.0 ms]
      [Ref Proc: 0.2 ms]
      [Ref Enq: 0.0 ms]
      [Redirty Cards: 0.1 ms]
      [Humongous Register: 0.0 ms]
      [Humongous Reclaim: 0.0 ms]
      [Free CSet: 0.2 ms]
   [Eden: 609.0M(609.0M)->0.0B(608.0M) Survivors: 5120.0K->6144.0K Heap: 836.7M(1024.0M)->228.8M(1024.0M)]
 [Times: user=0.02 sys=0.00, real=0.00 secs] 
2019-06-23T01:35:07.939+0900: 12245.595: [GC pause (G1 Evacuation Pause) (young), 0.0046385 secs]
   [Parallel Time: 3.0 ms, GC Workers: 8]
      [GC Worker Start (ms): Min: 12245595.0, Avg: 12245595.0, Max: 12245595.1, Diff: 0.1]
      [Ext Root Scanning (ms): Min: 0.2, Avg: 0.3, Max: 0.5, Diff: 0.3, Sum: 2.2]
      [Update RS (ms): Min: 0.2, Avg: 0.4, Max: 0.6, Diff: 0.4, Sum: 3.3]
         [Processed Buffers: Min: 1, Avg: 5.4, Max: 8, Diff: 7, Sum: 43]
      [Scan RS (ms): Min: 0.0, Avg: 0.1, Max: 0.1, Diff: 0.1, Sum: 0.6]
      [Code Root Scanning (ms): Min: 0.0, Avg: 0.0, Max: 0.0, Diff: 0.0, Sum: 0.1]
      [Object Copy (ms): Min: 2.0, Avg: 2.1, Max: 2.1, Diff: 0.1, Sum: 16.7]
      [Termination (ms): Min: 0.0, Avg: 0.0, Max: 0.0, Diff: 0.0, Sum: 0.0]
         [Termination Attempts: Min: 1, Avg: 2.1, Max: 4, Diff: 3, Sum: 17]
      [GC Worker Other (ms): Min: 0.0, Avg: 0.0, Max: 0.1, Diff: 0.0, Sum: 0.3]
      [GC Worker Total (ms): Min: 2.8, Avg: 2.9, Max: 3.0, Diff: 0.1, Sum: 23.1]
      [GC Worker End (ms): Min: 12245597.9, Avg: 12245597.9, Max: 12245597.9, Diff: 0.0]
   [Code Root Fixup: 0.0 ms]
   [Code Root Purge: 0.0 ms]
   [Clear CT: 0.3 ms]
   [Other: 1.4 ms]
      [Choose CSet: 0.0 ms]
      [Ref Proc: 0.9 ms]
      [Ref Enq: 0.0 ms]
      [Redirty Cards: 0.1 ms]
      [Humongous Register: 0.0 ms]
      [Humongous Reclaim: 0.0 ms]
      [Free CSet: 0.2 ms]
   [Eden: 608.0M(608.0M)->0.0B(607.0M) Survivors: 6144.0K->7168.0K Heap: 836.8M(1024.0M)->229.9M(1024.0M)]
 [Times: user=0.03 sys=0.01, real=0.00 secs] 
2019-06-23T01:35:35.629+0900: 12273.285: [GC pause (G1 Evacuation Pause) (young), 0.0051466 secs]
   [Parallel Time: 3.8 ms, GC Workers: 8]
      [GC Worker Start (ms): Min: 12273285.5, Avg: 12273285.6, Max: 12273285.9, Diff: 0.3]
      [Ext Root Scanning (ms): Min: 0.0, Avg: 0.2, Max: 0.6, Diff: 0.6, Sum: 1.8]
      [Update RS (ms): Min: 0.2, Avg: 0.7, Max: 2.9, Diff: 2.7, Sum: 5.8]
         [Processed Buffers: Min: 0, Avg: 5.2, Max: 14, Diff: 14, Sum: 42]
      [Scan RS (ms): Min: 0.0, Avg: 0.1, Max: 0.1, Diff: 0.1, Sum: 0.5]
      [Code Root Scanning (ms): Min: 0.0, Avg: 0.0, Max: 0.0, Diff: 0.0, Sum: 0.0]
      [Object Copy (ms): Min: 0.0, Avg: 1.6, Max: 1.8, Diff: 1.8, Sum: 12.8]
      [Termination (ms): Min: 0.0, Avg: 0.6, Max: 1.1, Diff: 1.1, Sum: 4.9]
         [Termination Attempts: Min: 1, Avg: 1.5, Max: 3, Diff: 2, Sum: 12]
      [GC Worker Other (ms): Min: 0.0, Avg: 0.0, Max: 0.0, Diff: 0.0, Sum: 0.1]
      [GC Worker Total (ms): Min: 3.1, Avg: 3.2, Max: 3.4, Diff: 0.3, Sum: 25.9]
      [GC Worker End (ms): Min: 12273288.8, Avg: 12273288.9, Max: 12273289.3, Diff: 0.5]
   [Code Root Fixup: 0.0 ms]
   [Code Root Purge: 0.0 ms]
   [Clear CT: 0.2 ms]
   [Other: 1.1 ms]
      [Choose CSet: 0.0 ms]
      [Ref Proc: 0.7 ms]
      [Ref Enq: 0.0 ms]
      [Redirty Cards: 0.1 ms]
      [Humongous Register: 0.0 ms]
      [Humongous Reclaim: 0.0 ms]
      [Free CSet: 0.2 ms]
   [Eden: 607.0M(607.0M)->0.0B(608.0M) Survivors: 7168.0K->6144.0K Heap: 836.9M(1024.0M)->228.6M(1024.0M)]
 [Times: user=0.02 sys=0.00, real=0.01 secs] 
2019-06-23T01:37:50.440+0900: 12408.096: [GC pause (G1 Evacuation Pause) (young), 0.0054167 secs]
   [Parallel Time: 3.4 ms, GC Workers: 8]
      [GC Worker Start (ms): Min: 12408096.3, Avg: 12408096.4, Max: 12408096.4, Diff: 0.1]
      [Ext Root Scanning (ms): Min: 0.2, Avg: 0.3, Max: 0.5, Diff: 0.3, Sum: 2.4]
      [Update RS (ms): Min: 0.4, Avg: 0.5, Max: 0.6, Diff: 0.2, Sum: 3.9]
         [Processed Buffers: Min: 1, Avg: 5.5, Max: 11, Diff: 10, Sum: 44]
      [Scan RS (ms): Min: 0.0, Avg: 0.1, Max: 0.1, Diff: 0.1, Sum: 0.7]
      [Code Root Scanning (ms): Min: 0.0, Avg: 0.0, Max: 0.0, Diff: 0.0, Sum: 0.1]
      [Object Copy (ms): Min: 2.3, Avg: 2.4, Max: 2.4, Diff: 0.1, Sum: 18.9]
      [Termination (ms): Min: 0.0, Avg: 0.0, Max: 0.0, Diff: 0.0, Sum: 0.0]
         [Termination Attempts: Min: 2, Avg: 2.5, Max: 4, Diff: 2, Sum: 20]
      [GC Worker Other (ms): Min: 0.0, Avg: 0.0, Max: 0.1, Diff: 0.1, Sum: 0.2]
      [GC Worker Total (ms): Min: 3.2, Avg: 3.3, Max: 3.3, Diff: 0.1, Sum: 26.2]
      [GC Worker End (ms): Min: 12408099.6, Avg: 12408099.7, Max: 12408099.7, Diff: 0.1]
   [Code Root Fixup: 0.0 ms]
   [Code Root Purge: 0.0 ms]
   [Clear CT: 0.2 ms]
   [Other: 1.8 ms]
      [Choose CSet: 0.0 ms]
      [Ref Proc: 1.2 ms]
      [Ref Enq: 0.0 ms]
      [Redirty Cards: 0.1 ms]
      [Humongous Register: 0.0 ms]
      [Humongous Reclaim: 0.0 ms]
      [Free CSet: 0.3 ms]
   [Eden: 608.0M(608.0M)->0.0B(605.0M) Survivors: 6144.0K->9216.0K Heap: 836.6M(1024.0M)->231.5M(1024.0M)]
 [Times: user=0.03 sys=0.00, real=0.00 secs] 
2019-06-23T01:38:40.760+0900: 12458.416: [GC pause (G1 Evacuation Pause) (young), 0.0236723 secs]
   [Parallel Time: 16.9 ms, GC Workers: 8]
      [GC Worker Start (ms): Min: 12458415.9, Avg: 12458420.0, Max: 12458426.2, Diff: 10.3]
      [Ext Root Scanning (ms): Min: 0.0, Avg: 0.6, Max: 1.2, Diff: 1.2, Sum: 4.4]
      [Update RS (ms): Min: 0.0, Avg: 1.2, Max: 2.7, Diff: 2.7, Sum: 9.5]
         [Processed Buffers: Min: 0, Avg: 5.6, Max: 23, Diff: 23, Sum: 45]
      [Scan RS (ms): Min: 0.1, Avg: 0.2, Max: 0.4, Diff: 0.3, Sum: 1.3]
      [Code Root Scanning (ms): Min: 0.0, Avg: 0.0, Max: 0.1, Diff: 0.1, Sum: 0.1]
      [Object Copy (ms): Min: 4.0, Avg: 8.6, Max: 12.8, Diff: 8.9, Sum: 68.5]
      [Termination (ms): Min: 0.0, Avg: 2.0, Max: 2.4, Diff: 2.4, Sum: 15.9]
         [Termination Attempts: Min: 1, Avg: 4.6, Max: 9, Diff: 8, Sum: 37]
      [GC Worker Other (ms): Min: 0.0, Avg: 0.0, Max: 0.0, Diff: 0.0, Sum: 0.2]
      [GC Worker Total (ms): Min: 6.3, Avg: 12.5, Max: 16.7, Diff: 10.4, Sum: 100.0]
      [GC Worker End (ms): Min: 12458432.5, Avg: 12458432.5, Max: 12458432.6, Diff: 0.2]
   [Code Root Fixup: 0.0 ms]
   [Code Root Purge: 0.0 ms]
   [Clear CT: 0.5 ms]
   [Other: 6.2 ms]
      [Choose CSet: 0.0 ms]
      [Ref Proc: 5.1 ms]
      [Ref Enq: 0.0 ms]
      [Redirty Cards: 0.3 ms]
      [Humongous Register: 0.1 ms]
      [Humongous Reclaim: 0.0 ms]
      [Free CSet: 0.5 ms]
   [Eden: 605.0M(605.0M)->0.0B(609.0M) Survivors: 9216.0K->5120.0K Heap: 836.5M(1024.0M)->227.4M(1024.0M)]
 [Times: user=0.12 sys=0.00, real=0.02 secs] 
2019-06-23T01:40:03.932+0900: 12541.588: [GC pause (G1 Evacuation Pause) (young), 0.0050032 secs]
   [Parallel Time: 4.2 ms, GC Workers: 8]
      [GC Worker Start (ms): Min: 12541588.3, Avg: 12541589.8, Max: 12541592.4, Diff: 4.1]
      [Ext Root Scanning (ms): Min: 0.0, Avg: 0.2, Max: 0.6, Diff: 0.6, Sum: 1.8]
      [Update RS (ms): Min: 0.0, Avg: 0.4, Max: 0.7, Diff: 0.7, Sum: 2.8]
         [Processed Buffers: Min: 0, Avg: 5.6, Max: 22, Diff: 22, Sum: 45]
      [Scan RS (ms): Min: 0.0, Avg: 0.1, Max: 0.1, Diff: 0.1, Sum: 0.5]
      [Code Root Scanning (ms): Min: 0.0, Avg: 0.0, Max: 0.0, Diff: 0.0, Sum: 0.0]
      [Object Copy (ms): Min: 0.0, Avg: 1.5, Max: 2.4, Diff: 2.4, Sum: 12.1]
      [Termination (ms): Min: 0.0, Avg: 0.5, Max: 0.7, Diff: 0.7, Sum: 3.6]
         [Termination Attempts: Min: 1, Avg: 3.1, Max: 8, Diff: 7, Sum: 25]
      [GC Worker Other (ms): Min: 0.0, Avg: 0.0, Max: 0.0, Diff: 0.0, Sum: 0.1]
      [GC Worker Total (ms): Min: 0.0, Avg: 2.6, Max: 4.2, Diff: 4.1, Sum: 20.9]
      [GC Worker End (ms): Min: 12541592.4, Avg: 12541592.4, Max: 12541592.5, Diff: 0.0]
   [Code Root Fixup: 0.0 ms]
   [Code Root Purge: 0.0 ms]
   [Clear CT: 0.2 ms]
   [Other: 0.6 ms]
      [Choose CSet: 0.0 ms]
      [Ref Proc: 0.2 ms]
      [Ref Enq: 0.0 ms]
      [Redirty Cards: 0.1 ms]
      [Humongous Register: 0.0 ms]
      [Humongous Reclaim: 0.0 ms]
      [Free CSet: 0.2 ms]
   [Eden: 609.0M(609.0M)->0.0B(608.0M) Survivors: 5120.0K->6144.0K Heap: 836.4M(1024.0M)->228.9M(1024.0M)]
 [Times: user=0.02 sys=0.00, real=0.00 secs] 
2019-06-23T01:40:45.303+0900: 12582.959: [GC pause (G1 Evacuation Pause) (young), 0.0058116 secs]
   [Parallel Time: 4.4 ms, GC Workers: 8]
      [GC Worker Start (ms): Min: 12582958.8, Avg: 12582959.3, Max: 12582962.6, Diff: 3.8]
      [Ext Root Scanning (ms): Min: 0.0, Avg: 0.3, Max: 0.6, Diff: 0.6, Sum: 2.1]
      [Update RS (ms): Min: 0.0, Avg: 0.4, Max: 0.6, Diff: 0.6, Sum: 3.4]
         [Processed Buffers: Min: 0, Avg: 5.2, Max: 9, Diff: 9, Sum: 42]
      [Scan RS (ms): Min: 0.0, Avg: 0.1, Max: 0.1, Diff: 0.1, Sum: 0.6]
      [Code Root Scanning (ms): Min: 0.0, Avg: 0.0, Max: 0.0, Diff: 0.0, Sum: 0.0]
      [Object Copy (ms): Min: 0.0, Avg: 1.9, Max: 2.2, Diff: 2.2, Sum: 15.1]
      [Termination (ms): Min: 0.0, Avg: 0.8, Max: 1.3, Diff: 1.3, Sum: 6.1]
         [Termination Attempts: Min: 1, Avg: 1.0, Max: 1, Diff: 0, Sum: 8]
      [GC Worker Other (ms): Min: 0.0, Avg: 0.0, Max: 0.0, Diff: 0.0, Sum: 0.1]
      [GC Worker Total (ms): Min: 0.0, Avg: 3.4, Max: 4.2, Diff: 4.2, Sum: 27.3]
      [GC Worker End (ms): Min: 12582962.6, Avg: 12582962.7, Max: 12582963.1, Diff: 0.5]
   [Code Root Fixup: 0.0 ms]
   [Code Root Purge: 0.0 ms]
   [Clear CT: 0.2 ms]
   [Other: 1.2 ms]
      [Choose CSet: 0.0 ms]
      [Ref Proc: 0.8 ms]
      [Ref Enq: 0.0 ms]
      [Redirty Cards: 0.1 ms]
      [Humongous Register: 0.0 ms]
      [Humongous Reclaim: 0.0 ms]
      [Free CSet: 0.2 ms]
   [Eden: 608.0M(608.0M)->0.0B(607.0M) Survivors: 6144.0K->7168.0K Heap: 836.9M(1024.0M)->230.0M(1024.0M)]
 [Times: user=0.04 sys=0.00, real=0.00 secs] 
2019-06-23T01:51:51.286+0900: 13248.942: [GC pause (G1 Evacuation Pause) (young), 0.0057142 secs]
   [Parallel Time: 4.5 ms, GC Workers: 8]
      [GC Worker Start (ms): Min: 13248942.0, Avg: 13248943.5, Max: 13248946.4, Diff: 4.4]
      [Ext Root Scanning (ms): Min: 0.0, Avg: 0.2, Max: 0.6, Diff: 0.6, Sum: 1.7]
      [Update RS (ms): Min: 0.0, Avg: 0.3, Max: 0.6, Diff: 0.6, Sum: 2.6]
         [Processed Buffers: Min: 0, Avg: 5.8, Max: 20, Diff: 20, Sum: 46]
      [Scan RS (ms): Min: 0.0, Avg: 0.1, Max: 0.1, Diff: 0.1, Sum: 0.5]
      [Code Root Scanning (ms): Min: 0.0, Avg: 0.0, Max: 0.0, Diff: 0.0, Sum: 0.0]
      [Object Copy (ms): Min: 0.0, Avg: 1.4, Max: 2.3, Diff: 2.3, Sum: 11.5]
      [Termination (ms): Min: 0.0, Avg: 0.9, Max: 1.2, Diff: 1.2, Sum: 7.1]
         [Termination Attempts: Min: 1, Avg: 1.4, Max: 3, Diff: 2, Sum: 11]
      [GC Worker Other (ms): Min: 0.0, Avg: 0.0, Max: 0.0, Diff: 0.0, Sum: 0.0]
      [GC Worker Total (ms): Min: 0.0, Avg: 2.9, Max: 4.5, Diff: 4.4, Sum: 23.4]
      [GC Worker End (ms): Min: 13248946.4, Avg: 13248946.4, Max: 13248946.5, Diff: 0.1]
   [Code Root Fixup: 0.0 ms]
   [Code Root Purge: 0.0 ms]
   [Clear CT: 0.1 ms]
   [Other: 1.1 ms]
      [Choose CSet: 0.0 ms]
      [Ref Proc: 0.7 ms]
      [Ref Enq: 0.0 ms]
      [Redirty Cards: 0.1 ms]
      [Humongous Register: 0.0 ms]
      [Humongous Reclaim: 0.0 ms]
      [Free CSet: 0.2 ms]
   [Eden: 607.0M(607.0M)->0.0B(609.0M) Survivors: 7168.0K->5120.0K Heap: 837.0M(1024.0M)->227.5M(1024.0M)]
 [Times: user=0.03 sys=0.00, real=0.01 secs] 
2019-06-23T01:52:42.032+0900: 13299.688: [GC pause (G1 Evacuation Pause) (young), 0.0043521 secs]
   [Parallel Time: 3.1 ms, GC Workers: 8]
      [GC Worker Start (ms): Min: 13299688.1, Avg: 13299688.6, Max: 13299690.1, Diff: 2.0]
      [Ext Root Scanning (ms): Min: 0.0, Avg: 0.2, Max: 0.6, Diff: 0.6, Sum: 1.8]
      [Update RS (ms): Min: 0.0, Avg: 0.4, Max: 0.6, Diff: 0.6, Sum: 3.2]
         [Processed Buffers: Min: 0, Avg: 5.1, Max: 19, Diff: 19, Sum: 41]
      [Scan RS (ms): Min: 0.0, Avg: 0.1, Max: 0.1, Diff: 0.1, Sum: 0.5]
      [Code Root Scanning (ms): Min: 0.0, Avg: 0.0, Max: 0.0, Diff: 0.0, Sum: 0.0]
      [Object Copy (ms): Min: 1.0, Avg: 1.8, Max: 2.1, Diff: 1.1, Sum: 14.6]
      [Termination (ms): Min: 0.0, Avg: 0.0, Max: 0.0, Diff: 0.0, Sum: 0.0]
         [Termination Attempts: Min: 1, Avg: 4.1, Max: 6, Diff: 5, Sum: 33]
      [GC Worker Other (ms): Min: 0.0, Avg: 0.0, Max: 0.0, Diff: 0.0, Sum: 0.2]
      [GC Worker Total (ms): Min: 1.0, Avg: 2.5, Max: 3.1, Diff: 2.0, Sum: 20.4]
      [GC Worker End (ms): Min: 13299691.2, Avg: 13299691.2, Max: 13299691.2, Diff: 0.0]
   [Code Root Fixup: 0.0 ms]
   [Code Root Purge: 0.0 ms]
   [Clear CT: 0.1 ms]
   [Other: 1.1 ms]
      [Choose CSet: 0.0 ms]
      [Ref Proc: 0.7 ms]
      [Ref Enq: 0.0 ms]
      [Redirty Cards: 0.1 ms]
      [Humongous Register: 0.0 ms]
      [Humongous Reclaim: 0.0 ms]
      [Free CSet: 0.2 ms]
   [Eden: 609.0M(609.0M)->0.0B(606.0M) Survivors: 5120.0K->8192.0K Heap: 836.5M(1024.0M)->230.6M(1024.0M)]
 [Times: user=0.02 sys=0.00, real=0.00 secs] 
2019-06-23T02:02:23.136+0900: 13880.792: [GC pause (G1 Evacuation Pause) (young), 0.0057554 secs]
   [Parallel Time: 4.0 ms, GC Workers: 8]
      [GC Worker Start (ms): Min: 13880792.1, Avg: 13880793.5, Max: 13880795.8, Diff: 3.7]
      [Ext Root Scanning (ms): Min: 0.0, Avg: 0.2, Max: 0.6, Diff: 0.6, Sum: 1.7]
      [Update RS (ms): Min: 0.0, Avg: 0.3, Max: 0.7, Diff: 0.7, Sum: 2.7]
         [Processed Buffers: Min: 0, Avg: 5.8, Max: 16, Diff: 16, Sum: 46]
      [Scan RS (ms): Min: 0.0, Avg: 0.1, Max: 0.1, Diff: 0.1, Sum: 0.5]
      [Code Root Scanning (ms): Min: 0.0, Avg: 0.0, Max: 0.0, Diff: 0.0, Sum: 0.0]
      [Object Copy (ms): Min: 0.0, Avg: 1.4, Max: 2.2, Diff: 2.2, Sum: 10.8]
      [Termination (ms): Min: 0.0, Avg: 0.4, Max: 0.8, Diff: 0.8, Sum: 3.2]
         [Termination Attempts: Min: 1, Avg: 2.4, Max: 5, Diff: 4, Sum: 19]
      [GC Worker Other (ms): Min: 0.0, Avg: 0.0, Max: 0.0, Diff: 0.0, Sum: 0.1]
      [GC Worker Total (ms): Min: 0.0, Avg: 2.4, Max: 4.0, Diff: 4.0, Sum: 19.0]
      [GC Worker End (ms): Min: 13880795.8, Avg: 13880795.9, Max: 13880796.1, Diff: 0.3]
   [Code Root Fixup: 0.0 ms]
   [Code Root Purge: 0.0 ms]
   [Clear CT: 0.2 ms]
   [Other: 1.6 ms]
      [Choose CSet: 0.0 ms]
      [Ref Proc: 1.2 ms]
      [Ref Enq: 0.0 ms]
      [Redirty Cards: 0.1 ms]
      [Humongous Register: 0.0 ms]
      [Humongous Reclaim: 0.0 ms]
      [Free CSet: 0.2 ms]
   [Eden: 606.0M(606.0M)->0.0B(609.0M) Survivors: 8192.0K->5120.0K Heap: 836.6M(1024.0M)->227.8M(1024.0M)]
 [Times: user=0.03 sys=0.00, real=0.01 secs] 
2019-06-23T02:02:48.415+0900: 13906.071: [GC pause (G1 Evacuation Pause) (young), 0.0054531 secs]
   [Parallel Time: 3.7 ms, GC Workers: 8]
      [GC Worker Start (ms): Min: 13906071.2, Avg: 13906071.6, Max: 13906074.5, Diff: 3.3]
      [Ext Root Scanning (ms): Min: 0.0, Avg: 0.3, Max: 0.7, Diff: 0.6, Sum: 2.1]
      [Update RS (ms): Min: 0.0, Avg: 0.4, Max: 0.6, Diff: 0.6, Sum: 3.0]
         [Processed Buffers: Min: 0, Avg: 5.0, Max: 13, Diff: 13, Sum: 40]
      [Scan RS (ms): Min: 0.0, Avg: 0.1, Max: 0.1, Diff: 0.1, Sum: 0.5]
      [Code Root Scanning (ms): Min: 0.0, Avg: 0.0, Max: 0.0, Diff: 0.0, Sum: 0.0]
      [Object Copy (ms): Min: 0.0, Avg: 1.7, Max: 1.9, Diff: 1.9, Sum: 13.3]
      [Termination (ms): Min: 0.0, Avg: 0.6, Max: 0.9, Diff: 0.9, Sum: 4.9]
         [Termination Attempts: Min: 1, Avg: 2.9, Max: 5, Diff: 4, Sum: 23]
      [GC Worker Other (ms): Min: 0.0, Avg: 0.0, Max: 0.0, Diff: 0.0, Sum: 0.0]
      [GC Worker Total (ms): Min: 0.0, Avg: 3.0, Max: 3.7, Diff: 3.6, Sum: 23.9]
      [GC Worker End (ms): Min: 13906074.5, Avg: 13906074.6, Max: 13906074.9, Diff: 0.4]
   [Code Root Fixup: 0.0 ms]
   [Code Root Purge: 0.0 ms]
   [Clear CT: 0.1 ms]
   [Other: 1.6 ms]
      [Choose CSet: 0.0 ms]
      [Ref Proc: 1.2 ms]
      [Ref Enq: 0.0 ms]
      [Redirty Cards: 0.1 ms]
      [Humongous Register: 0.0 ms]
      [Humongous Reclaim: 0.0 ms]
      [Free CSet: 0.2 ms]
   [Eden: 609.0M(609.0M)->0.0B(606.0M) Survivors: 5120.0K->8192.0K Heap: 836.8M(1024.0M)->230.7M(1024.0M)]
 [Times: user=0.03 sys=0.01, real=0.01 secs] 
2019-06-23T02:05:40.854+0900: 14078.510: [GC pause (G1 Evacuation Pause) (young), 0.0055832 secs]
   [Parallel Time: 4.2 ms, GC Workers: 8]
      [GC Worker Start (ms): Min: 14078509.8, Avg: 14078510.8, Max: 14078513.7, Diff: 3.9]
      [Ext Root Scanning (ms): Min: 0.0, Avg: 0.2, Max: 0.6, Diff: 0.5, Sum: 1.9]
      [Update RS (ms): Min: 0.0, Avg: 0.4, Max: 0.7, Diff: 0.7, Sum: 3.4]
         [Processed Buffers: Min: 0, Avg: 5.6, Max: 16, Diff: 16, Sum: 45]
      [Scan RS (ms): Min: 0.0, Avg: 0.1, Max: 0.1, Diff: 0.1, Sum: 0.5]
      [Code Root Scanning (ms): Min: 0.0, Avg: 0.0, Max: 0.0, Diff: 0.0, Sum: 0.1]
      [Object Copy (ms): Min: 0.0, Avg: 1.7, Max: 2.3, Diff: 2.3, Sum: 13.7]
      [Termination (ms): Min: 0.0, Avg: 0.6, Max: 0.9, Diff: 0.9, Sum: 4.5]
         [Termination Attempts: Min: 1, Avg: 2.6, Max: 6, Diff: 5, Sum: 21]
      [GC Worker Other (ms): Min: 0.0, Avg: 0.0, Max: 0.0, Diff: 0.0, Sum: 0.1]
      [GC Worker Total (ms): Min: 0.0, Avg: 3.0, Max: 4.1, Diff: 4.1, Sum: 24.1]
      [GC Worker End (ms): Min: 14078513.7, Avg: 14078513.8, Max: 14078513.9, Diff: 0.2]
   [Code Root Fixup: 0.0 ms]
   [Code Root Purge: 0.0 ms]
   [Clear CT: 0.1 ms]
   [Other: 1.2 ms]
      [Choose CSet: 0.0 ms]
      [Ref Proc: 0.8 ms]
      [Ref Enq: 0.0 ms]
      [Redirty Cards: 0.1 ms]
      [Humongous Register: 0.0 ms]
      [Humongous Reclaim: 0.0 ms]
      [Free CSet: 0.2 ms]
   [Eden: 606.0M(606.0M)->0.0B(610.0M) Survivors: 8192.0K->4096.0K Heap: 836.7M(1024.0M)->227.3M(1024.0M)]
 [Times: user=0.03 sys=0.00, real=0.01 secs] 
2019-06-23T02:06:06.849+0900: 14104.505: [GC pause (G1 Evacuation Pause) (young), 0.0030862 secs]
   [Parallel Time: 2.5 ms, GC Workers: 8]
      [GC Worker Start (ms): Min: 14104504.6, Avg: 14104504.7, Max: 14104504.9, Diff: 0.2]
      [Ext Root Scanning (ms): Min: 0.0, Avg: 0.2, Max: 0.5, Diff: 0.5, Sum: 1.8]
      [Update RS (ms): Min: 0.2, Avg: 0.4, Max: 0.5, Diff: 0.3, Sum: 2.9]
         [Processed Buffers: Min: 1, Avg: 5.1, Max: 11, Diff: 10, Sum: 41]
      [Scan RS (ms): Min: 0.0, Avg: 0.1, Max: 0.1, Diff: 0.1, Sum: 0.5]
      [Code Root Scanning (ms): Min: 0.0, Avg: 0.0, Max: 0.0, Diff: 0.0, Sum: 0.0]
      [Object Copy (ms): Min: 1.7, Avg: 1.7, Max: 1.7, Diff: 0.1, Sum: 13.7]
      [Termination (ms): Min: 0.0, Avg: 0.0, Max: 0.0, Diff: 0.0, Sum: 0.0]
         [Termination Attempts: Min: 3, Avg: 6.8, Max: 11, Diff: 8, Sum: 54]
      [GC Worker Other (ms): Min: 0.0, Avg: 0.0, Max: 0.1, Diff: 0.1, Sum: 0.3]
      [GC Worker Total (ms): Min: 2.2, Avg: 2.4, Max: 2.5, Diff: 0.3, Sum: 19.2]
      [GC Worker End (ms): Min: 14104507.0, Avg: 14104507.1, Max: 14104507.1, Diff: 0.1]
   [Code Root Fixup: 0.0 ms]
   [Code Root Purge: 0.0 ms]
   [Clear CT: 0.1 ms]
   [Other: 0.5 ms]
      [Choose CSet: 0.0 ms]
      [Ref Proc: 0.1 ms]
      [Ref Enq: 0.0 ms]
      [Redirty Cards: 0.0 ms]
      [Humongous Register: 0.0 ms]
      [Humongous Reclaim: 0.0 ms]
      [Free CSet: 0.2 ms]
   [Eden: 610.0M(610.0M)->0.0B(608.0M) Survivors: 4096.0K->6144.0K Heap: 837.3M(1024.0M)->229.4M(1024.0M)]
 [Times: user=0.02 sys=0.00, real=0.01 secs] 
2019-06-23T02:09:46.084+0900: 14323.740: [GC pause (G1 Evacuation Pause) (young), 0.0039732 secs]
   [Parallel Time: 2.9 ms, GC Workers: 8]
      [GC Worker Start (ms): Min: 14323740.4, Avg: 14323740.7, Max: 14323743.2, Diff: 2.8]
      [Ext Root Scanning (ms): Min: 0.0, Avg: 0.2, Max: 0.5, Diff: 0.5, Sum: 1.7]
      [Update RS (ms): Min: 0.0, Avg: 0.4, Max: 0.5, Diff: 0.5, Sum: 3.1]
         [Processed Buffers: Min: 0, Avg: 6.0, Max: 15, Diff: 15, Sum: 48]
      [Scan RS (ms): Min: 0.0, Avg: 0.1, Max: 0.1, Diff: 0.1, Sum: 0.5]
      [Code Root Scanning (ms): Min: 0.0, Avg: 0.0, Max: 0.0, Diff: 0.0, Sum: 0.0]
      [Object Copy (ms): Min: 0.0, Avg: 1.3, Max: 1.5, Diff: 1.5, Sum: 10.3]
      [Termination (ms): Min: 0.0, Avg: 0.5, Max: 0.6, Diff: 0.6, Sum: 3.9]
         [Termination Attempts: Min: 1, Avg: 1.9, Max: 4, Diff: 3, Sum: 15]
      [GC Worker Other (ms): Min: 0.0, Avg: 0.0, Max: 0.0, Diff: 0.0, Sum: 0.1]
      [GC Worker Total (ms): Min: 0.0, Avg: 2.5, Max: 2.8, Diff: 2.8, Sum: 19.7]
      [GC Worker End (ms): Min: 14323743.2, Avg: 14323743.2, Max: 14323743.2, Diff: 0.0]
   [Code Root Fixup: 0.0 ms]
   [Code Root Purge: 0.0 ms]
   [Clear CT: 0.1 ms]
   [Other: 1.0 ms]
      [Choose CSet: 0.0 ms]
      [Ref Proc: 0.6 ms]
      [Ref Enq: 0.0 ms]
      [Redirty Cards: 0.1 ms]
      [Humongous Register: 0.0 ms]
      [Humongous Reclaim: 0.0 ms]
      [Free CSet: 0.2 ms]
   [Eden: 608.0M(608.0M)->0.0B(606.0M) Survivors: 6144.0K->8192.0K Heap: 837.4M(1024.0M)->231.1M(1024.0M)]
 [Times: user=0.02 sys=0.00, real=0.00 secs] 
2019-06-23T02:11:34.925+0900: 14432.581: [GC pause (G1 Evacuation Pause) (young), 0.0054798 secs]
   [Parallel Time: 3.7 ms, GC Workers: 8]
      [GC Worker Start (ms): Min: 14432581.0, Avg: 14432581.9, Max: 14432584.5, Diff: 3.5]
      [Ext Root Scanning (ms): Min: 0.0, Avg: 0.2, Max: 0.5, Diff: 0.5, Sum: 1.7]
      [Update RS (ms): Min: 0.0, Avg: 0.2, Max: 0.4, Diff: 0.4, Sum: 1.9]
         [Processed Buffers: Min: 0, Avg: 5.5, Max: 10, Diff: 10, Sum: 44]
      [Scan RS (ms): Min: 0.0, Avg: 0.1, Max: 0.1, Diff: 0.1, Sum: 0.5]
      [Code Root Scanning (ms): Min: 0.0, Avg: 0.0, Max: 0.0, Diff: 0.0, Sum: 0.0]
      [Object Copy (ms): Min: 0.0, Avg: 1.5, Max: 2.1, Diff: 2.1, Sum: 12.4]
      [Termination (ms): Min: 0.0, Avg: 0.6, Max: 0.9, Diff: 0.9, Sum: 4.7]
         [Termination Attempts: Min: 1, Avg: 27.1, Max: 47, Diff: 46, Sum: 217]
      [GC Worker Other (ms): Min: 0.0, Avg: 0.0, Max: 0.0, Diff: 0.0, Sum: 0.1]
      [GC Worker Total (ms): Min: 0.1, Avg: 2.7, Max: 3.7, Diff: 3.6, Sum: 21.4]
      [GC Worker End (ms): Min: 14432584.5, Avg: 14432584.5, Max: 14432584.7, Diff: 0.2]
   [Code Root Fixup: 0.0 ms]
   [Code Root Purge: 0.0 ms]
   [Clear CT: 0.2 ms]
   [Other: 1.6 ms]
      [Choose CSet: 0.0 ms]
      [Ref Proc: 1.2 ms]
      [Ref Enq: 0.0 ms]
      [Redirty Cards: 0.1 ms]
      [Humongous Register: 0.0 ms]
      [Humongous Reclaim: 0.0 ms]
      [Free CSet: 0.2 ms]
   [Eden: 606.0M(606.0M)->0.0B(610.0M) Survivors: 8192.0K->4096.0K Heap: 837.1M(1024.0M)->228.1M(1024.0M)]
 [Times: user=0.03 sys=0.00, real=0.01 secs] 
2019-06-23T02:15:38.300+0900: 14675.956: [GC pause (G1 Evacuation Pause) (young), 0.0044764 secs]
   [Parallel Time: 3.3 ms, GC Workers: 8]
      [GC Worker Start (ms): Min: 14675956.4, Avg: 14675956.9, Max: 14675959.6, Diff: 3.2]
      [Ext Root Scanning (ms): Min: 0.0, Avg: 0.2, Max: 0.5, Diff: 0.5, Sum: 1.9]
      [Update RS (ms): Min: 0.0, Avg: 0.5, Max: 0.6, Diff: 0.6, Sum: 3.6]
         [Processed Buffers: Min: 0, Avg: 5.6, Max: 25, Diff: 25, Sum: 45]
      [Scan RS (ms): Min: 0.0, Avg: 0.1, Max: 0.1, Diff: 0.1, Sum: 0.5]
      [Code Root Scanning (ms): Min: 0.0, Avg: 0.0, Max: 0.0, Diff: 0.0, Sum: 0.0]
      [Object Copy (ms): Min: 0.0, Avg: 1.5, Max: 1.8, Diff: 1.8, Sum: 12.3]
      [Termination (ms): Min: 0.0, Avg: 0.5, Max: 0.6, Diff: 0.6, Sum: 4.3]
         [Termination Attempts: Min: 1, Avg: 2.5, Max: 5, Diff: 4, Sum: 20]
      [GC Worker Other (ms): Min: 0.0, Avg: 0.0, Max: 0.0, Diff: 0.0, Sum: 0.1]
      [GC Worker Total (ms): Min: 0.0, Avg: 2.8, Max: 3.3, Diff: 3.2, Sum: 22.7]
      [GC Worker End (ms): Min: 14675959.7, Avg: 14675959.7, Max: 14675959.7, Diff: 0.0]
   [Code Root Fixup: 0.0 ms]
   [Code Root Purge: 0.0 ms]
   [Clear CT: 0.1 ms]
   [Other: 1.0 ms]
      [Choose CSet: 0.0 ms]
      [Ref Proc: 0.7 ms]
      [Ref Enq: 0.0 ms]
      [Redirty Cards: 0.1 ms]
      [Humongous Register: 0.0 ms]
      [Humongous Reclaim: 0.0 ms]
      [Free CSet: 0.2 ms]
   [Eden: 610.0M(610.0M)->0.0B(608.0M) Survivors: 4096.0K->6144.0K Heap: 838.1M(1024.0M)->230.1M(1024.0M)]
 [Times: user=0.03 sys=0.00, real=0.00 secs] 
2019-06-23T02:16:01.858+0900: 14699.514: [GC pause (G1 Evacuation Pause) (young), 0.0047297 secs]
   [Parallel Time: 3.6 ms, GC Workers: 8]
      [GC Worker Start (ms): Min: 14699514.0, Avg: 14699514.4, Max: 14699517.3, Diff: 3.4]
      [Ext Root Scanning (ms): Min: 0.0, Avg: 0.2, Max: 0.6, Diff: 0.6, Sum: 1.9]
      [Update RS (ms): Min: 0.0, Avg: 0.2, Max: 0.4, Diff: 0.4, Sum: 1.7]
         [Processed Buffers: Min: 0, Avg: 4.5, Max: 12, Diff: 12, Sum: 36]
      [Scan RS (ms): Min: 0.0, Avg: 0.1, Max: 0.1, Diff: 0.1, Sum: 0.5]
      [Code Root Scanning (ms): Min: 0.0, Avg: 0.0, Max: 0.0, Diff: 0.0, Sum: 0.0]
      [Object Copy (ms): Min: 0.0, Avg: 1.8, Max: 3.0, Diff: 3.0, Sum: 14.8]
      [Termination (ms): Min: 0.0, Avg: 0.7, Max: 0.9, Diff: 0.9, Sum: 5.3]
         [Termination Attempts: Min: 1, Avg: 24.9, Max: 36, Diff: 35, Sum: 199]
      [GC Worker Other (ms): Min: 0.0, Avg: 0.0, Max: 0.0, Diff: 0.0, Sum: 0.0]
      [GC Worker Total (ms): Min: 0.0, Avg: 3.0, Max: 3.5, Diff: 3.5, Sum: 24.3]
      [GC Worker End (ms): Min: 14699517.4, Avg: 14699517.5, Max: 14699517.5, Diff: 0.2]
   [Code Root Fixup: 0.0 ms]
   [Code Root Purge: 0.0 ms]
   [Clear CT: 0.1 ms]
   [Other: 1.0 ms]
      [Choose CSet: 0.0 ms]
      [Ref Proc: 0.6 ms]
      [Ref Enq: 0.0 ms]
      [Redirty Cards: 0.1 ms]
      [Humongous Register: 0.0 ms]
      [Humongous Reclaim: 0.0 ms]
      [Free CSet: 0.2 ms]
   [Eden: 608.0M(608.0M)->0.0B(607.0M) Survivors: 6144.0K->7168.0K Heap: 838.1M(1024.0M)->231.6M(1024.0M)]
 [Times: user=0.03 sys=0.00, real=0.01 secs] 
2019-06-23T02:18:30.679+0900: 14848.335: [GC pause (G1 Evacuation Pause) (young), 0.0044475 secs]
   [Parallel Time: 3.1 ms, GC Workers: 8]
      [GC Worker Start (ms): Min: 14848334.6, Avg: 14848335.0, Max: 14848337.6, Diff: 3.0]
      [Ext Root Scanning (ms): Min: 0.0, Avg: 0.2, Max: 0.5, Diff: 0.5, Sum: 2.0]
      [Update RS (ms): Min: 0.0, Avg: 0.2, Max: 0.4, Diff: 0.4, Sum: 1.8]
         [Processed Buffers: Min: 0, Avg: 5.0, Max: 12, Diff: 12, Sum: 40]
      [Scan RS (ms): Min: 0.0, Avg: 0.1, Max: 0.1, Diff: 0.1, Sum: 0.5]
      [Code Root Scanning (ms): Min: 0.0, Avg: 0.0, Max: 0.0, Diff: 0.0, Sum: 0.0]
      [Object Copy (ms): Min: 0.0, Avg: 1.6, Max: 1.8, Diff: 1.8, Sum: 12.4]
      [Termination (ms): Min: 0.0, Avg: 0.5, Max: 0.6, Diff: 0.6, Sum: 4.3]
         [Termination Attempts: Min: 1, Avg: 1.2, Max: 2, Diff: 1, Sum: 10]
      [GC Worker Other (ms): Min: 0.0, Avg: 0.0, Max: 0.0, Diff: 0.0, Sum: 0.1]
      [GC Worker Total (ms): Min: 0.0, Avg: 2.6, Max: 3.0, Diff: 3.0, Sum: 21.1]
      [GC Worker End (ms): Min: 14848337.6, Avg: 14848337.6, Max: 14848337.7, Diff: 0.0]
   [Code Root Fixup: 0.0 ms]
   [Code Root Purge: 0.0 ms]
   [Clear CT: 0.2 ms]
   [Other: 1.2 ms]
      [Choose CSet: 0.0 ms]
      [Ref Proc: 0.8 ms]
      [Ref Enq: 0.0 ms]
      [Redirty Cards: 0.1 ms]
      [Humongous Register: 0.0 ms]
      [Humongous Reclaim: 0.0 ms]
      [Free CSet: 0.2 ms]
   [Eden: 607.0M(607.0M)->0.0B(610.0M) Survivors: 7168.0K->4096.0K Heap: 838.6M(1024.0M)->228.8M(1024.0M)]
 [Times: user=0.03 sys=0.00, real=0.00 secs] 
2019-06-23T02:18:56.802+0900: 14874.458: [GC pause (G1 Evacuation Pause) (young), 0.0080525 secs]
   [Parallel Time: 4.8 ms, GC Workers: 8]
      [GC Worker Start (ms): Min: 14874458.2, Avg: 14874459.5, Max: 14874462.7, Diff: 4.5]
      [Ext Root Scanning (ms): Min: 0.0, Avg: 0.2, Max: 0.6, Diff: 0.6, Sum: 2.0]
      [Update RS (ms): Min: 0.0, Avg: 0.2, Max: 0.5, Diff: 0.5, Sum: 1.9]
         [Processed Buffers: Min: 0, Avg: 4.5, Max: 17, Diff: 17, Sum: 36]
      [Scan RS (ms): Min: 0.0, Avg: 0.1, Max: 0.1, Diff: 0.1, Sum: 0.5]
      [Code Root Scanning (ms): Min: 0.0, Avg: 0.0, Max: 0.0, Diff: 0.0, Sum: 0.0]
      [Object Copy (ms): Min: 0.0, Avg: 1.6, Max: 2.4, Diff: 2.4, Sum: 12.9]
      [Termination (ms): Min: 0.0, Avg: 1.1, Max: 1.4, Diff: 1.4, Sum: 8.4]
         [Termination Attempts: Min: 1, Avg: 17.0, Max: 43, Diff: 42, Sum: 136]
      [GC Worker Other (ms): Min: 0.0, Avg: 0.0, Max: 0.1, Diff: 0.0, Sum: 0.1]
      [GC Worker Total (ms): Min: 0.0, Avg: 3.2, Max: 4.5, Diff: 4.5, Sum: 25.9]
      [GC Worker End (ms): Min: 14874462.7, Avg: 14874462.7, Max: 14874462.8, Diff: 0.1]
   [Code Root Fixup: 0.0 ms]
   [Code Root Purge: 0.0 ms]
   [Clear CT: 0.2 ms]
   [Other: 3.1 ms]
      [Choose CSet: 0.0 ms]
      [Ref Proc: 2.7 ms]
      [Ref Enq: 0.0 ms]
      [Redirty Cards: 0.1 ms]
      [Humongous Register: 0.0 ms]
      [Humongous Reclaim: 0.0 ms]
      [Free CSet: 0.2 ms]
   [Eden: 610.0M(610.0M)->0.0B(608.0M) Survivors: 4096.0K->6144.0K Heap: 838.8M(1024.0M)->230.6M(1024.0M)]
 [Times: user=0.03 sys=0.00, real=0.01 secs] 
2019-06-23T03:00:30.010+0900: 17367.666: [GC pause (G1 Evacuation Pause) (young), 0.0082755 secs]
   [Parallel Time: 6.3 ms, GC Workers: 8]
      [GC Worker Start (ms): Min: 17367665.8, Avg: 17367665.9, Max: 17367666.1, Diff: 0.4]
      [Ext Root Scanning (ms): Min: 0.6, Avg: 0.8, Max: 1.1, Diff: 0.5, Sum: 6.4]
      [Update RS (ms): Min: 0.5, Avg: 0.9, Max: 1.3, Diff: 0.8, Sum: 7.3]
         [Processed Buffers: Min: 1, Avg: 5.0, Max: 22, Diff: 21, Sum: 40]
      [Scan RS (ms): Min: 0.1, Avg: 0.2, Max: 0.5, Diff: 0.4, Sum: 1.5]
      [Code Root Scanning (ms): Min: 0.0, Avg: 0.0, Max: 0.1, Diff: 0.1, Sum: 0.1]
      [Object Copy (ms): Min: 3.6, Avg: 3.8, Max: 3.9, Diff: 0.4, Sum: 30.6]
      [Termination (ms): Min: 0.0, Avg: 0.1, Max: 0.1, Diff: 0.1, Sum: 0.4]
         [Termination Attempts: Min: 1, Avg: 8.1, Max: 13, Diff: 12, Sum: 65]
      [GC Worker Other (ms): Min: 0.0, Avg: 0.0, Max: 0.1, Diff: 0.0, Sum: 0.2]
      [GC Worker Total (ms): Min: 5.6, Avg: 5.8, Max: 6.0, Diff: 0.4, Sum: 46.5]
      [GC Worker End (ms): Min: 17367671.7, Avg: 17367671.8, Max: 17367671.8, Diff: 0.0]
   [Code Root Fixup: 0.0 ms]
   [Code Root Purge: 0.0 ms]
   [Clear CT: 0.4 ms]
   [Other: 1.5 ms]
      [Choose CSet: 0.0 ms]
      [Ref Proc: 0.7 ms]
      [Ref Enq: 0.0 ms]
      [Redirty Cards: 0.4 ms]
      [Humongous Register: 0.0 ms]
      [Humongous Reclaim: 0.0 ms]
      [Free CSet: 0.2 ms]
   [Eden: 608.0M(608.0M)->0.0B(606.0M) Survivors: 6144.0K->8192.0K Heap: 838.6M(1024.0M)->232.7M(1024.0M)]
 [Times: user=0.05 sys=0.00, real=0.01 secs] 
2019-06-23T05:47:02.947+0900: 27360.603: [GC pause (G1 Evacuation Pause) (young), 0.0102900 secs]
   [Parallel Time: 7.2 ms, GC Workers: 8]
      [GC Worker Start (ms): Min: 27360603.4, Avg: 27360604.4, Max: 27360610.0, Diff: 6.6]
      [Ext Root Scanning (ms): Min: 0.0, Avg: 0.7, Max: 1.0, Diff: 1.0, Sum: 5.4]
      [Update RS (ms): Min: 0.0, Avg: 0.8, Max: 1.1, Diff: 1.1, Sum: 6.7]
         [Processed Buffers: Min: 0, Avg: 5.0, Max: 13, Diff: 13, Sum: 40]
      [Scan RS (ms): Min: 0.0, Avg: 0.2, Max: 0.3, Diff: 0.3, Sum: 1.6]
      [Code Root Scanning (ms): Min: 0.0, Avg: 0.0, Max: 0.0, Diff: 0.0, Sum: 0.1]
      [Object Copy (ms): Min: 0.0, Avg: 3.3, Max: 3.8, Diff: 3.8, Sum: 26.3]
      [Termination (ms): Min: 0.0, Avg: 0.7, Max: 0.8, Diff: 0.8, Sum: 5.6]
         [Termination Attempts: Min: 1, Avg: 1.2, Max: 2, Diff: 1, Sum: 10]
      [GC Worker Other (ms): Min: 0.0, Avg: 0.0, Max: 0.0, Diff: 0.0, Sum: 0.1]
      [GC Worker Total (ms): Min: 0.0, Avg: 5.7, Max: 6.7, Diff: 6.7, Sum: 45.8]
      [GC Worker End (ms): Min: 27360610.1, Avg: 27360610.1, Max: 27360610.1, Diff: 0.1]
   [Code Root Fixup: 0.0 ms]
   [Code Root Purge: 0.0 ms]
   [Clear CT: 0.5 ms]
   [Other: 2.6 ms]
      [Choose CSet: 0.0 ms]
      [Ref Proc: 1.1 ms]
      [Ref Enq: 0.0 ms]
      [Redirty Cards: 1.1 ms]
      [Humongous Register: 0.0 ms]
      [Humongous Reclaim: 0.0 ms]
      [Free CSet: 0.2 ms]
   [Eden: 606.0M(606.0M)->0.0B(610.0M) Survivors: 8192.0K->4096.0K Heap: 838.7M(1024.0M)->228.9M(1024.0M)]
 [Times: user=0.05 sys=0.00, real=0.01 secs] 
2019-06-23T08:34:39.827+0900: 37417.483: [GC pause (G1 Evacuation Pause) (young), 0.0100576 secs]
   [Parallel Time: 7.0 ms, GC Workers: 8]
      [GC Worker Start (ms): Min: 37417483.0, Avg: 37417483.2, Max: 37417483.4, Diff: 0.3]
      [Ext Root Scanning (ms): Min: 0.6, Avg: 0.8, Max: 1.0, Diff: 0.4, Sum: 6.2]
      [Update RS (ms): Min: 0.7, Avg: 0.9, Max: 1.2, Diff: 0.5, Sum: 7.3]
         [Processed Buffers: Min: 1, Avg: 5.1, Max: 21, Diff: 20, Sum: 41]
      [Scan RS (ms): Min: 0.1, Avg: 0.2, Max: 0.3, Diff: 0.2, Sum: 1.7]
      [Code Root Scanning (ms): Min: 0.0, Avg: 0.0, Max: 0.1, Diff: 0.1, Sum: 0.1]
      [Object Copy (ms): Min: 4.5, Avg: 4.6, Max: 4.7, Diff: 0.2, Sum: 37.0]
      [Termination (ms): Min: 0.0, Avg: 0.0, Max: 0.0, Diff: 0.0, Sum: 0.0]
         [Termination Attempts: Min: 1, Avg: 1.6, Max: 4, Diff: 3, Sum: 13]
      [GC Worker Other (ms): Min: 0.0, Avg: 0.1, Max: 0.1, Diff: 0.1, Sum: 0.4]
      [GC Worker Total (ms): Min: 6.4, Avg: 6.6, Max: 6.8, Diff: 0.4, Sum: 52.7]
      [GC Worker End (ms): Min: 37417489.8, Avg: 37417489.8, Max: 37417489.8, Diff: 0.1]
   [Code Root Fixup: 0.0 ms]
   [Code Root Purge: 0.0 ms]
   [Clear CT: 0.6 ms]
   [Other: 2.5 ms]
      [Choose CSet: 0.0 ms]
      [Ref Proc: 1.3 ms]
      [Ref Enq: 0.0 ms]
      [Redirty Cards: 0.7 ms]
      [Humongous Register: 0.0 ms]
      [Humongous Reclaim: 0.0 ms]
      [Free CSet: 0.2 ms]
   [Eden: 610.0M(610.0M)->0.0B(606.0M) Survivors: 4096.0K->8192.0K Heap: 838.9M(1024.0M)->232.7M(1024.0M)]
 [Times: user=0.05 sys=0.01, real=0.01 secs] 
2019-06-23T11:21:03.734+0900: 47401.390: [GC pause (G1 Evacuation Pause) (young), 0.0099302 secs]
   [Parallel Time: 7.4 ms, GC Workers: 8]
      [GC Worker Start (ms): Min: 47401390.6, Avg: 47401390.8, Max: 47401390.9, Diff: 0.3]
      [Ext Root Scanning (ms): Min: 0.6, Avg: 0.8, Max: 1.1, Diff: 0.4, Sum: 6.3]
      [Update RS (ms): Min: 0.8, Avg: 0.9, Max: 1.1, Diff: 0.3, Sum: 7.3]
         [Processed Buffers: Min: 1, Avg: 5.0, Max: 15, Diff: 14, Sum: 40]
      [Scan RS (ms): Min: 0.1, Avg: 0.3, Max: 0.3, Diff: 0.2, Sum: 2.0]
      [Code Root Scanning (ms): Min: 0.0, Avg: 0.0, Max: 0.0, Diff: 0.0, Sum: 0.1]
      [Object Copy (ms): Min: 5.0, Avg: 5.0, Max: 5.1, Diff: 0.1, Sum: 40.3]
      [Termination (ms): Min: 0.0, Avg: 0.0, Max: 0.0, Diff: 0.0, Sum: 0.0]
         [Termination Attempts: Min: 1, Avg: 1.0, Max: 1, Diff: 0, Sum: 8]
      [GC Worker Other (ms): Min: 0.0, Avg: 0.0, Max: 0.1, Diff: 0.1, Sum: 0.3]
      [GC Worker Total (ms): Min: 6.9, Avg: 7.1, Max: 7.2, Diff: 0.3, Sum: 56.4]
      [GC Worker End (ms): Min: 47401397.8, Avg: 47401397.8, Max: 47401397.9, Diff: 0.1]
   [Code Root Fixup: 0.0 ms]
   [Code Root Purge: 0.0 ms]
   [Clear CT: 0.4 ms]
   [Other: 2.1 ms]
      [Choose CSet: 0.0 ms]
      [Ref Proc: 1.0 ms]
      [Ref Enq: 0.0 ms]
      [Redirty Cards: 0.6 ms]
      [Humongous Register: 0.0 ms]
      [Humongous Reclaim: 0.0 ms]
      [Free CSet: 0.2 ms]
   [Eden: 606.0M(606.0M)->0.0B(607.0M) Survivors: 8192.0K->7168.0K Heap: 838.7M(1024.0M)->231.5M(1024.0M)]
 [Times: user=0.06 sys=0.01, real=0.01 secs] 
2019-06-23T14:08:33.472+0900: 57451.128: [GC pause (G1 Evacuation Pause) (young), 0.0105315 secs]
   [Parallel Time: 7.8 ms, GC Workers: 8]
      [GC Worker Start (ms): Min: 57451128.4, Avg: 57451128.6, Max: 57451128.8, Diff: 0.3]
      [Ext Root Scanning (ms): Min: 0.6, Avg: 0.8, Max: 1.0, Diff: 0.5, Sum: 6.0]
      [Update RS (ms): Min: 0.8, Avg: 1.0, Max: 1.2, Diff: 0.4, Sum: 8.3]
         [Processed Buffers: Min: 1, Avg: 5.0, Max: 22, Diff: 21, Sum: 40]
      [Scan RS (ms): Min: 0.1, Avg: 0.2, Max: 0.4, Diff: 0.3, Sum: 1.7]
      [Code Root Scanning (ms): Min: 0.0, Avg: 0.0, Max: 0.1, Diff: 0.1, Sum: 0.3]
      [Object Copy (ms): Min: 4.9, Avg: 5.0, Max: 5.0, Diff: 0.1, Sum: 39.6]
      [Termination (ms): Min: 0.0, Avg: 0.0, Max: 0.0, Diff: 0.0, Sum: 0.0]
         [Termination Attempts: Min: 1, Avg: 1.0, Max: 1, Diff: 0, Sum: 8]
      [GC Worker Other (ms): Min: 0.0, Avg: 0.1, Max: 0.2, Diff: 0.2, Sum: 0.6]
      [GC Worker Total (ms): Min: 6.9, Avg: 7.1, Max: 7.2, Diff: 0.3, Sum: 56.5]
      [GC Worker End (ms): Min: 57451135.6, Avg: 57451135.7, Max: 57451135.8, Diff: 0.2]
   [Code Root Fixup: 0.0 ms]
   [Code Root Purge: 0.0 ms]
   [Clear CT: 0.4 ms]
   [Other: 2.3 ms]
      [Choose CSet: 0.0 ms]
      [Ref Proc: 1.4 ms]
      [Ref Enq: 0.0 ms]
      [Redirty Cards: 0.4 ms]
      [Humongous Register: 0.0 ms]
      [Humongous Reclaim: 0.0 ms]
      [Free CSet: 0.2 ms]
   [Eden: 607.0M(607.0M)->0.0B(605.0M) Survivors: 7168.0K->9216.0K Heap: 838.5M(1024.0M)->233.5M(1024.0M)]
 [Times: user=0.06 sys=0.00, real=0.01 secs] 
2019-06-23T16:27:42.798+0900: 65800.454: [GC pause (G1 Evacuation Pause) (young), 0.0102696 secs]
   [Parallel Time: 7.0 ms, GC Workers: 8]
      [GC Worker Start (ms): Min: 65800454.4, Avg: 65800454.6, Max: 65800454.7, Diff: 0.3]
      [Ext Root Scanning (ms): Min: 0.6, Avg: 0.8, Max: 1.0, Diff: 0.4, Sum: 6.0]
      [Update RS (ms): Min: 1.3, Avg: 1.4, Max: 1.6, Diff: 0.3, Sum: 11.4]
         [Processed Buffers: Min: 2, Avg: 6.1, Max: 14, Diff: 12, Sum: 49]
      [Scan RS (ms): Min: 0.1, Avg: 0.2, Max: 0.3, Diff: 0.2, Sum: 1.8]
      [Code Root Scanning (ms): Min: 0.0, Avg: 0.0, Max: 0.1, Diff: 0.1, Sum: 0.2]
      [Object Copy (ms): Min: 3.8, Avg: 3.9, Max: 4.0, Diff: 0.2, Sum: 31.1]
      [Termination (ms): Min: 0.0, Avg: 0.0, Max: 0.0, Diff: 0.0, Sum: 0.0]
         [Termination Attempts: Min: 1, Avg: 1.5, Max: 3, Diff: 2, Sum: 12]
      [GC Worker Other (ms): Min: 0.0, Avg: 0.0, Max: 0.1, Diff: 0.0, Sum: 0.2]
      [GC Worker Total (ms): Min: 6.2, Avg: 6.4, Max: 6.5, Diff: 0.3, Sum: 50.9]
      [GC Worker End (ms): Min: 65800460.9, Avg: 65800460.9, Max: 65800461.0, Diff: 0.0]
   [Code Root Fixup: 0.0 ms]
   [Code Root Purge: 0.0 ms]
   [Clear CT: 0.5 ms]
   [Other: 2.7 ms]
      [Choose CSet: 0.0 ms]
      [Ref Proc: 1.3 ms]
      [Ref Enq: 0.0 ms]
      [Redirty Cards: 0.9 ms]
      [Humongous Register: 0.0 ms]
      [Humongous Reclaim: 0.0 ms]
      [Free CSet: 0.2 ms]
   [Eden: 605.0M(605.0M)->0.0B(608.0M) Survivors: 9216.0K->6144.0K Heap: 838.5M(1024.0M)->230.8M(1024.0M)]
 [Times: user=0.05 sys=0.00, real=0.01 secs] 
2019-06-23T17:29:18.967+0900: 69496.623: [GC pause (G1 Evacuation Pause) (young), 0.0158855 secs]
   [Parallel Time: 11.2 ms, GC Workers: 8]
      [GC Worker Start (ms): Min: 69496623.2, Avg: 69496626.0, Max: 69496633.7, Diff: 10.5]
      [Ext Root Scanning (ms): Min: 0.0, Avg: 0.7, Max: 1.2, Diff: 1.2, Sum: 5.7]
      [Update RS (ms): Min: 0.0, Avg: 1.4, Max: 2.4, Diff: 2.4, Sum: 11.4]
         [Processed Buffers: Min: 0, Avg: 5.8, Max: 12, Diff: 12, Sum: 46]
      [Scan RS (ms): Min: 0.1, Avg: 0.2, Max: 0.4, Diff: 0.3, Sum: 1.6]
      [Code Root Scanning (ms): Min: 0.0, Avg: 0.0, Max: 0.1, Diff: 0.1, Sum: 0.2]
      [Object Copy (ms): Min: 0.3, Avg: 5.8, Max: 7.6, Diff: 7.3, Sum: 46.3]
      [Termination (ms): Min: 0.0, Avg: 0.0, Max: 0.0, Diff: 0.0, Sum: 0.0]
         [Termination Attempts: Min: 1, Avg: 1.0, Max: 1, Diff: 0, Sum: 8]
      [GC Worker Other (ms): Min: 0.0, Avg: 0.1, Max: 0.2, Diff: 0.1, Sum: 0.6]
      [GC Worker Total (ms): Min: 0.5, Avg: 8.2, Max: 10.9, Diff: 10.4, Sum: 65.9]
      [GC Worker End (ms): Min: 69496634.2, Avg: 69496634.2, Max: 69496634.3, Diff: 0.1]
   [Code Root Fixup: 0.0 ms]
   [Code Root Purge: 0.0 ms]
   [Clear CT: 1.0 ms]
   [Other: 3.6 ms]
      [Choose CSet: 0.0 ms]
      [Ref Proc: 1.4 ms]
      [Ref Enq: 0.0 ms]
      [Redirty Cards: 1.4 ms]
      [Humongous Register: 0.1 ms]
      [Humongous Reclaim: 0.0 ms]
      [Free CSet: 0.4 ms]
   [Eden: 608.0M(608.0M)->0.0B(606.0M) Survivors: 6144.0K->8192.0K Heap: 838.8M(1024.0M)->232.5M(1024.0M)]
 [Times: user=0.08 sys=0.00, real=0.02 secs] 
2019-06-23T17:41:44.689+0900: 70242.345: [GC pause (G1 Evacuation Pause) (young), 0.0099423 secs]
   [Parallel Time: 7.3 ms, GC Workers: 8]
      [GC Worker Start (ms): Min: 70242345.7, Avg: 70242345.9, Max: 70242346.0, Diff: 0.4]
      [Ext Root Scanning (ms): Min: 0.6, Avg: 0.8, Max: 1.1, Diff: 0.5, Sum: 6.2]
      [Update RS (ms): Min: 1.3, Avg: 1.4, Max: 1.6, Diff: 0.3, Sum: 10.9]
         [Processed Buffers: Min: 1, Avg: 5.9, Max: 14, Diff: 13, Sum: 47]
      [Scan RS (ms): Min: 0.1, Avg: 0.3, Max: 0.3, Diff: 0.2, Sum: 2.1]
      [Code Root Scanning (ms): Min: 0.0, Avg: 0.0, Max: 0.1, Diff: 0.1, Sum: 0.2]
      [Object Copy (ms): Min: 3.9, Avg: 4.0, Max: 4.0, Diff: 0.1, Sum: 32.0]
      [Termination (ms): Min: 0.0, Avg: 0.0, Max: 0.0, Diff: 0.0, Sum: 0.0]
         [Termination Attempts: Min: 1, Avg: 1.2, Max: 2, Diff: 1, Sum: 10]
      [GC Worker Other (ms): Min: 0.0, Avg: 0.1, Max: 0.2, Diff: 0.1, Sum: 0.5]
      [GC Worker Total (ms): Min: 6.3, Avg: 6.5, Max: 6.6, Diff: 0.3, Sum: 52.0]
      [GC Worker End (ms): Min: 70242352.3, Avg: 70242352.4, Max: 70242352.5, Diff: 0.1]
   [Code Root Fixup: 0.0 ms]
   [Code Root Purge: 0.0 ms]
   [Clear CT: 0.7 ms]
   [Other: 1.9 ms]
      [Choose CSet: 0.0 ms]
      [Ref Proc: 0.5 ms]
      [Ref Enq: 0.0 ms]
      [Redirty Cards: 0.9 ms]
      [Humongous Register: 0.0 ms]
      [Humongous Reclaim: 0.0 ms]
      [Free CSet: 0.2 ms]
   [Eden: 606.0M(606.0M)->0.0B(609.0M) Survivors: 8192.0K->5120.0K Heap: 838.5M(1024.0M)->229.4M(1024.0M)]
 [Times: user=0.05 sys=0.00, real=0.02 secs] 
2019-06-23T17:49:00.009+0900: 70677.665: [GC pause (G1 Evacuation Pause) (young), 0.0099693 secs]
   [Parallel Time: 8.2 ms, GC Workers: 8]
      [GC Worker Start (ms): Min: 70677665.6, Avg: 70677666.3, Max: 70677670.1, Diff: 4.5]
      [Ext Root Scanning (ms): Min: 0.0, Avg: 0.7, Max: 1.1, Diff: 1.1, Sum: 5.8]
      [Update RS (ms): Min: 0.0, Avg: 1.4, Max: 2.1, Diff: 2.1, Sum: 11.1]
         [Processed Buffers: Min: 0, Avg: 5.4, Max: 14, Diff: 14, Sum: 43]
      [Scan RS (ms): Min: 0.1, Avg: 0.2, Max: 0.4, Diff: 0.3, Sum: 1.7]
      [Code Root Scanning (ms): Min: 0.0, Avg: 0.0, Max: 0.2, Diff: 0.2, Sum: 0.2]
      [Object Copy (ms): Min: 2.1, Avg: 3.8, Max: 4.7, Diff: 2.6, Sum: 30.3]
      [Termination (ms): Min: 0.0, Avg: 0.6, Max: 0.7, Diff: 0.7, Sum: 5.1]
         [Termination Attempts: Min: 1, Avg: 4.0, Max: 6, Diff: 5, Sum: 32]
      [GC Worker Other (ms): Min: 0.0, Avg: 0.0, Max: 0.0, Diff: 0.0, Sum: 0.2]
      [GC Worker Total (ms): Min: 3.0, Avg: 6.8, Max: 7.5, Diff: 4.5, Sum: 54.4]
      [GC Worker End (ms): Min: 70677673.1, Avg: 70677673.1, Max: 70677673.1, Diff: 0.0]
   [Code Root Fixup: 0.0 ms]
   [Code Root Purge: 0.0 ms]
   [Clear CT: 0.2 ms]
   [Other: 1.6 ms]
      [Choose CSet: 0.0 ms]
      [Ref Proc: 1.0 ms]
      [Ref Enq: 0.0 ms]
      [Redirty Cards: 0.1 ms]
      [Humongous Register: 0.0 ms]
      [Humongous Reclaim: 0.0 ms]
      [Free CSet: 0.2 ms]
   [Eden: 609.0M(609.0M)->0.0B(606.0M) Survivors: 5120.0K->8192.0K Heap: 838.4M(1024.0M)->232.5M(1024.0M)]
 [Times: user=0.05 sys=0.00, real=0.02 secs] 
2019-06-23T17:55:41.361+0900: 71079.017: [GC pause (G1 Evacuation Pause) (young), 0.0060362 secs]
   [Parallel Time: 4.6 ms, GC Workers: 8]
      [GC Worker Start (ms): Min: 71079017.3, Avg: 71079017.4, Max: 71079017.4, Diff: 0.1]
      [Ext Root Scanning (ms): Min: 0.4, Avg: 0.5, Max: 0.8, Diff: 0.4, Sum: 4.1]
      [Update RS (ms): Min: 0.7, Avg: 0.8, Max: 0.9, Diff: 0.2, Sum: 6.5]
         [Processed Buffers: Min: 1, Avg: 5.6, Max: 15, Diff: 14, Sum: 45]
      [Scan RS (ms): Min: 0.0, Avg: 0.1, Max: 0.2, Diff: 0.1, Sum: 0.9]
      [Code Root Scanning (ms): Min: 0.0, Avg: 0.0, Max: 0.0, Diff: 0.0, Sum: 0.1]
      [Object Copy (ms): Min: 2.9, Avg: 2.9, Max: 2.9, Diff: 0.1, Sum: 23.3]
      [Termination (ms): Min: 0.0, Avg: 0.0, Max: 0.0, Diff: 0.0, Sum: 0.1]
         [Termination Attempts: Min: 2, Avg: 2.5, Max: 4, Diff: 2, Sum: 20]
      [GC Worker Other (ms): Min: 0.0, Avg: 0.0, Max: 0.1, Diff: 0.1, Sum: 0.3]
      [GC Worker Total (ms): Min: 4.3, Avg: 4.4, Max: 4.5, Diff: 0.2, Sum: 35.3]
      [GC Worker End (ms): Min: 71079021.8, Avg: 71079021.8, Max: 71079021.8, Diff: 0.1]
   [Code Root Fixup: 0.0 ms]
   [Code Root Purge: 0.0 ms]
   [Clear CT: 0.4 ms]
   [Other: 1.0 ms]
      [Choose CSet: 0.0 ms]
      [Ref Proc: 0.3 ms]
      [Ref Enq: 0.0 ms]
      [Redirty Cards: 0.3 ms]
      [Humongous Register: 0.0 ms]
      [Humongous Reclaim: 0.0 ms]
      [Free CSet: 0.3 ms]
   [Eden: 606.0M(606.0M)->0.0B(609.0M) Survivors: 8192.0K->5120.0K Heap: 838.5M(1024.0M)->229.4M(1024.0M)]
 [Times: user=0.04 sys=0.00, real=0.00 secs] 
2019-06-23T18:04:33.115+0900: 71610.771: [GC pause (G1 Evacuation Pause) (young), 0.0064560 secs]
   [Parallel Time: 3.2 ms, GC Workers: 8]
      [GC Worker Start (ms): Min: 71610771.3, Avg: 71610771.4, Max: 71610771.4, Diff: 0.1]
      [Ext Root Scanning (ms): Min: 0.2, Avg: 0.3, Max: 0.6, Diff: 0.4, Sum: 2.2]
      [Update RS (ms): Min: 0.4, Avg: 0.5, Max: 0.5, Diff: 0.1, Sum: 3.7]
         [Processed Buffers: Min: 1, Avg: 5.6, Max: 15, Diff: 14, Sum: 45]
      [Scan RS (ms): Min: 0.0, Avg: 0.1, Max: 0.1, Diff: 0.1, Sum: 0.6]
      [Code Root Scanning (ms): Min: 0.0, Avg: 0.0, Max: 0.0, Diff: 0.0, Sum: 0.1]
      [Object Copy (ms): Min: 1.9, Avg: 2.1, Max: 2.1, Diff: 0.2, Sum: 16.8]
      [Termination (ms): Min: 0.0, Avg: 0.0, Max: 0.0, Diff: 0.0, Sum: 0.0]
         [Termination Attempts: Min: 1, Avg: 2.0, Max: 3, Diff: 2, Sum: 16]
      [GC Worker Other (ms): Min: 0.0, Avg: 0.0, Max: 0.1, Diff: 0.1, Sum: 0.3]
      [GC Worker Total (ms): Min: 2.9, Avg: 3.0, Max: 3.0, Diff: 0.1, Sum: 23.8]
      [GC Worker End (ms): Min: 71610774.3, Avg: 71610774.3, Max: 71610774.4, Diff: 0.1]
   [Code Root Fixup: 0.0 ms]
   [Code Root Purge: 0.0 ms]
   [Clear CT: 0.7 ms]
   [Other: 2.5 ms]
      [Choose CSet: 0.0 ms]
      [Ref Proc: 1.4 ms]
      [Ref Enq: 0.0 ms]
      [Redirty Cards: 0.8 ms]
      [Humongous Register: 0.0 ms]
      [Humongous Reclaim: 0.0 ms]
      [Free CSet: 0.2 ms]
   [Eden: 609.0M(609.0M)->0.0B(606.0M) Survivors: 5120.0K->8192.0K Heap: 838.4M(1024.0M)->232.7M(1024.0M)]
 [Times: user=0.02 sys=0.01, real=0.01 secs] 
2019-06-23T18:11:45.695+0900: 72043.351: [GC pause (G1 Evacuation Pause) (young), 0.0088587 secs]
   [Parallel Time: 7.9 ms, GC Workers: 8]
      [GC Worker Start (ms): Min: 72043350.7, Avg: 72043355.5, Max: 72043358.4, Diff: 7.8]
      [Ext Root Scanning (ms): Min: 0.0, Avg: 0.2, Max: 0.7, Diff: 0.7, Sum: 1.9]
      [Update RS (ms): Min: 0.0, Avg: 0.5, Max: 1.4, Diff: 1.4, Sum: 4.0]
         [Processed Buffers: Min: 0, Avg: 5.5, Max: 30, Diff: 30, Sum: 44]
      [Scan RS (ms): Min: 0.0, Avg: 0.1, Max: 0.2, Diff: 0.1, Sum: 0.6]
      [Code Root Scanning (ms): Min: 0.0, Avg: 0.0, Max: 0.1, Diff: 0.1, Sum: 0.1]
      [Object Copy (ms): Min: 0.0, Avg: 1.8, Max: 4.7, Diff: 4.7, Sum: 14.0]
      [Termination (ms): Min: 0.0, Avg: 0.4, Max: 1.1, Diff: 1.1, Sum: 3.3]
         [Termination Attempts: Min: 1, Avg: 1.1, Max: 2, Diff: 1, Sum: 9]
      [GC Worker Other (ms): Min: 0.0, Avg: 0.0, Max: 0.0, Diff: 0.0, Sum: 0.1]
      [GC Worker Total (ms): Min: 0.0, Avg: 3.0, Max: 7.9, Diff: 7.8, Sum: 24.0]
      [GC Worker End (ms): Min: 72043358.5, Avg: 72043358.5, Max: 72043358.6, Diff: 0.1]
   [Code Root Fixup: 0.0 ms]
   [Code Root Purge: 0.0 ms]
   [Clear CT: 0.2 ms]
   [Other: 0.7 ms]
      [Choose CSet: 0.0 ms]
      [Ref Proc: 0.2 ms]
      [Ref Enq: 0.0 ms]
      [Redirty Cards: 0.1 ms]
      [Humongous Register: 0.0 ms]
      [Humongous Reclaim: 0.0 ms]
      [Free CSet: 0.3 ms]
   [Eden: 606.0M(606.0M)->0.0B(610.0M) Survivors: 8192.0K->4096.0K Heap: 838.7M(1024.0M)->229.2M(1024.0M)]
 [Times: user=0.03 sys=0.00, real=0.01 secs] 
2019-06-23T18:19:18.362+0900: 72496.018: [GC pause (G1 Evacuation Pause) (young), 0.0086650 secs]
   [Parallel Time: 6.1 ms, GC Workers: 8]
      [GC Worker Start (ms): Min: 72496018.6, Avg: 72496019.3, Max: 72496024.2, Diff: 5.7]
      [Ext Root Scanning (ms): Min: 0.0, Avg: 0.5, Max: 0.8, Diff: 0.8, Sum: 3.7]
      [Update RS (ms): Min: 0.0, Avg: 0.8, Max: 1.0, Diff: 1.0, Sum: 6.4]
         [Processed Buffers: Min: 0, Avg: 5.1, Max: 21, Diff: 21, Sum: 41]
      [Scan RS (ms): Min: 0.0, Avg: 0.1, Max: 0.2, Diff: 0.2, Sum: 1.1]
      [Code Root Scanning (ms): Min: 0.0, Avg: 0.0, Max: 0.1, Diff: 0.1, Sum: 0.1]
      [Object Copy (ms): Min: 0.0, Avg: 2.6, Max: 3.0, Diff: 3.0, Sum: 20.4]
      [Termination (ms): Min: 0.0, Avg: 1.1, Max: 1.4, Diff: 1.4, Sum: 8.5]
         [Termination Attempts: Min: 1, Avg: 1.5, Max: 3, Diff: 2, Sum: 12]
      [GC Worker Other (ms): Min: 0.0, Avg: 0.0, Max: 0.0, Diff: 0.0, Sum: 0.2]
      [GC Worker Total (ms): Min: 0.1, Avg: 5.0, Max: 5.9, Diff: 5.9, Sum: 40.4]
      [GC Worker End (ms): Min: 72496024.3, Avg: 72496024.4, Max: 72496024.6, Diff: 0.3]
   [Code Root Fixup: 0.0 ms]
   [Code Root Purge: 0.0 ms]
   [Clear CT: 0.2 ms]
   [Other: 2.3 ms]
      [Choose CSet: 0.0 ms]
      [Ref Proc: 1.7 ms]
      [Ref Enq: 0.0 ms]
      [Redirty Cards: 0.1 ms]
      [Humongous Register: 0.0 ms]
      [Humongous Reclaim: 0.0 ms]
      [Free CSet: 0.3 ms]
   [Eden: 610.0M(610.0M)->0.0B(609.0M) Survivors: 4096.0K->5120.0K Heap: 839.2M(1024.0M)->230.5M(1024.0M)]
 [Times: user=0.05 sys=0.00, real=0.01 secs] 
2019-06-23T18:33:52.400+0900: 73370.056: [GC pause (G1 Evacuation Pause) (young), 0.0090287 secs]
   [Parallel Time: 6.3 ms, GC Workers: 8]
      [GC Worker Start (ms): Min: 73370055.8, Avg: 73370056.0, Max: 73370056.1, Diff: 0.3]
      [Ext Root Scanning (ms): Min: 0.6, Avg: 0.8, Max: 1.0, Diff: 0.4, Sum: 6.2]
      [Update RS (ms): Min: 0.7, Avg: 0.9, Max: 1.1, Diff: 0.3, Sum: 6.9]
         [Processed Buffers: Min: 1, Avg: 4.9, Max: 21, Diff: 20, Sum: 39]
      [Scan RS (ms): Min: 0.1, Avg: 0.2, Max: 0.3, Diff: 0.2, Sum: 1.7]
      [Code Root Scanning (ms): Min: 0.0, Avg: 0.0, Max: 0.1, Diff: 0.1, Sum: 0.2]
      [Object Copy (ms): Min: 3.7, Avg: 3.7, Max: 3.8, Diff: 0.1, Sum: 29.8]
      [Termination (ms): Min: 0.0, Avg: 0.0, Max: 0.0, Diff: 0.0, Sum: 0.0]
         [Termination Attempts: Min: 1, Avg: 1.0, Max: 1, Diff: 0, Sum: 8]
      [GC Worker Other (ms): Min: 0.0, Avg: 0.0, Max: 0.1, Diff: 0.0, Sum: 0.3]
      [GC Worker Total (ms): Min: 5.5, Avg: 5.6, Max: 5.8, Diff: 0.3, Sum: 45.1]
      [GC Worker End (ms): Min: 73370061.6, Avg: 73370061.6, Max: 73370061.6, Diff: 0.0]
   [Code Root Fixup: 0.0 ms]
   [Code Root Purge: 0.0 ms]
   [Clear CT: 0.6 ms]
   [Other: 2.1 ms]
      [Choose CSet: 0.0 ms]
      [Ref Proc: 0.8 ms]
      [Ref Enq: 0.0 ms]
      [Redirty Cards: 0.8 ms]
      [Humongous Register: 0.0 ms]
      [Humongous Reclaim: 0.0 ms]
      [Free CSet: 0.2 ms]
   [Eden: 609.0M(609.0M)->0.0B(609.0M) Survivors: 5120.0K->5120.0K Heap: 839.5M(1024.0M)->229.8M(1024.0M)]
 [Times: user=0.05 sys=0.00, real=0.00 secs] 
2019-06-23T18:43:12.866+0900: 73930.522: [GC pause (G1 Evacuation Pause) (young), 0.0040474 secs]
   [Parallel Time: 2.8 ms, GC Workers: 8]
      [GC Worker Start (ms): Min: 73930521.9, Avg: 73930522.0, Max: 73930522.0, Diff: 0.1]
      [Ext Root Scanning (ms): Min: 0.3, Avg: 0.3, Max: 0.6, Diff: 0.4, Sum: 2.8]
      [Update RS (ms): Min: 0.2, Avg: 0.4, Max: 0.5, Diff: 0.3, Sum: 2.8]
         [Processed Buffers: Min: 1, Avg: 5.1, Max: 11, Diff: 10, Sum: 41]
      [Scan RS (ms): Min: 0.0, Avg: 0.1, Max: 0.1, Diff: 0.1, Sum: 0.8]
      [Code Root Scanning (ms): Min: 0.0, Avg: 0.0, Max: 0.1, Diff: 0.1, Sum: 0.1]
      [Object Copy (ms): Min: 1.7, Avg: 1.8, Max: 1.9, Diff: 0.1, Sum: 14.6]
      [Termination (ms): Min: 0.0, Avg: 0.0, Max: 0.0, Diff: 0.0, Sum: 0.0]
         [Termination Attempts: Min: 1, Avg: 1.2, Max: 2, Diff: 1, Sum: 10]
      [GC Worker Other (ms): Min: 0.0, Avg: 0.0, Max: 0.1, Diff: 0.0, Sum: 0.2]
      [GC Worker Total (ms): Min: 2.6, Avg: 2.7, Max: 2.7, Diff: 0.1, Sum: 21.3]
      [GC Worker End (ms): Min: 73930524.6, Avg: 73930524.6, Max: 73930524.6, Diff: 0.0]
   [Code Root Fixup: 0.0 ms]
   [Code Root Purge: 0.0 ms]
   [Clear CT: 0.3 ms]
   [Other: 0.9 ms]
      [Choose CSet: 0.0 ms]
      [Ref Proc: 0.3 ms]
      [Ref Enq: 0.0 ms]
      [Redirty Cards: 0.3 ms]
      [Humongous Register: 0.0 ms]
      [Humongous Reclaim: 0.0 ms]
      [Free CSet: 0.2 ms]
   [Eden: 609.0M(609.0M)->0.0B(608.0M) Survivors: 5120.0K->6144.0K Heap: 838.8M(1024.0M)->231.2M(1024.0M)]
 [Times: user=0.03 sys=0.00, real=0.00 secs] 
2019-06-23T18:50:12.524+0900: 74350.180: [GC pause (G1 Evacuation Pause) (young), 0.0087370 secs]
   [Parallel Time: 6.7 ms, GC Workers: 8]
      [GC Worker Start (ms): Min: 74350180.4, Avg: 74350180.5, Max: 74350180.7, Diff: 0.3]
      [Ext Root Scanning (ms): Min: 0.6, Avg: 0.8, Max: 1.0, Diff: 0.4, Sum: 6.0]
      [Update RS (ms): Min: 0.8, Avg: 0.9, Max: 1.1, Diff: 0.3, Sum: 7.4]
         [Processed Buffers: Min: 1, Avg: 5.1, Max: 21, Diff: 20, Sum: 41]
      [Scan RS (ms): Min: 0.1, Avg: 0.2, Max: 0.3, Diff: 0.2, Sum: 1.7]
      [Code Root Scanning (ms): Min: 0.0, Avg: 0.0, Max: 0.1, Diff: 0.1, Sum: 0.2]
      [Object Copy (ms): Min: 3.9, Avg: 4.0, Max: 4.0, Diff: 0.1, Sum: 31.6]
      [Termination (ms): Min: 0.0, Avg: 0.0, Max: 0.0, Diff: 0.0, Sum: 0.0]
         [Termination Attempts: Min: 1, Avg: 1.0, Max: 1, Diff: 0, Sum: 8]
      [GC Worker Other (ms): Min: 0.0, Avg: 0.1, Max: 0.1, Diff: 0.1, Sum: 0.5]
      [GC Worker Total (ms): Min: 5.8, Avg: 5.9, Max: 6.1, Diff: 0.3, Sum: 47.4]
      [GC Worker End (ms): Min: 74350186.4, Avg: 74350186.5, Max: 74350186.6, Diff: 0.1]
   [Code Root Fixup: 0.0 ms]
   [Code Root Purge: 0.0 ms]
   [Clear CT: 0.5 ms]
   [Other: 1.5 ms]
      [Choose CSet: 0.0 ms]
      [Ref Proc: 0.5 ms]
      [Ref Enq: 0.0 ms]
      [Redirty Cards: 0.6 ms]
      [Humongous Register: 0.0 ms]
      [Humongous Reclaim: 0.0 ms]
      [Free CSet: 0.2 ms]
   [Eden: 608.0M(608.0M)->0.0B(609.0M) Survivors: 6144.0K->5120.0K Heap: 839.2M(1024.0M)->229.8M(1024.0M)]
 [Times: user=0.06 sys=0.00, real=0.01 secs] 
2019-06-23T18:56:57.478+0900: 74755.134: [GC pause (G1 Evacuation Pause) (young), 0.0100420 secs]
   [Parallel Time: 7.3 ms, GC Workers: 8]
      [GC Worker Start (ms): Min: 74755134.2, Avg: 74755134.3, Max: 74755134.4, Diff: 0.3]
      [Ext Root Scanning (ms): Min: 0.7, Avg: 0.8, Max: 1.0, Diff: 0.4, Sum: 6.2]
      [Update RS (ms): Min: 0.7, Avg: 0.9, Max: 1.0, Diff: 0.3, Sum: 6.9]
         [Processed Buffers: Min: 1, Avg: 4.8, Max: 18, Diff: 17, Sum: 38]
      [Scan RS (ms): Min: 0.1, Avg: 0.2, Max: 0.3, Diff: 0.2, Sum: 1.8]
      [Code Root Scanning (ms): Min: 0.0, Avg: 0.0, Max: 0.1, Diff: 0.1, Sum: 0.2]
      [Object Copy (ms): Min: 4.8, Avg: 4.9, Max: 5.0, Diff: 0.1, Sum: 39.2]
      [Termination (ms): Min: 0.0, Avg: 0.0, Max: 0.0, Diff: 0.0, Sum: 0.0]
         [Termination Attempts: Min: 1, Avg: 1.0, Max: 1, Diff: 0, Sum: 8]
      [GC Worker Other (ms): Min: 0.0, Avg: 0.1, Max: 0.2, Diff: 0.1, Sum: 0.8]
      [GC Worker Total (ms): Min: 6.8, Avg: 6.9, Max: 7.1, Diff: 0.3, Sum: 55.2]
      [GC Worker End (ms): Min: 74755141.1, Avg: 74755141.2, Max: 74755141.3, Diff: 0.1]
   [Code Root Fixup: 0.0 ms]
   [Code Root Purge: 0.0 ms]
   [Clear CT: 0.3 ms]
   [Other: 2.3 ms]
      [Choose CSet: 0.0 ms]
      [Ref Proc: 0.8 ms]
      [Ref Enq: 0.0 ms]
      [Redirty Cards: 0.8 ms]
      [Humongous Register: 0.0 ms]
      [Humongous Reclaim: 0.0 ms]
      [Free CSet: 0.5 ms]
   [Eden: 609.0M(609.0M)->0.0B(608.0M) Survivors: 5120.0K->6144.0K Heap: 838.8M(1024.0M)->231.2M(1024.0M)]
 [Times: user=0.05 sys=0.00, real=0.01 secs] 
2019-06-23T19:10:29.017+0900: 75566.673: [GC pause (G1 Evacuation Pause) (young), 0.0091776 secs]
   [Parallel Time: 7.0 ms, GC Workers: 8]
      [GC Worker Start (ms): Min: 75566673.2, Avg: 75566674.2, Max: 75566679.9, Diff: 6.7]
      [Ext Root Scanning (ms): Min: 0.0, Avg: 0.8, Max: 1.1, Diff: 1.1, Sum: 6.1]
      [Update RS (ms): Min: 0.0, Avg: 0.9, Max: 1.2, Diff: 1.2, Sum: 7.0]
         [Processed Buffers: Min: 0, Avg: 5.0, Max: 18, Diff: 18, Sum: 40]
      [Scan RS (ms): Min: 0.0, Avg: 0.2, Max: 0.4, Diff: 0.3, Sum: 1.6]
      [Code Root Scanning (ms): Min: 0.0, Avg: 0.0, Max: 0.1, Diff: 0.1, Sum: 0.2]
      [Object Copy (ms): Min: 0.0, Avg: 3.3, Max: 3.8, Diff: 3.8, Sum: 26.1]
      [Termination (ms): Min: 0.0, Avg: 0.7, Max: 0.8, Diff: 0.8, Sum: 5.6]
         [Termination Attempts: Min: 1, Avg: 1.1, Max: 2, Diff: 1, Sum: 9]
      [GC Worker Other (ms): Min: 0.0, Avg: 0.0, Max: 0.1, Diff: 0.1, Sum: 0.3]
      [GC Worker Total (ms): Min: 0.1, Avg: 5.9, Max: 6.8, Diff: 6.8, Sum: 47.0]
      [GC Worker End (ms): Min: 75566680.0, Avg: 75566680.1, Max: 75566680.1, Diff: 0.1]
   [Code Root Fixup: 0.0 ms]
   [Code Root Purge: 0.0 ms]
   [Clear CT: 0.3 ms]
   [Other: 1.8 ms]
      [Choose CSet: 0.0 ms]
      [Ref Proc: 1.2 ms]
      [Ref Enq: 0.0 ms]
      [Redirty Cards: 0.2 ms]
      [Humongous Register: 0.0 ms]
      [Humongous Reclaim: 0.0 ms]
      [Free CSet: 0.2 ms]
   [Eden: 608.0M(608.0M)->0.0B(610.0M) Survivors: 6144.0K->4096.0K Heap: 839.2M(1024.0M)->229.2M(1024.0M)]
 [Times: user=0.06 sys=0.00, real=0.01 secs] 
2019-06-23T19:17:29.327+0900: 75986.983: [GC pause (G1 Evacuation Pause) (young), 0.0113586 secs]
   [Parallel Time: 7.7 ms, GC Workers: 8]
      [GC Worker Start (ms): Min: 75986982.9, Avg: 75986983.1, Max: 75986983.2, Diff: 0.3]
      [Ext Root Scanning (ms): Min: 0.6, Avg: 0.8, Max: 1.0, Diff: 0.4, Sum: 6.0]
      [Update RS (ms): Min: 0.7, Avg: 0.9, Max: 1.0, Diff: 0.3, Sum: 6.8]
         [Processed Buffers: Min: 1, Avg: 5.0, Max: 28, Diff: 27, Sum: 40]
      [Scan RS (ms): Min: 0.1, Avg: 0.2, Max: 0.3, Diff: 0.2, Sum: 1.6]
      [Code Root Scanning (ms): Min: 0.0, Avg: 0.0, Max: 0.1, Diff: 0.1, Sum: 0.2]
      [Object Copy (ms): Min: 5.2, Avg: 5.3, Max: 5.3, Diff: 0.1, Sum: 42.3]
      [Termination (ms): Min: 0.0, Avg: 0.0, Max: 0.0, Diff: 0.0, Sum: 0.0]
         [Termination Attempts: Min: 1, Avg: 1.0, Max: 1, Diff: 0, Sum: 8]
      [GC Worker Other (ms): Min: 0.0, Avg: 0.1, Max: 0.2, Diff: 0.2, Sum: 0.7]
      [GC Worker Total (ms): Min: 7.1, Avg: 7.2, Max: 7.4, Diff: 0.3, Sum: 57.7]
      [GC Worker End (ms): Min: 75986990.2, Avg: 75986990.3, Max: 75986990.4, Diff: 0.2]
   [Code Root Fixup: 0.0 ms]
   [Code Root Purge: 0.0 ms]
   [Clear CT: 0.7 ms]
   [Other: 3.0 ms]
      [Choose CSet: 0.0 ms]
      [Ref Proc: 1.0 ms]
      [Ref Enq: 0.0 ms]
      [Redirty Cards: 1.2 ms]
      [Humongous Register: 0.0 ms]
      [Humongous Reclaim: 0.0 ms]
      [Free CSet: 0.5 ms]
   [Eden: 610.0M(610.0M)->0.0B(608.0M) Survivors: 4096.0K->6144.0K Heap: 839.2M(1024.0M)->231.2M(1024.0M)]
 [Times: user=0.06 sys=0.00, real=0.02 secs] 
2019-06-23T19:25:02.566+0900: 76440.222: [GC pause (G1 Evacuation Pause) (young), 0.0142182 secs]
   [Parallel Time: 10.2 ms, GC Workers: 8]
      [GC Worker Start (ms): Min: 76440222.5, Avg: 76440224.2, Max: 76440232.0, Diff: 9.5]
      [Ext Root Scanning (ms): Min: 0.0, Avg: 0.6, Max: 1.1, Diff: 1.0, Sum: 4.7]
      [Update RS (ms): Min: 0.0, Avg: 0.8, Max: 1.4, Diff: 1.4, Sum: 6.0]
         [Processed Buffers: Min: 0, Avg: 5.1, Max: 11, Diff: 11, Sum: 41]
      [Scan RS (ms): Min: 0.1, Avg: 0.2, Max: 0.3, Diff: 0.2, Sum: 1.4]
      [Code Root Scanning (ms): Min: 0.0, Avg: 0.0, Max: 0.1, Diff: 0.1, Sum: 0.2]
      [Object Copy (ms): Min: 0.0, Avg: 4.8, Max: 5.6, Diff: 5.6, Sum: 38.3]
      [Termination (ms): Min: 0.0, Avg: 1.6, Max: 2.2, Diff: 2.2, Sum: 13.1]
         [Termination Attempts: Min: 1, Avg: 1.0, Max: 1, Diff: 0, Sum: 8]
      [GC Worker Other (ms): Min: 0.0, Avg: 0.0, Max: 0.0, Diff: 0.0, Sum: 0.2]
      [GC Worker Total (ms): Min: 0.1, Avg: 8.0, Max: 10.0, Diff: 9.9, Sum: 63.8]
      [GC Worker End (ms): Min: 76440232.1, Avg: 76440232.2, Max: 76440232.5, Diff: 0.4]
   [Code Root Fixup: 0.0 ms]
   [Code Root Purge: 0.0 ms]
   [Clear CT: 0.4 ms]
   [Other: 3.6 ms]
      [Choose CSet: 0.0 ms]
      [Ref Proc: 2.7 ms]
      [Ref Enq: 0.0 ms]
      [Redirty Cards: 0.3 ms]
      [Humongous Register: 0.0 ms]
      [Humongous Reclaim: 0.0 ms]
      [Free CSet: 0.3 ms]
   [Eden: 608.0M(608.0M)->0.0B(610.0M) Survivors: 6144.0K->4096.0K Heap: 839.2M(1024.0M)->229.5M(1024.0M)]
 [Times: user=0.08 sys=0.00, real=0.02 secs] 
2019-06-23T19:31:47.127+0900: 76844.783: [GC pause (G1 Evacuation Pause) (young), 0.0044831 secs]
   [Parallel Time: 3.0 ms, GC Workers: 8]
      [GC Worker Start (ms): Min: 76844782.8, Avg: 76844783.2, Max: 76844785.6, Diff: 2.8]
      [Ext Root Scanning (ms): Min: 0.0, Avg: 0.2, Max: 0.5, Diff: 0.5, Sum: 1.9]
      [Update RS (ms): Min: 0.0, Avg: 0.2, Max: 0.4, Diff: 0.4, Sum: 1.9]
         [Processed Buffers: Min: 0, Avg: 4.8, Max: 15, Diff: 15, Sum: 38]
      [Scan RS (ms): Min: 0.0, Avg: 0.1, Max: 0.1, Diff: 0.1, Sum: 0.5]
      [Code Root Scanning (ms): Min: 0.0, Avg: 0.0, Max: 0.0, Diff: 0.0, Sum: 0.0]
      [Object Copy (ms): Min: 0.0, Avg: 1.4, Max: 1.6, Diff: 1.6, Sum: 11.1]
      [Termination (ms): Min: 0.0, Avg: 0.6, Max: 0.7, Diff: 0.7, Sum: 4.6]
         [Termination Attempts: Min: 1, Avg: 1.1, Max: 2, Diff: 1, Sum: 9]
      [GC Worker Other (ms): Min: 0.0, Avg: 0.0, Max: 0.1, Diff: 0.1, Sum: 0.2]
      [GC Worker Total (ms): Min: 0.0, Avg: 2.5, Max: 3.0, Diff: 2.9, Sum: 20.2]
      [GC Worker End (ms): Min: 76844785.6, Avg: 76844785.7, Max: 76844785.7, Diff: 0.1]
   [Code Root Fixup: 0.0 ms]
   [Code Root Purge: 0.0 ms]
   [Clear CT: 0.2 ms]
   [Other: 1.2 ms]
      [Choose CSet: 0.0 ms]
      [Ref Proc: 0.8 ms]
      [Ref Enq: 0.0 ms]
      [Redirty Cards: 0.1 ms]
      [Humongous Register: 0.0 ms]
      [Humongous Reclaim: 0.0 ms]
      [Free CSet: 0.3 ms]
   [Eden: 610.0M(610.0M)->0.0B(609.0M) Survivors: 4096.0K->5120.0K Heap: 839.5M(1024.0M)->230.7M(1024.0M)]
 [Times: user=0.03 sys=0.00, real=0.01 secs] 
2019-06-23T19:40:09.811+0900: 77347.467: [GC pause (G1 Evacuation Pause) (young), 0.0111224 secs]
   [Parallel Time: 7.6 ms, GC Workers: 8]
      [GC Worker Start (ms): Min: 77347467.1, Avg: 77347467.3, Max: 77347467.4, Diff: 0.3]
      [Ext Root Scanning (ms): Min: 0.6, Avg: 0.8, Max: 1.0, Diff: 0.4, Sum: 6.2]
      [Update RS (ms): Min: 0.8, Avg: 1.1, Max: 1.5, Diff: 0.7, Sum: 9.1]
         [Processed Buffers: Min: 1, Avg: 5.0, Max: 27, Diff: 26, Sum: 40]
      [Scan RS (ms): Min: 0.1, Avg: 0.2, Max: 0.4, Diff: 0.3, Sum: 1.6]
      [Code Root Scanning (ms): Min: 0.0, Avg: 0.0, Max: 0.0, Diff: 0.0, Sum: 0.1]
      [Object Copy (ms): Min: 4.4, Avg: 4.7, Max: 4.8, Diff: 0.4, Sum: 37.7]
      [Termination (ms): Min: 0.0, Avg: 0.0, Max: 0.0, Diff: 0.0, Sum: 0.0]
         [Termination Attempts: Min: 1, Avg: 1.0, Max: 1, Diff: 0, Sum: 8]
      [GC Worker Other (ms): Min: 0.0, Avg: 0.1, Max: 0.2, Diff: 0.2, Sum: 0.6]
      [GC Worker Total (ms): Min: 6.8, Avg: 6.9, Max: 7.1, Diff: 0.3, Sum: 55.3]
      [GC Worker End (ms): Min: 77347474.1, Avg: 77347474.2, Max: 77347474.3, Diff: 0.2]
   [Code Root Fixup: 0.0 ms]
   [Code Root Purge: 0.0 ms]
   [Clear CT: 0.7 ms]
   [Other: 2.8 ms]
      [Choose CSet: 0.0 ms]
      [Ref Proc: 1.2 ms]
      [Ref Enq: 0.0 ms]
      [Redirty Cards: 0.8 ms]
      [Humongous Register: 0.0 ms]
      [Humongous Reclaim: 0.0 ms]
      [Free CSet: 0.4 ms]
   [Eden: 609.0M(609.0M)->0.0B(610.0M) Survivors: 5120.0K->4096.0K Heap: 839.7M(1024.0M)->229.7M(1024.0M)]
 [Times: user=0.06 sys=0.00, real=0.01 secs] 
2019-06-23T19:47:22.864+0900: 77780.520: [GC pause (G1 Evacuation Pause) (young), 0.0041533 secs]
   [Parallel Time: 2.6 ms, GC Workers: 8]
      [GC Worker Start (ms): Min: 77780520.6, Avg: 77780520.8, Max: 77780522.1, Diff: 1.5]
      [Ext Root Scanning (ms): Min: 0.0, Avg: 0.3, Max: 0.6, Diff: 0.5, Sum: 2.2]
      [Update RS (ms): Min: 0.0, Avg: 0.3, Max: 0.5, Diff: 0.5, Sum: 2.7]
         [Processed Buffers: Min: 0, Avg: 5.1, Max: 16, Diff: 16, Sum: 41]
      [Scan RS (ms): Min: 0.0, Avg: 0.1, Max: 0.1, Diff: 0.1, Sum: 0.5]
      [Code Root Scanning (ms): Min: 0.0, Avg: 0.0, Max: 0.0, Diff: 0.0, Sum: 0.0]
      [Object Copy (ms): Min: 0.7, Avg: 1.3, Max: 1.4, Diff: 0.7, Sum: 10.7]
      [Termination (ms): Min: 0.0, Avg: 0.0, Max: 0.0, Diff: 0.0, Sum: 0.0]
         [Termination Attempts: Min: 1, Avg: 1.0, Max: 1, Diff: 0, Sum: 8]
      [GC Worker Other (ms): Min: 0.0, Avg: 0.0, Max: 0.1, Diff: 0.1, Sum: 0.3]
      [GC Worker Total (ms): Min: 0.7, Avg: 2.1, Max: 2.3, Diff: 1.5, Sum: 16.5]
      [GC Worker End (ms): Min: 77780522.8, Avg: 77780522.9, Max: 77780522.9, Diff: 0.1]
   [Code Root Fixup: 0.0 ms]
   [Code Root Purge: 0.0 ms]
   [Clear CT: 0.4 ms]
   [Other: 1.2 ms]
      [Choose CSet: 0.0 ms]
      [Ref Proc: 0.3 ms]
      [Ref Enq: 0.0 ms]
      [Redirty Cards: 0.5 ms]
      [Humongous Register: 0.0 ms]
      [Humongous Reclaim: 0.0 ms]
      [Free CSet: 0.2 ms]
   [Eden: 610.0M(610.0M)->0.0B(610.0M) Survivors: 4096.0K->4096.0K Heap: 839.7M(1024.0M)->230.5M(1024.0M)]
 [Times: user=0.02 sys=0.00, real=0.00 secs] 
2019-06-23T19:59:04.753+0900: 78482.409: [GC pause (G1 Evacuation Pause) (young), 0.0088027 secs]
   [Parallel Time: 6.2 ms, GC Workers: 8]
      [GC Worker Start (ms): Min: 78482408.9, Avg: 78482409.1, Max: 78482409.3, Diff: 0.4]
      [Ext Root Scanning (ms): Min: 0.6, Avg: 0.8, Max: 1.0, Diff: 0.5, Sum: 6.2]
      [Update RS (ms): Min: 0.4, Avg: 0.5, Max: 0.8, Diff: 0.4, Sum: 3.7]
         [Processed Buffers: Min: 1, Avg: 4.9, Max: 13, Diff: 12, Sum: 39]
      [Scan RS (ms): Min: 0.1, Avg: 0.2, Max: 0.3, Diff: 0.2, Sum: 2.0]
      [Code Root Scanning (ms): Min: 0.0, Avg: 0.0, Max: 0.0, Diff: 0.0, Sum: 0.1]
      [Object Copy (ms): Min: 4.1, Avg: 4.2, Max: 4.3, Diff: 0.2, Sum: 33.6]
      [Termination (ms): Min: 0.0, Avg: 0.0, Max: 0.0, Diff: 0.0, Sum: 0.0]
         [Termination Attempts: Min: 1, Avg: 1.0, Max: 1, Diff: 0, Sum: 8]
      [GC Worker Other (ms): Min: 0.0, Avg: 0.1, Max: 0.1, Diff: 0.1, Sum: 0.5]
      [GC Worker Total (ms): Min: 5.6, Avg: 5.8, Max: 5.9, Diff: 0.3, Sum: 46.2]
      [GC Worker End (ms): Min: 78482414.9, Avg: 78482414.9, Max: 78482415.0, Diff: 0.1]
   [Code Root Fixup: 0.0 ms]
   [Code Root Purge: 0.0 ms]
   [Clear CT: 0.8 ms]
   [Other: 1.8 ms]
      [Choose CSet: 0.0 ms]
      [Ref Proc: 0.6 ms]
      [Ref Enq: 0.0 ms]
      [Redirty Cards: 0.8 ms]
      [Humongous Register: 0.0 ms]
      [Humongous Reclaim: 0.0 ms]
      [Free CSet: 0.2 ms]
   [Eden: 610.0M(610.0M)->0.0B(610.0M) Survivors: 4096.0K->4096.0K Heap: 840.5M(1024.0M)->230.2M(1024.0M)]
 [Times: user=0.05 sys=0.00, real=0.01 secs] 
2019-06-23T20:10:03.942+0900: 79141.598: [GC pause (G1 Evacuation Pause) (young), 0.0032922 secs]
   [Parallel Time: 2.3 ms, GC Workers: 8]
      [GC Worker Start (ms): Min: 79141597.6, Avg: 79141597.7, Max: 79141597.7, Diff: 0.1]
      [Ext Root Scanning (ms): Min: 0.2, Avg: 0.3, Max: 0.6, Diff: 0.3, Sum: 2.4]
      [Update RS (ms): Min: 0.0, Avg: 0.2, Max: 0.3, Diff: 0.3, Sum: 1.3]
         [Processed Buffers: Min: 0, Avg: 5.2, Max: 7, Diff: 7, Sum: 42]
      [Scan RS (ms): Min: 0.0, Avg: 0.1, Max: 0.1, Diff: 0.1, Sum: 0.7]
      [Code Root Scanning (ms): Min: 0.0, Avg: 0.0, Max: 0.0, Diff: 0.0, Sum: 0.0]
      [Object Copy (ms): Min: 1.4, Avg: 1.4, Max: 1.4, Diff: 0.0, Sum: 11.3]
      [Termination (ms): Min: 0.0, Avg: 0.0, Max: 0.0, Diff: 0.0, Sum: 0.0]
         [Termination Attempts: Min: 1, Avg: 1.5, Max: 2, Diff: 1, Sum: 12]
      [GC Worker Other (ms): Min: 0.0, Avg: 0.0, Max: 0.1, Diff: 0.1, Sum: 0.3]
      [GC Worker Total (ms): Min: 2.0, Avg: 2.0, Max: 2.1, Diff: 0.1, Sum: 16.1]
      [GC Worker End (ms): Min: 79141599.7, Avg: 79141599.7, Max: 79141599.7, Diff: 0.1]
   [Code Root Fixup: 0.0 ms]
   [Code Root Purge: 0.0 ms]
   [Clear CT: 0.2 ms]
   [Other: 0.8 ms]
      [Choose CSet: 0.0 ms]
      [Ref Proc: 0.3 ms]
      [Ref Enq: 0.0 ms]
      [Redirty Cards: 0.1 ms]
      [Humongous Register: 0.0 ms]
      [Humongous Reclaim: 0.0 ms]
      [Free CSet: 0.2 ms]
   [Eden: 610.0M(610.0M)->0.0B(611.0M) Survivors: 4096.0K->3072.0K Heap: 840.2M(1024.0M)->229.5M(1024.0M)]
 [Times: user=0.02 sys=0.00, real=0.00 secs] 
2019-06-23T22:11:53.939+0900: 86451.595: [GC pause (G1 Evacuation Pause) (young), 0.0099911 secs]
   [Parallel Time: 6.9 ms, GC Workers: 8]
      [GC Worker Start (ms): Min: 86451595.5, Avg: 86451595.7, Max: 86451595.8, Diff: 0.3]
      [Ext Root Scanning (ms): Min: 0.6, Avg: 0.8, Max: 1.0, Diff: 0.4, Sum: 6.1]
      [Update RS (ms): Min: 0.5, Avg: 0.6, Max: 0.9, Diff: 0.4, Sum: 4.8]
         [Processed Buffers: Min: 4, Avg: 5.4, Max: 8, Diff: 4, Sum: 43]
      [Scan RS (ms): Min: 0.1, Avg: 0.3, Max: 0.3, Diff: 0.2, Sum: 2.1]
      [Code Root Scanning (ms): Min: 0.0, Avg: 0.0, Max: 0.0, Diff: 0.0, Sum: 0.1]
      [Object Copy (ms): Min: 4.4, Avg: 4.5, Max: 4.5, Diff: 0.2, Sum: 36.0]
      [Termination (ms): Min: 0.0, Avg: 0.0, Max: 0.0, Diff: 0.0, Sum: 0.0]
         [Termination Attempts: Min: 1, Avg: 1.0, Max: 1, Diff: 0, Sum: 8]
      [GC Worker Other (ms): Min: 0.0, Avg: 0.0, Max: 0.1, Diff: 0.1, Sum: 0.3]
      [GC Worker Total (ms): Min: 6.0, Avg: 6.2, Max: 6.3, Diff: 0.3, Sum: 49.4]
      [GC Worker End (ms): Min: 86451601.8, Avg: 86451601.8, Max: 86451601.9, Diff: 0.1]
   [Code Root Fixup: 0.0 ms]
   [Code Root Purge: 0.0 ms]
   [Clear CT: 0.5 ms]
   [Other: 2.5 ms]
      [Choose CSet: 0.0 ms]
      [Ref Proc: 1.1 ms]
      [Ref Enq: 0.0 ms]
      [Redirty Cards: 1.0 ms]
      [Humongous Register: 0.0 ms]
      [Humongous Reclaim: 0.0 ms]
      [Free CSet: 0.2 ms]
   [Eden: 611.0M(611.0M)->0.0B(608.0M) Survivors: 3072.0K->6144.0K Heap: 840.5M(1024.0M)->232.1M(1024.0M)]
 [Times: user=0.05 sys=0.00, real=0.00 secs] 
2019-06-24T01:37:04.925+0900: 98762.581: [GC pause (G1 Evacuation Pause) (young), 0.0061974 secs]
   [Parallel Time: 2.8 ms, GC Workers: 8]
      [GC Worker Start (ms): Min: 98762581.2, Avg: 98762581.3, Max: 98762581.3, Diff: 0.2]
      [Ext Root Scanning (ms): Min: 0.2, Avg: 0.3, Max: 0.5, Diff: 0.4, Sum: 2.2]
      [Update RS (ms): Min: 0.0, Avg: 0.2, Max: 0.3, Diff: 0.3, Sum: 1.7]
         [Processed Buffers: Min: 0, Avg: 5.4, Max: 12, Diff: 12, Sum: 43]
      [Scan RS (ms): Min: 0.0, Avg: 0.1, Max: 0.1, Diff: 0.1, Sum: 0.6]
      [Code Root Scanning (ms): Min: 0.0, Avg: 0.0, Max: 0.0, Diff: 0.0, Sum: 0.0]
      [Object Copy (ms): Min: 1.8, Avg: 1.9, Max: 2.3, Diff: 0.4, Sum: 15.5]
      [Termination (ms): Min: 0.0, Avg: 0.0, Max: 0.0, Diff: 0.0, Sum: 0.0]
         [Termination Attempts: Min: 1, Avg: 4.4, Max: 7, Diff: 6, Sum: 35]
      [GC Worker Other (ms): Min: 0.0, Avg: 0.0, Max: 0.1, Diff: 0.1, Sum: 0.3]
      [GC Worker Total (ms): Min: 2.5, Avg: 2.5, Max: 2.7, Diff: 0.2, Sum: 20.3]
      [GC Worker End (ms): Min: 98762583.8, Avg: 98762583.8, Max: 98762583.8, Diff: 0.1]
   [Code Root Fixup: 0.0 ms]
   [Code Root Purge: 0.0 ms]
   [Clear CT: 0.5 ms]
   [Other: 2.9 ms]
      [Choose CSet: 0.0 ms]
      [Ref Proc: 1.7 ms]
      [Ref Enq: 0.0 ms]
      [Redirty Cards: 0.8 ms]
      [Humongous Register: 0.0 ms]
      [Humongous Reclaim: 0.0 ms]
      [Free CSet: 0.2 ms]
   [Eden: 608.0M(608.0M)->0.0B(608.0M) Survivors: 6144.0K->6144.0K Heap: 840.1M(1024.0M)->232.3M(1024.0M)]
 [Times: user=0.02 sys=0.00, real=0.01 secs] 
2019-06-24T03:03:07.906+0900: 103925.562: [GC pause (G1 Evacuation Pause) (young), 0.0070744 secs]
   [Parallel Time: 6.2 ms, GC Workers: 8]
      [GC Worker Start (ms): Min: 103925562.5, Avg: 103925565.2, Max: 103925568.0, Diff: 5.5]
      [Ext Root Scanning (ms): Min: 0.0, Avg: 0.2, Max: 0.6, Diff: 0.6, Sum: 1.4]
      [Update RS (ms): Min: 0.0, Avg: 0.3, Max: 0.7, Diff: 0.7, Sum: 2.1]
         [Processed Buffers: Min: 0, Avg: 5.9, Max: 34, Diff: 34, Sum: 47]
      [Scan RS (ms): Min: 0.0, Avg: 0.1, Max: 0.1, Diff: 0.1, Sum: 0.5]
      [Code Root Scanning (ms): Min: 0.0, Avg: 0.0, Max: 0.0, Diff: 0.0, Sum: 0.0]
      [Object Copy (ms): Min: 0.0, Avg: 2.1, Max: 5.9, Diff: 5.9, Sum: 17.1]
      [Termination (ms): Min: 0.0, Avg: 0.7, Max: 1.2, Diff: 1.2, Sum: 5.8]
         [Termination Attempts: Min: 1, Avg: 1.0, Max: 1, Diff: 0, Sum: 8]
      [GC Worker Other (ms): Min: 0.0, Avg: 0.0, Max: 0.0, Diff: 0.0, Sum: 0.0]
      [GC Worker Total (ms): Min: 0.6, Avg: 3.4, Max: 6.1, Diff: 5.5, Sum: 26.9]
      [GC Worker End (ms): Min: 103925568.6, Avg: 103925568.6, Max: 103925568.6, Diff: 0.1]
   [Code Root Fixup: 0.0 ms]
   [Code Root Purge: 0.0 ms]
   [Clear CT: 0.1 ms]
   [Other: 0.8 ms]
      [Choose CSet: 0.0 ms]
      [Ref Proc: 0.4 ms]
      [Ref Enq: 0.0 ms]
      [Redirty Cards: 0.1 ms]
      [Humongous Register: 0.0 ms]
      [Humongous Reclaim: 0.0 ms]
      [Free CSet: 0.2 ms]
   [Eden: 608.0M(608.0M)->0.0B(607.0M) Survivors: 6144.0K->7168.0K Heap: 840.3M(1024.0M)->233.0M(1024.0M)]
 [Times: user=0.02 sys=0.01, real=0.01 secs] 
2019-06-24T03:23:55.293+0900: 105172.949: [GC pause (G1 Evacuation Pause) (young), 0.0058618 secs]
   [Parallel Time: 4.1 ms, GC Workers: 8]
      [GC Worker Start (ms): Min: 105172948.9, Avg: 105172949.9, Max: 105172952.9, Diff: 4.0]
      [Ext Root Scanning (ms): Min: 0.0, Avg: 0.2, Max: 0.6, Diff: 0.6, Sum: 1.7]
      [Update RS (ms): Min: 0.0, Avg: 0.3, Max: 0.5, Diff: 0.5, Sum: 2.2]
         [Processed Buffers: Min: 0, Avg: 5.1, Max: 17, Diff: 17, Sum: 41]
      [Scan RS (ms): Min: 0.0, Avg: 0.1, Max: 0.1, Diff: 0.1, Sum: 0.5]
      [Code Root Scanning (ms): Min: 0.0, Avg: 0.0, Max: 0.0, Diff: 0.0, Sum: 0.0]
      [Object Copy (ms): Min: 0.0, Avg: 1.7, Max: 2.3, Diff: 2.3, Sum: 13.4]
      [Termination (ms): Min: 0.0, Avg: 0.9, Max: 1.1, Diff: 1.1, Sum: 7.0]
         [Termination Attempts: Min: 1, Avg: 5.8, Max: 16, Diff: 15, Sum: 46]
      [GC Worker Other (ms): Min: 0.0, Avg: 0.0, Max: 0.0, Diff: 0.0, Sum: 0.1]
      [GC Worker Total (ms): Min: 0.0, Avg: 3.1, Max: 4.1, Diff: 4.1, Sum: 24.9]
      [GC Worker End (ms): Min: 105172952.9, Avg: 105172953.0, Max: 105172953.0, Diff: 0.1]
   [Code Root Fixup: 0.0 ms]
   [Code Root Purge: 0.0 ms]
   [Clear CT: 0.1 ms]
   [Other: 1.6 ms]
      [Choose CSet: 0.0 ms]
      [Ref Proc: 1.2 ms]
      [Ref Enq: 0.0 ms]
      [Redirty Cards: 0.1 ms]
      [Humongous Register: 0.0 ms]
      [Humongous Reclaim: 0.0 ms]
      [Free CSet: 0.2 ms]
   [Eden: 607.0M(607.0M)->0.0B(607.0M) Survivors: 7168.0K->7168.0K Heap: 840.0M(1024.0M)->233.0M(1024.0M)]
 [Times: user=0.04 sys=0.00, real=0.01 secs] 
2019-06-24T03:32:45.043+0900: 105702.699: [GC pause (G1 Evacuation Pause) (young), 0.0057603 secs]
   [Parallel Time: 4.5 ms, GC Workers: 8]
      [GC Worker Start (ms): Min: 105702699.5, Avg: 105702701.7, Max: 105702703.9, Diff: 4.4]
      [Ext Root Scanning (ms): Min: 0.0, Avg: 0.2, Max: 0.5, Diff: 0.5, Sum: 1.5]
      [Update RS (ms): Min: 0.0, Avg: 0.3, Max: 0.6, Diff: 0.6, Sum: 2.1]
         [Processed Buffers: Min: 0, Avg: 5.2, Max: 22, Diff: 22, Sum: 42]
      [Scan RS (ms): Min: 0.0, Avg: 0.1, Max: 0.1, Diff: 0.1, Sum: 0.4]
      [Code Root Scanning (ms): Min: 0.0, Avg: 0.0, Max: 0.0, Diff: 0.0, Sum: 0.0]
      [Object Copy (ms): Min: 0.0, Avg: 1.4, Max: 2.9, Diff: 2.9, Sum: 11.4]
      [Termination (ms): Min: 0.0, Avg: 0.3, Max: 0.6, Diff: 0.6, Sum: 2.4]
         [Termination Attempts: Min: 1, Avg: 1.1, Max: 2, Diff: 1, Sum: 9]
      [GC Worker Other (ms): Min: 0.0, Avg: 0.0, Max: 0.0, Diff: 0.0, Sum: 0.1]
      [GC Worker Total (ms): Min: 0.0, Avg: 2.2, Max: 4.4, Diff: 4.4, Sum: 17.9]
      [GC Worker End (ms): Min: 105702703.9, Avg: 105702703.9, Max: 105702703.9, Diff: 0.0]
   [Code Root Fixup: 0.0 ms]
   [Code Root Purge: 0.0 ms]
   [Clear CT: 0.1 ms]
   [Other: 1.1 ms]
      [Choose CSet: 0.0 ms]
      [Ref Proc: 0.8 ms]
      [Ref Enq: 0.0 ms]
      [Redirty Cards: 0.1 ms]
      [Humongous Register: 0.0 ms]
      [Humongous Reclaim: 0.0 ms]
      [Free CSet: 0.2 ms]
   [Eden: 607.0M(607.0M)->0.0B(608.0M) Survivors: 7168.0K->6144.0K Heap: 840.0M(1024.0M)->232.0M(1024.0M)]
 [Times: user=0.02 sys=0.00, real=0.00 secs] 
2019-06-24T03:42:16.263+0900: 106273.919: [GC pause (G1 Evacuation Pause) (young), 0.0054302 secs]
   [Parallel Time: 3.6 ms, GC Workers: 8]
      [GC Worker Start (ms): Min: 106273919.2, Avg: 106273919.7, Max: 106273922.5, Diff: 3.3]
      [Ext Root Scanning (ms): Min: 0.0, Avg: 0.2, Max: 0.5, Diff: 0.5, Sum: 1.7]
      [Update RS (ms): Min: 0.0, Avg: 0.3, Max: 0.4, Diff: 0.4, Sum: 2.2]
         [Processed Buffers: Min: 0, Avg: 5.1, Max: 15, Diff: 15, Sum: 41]
      [Scan RS (ms): Min: 0.0, Avg: 0.1, Max: 0.1, Diff: 0.1, Sum: 0.5]
      [Code Root Scanning (ms): Min: 0.0, Avg: 0.0, Max: 0.0, Diff: 0.0, Sum: 0.0]
      [Object Copy (ms): Min: 0.0, Avg: 1.6, Max: 1.8, Diff: 1.8, Sum: 12.8]
      [Termination (ms): Min: 0.0, Avg: 0.8, Max: 1.1, Diff: 1.1, Sum: 6.3]
         [Termination Attempts: Min: 1, Avg: 2.9, Max: 5, Diff: 4, Sum: 23]
      [GC Worker Other (ms): Min: 0.0, Avg: 0.0, Max: 0.0, Diff: 0.0, Sum: 0.0]
      [GC Worker Total (ms): Min: 0.0, Avg: 2.9, Max: 3.6, Diff: 3.6, Sum: 23.5]
      [GC Worker End (ms): Min: 106273922.5, Avg: 106273922.6, Max: 106273922.8, Diff: 0.3]
   [Code Root Fixup: 0.0 ms]
   [Code Root Purge: 0.0 ms]
   [Clear CT: 0.1 ms]
   [Other: 1.7 ms]
      [Choose CSet: 0.0 ms]
      [Ref Proc: 1.2 ms]
      [Ref Enq: 0.0 ms]
      [Redirty Cards: 0.1 ms]
      [Humongous Register: 0.0 ms]
      [Humongous Reclaim: 0.0 ms]
      [Free CSet: 0.2 ms]
   [Eden: 608.0M(608.0M)->0.0B(606.0M) Survivors: 6144.0K->8192.0K Heap: 840.0M(1024.0M)->234.0M(1024.0M)]
 [Times: user=0.03 sys=0.00, real=0.00 secs] 
2019-06-24T03:51:57.319+0900: 106854.975: [GC pause (G1 Evacuation Pause) (young), 0.0058961 secs]
   [Parallel Time: 4.6 ms, GC Workers: 8]
      [GC Worker Start (ms): Min: 106854975.0, Avg: 106854976.9, Max: 106854979.5, Diff: 4.4]
      [Ext Root Scanning (ms): Min: 0.0, Avg: 0.2, Max: 0.5, Diff: 0.5, Sum: 1.4]
      [Update RS (ms): Min: 0.0, Avg: 0.3, Max: 0.6, Diff: 0.6, Sum: 2.0]
         [Processed Buffers: Min: 0, Avg: 5.2, Max: 24, Diff: 24, Sum: 42]
      [Scan RS (ms): Min: 0.0, Avg: 0.0, Max: 0.1, Diff: 0.1, Sum: 0.4]
      [Code Root Scanning (ms): Min: 0.0, Avg: 0.0, Max: 0.0, Diff: 0.0, Sum: 0.0]
      [Object Copy (ms): Min: 0.0, Avg: 1.7, Max: 3.4, Diff: 3.4, Sum: 13.7]
      [Termination (ms): Min: 0.0, Avg: 0.4, Max: 0.7, Diff: 0.7, Sum: 3.5]
         [Termination Attempts: Min: 1, Avg: 2.8, Max: 6, Diff: 5, Sum: 22]
      [GC Worker Other (ms): Min: 0.0, Avg: 0.0, Max: 0.0, Diff: 0.0, Sum: 0.1]
      [GC Worker Total (ms): Min: 0.0, Avg: 2.6, Max: 4.6, Diff: 4.5, Sum: 21.1]
      [GC Worker End (ms): Min: 106854979.5, Avg: 106854979.6, Max: 106854979.6, Diff: 0.1]
   [Code Root Fixup: 0.0 ms]
   [Code Root Purge: 0.0 ms]
   [Clear CT: 0.1 ms]
   [Other: 1.2 ms]
      [Choose CSet: 0.0 ms]
      [Ref Proc: 0.7 ms]
      [Ref Enq: 0.0 ms]
      [Redirty Cards: 0.1 ms]
      [Humongous Register: 0.0 ms]
      [Humongous Reclaim: 0.0 ms]
      [Free CSet: 0.2 ms]
   [Eden: 606.0M(606.0M)->0.0B(608.0M) Survivors: 8192.0K->6144.0K Heap: 840.0M(1024.0M)->232.4M(1024.0M)]
 [Times: user=0.03 sys=0.00, real=0.00 secs] 
2019-06-24T04:19:00.730+0900: 108478.386: [GC pause (G1 Evacuation Pause) (young), 0.0156406 secs]
   [Parallel Time: 11.1 ms, GC Workers: 8]
      [GC Worker Start (ms): Min: 108478385.8, Avg: 108478387.5, Max: 108478390.2, Diff: 4.4]
      [Ext Root Scanning (ms): Min: 0.0, Avg: 0.6, Max: 1.1, Diff: 1.1, Sum: 4.8]
      [Update RS (ms): Min: 0.0, Avg: 1.0, Max: 1.8, Diff: 1.8, Sum: 7.9]
         [Processed Buffers: Min: 0, Avg: 5.5, Max: 18, Diff: 18, Sum: 44]
      [Scan RS (ms): Min: 0.1, Avg: 0.2, Max: 0.4, Diff: 0.3, Sum: 1.2]
      [Code Root Scanning (ms): Min: 0.0, Avg: 0.0, Max: 0.0, Diff: 0.0, Sum: 0.1]
      [Object Copy (ms): Min: 4.9, Avg: 6.2, Max: 7.9, Diff: 3.0, Sum: 49.7]
      [Termination (ms): Min: 0.0, Avg: 1.2, Max: 1.6, Diff: 1.6, Sum: 9.6]
         [Termination Attempts: Min: 1, Avg: 1.5, Max: 2, Diff: 1, Sum: 12]
      [GC Worker Other (ms): Min: 0.0, Avg: 0.0, Max: 0.0, Diff: 0.0, Sum: 0.1]
      [GC Worker Total (ms): Min: 6.5, Avg: 9.2, Max: 10.9, Diff: 4.3, Sum: 73.5]
      [GC Worker End (ms): Min: 108478396.6, Avg: 108478396.7, Max: 108478396.7, Diff: 0.2]
   [Code Root Fixup: 0.0 ms]
   [Code Root Purge: 0.0 ms]
   [Clear CT: 0.2 ms]
   [Other: 4.3 ms]
      [Choose CSet: 0.0 ms]
      [Ref Proc: 3.7 ms]
      [Ref Enq: 0.0 ms]
      [Redirty Cards: 0.1 ms]
      [Humongous Register: 0.1 ms]
      [Humongous Reclaim: 0.0 ms]
      [Free CSet: 0.2 ms]
   [Eden: 608.0M(608.0M)->0.0B(606.0M) Survivors: 6144.0K->8192.0K Heap: 840.4M(1024.0M)->234.0M(1024.0M)]
 [Times: user=0.08 sys=0.00, real=0.02 secs] 
2019-06-24T04:25:25.250+0900: 108862.906: [GC pause (G1 Evacuation Pause) (young), 0.0076774 secs]
   [Parallel Time: 6.5 ms, GC Workers: 8]
      [GC Worker Start (ms): Min: 108862906.3, Avg: 108862907.3, Max: 108862912.5, Diff: 6.2]
      [Ext Root Scanning (ms): Min: 0.0, Avg: 0.3, Max: 0.6, Diff: 0.6, Sum: 2.7]
      [Update RS (ms): Min: 0.0, Avg: 0.5, Max: 0.9, Diff: 0.9, Sum: 4.1]
         [Processed Buffers: Min: 0, Avg: 5.4, Max: 19, Diff: 19, Sum: 43]
      [Scan RS (ms): Min: 0.0, Avg: 0.1, Max: 0.2, Diff: 0.1, Sum: 0.8]
      [Code Root Scanning (ms): Min: 0.0, Avg: 0.0, Max: 0.0, Diff: 0.0, Sum: 0.0]
      [Object Copy (ms): Min: 0.0, Avg: 3.3, Max: 3.8, Diff: 3.8, Sum: 26.3]
      [Termination (ms): Min: 0.0, Avg: 1.0, Max: 1.2, Diff: 1.2, Sum: 8.3]
         [Termination Attempts: Min: 1, Avg: 2.9, Max: 6, Diff: 5, Sum: 23]
      [GC Worker Other (ms): Min: 0.0, Avg: 0.0, Max: 0.0, Diff: 0.0, Sum: 0.1]
      [GC Worker Total (ms): Min: 0.1, Avg: 5.3, Max: 6.3, Diff: 6.3, Sum: 42.4]
      [GC Worker End (ms): Min: 108862912.6, Avg: 108862912.6, Max: 108862912.6, Diff: 0.1]
   [Code Root Fixup: 0.0 ms]
   [Code Root Purge: 0.0 ms]
   [Clear CT: 0.2 ms]
   [Other: 1.0 ms]
      [Choose CSet: 0.0 ms]
      [Ref Proc: 0.3 ms]
      [Ref Enq: 0.0 ms]
      [Redirty Cards: 0.3 ms]
      [Humongous Register: 0.0 ms]
      [Humongous Reclaim: 0.0 ms]
      [Free CSet: 0.3 ms]
   [Eden: 606.0M(606.0M)->0.0B(609.0M) Survivors: 8192.0K->5120.0K Heap: 840.0M(1024.0M)->231.4M(1024.0M)]
 [Times: user=0.04 sys=0.00, real=0.00 secs] 
2019-06-24T04:31:19.843+0900: 109217.499: [GC pause (G1 Evacuation Pause) (young), 0.0033007 secs]
   [Parallel Time: 2.6 ms, GC Workers: 8]
      [GC Worker Start (ms): Min: 109217499.2, Avg: 109217499.2, Max: 109217499.3, Diff: 0.1]
      [Ext Root Scanning (ms): Min: 0.2, Avg: 0.3, Max: 0.5, Diff: 0.4, Sum: 2.0]
      [Update RS (ms): Min: 0.0, Avg: 0.3, Max: 0.4, Diff: 0.3, Sum: 2.5]
         [Processed Buffers: Min: 1, Avg: 5.1, Max: 10, Diff: 9, Sum: 41]
      [Scan RS (ms): Min: 0.0, Avg: 0.1, Max: 0.1, Diff: 0.1, Sum: 0.5]
      [Code Root Scanning (ms): Min: 0.0, Avg: 0.0, Max: 0.0, Diff: 0.0, Sum: 0.0]
      [Object Copy (ms): Min: 1.8, Avg: 1.8, Max: 1.8, Diff: 0.0, Sum: 14.5]
      [Termination (ms): Min: 0.0, Avg: 0.0, Max: 0.0, Diff: 0.0, Sum: 0.0]
         [Termination Attempts: Min: 1, Avg: 2.9, Max: 6, Diff: 5, Sum: 23]
      [GC Worker Other (ms): Min: 0.0, Avg: 0.0, Max: 0.1, Diff: 0.1, Sum: 0.3]
      [GC Worker Total (ms): Min: 2.4, Avg: 2.5, Max: 2.6, Diff: 0.1, Sum: 19.9]
      [GC Worker End (ms): Min: 109217501.7, Avg: 109217501.7, Max: 109217501.8, Diff: 0.1]
   [Code Root Fixup: 0.0 ms]
   [Code Root Purge: 0.0 ms]
   [Clear CT: 0.2 ms]
   [Other: 0.5 ms]
      [Choose CSet: 0.0 ms]
      [Ref Proc: 0.1 ms]
      [Ref Enq: 0.0 ms]
      [Redirty Cards: 0.1 ms]
      [Humongous Register: 0.0 ms]
      [Humongous Reclaim: 0.0 ms]
      [Free CSet: 0.2 ms]
   [Eden: 609.0M(609.0M)->0.0B(605.0M) Survivors: 5120.0K->9216.0K Heap: 840.4M(1024.0M)->235.0M(1024.0M)]
 [Times: user=0.01 sys=0.01, real=0.00 secs] 
2019-06-24T04:37:51.121+0900: 109608.777: [GC pause (G1 Evacuation Pause) (young), 0.0064103 secs]
   [Parallel Time: 3.7 ms, GC Workers: 8]
      [GC Worker Start (ms): Min: 109608776.9, Avg: 109608777.0, Max: 109608777.0, Diff: 0.1]
      [Ext Root Scanning (ms): Min: 0.2, Avg: 0.3, Max: 0.6, Diff: 0.4, Sum: 2.7]
      [Update RS (ms): Min: 0.2, Avg: 0.5, Max: 0.6, Diff: 0.3, Sum: 3.6]
         [Processed Buffers: Min: 1, Avg: 5.1, Max: 21, Diff: 20, Sum: 41]
      [Scan RS (ms): Min: 0.0, Avg: 0.1, Max: 0.1, Diff: 0.1, Sum: 0.8]
      [Code Root Scanning (ms): Min: 0.0, Avg: 0.0, Max: 0.0, Diff: 0.0, Sum: 0.0]
      [Object Copy (ms): Min: 2.5, Avg: 2.6, Max: 2.6, Diff: 0.0, Sum: 20.5]
      [Termination (ms): Min: 0.0, Avg: 0.0, Max: 0.0, Diff: 0.0, Sum: 0.0]
         [Termination Attempts: Min: 1, Avg: 2.0, Max: 3, Diff: 2, Sum: 16]
      [GC Worker Other (ms): Min: 0.0, Avg: 0.0, Max: 0.1, Diff: 0.1, Sum: 0.3]
      [GC Worker Total (ms): Min: 3.4, Avg: 3.5, Max: 3.6, Diff: 0.2, Sum: 27.9]
      [GC Worker End (ms): Min: 109608780.4, Avg: 109608780.5, Max: 109608780.5, Diff: 0.1]
   [Code Root Fixup: 0.0 ms]
   [Code Root Purge: 0.0 ms]
   [Clear CT: 0.2 ms]
   [Other: 2.5 ms]
      [Choose CSet: 0.0 ms]
      [Ref Proc: 1.8 ms]
      [Ref Enq: 0.0 ms]
      [Redirty Cards: 0.4 ms]
      [Humongous Register: 0.0 ms]
      [Humongous Reclaim: 0.0 ms]
      [Free CSet: 0.2 ms]
   [Eden: 605.0M(605.0M)->0.0B(608.0M) Survivors: 9216.0K->6144.0K Heap: 840.0M(1024.0M)->232.1M(1024.0M)]
 [Times: user=0.04 sys=0.00, real=0.00 secs] 
2019-06-24T04:54:27.154+0900: 110604.810: [GC pause (G1 Evacuation Pause) (young), 0.0049222 secs]
   [Parallel Time: 3.5 ms, GC Workers: 8]
      [GC Worker Start (ms): Min: 110604809.7, Avg: 110604810.1, Max: 110604812.8, Diff: 3.0]
      [Ext Root Scanning (ms): Min: 0.0, Avg: 0.2, Max: 0.6, Diff: 0.6, Sum: 2.0]
      [Update RS (ms): Min: 0.0, Avg: 0.3, Max: 0.5, Diff: 0.5, Sum: 2.4]
         [Processed Buffers: Min: 0, Avg: 5.0, Max: 14, Diff: 14, Sum: 40]
      [Scan RS (ms): Min: 0.0, Avg: 0.1, Max: 0.1, Diff: 0.1, Sum: 0.5]
      [Code Root Scanning (ms): Min: 0.0, Avg: 0.0, Max: 0.0, Diff: 0.0, Sum: 0.0]
      [Object Copy (ms): Min: 0.0, Avg: 1.6, Max: 1.8, Diff: 1.8, Sum: 12.5]
      [Termination (ms): Min: 0.0, Avg: 0.6, Max: 1.0, Diff: 1.0, Sum: 4.7]
         [Termination Attempts: Min: 1, Avg: 1.2, Max: 2, Diff: 1, Sum: 10]
      [GC Worker Other (ms): Min: 0.0, Avg: 0.0, Max: 0.0, Diff: 0.0, Sum: 0.1]
      [GC Worker Total (ms): Min: 0.0, Avg: 2.8, Max: 3.4, Diff: 3.4, Sum: 22.2]
      [GC Worker End (ms): Min: 110604812.8, Avg: 110604812.9, Max: 110604813.2, Diff: 0.4]
   [Code Root Fixup: 0.0 ms]
   [Code Root Purge: 0.0 ms]
   [Clear CT: 0.2 ms]
   [Other: 1.2 ms]
      [Choose CSet: 0.0 ms]
      [Ref Proc: 0.8 ms]
      [Ref Enq: 0.0 ms]
      [Redirty Cards: 0.1 ms]
      [Humongous Register: 0.0 ms]
      [Humongous Reclaim: 0.0 ms]
      [Free CSet: 0.2 ms]
   [Eden: 608.0M(608.0M)->0.0B(606.0M) Survivors: 6144.0K->8192.0K Heap: 840.1M(1024.0M)->234.0M(1024.0M)]
 [Times: user=0.02 sys=0.00, real=0.01 secs] 
2019-06-24T04:54:48.239+0900: 110625.895: [GC pause (G1 Evacuation Pause) (young), 0.0051031 secs]
   [Parallel Time: 3.4 ms, GC Workers: 8]
      [GC Worker Start (ms): Min: 110625895.6, Avg: 110625895.7, Max: 110625895.9, Diff: 0.3]
      [Ext Root Scanning (ms): Min: 0.0, Avg: 0.2, Max: 0.6, Diff: 0.6, Sum: 1.8]
      [Update RS (ms): Min: 0.0, Avg: 0.3, Max: 0.5, Diff: 0.5, Sum: 2.2]
         [Processed Buffers: Min: 0, Avg: 4.4, Max: 11, Diff: 11, Sum: 35]
      [Scan RS (ms): Min: 0.0, Avg: 0.1, Max: 0.1, Diff: 0.1, Sum: 0.5]
      [Code Root Scanning (ms): Min: 0.0, Avg: 0.0, Max: 0.0, Diff: 0.0, Sum: 0.0]
      [Object Copy (ms): Min: 1.8, Avg: 2.0, Max: 2.9, Diff: 1.1, Sum: 15.7]
      [Termination (ms): Min: 0.0, Avg: 0.5, Max: 0.7, Diff: 0.7, Sum: 4.2]
         [Termination Attempts: Min: 1, Avg: 1.1, Max: 2, Diff: 1, Sum: 9]
      [GC Worker Other (ms): Min: 0.0, Avg: 0.0, Max: 0.0, Diff: 0.0, Sum: 0.1]
      [GC Worker Total (ms): Min: 2.9, Avg: 3.1, Max: 3.3, Diff: 0.4, Sum: 24.6]
      [GC Worker End (ms): Min: 110625898.7, Avg: 110625898.7, Max: 110625898.9, Diff: 0.2]
   [Code Root Fixup: 0.0 ms]
   [Code Root Purge: 0.0 ms]
   [Clear CT: 0.1 ms]
   [Other: 1.6 ms]
      [Choose CSet: 0.0 ms]
      [Ref Proc: 1.1 ms]
      [Ref Enq: 0.0 ms]
      [Redirty Cards: 0.1 ms]
      [Humongous Register: 0.0 ms]
      [Humongous Reclaim: 0.0 ms]
      [Free CSet: 0.2 ms]
   [Eden: 606.0M(606.0M)->0.0B(606.0M) Survivors: 8192.0K->8192.0K Heap: 840.0M(1024.0M)->234.5M(1024.0M)]
 [Times: user=0.03 sys=0.00, real=0.00 secs] 
2019-06-24T05:04:02.261+0900: 111179.917: [GC pause (G1 Evacuation Pause) (young), 0.0064974 secs]
   [Parallel Time: 4.3 ms, GC Workers: 8]
      [GC Worker Start (ms): Min: 111179916.6, Avg: 111179917.6, Max: 111179920.6, Diff: 4.0]
      [Ext Root Scanning (ms): Min: 0.0, Avg: 0.2, Max: 0.5, Diff: 0.5, Sum: 1.7]
      [Update RS (ms): Min: 0.0, Avg: 0.3, Max: 0.4, Diff: 0.4, Sum: 2.2]
         [Processed Buffers: Min: 0, Avg: 5.4, Max: 18, Diff: 18, Sum: 43]
      [Scan RS (ms): Min: 0.0, Avg: 0.1, Max: 0.1, Diff: 0.1, Sum: 0.5]
      [Code Root Scanning (ms): Min: 0.0, Avg: 0.0, Max: 0.0, Diff: 0.0, Sum: 0.0]
      [Object Copy (ms): Min: 0.0, Avg: 1.6, Max: 2.2, Diff: 2.2, Sum: 12.8]
      [Termination (ms): Min: 0.0, Avg: 0.9, Max: 1.2, Diff: 1.2, Sum: 7.5]
         [Termination Attempts: Min: 1, Avg: 1.0, Max: 1, Diff: 0, Sum: 8]
      [GC Worker Other (ms): Min: 0.0, Avg: 0.0, Max: 0.0, Diff: 0.0, Sum: 0.1]
      [GC Worker Total (ms): Min: 0.0, Avg: 3.1, Max: 4.1, Diff: 4.1, Sum: 24.7]
      [GC Worker End (ms): Min: 111179920.6, Avg: 111179920.7, Max: 111179920.7, Diff: 0.1]
   [Code Root Fixup: 0.0 ms]
   [Code Root Purge: 0.0 ms]
   [Clear CT: 0.2 ms]
   [Other: 2.0 ms]
      [Choose CSet: 0.0 ms]
      [Ref Proc: 1.6 ms]
      [Ref Enq: 0.0 ms]
      [Redirty Cards: 0.1 ms]
      [Humongous Register: 0.0 ms]
      [Humongous Reclaim: 0.0 ms]
      [Free CSet: 0.2 ms]
   [Eden: 606.0M(606.0M)->0.0B(607.0M) Survivors: 8192.0K->7168.0K Heap: 840.5M(1024.0M)->232.9M(1024.0M)]
 [Times: user=0.03 sys=0.00, real=0.00 secs] 
2019-06-24T05:15:58.891+0900: 111896.547: [GC pause (G1 Evacuation Pause) (young), 0.0079302 secs]
   [Parallel Time: 5.1 ms, GC Workers: 8]
      [GC Worker Start (ms): Min: 111896547.1, Avg: 111896548.7, Max: 111896552.1, Diff: 5.0]
      [Ext Root Scanning (ms): Min: 0.0, Avg: 0.2, Max: 0.6, Diff: 0.6, Sum: 1.7]
      [Update RS (ms): Min: 0.0, Avg: 0.3, Max: 0.6, Diff: 0.6, Sum: 2.2]
         [Processed Buffers: Min: 0, Avg: 5.1, Max: 20, Diff: 20, Sum: 41]
      [Scan RS (ms): Min: 0.0, Avg: 0.1, Max: 0.1, Diff: 0.1, Sum: 0.5]
      [Code Root Scanning (ms): Min: 0.0, Avg: 0.0, Max: 0.0, Diff: 0.0, Sum: 0.0]
      [Object Copy (ms): Min: 0.0, Avg: 1.6, Max: 2.6, Diff: 2.6, Sum: 12.7]
      [Termination (ms): Min: 0.0, Avg: 1.2, Max: 1.7, Diff: 1.7, Sum: 10.0]
         [Termination Attempts: Min: 1, Avg: 1.2, Max: 2, Diff: 1, Sum: 10]
      [GC Worker Other (ms): Min: 0.0, Avg: 0.0, Max: 0.0, Diff: 0.0, Sum: 0.0]
      [GC Worker Total (ms): Min: 0.0, Avg: 3.4, Max: 5.1, Diff: 5.1, Sum: 27.1]
      [GC Worker End (ms): Min: 111896552.1, Avg: 111896552.1, Max: 111896552.2, Diff: 0.1]
   [Code Root Fixup: 0.0 ms]
   [Code Root Purge: 0.0 ms]
   [Clear CT: 0.1 ms]
   [Other: 2.7 ms]
      [Choose CSet: 0.0 ms]
      [Ref Proc: 2.3 ms]
      [Ref Enq: 0.0 ms]
      [Redirty Cards: 0.1 ms]
      [Humongous Register: 0.0 ms]
      [Humongous Reclaim: 0.0 ms]
      [Free CSet: 0.2 ms]
   [Eden: 607.0M(607.0M)->0.0B(608.0M) Survivors: 7168.0K->6144.0K Heap: 839.9M(1024.0M)->232.1M(1024.0M)]
 [Times: user=0.03 sys=0.00, real=0.01 secs] 
2019-06-24T05:19:49.536+0900: 112127.192: [GC pause (G1 Evacuation Pause) (young), 0.0065580 secs]
   [Parallel Time: 4.7 ms, GC Workers: 8]
      [GC Worker Start (ms): Min: 112127191.7, Avg: 112127193.7, Max: 112127196.2, Diff: 4.5]
      [Ext Root Scanning (ms): Min: 0.0, Avg: 0.2, Max: 0.6, Diff: 0.6, Sum: 1.4]
      [Update RS (ms): Min: 0.0, Avg: 0.2, Max: 0.6, Diff: 0.6, Sum: 1.9]
         [Processed Buffers: Min: 0, Avg: 5.2, Max: 31, Diff: 31, Sum: 42]
      [Scan RS (ms): Min: 0.0, Avg: 0.0, Max: 0.1, Diff: 0.1, Sum: 0.4]
      [Code Root Scanning (ms): Min: 0.0, Avg: 0.0, Max: 0.0, Diff: 0.0, Sum: 0.0]
      [Object Copy (ms): Min: 0.0, Avg: 1.6, Max: 2.9, Diff: 2.9, Sum: 13.2]
      [Termination (ms): Min: 0.0, Avg: 0.4, Max: 0.6, Diff: 0.6, Sum: 3.4]
         [Termination Attempts: Min: 1, Avg: 1.8, Max: 3, Diff: 2, Sum: 14]
      [GC Worker Other (ms): Min: 0.0, Avg: 0.0, Max: 0.0, Diff: 0.0, Sum: 0.0]
      [GC Worker Total (ms): Min: 0.0, Avg: 2.5, Max: 4.6, Diff: 4.6, Sum: 20.3]
      [GC Worker End (ms): Min: 112127196.3, Avg: 112127196.3, Max: 112127196.3, Diff: 0.1]
   [Code Root Fixup: 0.0 ms]
   [Code Root Purge: 0.0 ms]
   [Clear CT: 0.1 ms]
   [Other: 1.7 ms]
      [Choose CSet: 0.0 ms]
      [Ref Proc: 1.2 ms]
      [Ref Enq: 0.0 ms]
      [Redirty Cards: 0.1 ms]
      [Humongous Register: 0.0 ms]
      [Humongous Reclaim: 0.0 ms]
      [Free CSet: 0.3 ms]
   [Eden: 608.0M(608.0M)->0.0B(608.0M) Survivors: 6144.0K->6144.0K Heap: 840.1M(1024.0M)->232.2M(1024.0M)]
 [Times: user=0.03 sys=0.00, real=0.01 secs] 
2019-06-24T05:22:13.143+0900: 112270.799: [GC pause (G1 Evacuation Pause) (young), 0.0055441 secs]
   [Parallel Time: 4.4 ms, GC Workers: 8]
      [GC Worker Start (ms): Min: 112270799.1, Avg: 112270800.4, Max: 112270802.9, Diff: 3.8]
      [Ext Root Scanning (ms): Min: 0.0, Avg: 0.2, Max: 0.6, Diff: 0.6, Sum: 1.6]
      [Update RS (ms): Min: 0.0, Avg: 0.3, Max: 0.6, Diff: 0.6, Sum: 2.5]
         [Processed Buffers: Min: 0, Avg: 5.0, Max: 19, Diff: 19, Sum: 40]
      [Scan RS (ms): Min: 0.0, Avg: 0.1, Max: 0.1, Diff: 0.1, Sum: 0.5]
      [Code Root Scanning (ms): Min: 0.0, Avg: 0.0, Max: 0.0, Diff: 0.0, Sum: 0.0]
      [Object Copy (ms): Min: 0.0, Avg: 1.5, Max: 2.4, Diff: 2.4, Sum: 12.0]
      [Termination (ms): Min: 0.0, Avg: 0.5, Max: 1.0, Diff: 1.0, Sum: 4.0]
         [Termination Attempts: Min: 1, Avg: 2.4, Max: 5, Diff: 4, Sum: 19]
      [GC Worker Other (ms): Min: 0.0, Avg: 0.0, Max: 0.0, Diff: 0.0, Sum: 0.1]
      [GC Worker Total (ms): Min: 0.0, Avg: 2.6, Max: 4.3, Diff: 4.3, Sum: 20.7]
      [GC Worker End (ms): Min: 112270802.9, Avg: 112270803.0, Max: 112270803.4, Diff: 0.5]
   [Code Root Fixup: 0.0 ms]
   [Code Root Purge: 0.0 ms]
   [Clear CT: 0.2 ms]
   [Other: 1.0 ms]
      [Choose CSet: 0.0 ms]
      [Ref Proc: 0.6 ms]
      [Ref Enq: 0.0 ms]
      [Redirty Cards: 0.1 ms]
      [Humongous Register: 0.0 ms]
      [Humongous Reclaim: 0.0 ms]
      [Free CSet: 0.2 ms]
   [Eden: 608.0M(608.0M)->0.0B(608.0M) Survivors: 6144.0K->6144.0K Heap: 840.2M(1024.0M)->232.7M(1024.0M)]
 [Times: user=0.03 sys=0.00, real=0.00 secs] 
2019-06-24T06:15:55.410+0900: 115493.066: [GC pause (G1 Evacuation Pause) (young), 0.0083048 secs]
   [Parallel Time: 6.6 ms, GC Workers: 8]
      [GC Worker Start (ms): Min: 115493066.5, Avg: 115493066.6, Max: 115493066.8, Diff: 0.3]
      [Ext Root Scanning (ms): Min: 0.6, Avg: 0.8, Max: 1.0, Diff: 0.4, Sum: 6.1]
      [Update RS (ms): Min: 0.6, Avg: 1.1, Max: 1.4, Diff: 0.8, Sum: 8.6]
         [Processed Buffers: Min: 1, Avg: 5.4, Max: 20, Diff: 19, Sum: 43]
      [Scan RS (ms): Min: 0.1, Avg: 0.2, Max: 0.5, Diff: 0.4, Sum: 1.4]
      [Code Root Scanning (ms): Min: 0.0, Avg: 0.0, Max: 0.1, Diff: 0.1, Sum: 0.1]
      [Object Copy (ms): Min: 3.8, Avg: 4.1, Max: 4.3, Diff: 0.5, Sum: 32.5]
      [Termination (ms): Min: 0.0, Avg: 0.0, Max: 0.0, Diff: 0.0, Sum: 0.0]
         [Termination Attempts: Min: 1, Avg: 1.1, Max: 2, Diff: 1, Sum: 9]
      [GC Worker Other (ms): Min: 0.0, Avg: 0.0, Max: 0.1, Diff: 0.1, Sum: 0.3]
      [GC Worker Total (ms): Min: 6.0, Avg: 6.1, Max: 6.4, Diff: 0.4, Sum: 49.1]
      [GC Worker End (ms): Min: 115493072.8, Avg: 115493072.8, Max: 115493072.8, Diff: 0.1]
   [Code Root Fixup: 0.0 ms]
   [Code Root Purge: 0.0 ms]
   [Clear CT: 0.3 ms]
   [Other: 1.3 ms]
      [Choose CSet: 0.0 ms]
      [Ref Proc: 0.6 ms]
      [Ref Enq: 0.0 ms]
      [Redirty Cards: 0.3 ms]
      [Humongous Register: 0.0 ms]
      [Humongous Reclaim: 0.0 ms]
      [Free CSet: 0.2 ms]
   [Eden: 608.0M(608.0M)->0.0B(608.0M) Survivors: 6144.0K->6144.0K Heap: 840.7M(1024.0M)->232.9M(1024.0M)]
 [Times: user=0.05 sys=0.00, real=0.01 secs] 
2019-06-24T06:54:06.370+0900: 117784.026: [GC pause (G1 Evacuation Pause) (young), 0.0049600 secs]
   [Parallel Time: 3.4 ms, GC Workers: 8]
      [GC Worker Start (ms): Min: 117784026.4, Avg: 117784026.5, Max: 117784026.7, Diff: 0.3]
      [Ext Root Scanning (ms): Min: 0.0, Avg: 0.2, Max: 0.6, Diff: 0.6, Sum: 1.9]
      [Update RS (ms): Min: 0.0, Avg: 0.3, Max: 0.5, Diff: 0.5, Sum: 2.2]
         [Processed Buffers: Min: 0, Avg: 5.2, Max: 17, Diff: 17, Sum: 42]
      [Scan RS (ms): Min: 0.0, Avg: 0.1, Max: 0.1, Diff: 0.1, Sum: 0.5]
      [Code Root Scanning (ms): Min: 0.0, Avg: 0.0, Max: 0.0, Diff: 0.0, Sum: 0.0]
      [Object Copy (ms): Min: 1.8, Avg: 2.1, Max: 2.9, Diff: 1.1, Sum: 16.9]
      [Termination (ms): Min: 0.0, Avg: 0.5, Max: 0.7, Diff: 0.7, Sum: 4.0]
         [Termination Attempts: Min: 1, Avg: 1.1, Max: 2, Diff: 1, Sum: 9]
      [GC Worker Other (ms): Min: 0.0, Avg: 0.0, Max: 0.0, Diff: 0.0, Sum: 0.1]
      [GC Worker Total (ms): Min: 2.9, Avg: 3.2, Max: 3.3, Diff: 0.3, Sum: 25.5]
      [GC Worker End (ms): Min: 117784029.7, Avg: 117784029.7, Max: 117784029.7, Diff: 0.1]
   [Code Root Fixup: 0.0 ms]
   [Code Root Purge: 0.0 ms]
   [Clear CT: 0.2 ms]
   [Other: 1.4 ms]
      [Choose CSet: 0.0 ms]
      [Ref Proc: 1.0 ms]
      [Ref Enq: 0.0 ms]
      [Redirty Cards: 0.1 ms]
      [Humongous Register: 0.0 ms]
      [Humongous Reclaim: 0.0 ms]
      [Free CSet: 0.2 ms]
   [Eden: 608.0M(608.0M)->0.0B(606.0M) Survivors: 6144.0K->8192.0K Heap: 840.9M(1024.0M)->234.5M(1024.0M)]
 [Times: user=0.02 sys=0.00, real=0.00 secs] 
2019-06-24T06:56:17.656+0900: 117915.312: [GC pause (G1 Evacuation Pause) (young), 0.0109090 secs]
   [Parallel Time: 6.6 ms, GC Workers: 8]
      [GC Worker Start (ms): Min: 117915312.2, Avg: 117915312.4, Max: 117915313.1, Diff: 0.8]
      [Ext Root Scanning (ms): Min: 0.0, Avg: 0.6, Max: 0.9, Diff: 0.9, Sum: 5.0]
      [Update RS (ms): Min: 0.0, Avg: 0.4, Max: 0.7, Diff: 0.7, Sum: 3.3]
         [Processed Buffers: Min: 0, Avg: 4.8, Max: 15, Diff: 15, Sum: 38]
      [Scan RS (ms): Min: 0.1, Avg: 0.2, Max: 0.3, Diff: 0.2, Sum: 1.4]
      [Code Root Scanning (ms): Min: 0.0, Avg: 0.0, Max: 0.0, Diff: 0.0, Sum: 0.1]
      [Object Copy (ms): Min: 4.7, Avg: 4.8, Max: 5.4, Diff: 0.7, Sum: 38.7]
      [Termination (ms): Min: 0.0, Avg: 0.0, Max: 0.0, Diff: 0.0, Sum: 0.0]
         [Termination Attempts: Min: 1, Avg: 1.1, Max: 2, Diff: 1, Sum: 9]
      [GC Worker Other (ms): Min: 0.0, Avg: 0.1, Max: 0.1, Diff: 0.1, Sum: 0.7]
      [GC Worker Total (ms): Min: 5.5, Avg: 6.1, Max: 6.4, Diff: 0.9, Sum: 49.2]
      [GC Worker End (ms): Min: 117915318.5, Avg: 117915318.6, Max: 117915318.6, Diff: 0.1]
   [Code Root Fixup: 0.0 ms]
   [Code Root Purge: 0.0 ms]
   [Clear CT: 0.5 ms]
   [Other: 3.8 ms]
      [Choose CSet: 0.0 ms]
      [Ref Proc: 2.6 ms]
      [Ref Enq: 0.0 ms]
      [Redirty Cards: 0.3 ms]
      [Humongous Register: 0.0 ms]
      [Humongous Reclaim: 0.0 ms]
      [Free CSet: 0.5 ms]
   [Eden: 606.0M(606.0M)->0.0B(609.0M) Survivors: 8192.0K->5120.0K Heap: 840.5M(1024.0M)->231.4M(1024.0M)]
 [Times: user=0.06 sys=0.00, real=0.01 secs] 
2019-06-24T06:58:00.786+0900: 118018.442: [GC pause (G1 Evacuation Pause) (young), 0.0038463 secs]
   [Parallel Time: 2.7 ms, GC Workers: 8]
      [GC Worker Start (ms): Min: 118018441.8, Avg: 118018441.9, Max: 118018442.1, Diff: 0.3]
      [Ext Root Scanning (ms): Min: 0.0, Avg: 0.2, Max: 0.5, Diff: 0.5, Sum: 1.8]
      [Update RS (ms): Min: 0.0, Avg: 0.1, Max: 0.2, Diff: 0.2, Sum: 1.0]
         [Processed Buffers: Min: 0, Avg: 5.0, Max: 12, Diff: 12, Sum: 40]
      [Scan RS (ms): Min: 0.0, Avg: 0.1, Max: 0.1, Diff: 0.1, Sum: 0.5]
      [Code Root Scanning (ms): Min: 0.0, Avg: 0.0, Max: 0.0, Diff: 0.0, Sum: 0.0]
      [Object Copy (ms): Min: 1.5, Avg: 1.6, Max: 2.3, Diff: 0.8, Sum: 12.8]
      [Termination (ms): Min: 0.0, Avg: 0.5, Max: 0.6, Diff: 0.6, Sum: 3.9]
         [Termination Attempts: Min: 1, Avg: 1.9, Max: 4, Diff: 3, Sum: 15]
      [GC Worker Other (ms): Min: 0.0, Avg: 0.0, Max: 0.0, Diff: 0.0, Sum: 0.1]
      [GC Worker Total (ms): Min: 2.3, Avg: 2.5, Max: 2.6, Diff: 0.3, Sum: 20.1]
      [GC Worker End (ms): Min: 118018444.4, Avg: 118018444.4, Max: 118018444.4, Diff: 0.0]
   [Code Root Fixup: 0.0 ms]
   [Code Root Purge: 0.0 ms]
   [Clear CT: 0.1 ms]
   [Other: 1.0 ms]
      [Choose CSet: 0.0 ms]
      [Ref Proc: 0.7 ms]
      [Ref Enq: 0.0 ms]
      [Redirty Cards: 0.1 ms]
      [Humongous Register: 0.0 ms]
      [Humongous Reclaim: 0.0 ms]
      [Free CSet: 0.2 ms]
   [Eden: 609.0M(609.0M)->0.0B(606.0M) Survivors: 5120.0K->8192.0K Heap: 840.4M(1024.0M)->234.8M(1024.0M)]
 [Times: user=0.02 sys=0.01, real=0.00 secs] 
2019-06-24T09:28:25.010+0900: 127042.666: [GC pause (G1 Evacuation Pause) (young), 0.0100809 secs]
   [Parallel Time: 6.9 ms, GC Workers: 8]
      [GC Worker Start (ms): Min: 127042666.0, Avg: 127042666.2, Max: 127042666.4, Diff: 0.3]
      [Ext Root Scanning (ms): Min: 0.6, Avg: 0.8, Max: 1.1, Diff: 0.5, Sum: 6.2]
      [Update RS (ms): Min: 0.4, Avg: 0.5, Max: 0.9, Diff: 0.5, Sum: 4.2]
         [Processed Buffers: Min: 1, Avg: 5.1, Max: 14, Diff: 13, Sum: 41]
      [Scan RS (ms): Min: 0.1, Avg: 0.2, Max: 0.3, Diff: 0.2, Sum: 1.8]
      [Code Root Scanning (ms): Min: 0.0, Avg: 0.0, Max: 0.0, Diff: 0.0, Sum: 0.1]
      [Object Copy (ms): Min: 4.3, Avg: 4.5, Max: 4.6, Diff: 0.4, Sum: 36.2]
      [Termination (ms): Min: 0.0, Avg: 0.0, Max: 0.0, Diff: 0.0, Sum: 0.0]
         [Termination Attempts: Min: 1, Avg: 1.0, Max: 1, Diff: 0, Sum: 8]
      [GC Worker Other (ms): Min: 0.0, Avg: 0.1, Max: 0.2, Diff: 0.1, Sum: 0.5]
      [GC Worker Total (ms): Min: 6.0, Avg: 6.1, Max: 6.3, Diff: 0.3, Sum: 48.8]
      [GC Worker End (ms): Min: 127042672.3, Avg: 127042672.3, Max: 127042672.4, Diff: 0.1]
   [Code Root Fixup: 0.0 ms]
   [Code Root Purge: 0.0 ms]
   [Clear CT: 0.6 ms]
   [Other: 2.6 ms]
      [Choose CSet: 0.0 ms]
      [Ref Proc: 1.4 ms]
      [Ref Enq: 0.0 ms]
      [Redirty Cards: 0.7 ms]
      [Humongous Register: 0.0 ms]
      [Humongous Reclaim: 0.0 ms]
      [Free CSet: 0.2 ms]
   [Eden: 606.0M(606.0M)->0.0B(608.0M) Survivors: 8192.0K->6144.0K Heap: 840.8M(1024.0M)->233.1M(1024.0M)]
 [Times: user=0.05 sys=0.01, real=0.02 secs] 
2019-06-24T12:10:11.687+0900: 136749.343: [GC pause (G1 Evacuation Pause) (young), 0.0107306 secs]
   [Parallel Time: 7.4 ms, GC Workers: 8]
      [GC Worker Start (ms): Min: 136749343.2, Avg: 136749343.4, Max: 136749343.5, Diff: 0.3]
      [Ext Root Scanning (ms): Min: 0.6, Avg: 0.8, Max: 1.0, Diff: 0.4, Sum: 6.2]
      [Update RS (ms): Min: 0.4, Avg: 0.5, Max: 0.8, Diff: 0.4, Sum: 4.0]
         [Processed Buffers: Min: 1, Avg: 5.1, Max: 12, Diff: 11, Sum: 41]
      [Scan RS (ms): Min: 0.1, Avg: 0.2, Max: 0.3, Diff: 0.2, Sum: 1.9]
      [Code Root Scanning (ms): Min: 0.0, Avg: 0.0, Max: 0.0, Diff: 0.0, Sum: 0.1]
      [Object Copy (ms): Min: 5.0, Avg: 5.1, Max: 5.2, Diff: 0.2, Sum: 40.9]
      [Termination (ms): Min: 0.0, Avg: 0.0, Max: 0.0, Diff: 0.0, Sum: 0.0]
         [Termination Attempts: Min: 1, Avg: 1.0, Max: 1, Diff: 0, Sum: 8]
      [GC Worker Other (ms): Min: 0.0, Avg: 0.0, Max: 0.1, Diff: 0.0, Sum: 0.3]
      [GC Worker Total (ms): Min: 6.5, Avg: 6.7, Max: 6.8, Diff: 0.3, Sum: 53.4]
      [GC Worker End (ms): Min: 136749350.0, Avg: 136749350.0, Max: 136749350.1, Diff: 0.0]
   [Code Root Fixup: 0.0 ms]
   [Code Root Purge: 0.0 ms]
   [Clear CT: 0.7 ms]
   [Other: 2.7 ms]
      [Choose CSet: 0.0 ms]
      [Ref Proc: 1.3 ms]
      [Ref Enq: 0.0 ms]
      [Redirty Cards: 0.9 ms]
      [Humongous Register: 0.0 ms]
      [Humongous Reclaim: 0.0 ms]
      [Free CSet: 0.2 ms]
   [Eden: 608.0M(608.0M)->0.0B(605.0M) Survivors: 6144.0K->9216.0K Heap: 841.1M(1024.0M)->235.6M(1024.0M)]
 [Times: user=0.05 sys=0.01, real=0.01 secs] 
2019-06-24T14:50:52.251+0900: 146389.907: [GC pause (G1 Evacuation Pause) (young), 0.0094203 secs]
   [Parallel Time: 6.8 ms, GC Workers: 8]
      [GC Worker Start (ms): Min: 146389907.5, Avg: 146389907.7, Max: 146389907.9, Diff: 0.3]
      [Ext Root Scanning (ms): Min: 0.6, Avg: 0.8, Max: 1.0, Diff: 0.4, Sum: 6.1]
      [Update RS (ms): Min: 0.4, Avg: 0.5, Max: 0.8, Diff: 0.4, Sum: 4.0]
         [Processed Buffers: Min: 1, Avg: 5.2, Max: 16, Diff: 15, Sum: 42]
      [Scan RS (ms): Min: 0.1, Avg: 0.2, Max: 0.3, Diff: 0.2, Sum: 2.0]
      [Code Root Scanning (ms): Min: 0.0, Avg: 0.0, Max: 0.0, Diff: 0.0, Sum: 0.1]
      [Object Copy (ms): Min: 4.5, Avg: 4.6, Max: 4.7, Diff: 0.2, Sum: 36.9]
      [Termination (ms): Min: 0.0, Avg: 0.0, Max: 0.0, Diff: 0.0, Sum: 0.0]
         [Termination Attempts: Min: 1, Avg: 1.0, Max: 1, Diff: 0, Sum: 8]
      [GC Worker Other (ms): Min: 0.0, Avg: 0.1, Max: 0.2, Diff: 0.2, Sum: 0.7]
      [GC Worker Total (ms): Min: 6.0, Avg: 6.2, Max: 6.5, Diff: 0.5, Sum: 49.8]
      [GC Worker End (ms): Min: 146389913.9, Avg: 146389913.9, Max: 146389914.1, Diff: 0.2]
   [Code Root Fixup: 0.0 ms]
   [Code Root Purge: 0.0 ms]
   [Clear CT: 0.3 ms]
   [Other: 2.3 ms]
      [Choose CSet: 0.0 ms]
      [Ref Proc: 1.1 ms]
      [Ref Enq: 0.0 ms]
      [Redirty Cards: 0.7 ms]
      [Humongous Register: 0.0 ms]
      [Humongous Reclaim: 0.0 ms]
      [Free CSet: 0.2 ms]
   [Eden: 605.0M(605.0M)->0.0B(608.0M) Survivors: 9216.0K->6144.0K Heap: 840.6M(1024.0M)->232.8M(1024.0M)]
 [Times: user=0.04 sys=0.01, real=0.01 secs] 
2019-06-24T17:31:56.864+0900: 156054.520: [GC pause (G1 Evacuation Pause) (young), 0.0095362 secs]
   [Parallel Time: 6.4 ms, GC Workers: 8]
      [GC Worker Start (ms): Min: 156054520.4, Avg: 156054520.5, Max: 156054520.7, Diff: 0.3]
      [Ext Root Scanning (ms): Min: 0.6, Avg: 0.7, Max: 1.0, Diff: 0.4, Sum: 5.9]
      [Update RS (ms): Min: 0.4, Avg: 0.5, Max: 0.8, Diff: 0.4, Sum: 4.0]
         [Processed Buffers: Min: 1, Avg: 5.1, Max: 13, Diff: 12, Sum: 41]
      [Scan RS (ms): Min: 0.1, Avg: 0.2, Max: 0.3, Diff: 0.2, Sum: 1.8]
      [Code Root Scanning (ms): Min: 0.0, Avg: 0.0, Max: 0.0, Diff: 0.0, Sum: 0.1]
      [Object Copy (ms): Min: 3.8, Avg: 4.0, Max: 4.1, Diff: 0.3, Sum: 32.4]
      [Termination (ms): Min: 0.0, Avg: 0.0, Max: 0.0, Diff: 0.0, Sum: 0.1]
         [Termination Attempts: Min: 1, Avg: 1.0, Max: 1, Diff: 0, Sum: 8]
      [GC Worker Other (ms): Min: 0.0, Avg: 0.0, Max: 0.1, Diff: 0.1, Sum: 0.3]
      [GC Worker Total (ms): Min: 5.4, Avg: 5.6, Max: 5.7, Diff: 0.3, Sum: 44.5]
      [GC Worker End (ms): Min: 156054526.1, Avg: 156054526.1, Max: 156054526.2, Diff: 0.1]
   [Code Root Fixup: 0.0 ms]
   [Code Root Purge: 0.0 ms]
   [Clear CT: 0.6 ms]
   [Other: 2.5 ms]
      [Choose CSet: 0.0 ms]
      [Ref Proc: 1.3 ms]
      [Ref Enq: 0.0 ms]
      [Redirty Cards: 0.7 ms]
      [Humongous Register: 0.0 ms]
      [Humongous Reclaim: 0.0 ms]
      [Free CSet: 0.2 ms]
   [Eden: 608.0M(608.0M)->0.0B(609.0M) Survivors: 6144.0K->5120.0K Heap: 840.8M(1024.0M)->231.7M(1024.0M)]
 [Times: user=0.05 sys=0.00, real=0.01 secs] 
2019-06-24T19:58:10.809+0900: 164828.465: [GC pause (G1 Evacuation Pause) (young), 0.0083797 secs]
   [Parallel Time: 5.8 ms, GC Workers: 8]
      [GC Worker Start (ms): Min: 164828465.1, Avg: 164828465.3, Max: 164828465.4, Diff: 0.3]
      [Ext Root Scanning (ms): Min: 0.6, Avg: 0.8, Max: 1.0, Diff: 0.4, Sum: 6.3]
      [Update RS (ms): Min: 0.4, Avg: 0.6, Max: 0.9, Diff: 0.4, Sum: 4.5]
         [Processed Buffers: Min: 2, Avg: 5.4, Max: 10, Diff: 8, Sum: 43]
      [Scan RS (ms): Min: 0.1, Avg: 0.2, Max: 0.3, Diff: 0.2, Sum: 1.9]
      [Code Root Scanning (ms): Min: 0.0, Avg: 0.0, Max: 0.0, Diff: 0.0, Sum: 0.1]
      [Object Copy (ms): Min: 3.6, Avg: 3.9, Max: 3.9, Diff: 0.3, Sum: 30.9]
      [Termination (ms): Min: 0.0, Avg: 0.0, Max: 0.0, Diff: 0.0, Sum: 0.0]
         [Termination Attempts: Min: 1, Avg: 1.0, Max: 1, Diff: 0, Sum: 8]
      [GC Worker Other (ms): Min: 0.0, Avg: 0.1, Max: 0.1, Diff: 0.1, Sum: 0.6]
      [GC Worker Total (ms): Min: 5.4, Avg: 5.5, Max: 5.7, Diff: 0.3, Sum: 44.3]
      [GC Worker End (ms): Min: 164828470.8, Avg: 164828470.8, Max: 164828470.9, Diff: 0.1]
   [Code Root Fixup: 0.0 ms]
   [Code Root Purge: 0.0 ms]
   [Clear CT: 0.3 ms]
   [Other: 2.3 ms]
      [Choose CSet: 0.0 ms]
      [Ref Proc: 1.1 ms]
      [Ref Enq: 0.0 ms]
      [Redirty Cards: 0.7 ms]
      [Humongous Register: 0.0 ms]
      [Humongous Reclaim: 0.0 ms]
      [Free CSet: 0.2 ms]
   [Eden: 609.0M(609.0M)->0.0B(609.0M) Survivors: 5120.0K->5120.0K Heap: 840.7M(1024.0M)->232.1M(1024.0M)]
 [Times: user=0.05 sys=0.00, real=0.01 secs] 
2019-06-24T22:38:25.010+0900: 174442.666: [GC pause (G1 Evacuation Pause) (young), 0.0101334 secs]
   [Parallel Time: 6.7 ms, GC Workers: 8]
      [GC Worker Start (ms): Min: 174442666.1, Avg: 174442666.2, Max: 174442666.4, Diff: 0.3]
      [Ext Root Scanning (ms): Min: 0.6, Avg: 0.8, Max: 1.0, Diff: 0.4, Sum: 6.2]
      [Update RS (ms): Min: 0.4, Avg: 0.5, Max: 0.8, Diff: 0.4, Sum: 4.1]
         [Processed Buffers: Min: 1, Avg: 5.2, Max: 15, Diff: 14, Sum: 42]
      [Scan RS (ms): Min: 0.1, Avg: 0.2, Max: 0.3, Diff: 0.2, Sum: 1.9]
      [Code Root Scanning (ms): Min: 0.0, Avg: 0.0, Max: 0.0, Diff: 0.0, Sum: 0.1]
      [Object Copy (ms): Min: 4.5, Avg: 4.7, Max: 4.7, Diff: 0.2, Sum: 37.4]
      [Termination (ms): Min: 0.0, Avg: 0.0, Max: 0.0, Diff: 0.0, Sum: 0.0]
         [Termination Attempts: Min: 1, Avg: 1.0, Max: 1, Diff: 0, Sum: 8]
      [GC Worker Other (ms): Min: 0.0, Avg: 0.1, Max: 0.1, Diff: 0.1, Sum: 0.4]
      [GC Worker Total (ms): Min: 6.1, Avg: 6.3, Max: 6.5, Diff: 0.5, Sum: 50.0]
      [GC Worker End (ms): Min: 174442672.5, Avg: 174442672.5, Max: 174442672.6, Diff: 0.1]
   [Code Root Fixup: 0.0 ms]
   [Code Root Purge: 0.0 ms]
   [Clear CT: 0.6 ms]
   [Other: 2.8 ms]
      [Choose CSet: 0.0 ms]
      [Ref Proc: 1.5 ms]
      [Ref Enq: 0.0 ms]
      [Redirty Cards: 0.8 ms]
      [Humongous Register: 0.0 ms]
      [Humongous Reclaim: 0.0 ms]
      [Free CSet: 0.2 ms]
   [Eden: 609.0M(609.0M)->0.0B(606.0M) Survivors: 5120.0K->8192.0K Heap: 841.1M(1024.0M)->234.6M(1024.0M)]
 [Times: user=0.05 sys=0.01, real=0.02 secs] 
2019-06-25T01:20:00.010+0900: 184137.666: [GC pause (G1 Evacuation Pause) (young), 0.0090080 secs]
   [Parallel Time: 6.5 ms, GC Workers: 8]
      [GC Worker Start (ms): Min: 184137666.0, Avg: 184137666.2, Max: 184137666.3, Diff: 0.3]
      [Ext Root Scanning (ms): Min: 0.6, Avg: 0.8, Max: 1.0, Diff: 0.4, Sum: 6.2]
      [Update RS (ms): Min: 0.4, Avg: 0.5, Max: 0.8, Diff: 0.4, Sum: 4.0]
         [Processed Buffers: Min: 1, Avg: 5.0, Max: 13, Diff: 12, Sum: 40]
      [Scan RS (ms): Min: 0.1, Avg: 0.2, Max: 0.3, Diff: 0.2, Sum: 1.9]
      [Code Root Scanning (ms): Min: 0.0, Avg: 0.0, Max: 0.0, Diff: 0.0, Sum: 0.1]
      [Object Copy (ms): Min: 4.2, Avg: 4.4, Max: 4.5, Diff: 0.3, Sum: 35.3]
      [Termination (ms): Min: 0.0, Avg: 0.0, Max: 0.0, Diff: 0.0, Sum: 0.0]
         [Termination Attempts: Min: 1, Avg: 1.0, Max: 1, Diff: 0, Sum: 8]
      [GC Worker Other (ms): Min: 0.0, Avg: 0.0, Max: 0.1, Diff: 0.1, Sum: 0.3]
      [GC Worker Total (ms): Min: 5.8, Avg: 6.0, Max: 6.2, Diff: 0.3, Sum: 47.9]
      [GC Worker End (ms): Min: 184137672.1, Avg: 184137672.1, Max: 184137672.2, Diff: 0.1]
   [Code Root Fixup: 0.0 ms]
   [Code Root Purge: 0.0 ms]
   [Clear CT: 0.5 ms]
   [Other: 2.0 ms]
      [Choose CSet: 0.0 ms]
      [Ref Proc: 1.2 ms]
      [Ref Enq: 0.0 ms]
      [Redirty Cards: 0.4 ms]
      [Humongous Register: 0.0 ms]
      [Humongous Reclaim: 0.0 ms]
      [Free CSet: 0.2 ms]
   [Eden: 606.0M(606.0M)->0.0B(608.0M) Survivors: 8192.0K->6144.0K Heap: 840.6M(1024.0M)->232.7M(1024.0M)]
 [Times: user=0.05 sys=0.01, real=0.02 secs] 
2019-06-25T04:01:16.195+0900: 193813.851: [GC pause (G1 Evacuation Pause) (young), 0.0094343 secs]
   [Parallel Time: 6.1 ms, GC Workers: 8]
      [GC Worker Start (ms): Min: 193813850.9, Avg: 193813851.0, Max: 193813851.2, Diff: 0.3]
      [Ext Root Scanning (ms): Min: 0.6, Avg: 0.8, Max: 1.0, Diff: 0.4, Sum: 6.2]
      [Update RS (ms): Min: 0.4, Avg: 0.5, Max: 0.7, Diff: 0.3, Sum: 4.0]
         [Processed Buffers: Min: 1, Avg: 5.0, Max: 13, Diff: 12, Sum: 40]
      [Scan RS (ms): Min: 0.1, Avg: 0.2, Max: 0.3, Diff: 0.2, Sum: 1.9]
      [Code Root Scanning (ms): Min: 0.0, Avg: 0.0, Max: 0.0, Diff: 0.0, Sum: 0.1]
      [Object Copy (ms): Min: 4.0, Avg: 4.1, Max: 4.1, Diff: 0.1, Sum: 32.8]
      [Termination (ms): Min: 0.0, Avg: 0.0, Max: 0.0, Diff: 0.0, Sum: 0.0]
         [Termination Attempts: Min: 1, Avg: 1.0, Max: 1, Diff: 0, Sum: 8]
      [GC Worker Other (ms): Min: 0.0, Avg: 0.1, Max: 0.1, Diff: 0.1, Sum: 0.4]
      [GC Worker Total (ms): Min: 5.5, Avg: 5.7, Max: 5.9, Diff: 0.4, Sum: 45.4]
      [GC Worker End (ms): Min: 193813856.7, Avg: 193813856.7, Max: 193813856.8, Diff: 0.1]
   [Code Root Fixup: 0.0 ms]
   [Code Root Purge: 0.0 ms]
   [Clear CT: 0.7 ms]
   [Other: 2.6 ms]
      [Choose CSet: 0.0 ms]
      [Ref Proc: 1.4 ms]
      [Ref Enq: 0.0 ms]
      [Redirty Cards: 0.7 ms]
      [Humongous Register: 0.0 ms]
      [Humongous Reclaim: 0.0 ms]
      [Free CSet: 0.2 ms]
   [Eden: 608.0M(608.0M)->0.0B(606.0M) Survivors: 6144.0K->8192.0K Heap: 840.7M(1024.0M)->234.9M(1024.0M)]
 [Times: user=0.04 sys=0.00, real=0.01 secs] 
2019-06-25T06:42:15.626+0900: 203473.282: [GC pause (G1 Evacuation Pause) (young), 0.0090490 secs]
   [Parallel Time: 6.4 ms, GC Workers: 8]
      [GC Worker Start (ms): Min: 203473281.9, Avg: 203473282.1, Max: 203473282.3, Diff: 0.3]
      [Ext Root Scanning (ms): Min: 0.6, Avg: 0.8, Max: 1.0, Diff: 0.4, Sum: 6.2]
      [Update RS (ms): Min: 0.4, Avg: 0.5, Max: 0.8, Diff: 0.4, Sum: 4.0]
         [Processed Buffers: Min: 1, Avg: 5.0, Max: 12, Diff: 11, Sum: 40]
      [Scan RS (ms): Min: 0.1, Avg: 0.3, Max: 0.3, Diff: 0.2, Sum: 2.1]
      [Code Root Scanning (ms): Min: 0.0, Avg: 0.0, Max: 0.0, Diff: 0.0, Sum: 0.1]
      [Object Copy (ms): Min: 4.1, Avg: 4.2, Max: 4.3, Diff: 0.2, Sum: 33.9]
      [Termination (ms): Min: 0.0, Avg: 0.0, Max: 0.0, Diff: 0.0, Sum: 0.0]
         [Termination Attempts: Min: 1, Avg: 1.0, Max: 1, Diff: 0, Sum: 8]
      [GC Worker Other (ms): Min: 0.0, Avg: 0.1, Max: 0.3, Diff: 0.2, Sum: 0.8]
      [GC Worker Total (ms): Min: 5.7, Avg: 5.9, Max: 6.1, Diff: 0.5, Sum: 47.0]
      [GC Worker End (ms): Min: 203473287.9, Avg: 203473288.0, Max: 203473288.1, Diff: 0.2]
   [Code Root Fixup: 0.0 ms]
   [Code Root Purge: 0.0 ms]
   [Clear CT: 0.5 ms]
   [Other: 2.2 ms]
      [Choose CSet: 0.0 ms]
      [Ref Proc: 1.1 ms]
      [Ref Enq: 0.0 ms]
      [Redirty Cards: 0.6 ms]
      [Humongous Register: 0.0 ms]
      [Humongous Reclaim: 0.0 ms]
      [Free CSet: 0.2 ms]
   [Eden: 606.0M(606.0M)->0.0B(609.0M) Survivors: 8192.0K->5120.0K Heap: 840.9M(1024.0M)->231.4M(1024.0M)]
 [Times: user=0.05 sys=0.00, real=0.01 secs] 
2019-06-25T09:24:06.161+0900: 213183.817: [GC pause (G1 Evacuation Pause) (young), 0.0093801 secs]
   [Parallel Time: 7.0 ms, GC Workers: 8]
      [GC Worker Start (ms): Min: 213183817.2, Avg: 213183817.3, Max: 213183817.5, Diff: 0.3]
      [Ext Root Scanning (ms): Min: 0.6, Avg: 0.8, Max: 1.0, Diff: 0.4, Sum: 6.4]
      [Update RS (ms): Min: 0.4, Avg: 0.5, Max: 0.8, Diff: 0.4, Sum: 4.0]
         [Processed Buffers: Min: 1, Avg: 5.0, Max: 10, Diff: 9, Sum: 40]
      [Scan RS (ms): Min: 0.1, Avg: 0.3, Max: 0.3, Diff: 0.2, Sum: 2.0]
      [Code Root Scanning (ms): Min: 0.0, Avg: 0.0, Max: 0.0, Diff: 0.0, Sum: 0.1]
      [Object Copy (ms): Min: 4.7, Avg: 4.9, Max: 4.9, Diff: 0.2, Sum: 38.9]
      [Termination (ms): Min: 0.0, Avg: 0.0, Max: 0.0, Diff: 0.0, Sum: 0.0]
         [Termination Attempts: Min: 1, Avg: 1.0, Max: 1, Diff: 0, Sum: 8]
      [GC Worker Other (ms): Min: 0.0, Avg: 0.1, Max: 0.1, Diff: 0.1, Sum: 0.5]
      [GC Worker Total (ms): Min: 6.3, Avg: 6.5, Max: 6.7, Diff: 0.4, Sum: 51.8]
      [GC Worker End (ms): Min: 213183823.8, Avg: 213183823.8, Max: 213183823.9, Diff: 0.1]
   [Code Root Fixup: 0.0 ms]
   [Code Root Purge: 0.0 ms]
   [Clear CT: 0.3 ms]
   [Other: 2.0 ms]
      [Choose CSet: 0.0 ms]
      [Ref Proc: 1.2 ms]
      [Ref Enq: 0.0 ms]
      [Redirty Cards: 0.4 ms]
      [Humongous Register: 0.0 ms]
      [Humongous Reclaim: 0.0 ms]
      [Free CSet: 0.2 ms]
   [Eden: 609.0M(609.0M)->0.0B(605.0M) Survivors: 5120.0K->9216.0K Heap: 840.4M(1024.0M)->235.6M(1024.0M)]
 [Times: user=0.06 sys=0.00, real=0.01 secs] 
2019-06-25T12:05:10.010+0900: 222847.666: [GC pause (G1 Evacuation Pause) (young), 0.0113861 secs]
   [Parallel Time: 8.3 ms, GC Workers: 8]
      [GC Worker Start (ms): Min: 222847665.7, Avg: 222847666.8, Max: 222847673.7, Diff: 8.0]
      [Ext Root Scanning (ms): Min: 0.0, Avg: 0.7, Max: 1.0, Diff: 1.0, Sum: 5.5]
      [Update RS (ms): Min: 0.0, Avg: 0.4, Max: 0.8, Diff: 0.8, Sum: 3.5]
         [Processed Buffers: Min: 0, Avg: 5.0, Max: 10, Diff: 10, Sum: 40]
      [Scan RS (ms): Min: 0.1, Avg: 0.2, Max: 0.3, Diff: 0.2, Sum: 1.5]
      [Code Root Scanning (ms): Min: 0.0, Avg: 0.0, Max: 0.0, Diff: 0.0, Sum: 0.1]
      [Object Copy (ms): Min: 0.0, Avg: 4.3, Max: 5.0, Diff: 5.0, Sum: 34.4]
      [Termination (ms): Min: 0.0, Avg: 1.4, Max: 1.6, Diff: 1.6, Sum: 10.9]
         [Termination Attempts: Min: 1, Avg: 1.0, Max: 1, Diff: 0, Sum: 8]
      [GC Worker Other (ms): Min: 0.0, Avg: 0.0, Max: 0.1, Diff: 0.0, Sum: 0.2]
      [GC Worker Total (ms): Min: 0.1, Avg: 7.0, Max: 8.1, Diff: 8.0, Sum: 56.1]
      [GC Worker End (ms): Min: 222847673.8, Avg: 222847673.8, Max: 222847673.8, Diff: 0.1]
   [Code Root Fixup: 0.0 ms]
   [Code Root Purge: 0.0 ms]
   [Clear CT: 0.5 ms]
   [Other: 2.6 ms]
      [Choose CSet: 0.0 ms]
      [Ref Proc: 1.5 ms]
      [Ref Enq: 0.0 ms]
      [Redirty Cards: 0.4 ms]
      [Humongous Register: 0.0 ms]
      [Humongous Reclaim: 0.0 ms]
      [Free CSet: 0.3 ms]
   [Eden: 605.0M(605.0M)->0.0B(609.0M) Survivors: 9216.0K->5120.0K Heap: 840.6M(1024.0M)->232.0M(1024.0M)]
 [Times: user=0.06 sys=0.00, real=0.02 secs] 
2019-06-25T14:46:47.341+0900: 232544.997: [GC pause (G1 Evacuation Pause) (young), 0.0092611 secs]
   [Parallel Time: 6.2 ms, GC Workers: 8]
      [GC Worker Start (ms): Min: 232544997.1, Avg: 232544997.3, Max: 232544997.5, Diff: 0.3]
      [Ext Root Scanning (ms): Min: 0.6, Avg: 0.8, Max: 1.1, Diff: 0.4, Sum: 6.5]
      [Update RS (ms): Min: 0.4, Avg: 0.5, Max: 0.8, Diff: 0.5, Sum: 4.0]
         [Processed Buffers: Min: 1, Avg: 5.1, Max: 17, Diff: 16, Sum: 41]
      [Scan RS (ms): Min: 0.1, Avg: 0.2, Max: 0.3, Diff: 0.2, Sum: 1.8]
      [Code Root Scanning (ms): Min: 0.0, Avg: 0.0, Max: 0.1, Diff: 0.1, Sum: 0.1]
      [Object Copy (ms): Min: 4.0, Avg: 4.2, Max: 4.3, Diff: 0.2, Sum: 33.8]
      [Termination (ms): Min: 0.0, Avg: 0.0, Max: 0.0, Diff: 0.0, Sum: 0.0]
         [Termination Attempts: Min: 1, Avg: 1.0, Max: 1, Diff: 0, Sum: 8]
      [GC Worker Other (ms): Min: 0.0, Avg: 0.0, Max: 0.1, Diff: 0.1, Sum: 0.4]
      [GC Worker Total (ms): Min: 5.7, Avg: 5.8, Max: 6.0, Diff: 0.3, Sum: 46.7]
      [GC Worker End (ms): Min: 232545003.1, Avg: 232545003.1, Max: 232545003.2, Diff: 0.1]
   [Code Root Fixup: 0.0 ms]
   [Code Root Purge: 0.0 ms]
   [Clear CT: 0.5 ms]
   [Other: 2.5 ms]
      [Choose CSet: 0.0 ms]
      [Ref Proc: 1.2 ms]
      [Ref Enq: 0.0 ms]
      [Redirty Cards: 0.8 ms]
      [Humongous Register: 0.0 ms]
      [Humongous Reclaim: 0.0 ms]
      [Free CSet: 0.2 ms]
   [Eden: 609.0M(609.0M)->0.0B(605.0M) Survivors: 5120.0K->9216.0K Heap: 841.0M(1024.0M)->235.5M(1024.0M)]
 [Times: user=0.05 sys=0.00, real=0.01 secs] 
2019-06-25T17:27:33.635+0900: 242191.291: [GC pause (G1 Evacuation Pause) (young), 0.0102149 secs]
   [Parallel Time: 7.0 ms, GC Workers: 8]
      [GC Worker Start (ms): Min: 242191290.9, Avg: 242191291.1, Max: 242191291.3, Diff: 0.3]
      [Ext Root Scanning (ms): Min: 0.6, Avg: 0.8, Max: 1.0, Diff: 0.4, Sum: 6.1]
      [Update RS (ms): Min: 0.4, Avg: 0.5, Max: 0.8, Diff: 0.5, Sum: 4.0]
         [Processed Buffers: Min: 1, Avg: 5.0, Max: 16, Diff: 15, Sum: 40]
      [Scan RS (ms): Min: 0.1, Avg: 0.2, Max: 0.3, Diff: 0.2, Sum: 1.9]
      [Code Root Scanning (ms): Min: 0.0, Avg: 0.0, Max: 0.0, Diff: 0.0, Sum: 0.1]
      [Object Copy (ms): Min: 4.6, Avg: 4.7, Max: 4.8, Diff: 0.2, Sum: 38.0]
      [Termination (ms): Min: 0.0, Avg: 0.0, Max: 0.0, Diff: 0.0, Sum: 0.0]
         [Termination Attempts: Min: 1, Avg: 1.0, Max: 1, Diff: 0, Sum: 8]
      [GC Worker Other (ms): Min: 0.0, Avg: 0.1, Max: 0.2, Diff: 0.2, Sum: 0.6]
      [GC Worker Total (ms): Min: 6.2, Avg: 6.3, Max: 6.5, Diff: 0.3, Sum: 50.7]
      [GC Worker End (ms): Min: 242191297.4, Avg: 242191297.4, Max: 242191297.6, Diff: 0.2]
   [Code Root Fixup: 0.0 ms]
   [Code Root Purge: 0.0 ms]
   [Clear CT: 0.5 ms]
   [Other: 2.7 ms]
      [Choose CSet: 0.0 ms]
      [Ref Proc: 1.3 ms]
      [Ref Enq: 0.0 ms]
      [Redirty Cards: 0.9 ms]
      [Humongous Register: 0.0 ms]
      [Humongous Reclaim: 0.0 ms]
      [Free CSet: 0.2 ms]
   [Eden: 605.0M(605.0M)->0.0B(609.0M) Survivors: 9216.0K->5120.0K Heap: 840.5M(1024.0M)->231.4M(1024.0M)]
 [Times: user=0.05 sys=0.00, real=0.01 secs] 
2019-06-25T20:09:53.322+0900: 251930.978: [GC pause (G1 Evacuation Pause) (young), 0.0080241 secs]
   [Parallel Time: 5.8 ms, GC Workers: 8]
      [GC Worker Start (ms): Min: 251930977.8, Avg: 251930978.0, Max: 251930978.2, Diff: 0.4]
      [Ext Root Scanning (ms): Min: 0.6, Avg: 0.8, Max: 1.0, Diff: 0.4, Sum: 6.3]
      [Update RS (ms): Min: 0.4, Avg: 0.5, Max: 0.8, Diff: 0.4, Sum: 4.0]
         [Processed Buffers: Min: 1, Avg: 5.0, Max: 13, Diff: 12, Sum: 40]
      [Scan RS (ms): Min: 0.1, Avg: 0.3, Max: 0.3, Diff: 0.2, Sum: 2.0]
      [Code Root Scanning (ms): Min: 0.0, Avg: 0.0, Max: 0.0, Diff: 0.0, Sum: 0.1]
      [Object Copy (ms): Min: 3.5, Avg: 3.7, Max: 3.8, Diff: 0.3, Sum: 29.9]
      [Termination (ms): Min: 0.0, Avg: 0.0, Max: 0.0, Diff: 0.0, Sum: 0.0]
         [Termination Attempts: Min: 1, Avg: 1.0, Max: 1, Diff: 0, Sum: 8]
      [GC Worker Other (ms): Min: 0.0, Avg: 0.1, Max: 0.1, Diff: 0.1, Sum: 0.4]
      [GC Worker Total (ms): Min: 5.1, Avg: 5.3, Max: 5.5, Diff: 0.4, Sum: 42.8]
      [GC Worker End (ms): Min: 251930983.3, Avg: 251930983.3, Max: 251930983.4, Diff: 0.1]
   [Code Root Fixup: 0.0 ms]
   [Code Root Purge: 0.0 ms]
   [Clear CT: 0.3 ms]
   [Other: 1.9 ms]
      [Choose CSet: 0.0 ms]
      [Ref Proc: 1.1 ms]
      [Ref Enq: 0.0 ms]
      [Redirty Cards: 0.4 ms]
      [Humongous Register: 0.0 ms]
      [Humongous Reclaim: 0.0 ms]
      [Free CSet: 0.2 ms]
   [Eden: 609.0M(609.0M)->0.0B(609.0M) Survivors: 5120.0K->5120.0K Heap: 840.4M(1024.0M)->231.6M(1024.0M)]
 [Times: user=0.05 sys=0.00, real=0.00 secs] 
2019-06-25T22:51:32.758+0900: 261630.414: [GC pause (G1 Evacuation Pause) (young), 0.0090209 secs]
   [Parallel Time: 5.9 ms, GC Workers: 8]
      [GC Worker Start (ms): Min: 261630414.0, Avg: 261630414.1, Max: 261630414.3, Diff: 0.3]
      [Ext Root Scanning (ms): Min: 0.6, Avg: 0.8, Max: 1.1, Diff: 0.4, Sum: 6.3]
      [Update RS (ms): Min: 0.4, Avg: 0.5, Max: 0.8, Diff: 0.4, Sum: 3.9]
         [Processed Buffers: Min: 1, Avg: 4.9, Max: 11, Diff: 10, Sum: 39]
      [Scan RS (ms): Min: 0.1, Avg: 0.3, Max: 0.3, Diff: 0.2, Sum: 2.0]
      [Code Root Scanning (ms): Min: 0.0, Avg: 0.0, Max: 0.0, Diff: 0.0, Sum: 0.1]
      [Object Copy (ms): Min: 3.8, Avg: 3.9, Max: 3.9, Diff: 0.2, Sum: 31.2]
      [Termination (ms): Min: 0.0, Avg: 0.0, Max: 0.0, Diff: 0.0, Sum: 0.0]
         [Termination Attempts: Min: 1, Avg: 1.0, Max: 1, Diff: 0, Sum: 8]
      [GC Worker Other (ms): Min: 0.0, Avg: 0.0, Max: 0.1, Diff: 0.1, Sum: 0.3]
      [GC Worker Total (ms): Min: 5.3, Avg: 5.5, Max: 5.7, Diff: 0.3, Sum: 43.9]
      [GC Worker End (ms): Min: 261630419.6, Avg: 261630419.6, Max: 261630419.6, Diff: 0.0]
   [Code Root Fixup: 0.0 ms]
   [Code Root Purge: 0.0 ms]
   [Clear CT: 0.7 ms]
   [Other: 2.5 ms]
      [Choose CSet: 0.0 ms]
      [Ref Proc: 1.3 ms]
      [Ref Enq: 0.0 ms]
      [Redirty Cards: 0.7 ms]
      [Humongous Register: 0.0 ms]
      [Humongous Reclaim: 0.0 ms]
      [Free CSet: 0.2 ms]
   [Eden: 609.0M(609.0M)->0.0B(606.0M) Survivors: 5120.0K->8192.0K Heap: 840.6M(1024.0M)->234.9M(1024.0M)]
 [Times: user=0.04 sys=0.00, real=0.01 secs] 
2019-06-26T01:32:33.447+0900: 271291.103: [GC pause (G1 Evacuation Pause) (young), 0.0092415 secs]
   [Parallel Time: 6.3 ms, GC Workers: 8]
      [GC Worker Start (ms): Min: 271291103.5, Avg: 271291103.7, Max: 271291103.8, Diff: 0.3]
      [Ext Root Scanning (ms): Min: 0.6, Avg: 0.8, Max: 1.0, Diff: 0.4, Sum: 6.2]
      [Update RS (ms): Min: 0.4, Avg: 0.5, Max: 0.8, Diff: 0.4, Sum: 3.9]
         [Processed Buffers: Min: 1, Avg: 4.9, Max: 9, Diff: 8, Sum: 39]
      [Scan RS (ms): Min: 0.1, Avg: 0.2, Max: 0.3, Diff: 0.2, Sum: 1.9]
      [Code Root Scanning (ms): Min: 0.0, Avg: 0.0, Max: 0.0, Diff: 0.0, Sum: 0.1]
      [Object Copy (ms): Min: 3.9, Avg: 4.0, Max: 4.1, Diff: 0.2, Sum: 32.3]
      [Termination (ms): Min: 0.0, Avg: 0.0, Max: 0.0, Diff: 0.0, Sum: 0.0]
         [Termination Attempts: Min: 1, Avg: 1.0, Max: 1, Diff: 0, Sum: 8]
      [GC Worker Other (ms): Min: 0.0, Avg: 0.0, Max: 0.1, Diff: 0.0, Sum: 0.2]
      [GC Worker Total (ms): Min: 5.4, Avg: 5.6, Max: 5.8, Diff: 0.3, Sum: 44.7]
      [GC Worker End (ms): Min: 271291109.2, Avg: 271291109.2, Max: 271291109.3, Diff: 0.0]
   [Code Root Fixup: 0.0 ms]
   [Code Root Purge: 0.0 ms]
   [Clear CT: 0.6 ms]
   [Other: 2.3 ms]
      [Choose CSet: 0.0 ms]
      [Ref Proc: 1.1 ms]
      [Ref Enq: 0.0 ms]
      [Redirty Cards: 0.8 ms]
      [Humongous Register: 0.0 ms]
      [Humongous Reclaim: 0.0 ms]
      [Free CSet: 0.2 ms]
   [Eden: 606.0M(606.0M)->0.0B(609.0M) Survivors: 8192.0K->5120.0K Heap: 840.9M(1024.0M)->231.5M(1024.0M)]
 [Times: user=0.04 sys=0.01, real=0.01 secs] 
2019-06-26T04:14:45.009+0900: 281022.665: [GC pause (G1 Evacuation Pause) (young), 0.0086610 secs]
   [Parallel Time: 5.8 ms, GC Workers: 8]
      [GC Worker Start (ms): Min: 281022665.6, Avg: 281022665.8, Max: 281022666.0, Diff: 0.3]
      [Ext Root Scanning (ms): Min: 0.6, Avg: 0.8, Max: 1.1, Diff: 0.4, Sum: 6.6]
      [Update RS (ms): Min: 0.4, Avg: 0.5, Max: 0.8, Diff: 0.5, Sum: 4.0]
         [Processed Buffers: Min: 1, Avg: 4.9, Max: 10, Diff: 9, Sum: 39]
      [Scan RS (ms): Min: 0.1, Avg: 0.2, Max: 0.3, Diff: 0.2, Sum: 1.9]
      [Code Root Scanning (ms): Min: 0.0, Avg: 0.0, Max: 0.0, Diff: 0.0, Sum: 0.1]
      [Object Copy (ms): Min: 3.3, Avg: 3.5, Max: 3.6, Diff: 0.2, Sum: 28.0]
      [Termination (ms): Min: 0.0, Avg: 0.0, Max: 0.0, Diff: 0.0, Sum: 0.0]
         [Termination Attempts: Min: 1, Avg: 1.4, Max: 2, Diff: 1, Sum: 11]
      [GC Worker Other (ms): Min: 0.0, Avg: 0.1, Max: 0.1, Diff: 0.1, Sum: 0.4]
      [GC Worker Total (ms): Min: 4.9, Avg: 5.1, Max: 5.4, Diff: 0.5, Sum: 41.0]
      [GC Worker End (ms): Min: 281022670.9, Avg: 281022670.9, Max: 281022671.0, Diff: 0.1]
   [Code Root Fixup: 0.0 ms]
   [Code Root Purge: 0.0 ms]
   [Clear CT: 0.6 ms]
   [Other: 2.2 ms]
      [Choose CSet: 0.0 ms]
      [Ref Proc: 1.1 ms]
      [Ref Enq: 0.0 ms]
      [Redirty Cards: 0.7 ms]
      [Humongous Register: 0.0 ms]
      [Humongous Reclaim: 0.0 ms]
      [Free CSet: 0.2 ms]
   [Eden: 609.0M(609.0M)->0.0B(609.0M) Survivors: 5120.0K->5120.0K Heap: 840.5M(1024.0M)->231.6M(1024.0M)]
 [Times: user=0.05 sys=0.00, real=0.02 secs] 
2019-06-26T06:56:33.351+0900: 290731.007: [GC pause (G1 Evacuation Pause) (young), 0.0095928 secs]
   [Parallel Time: 6.1 ms, GC Workers: 8]
      [GC Worker Start (ms): Min: 290731006.8, Avg: 290731006.9, Max: 290731007.1, Diff: 0.3]
      [Ext Root Scanning (ms): Min: 0.6, Avg: 0.8, Max: 1.1, Diff: 0.5, Sum: 6.2]
      [Update RS (ms): Min: 0.4, Avg: 0.5, Max: 0.8, Diff: 0.4, Sum: 3.9]
         [Processed Buffers: Min: 1, Avg: 5.0, Max: 18, Diff: 17, Sum: 40]
      [Scan RS (ms): Min: 0.1, Avg: 0.2, Max: 0.3, Diff: 0.2, Sum: 1.9]
      [Code Root Scanning (ms): Min: 0.0, Avg: 0.0, Max: 0.0, Diff: 0.0, Sum: 0.1]
      [Object Copy (ms): Min: 3.9, Avg: 4.1, Max: 4.1, Diff: 0.2, Sum: 32.6]
      [Termination (ms): Min: 0.0, Avg: 0.0, Max: 0.0, Diff: 0.0, Sum: 0.0]
         [Termination Attempts: Min: 1, Avg: 1.0, Max: 1, Diff: 0, Sum: 8]
      [GC Worker Other (ms): Min: 0.0, Avg: 0.0, Max: 0.1, Diff: 0.1, Sum: 0.4]
      [GC Worker Total (ms): Min: 5.5, Avg: 5.6, Max: 5.8, Diff: 0.3, Sum: 45.1]
      [GC Worker End (ms): Min: 290731012.5, Avg: 290731012.6, Max: 290731012.7, Diff: 0.1]
   [Code Root Fixup: 0.0 ms]
   [Code Root Purge: 0.0 ms]
   [Clear CT: 0.7 ms]
   [Other: 2.8 ms]
      [Choose CSet: 0.0 ms]
      [Ref Proc: 1.5 ms]
      [Ref Enq: 0.0 ms]
      [Redirty Cards: 0.8 ms]
      [Humongous Register: 0.0 ms]
      [Humongous Reclaim: 0.0 ms]
      [Free CSet: 0.2 ms]
   [Eden: 609.0M(609.0M)->0.0B(606.0M) Survivors: 5120.0K->8192.0K Heap: 840.6M(1024.0M)->234.9M(1024.0M)]
 [Times: user=0.05 sys=0.00, real=0.01 secs] 
2019-06-26T09:37:16.961+0900: 300374.617: [GC pause (G1 Evacuation Pause) (young), 0.0095356 secs]
   [Parallel Time: 6.3 ms, GC Workers: 8]
      [GC Worker Start (ms): Min: 300374616.9, Avg: 300374617.1, Max: 300374617.2, Diff: 0.3]
      [Ext Root Scanning (ms): Min: 0.6, Avg: 0.8, Max: 1.1, Diff: 0.5, Sum: 6.1]
      [Update RS (ms): Min: 0.4, Avg: 0.5, Max: 0.9, Diff: 0.5, Sum: 4.4]
         [Processed Buffers: Min: 2, Avg: 5.1, Max: 10, Diff: 8, Sum: 41]
      [Scan RS (ms): Min: 0.1, Avg: 0.2, Max: 0.3, Diff: 0.2, Sum: 1.9]
      [Code Root Scanning (ms): Min: 0.0, Avg: 0.0, Max: 0.0, Diff: 0.0, Sum: 0.1]
      [Object Copy (ms): Min: 3.8, Avg: 4.0, Max: 4.0, Diff: 0.2, Sum: 31.7]
      [Termination (ms): Min: 0.0, Avg: 0.0, Max: 0.0, Diff: 0.0, Sum: 0.0]
         [Termination Attempts: Min: 1, Avg: 1.0, Max: 1, Diff: 0, Sum: 8]
      [GC Worker Other (ms): Min: 0.0, Avg: 0.0, Max: 0.1, Diff: 0.1, Sum: 0.4]
      [GC Worker Total (ms): Min: 5.4, Avg: 5.6, Max: 5.7, Diff: 0.3, Sum: 44.5]
      [GC Worker End (ms): Min: 300374622.6, Avg: 300374622.6, Max: 300374622.7, Diff: 0.1]
   [Code Root Fixup: 0.0 ms]
   [Code Root Purge: 0.0 ms]
   [Clear CT: 0.6 ms]
   [Other: 2.6 ms]
      [Choose CSet: 0.0 ms]
      [Ref Proc: 1.4 ms]
      [Ref Enq: 0.0 ms]
      [Redirty Cards: 0.7 ms]
      [Humongous Register: 0.0 ms]
      [Humongous Reclaim: 0.0 ms]
      [Free CSet: 0.2 ms]
   [Eden: 606.0M(606.0M)->0.0B(609.0M) Survivors: 8192.0K->5120.0K Heap: 840.9M(1024.0M)->231.5M(1024.0M)]
 [Times: user=0.04 sys=0.00, real=0.01 secs] 
2019-06-26T12:19:40.126+0900: 310117.782: [GC pause (G1 Evacuation Pause) (young), 0.0100250 secs]
   [Parallel Time: 6.6 ms, GC Workers: 8]
      [GC Worker Start (ms): Min: 310117782.1, Avg: 310117782.3, Max: 310117782.5, Diff: 0.3]
      [Ext Root Scanning (ms): Min: 0.6, Avg: 0.8, Max: 1.1, Diff: 0.5, Sum: 6.1]
      [Update RS (ms): Min: 0.3, Avg: 0.5, Max: 0.8, Diff: 0.4, Sum: 3.9]
         [Processed Buffers: Min: 1, Avg: 4.9, Max: 10, Diff: 9, Sum: 39]
      [Scan RS (ms): Min: 0.1, Avg: 0.2, Max: 0.3, Diff: 0.2, Sum: 1.9]
      [Code Root Scanning (ms): Min: 0.0, Avg: 0.0, Max: 0.0, Diff: 0.0, Sum: 0.1]
      [Object Copy (ms): Min: 4.5, Avg: 4.6, Max: 4.7, Diff: 0.2, Sum: 37.1]
      [Termination (ms): Min: 0.0, Avg: 0.0, Max: 0.0, Diff: 0.0, Sum: 0.0]
         [Termination Attempts: Min: 1, Avg: 1.0, Max: 1, Diff: 0, Sum: 8]
      [GC Worker Other (ms): Min: 0.0, Avg: 0.1, Max: 0.2, Diff: 0.1, Sum: 0.5]
      [GC Worker Total (ms): Min: 6.0, Avg: 6.2, Max: 6.4, Diff: 0.4, Sum: 49.5]
      [GC Worker End (ms): Min: 310117788.4, Avg: 310117788.5, Max: 310117788.6, Diff: 0.1]
   [Code Root Fixup: 0.0 ms]
   [Code Root Purge: 0.0 ms]
   [Clear CT: 0.7 ms]
   [Other: 2.7 ms]
      [Choose CSet: 0.0 ms]
      [Ref Proc: 1.5 ms]
      [Ref Enq: 0.0 ms]
      [Redirty Cards: 0.7 ms]
      [Humongous Register: 0.0 ms]
      [Humongous Reclaim: 0.0 ms]
      [Free CSet: 0.2 ms]
   [Eden: 609.0M(609.0M)->0.0B(607.0M) Survivors: 5120.0K->7168.0K Heap: 840.5M(1024.0M)->234.2M(1024.0M)]
 [Times: user=0.04 sys=0.02, real=0.01 secs] 
2019-06-26T15:01:03.734+0900: 319801.390: [GC pause (G1 Evacuation Pause) (young), 0.0094899 secs]
   [Parallel Time: 6.2 ms, GC Workers: 8]
      [GC Worker Start (ms): Min: 319801390.4, Avg: 319801390.6, Max: 319801390.7, Diff: 0.3]
      [Ext Root Scanning (ms): Min: 0.5, Avg: 0.7, Max: 1.0, Diff: 0.5, Sum: 5.7]
      [Update RS (ms): Min: 0.9, Avg: 1.2, Max: 1.4, Diff: 0.6, Sum: 9.5]
         [Processed Buffers: Min: 1, Avg: 5.4, Max: 21, Diff: 20, Sum: 43]
      [Scan RS (ms): Min: 0.1, Avg: 0.2, Max: 0.4, Diff: 0.3, Sum: 1.6]
      [Code Root Scanning (ms): Min: 0.0, Avg: 0.0, Max: 0.0, Diff: 0.0, Sum: 0.1]
      [Object Copy (ms): Min: 3.2, Avg: 3.4, Max: 3.7, Diff: 0.4, Sum: 27.5]
      [Termination (ms): Min: 0.0, Avg: 0.0, Max: 0.0, Diff: 0.0, Sum: 0.0]
         [Termination Attempts: Min: 1, Avg: 1.0, Max: 1, Diff: 0, Sum: 8]
      [GC Worker Other (ms): Min: 0.0, Avg: 0.1, Max: 0.1, Diff: 0.1, Sum: 0.4]
      [GC Worker Total (ms): Min: 5.4, Avg: 5.6, Max: 5.7, Diff: 0.3, Sum: 44.7]
      [GC Worker End (ms): Min: 319801396.1, Avg: 319801396.2, Max: 319801396.3, Diff: 0.1]
   [Code Root Fixup: 0.0 ms]
   [Code Root Purge: 0.0 ms]
   [Clear CT: 0.7 ms]
   [Other: 2.6 ms]
      [Choose CSet: 0.0 ms]
      [Ref Proc: 1.3 ms]
      [Ref Enq: 0.0 ms]
      [Redirty Cards: 0.9 ms]
      [Humongous Register: 0.0 ms]
      [Humongous Reclaim: 0.0 ms]
      [Free CSet: 0.2 ms]
   [Eden: 607.0M(607.0M)->0.0B(609.0M) Survivors: 7168.0K->5120.0K Heap: 841.2M(1024.0M)->232.7M(1024.0M)]
 [Times: user=0.04 sys=0.01, real=0.01 secs] 
2019-06-26T17:43:01.275+0900: 329518.931: [GC pause (G1 Evacuation Pause) (young), 0.0094848 secs]
   [Parallel Time: 6.3 ms, GC Workers: 8]
      [GC Worker Start (ms): Min: 329518930.8, Avg: 329518931.0, Max: 329518931.2, Diff: 0.3]
      [Ext Root Scanning (ms): Min: 0.6, Avg: 0.8, Max: 1.2, Diff: 0.6, Sum: 6.3]
      [Update RS (ms): Min: 0.2, Avg: 0.5, Max: 0.9, Diff: 0.7, Sum: 4.3]
         [Processed Buffers: Min: 1, Avg: 5.0, Max: 13, Diff: 12, Sum: 40]
      [Scan RS (ms): Min: 0.1, Avg: 0.2, Max: 0.3, Diff: 0.2, Sum: 1.9]
      [Code Root Scanning (ms): Min: 0.0, Avg: 0.0, Max: 0.0, Diff: 0.0, Sum: 0.1]
      [Object Copy (ms): Min: 3.7, Avg: 3.8, Max: 3.9, Diff: 0.2, Sum: 30.7]
      [Termination (ms): Min: 0.0, Avg: 0.0, Max: 0.0, Diff: 0.0, Sum: 0.0]
         [Termination Attempts: Min: 1, Avg: 1.0, Max: 1, Diff: 0, Sum: 8]
      [GC Worker Other (ms): Min: 0.0, Avg: 0.1, Max: 0.2, Diff: 0.2, Sum: 0.7]
      [GC Worker Total (ms): Min: 5.2, Avg: 5.5, Max: 5.7, Diff: 0.5, Sum: 44.0]
      [GC Worker End (ms): Min: 329518936.4, Avg: 329518936.5, Max: 329518936.6, Diff: 0.2]
   [Code Root Fixup: 0.0 ms]
   [Code Root Purge: 0.0 ms]
   [Clear CT: 0.6 ms]
   [Other: 2.6 ms]
      [Choose CSet: 0.0 ms]
      [Ref Proc: 1.4 ms]
      [Ref Enq: 0.0 ms]
      [Redirty Cards: 0.8 ms]
      [Humongous Register: 0.0 ms]
      [Humongous Reclaim: 0.0 ms]
      [Free CSet: 0.2 ms]
   [Eden: 609.0M(609.0M)->0.0B(609.0M) Survivors: 5120.0K->5120.0K Heap: 841.7M(1024.0M)->232.6M(1024.0M)]
 [Times: user=0.04 sys=0.00, real=0.01 secs] 
2019-06-26T20:24:39.238+0900: 339216.894: [GC pause (G1 Evacuation Pause) (young), 0.0097570 secs]
   [Parallel Time: 6.5 ms, GC Workers: 8]
      [GC Worker Start (ms): Min: 339216894.4, Avg: 339216894.6, Max: 339216894.8, Diff: 0.3]
      [Ext Root Scanning (ms): Min: 0.6, Avg: 0.8, Max: 1.0, Diff: 0.4, Sum: 6.2]
      [Update RS (ms): Min: 0.1, Avg: 0.4, Max: 0.8, Diff: 0.7, Sum: 3.2]
         [Processed Buffers: Min: 1, Avg: 5.1, Max: 10, Diff: 9, Sum: 41]
      [Scan RS (ms): Min: 0.1, Avg: 0.2, Max: 0.3, Diff: 0.2, Sum: 2.0]
      [Code Root Scanning (ms): Min: 0.0, Avg: 0.0, Max: 0.0, Diff: 0.0, Sum: 0.1]
      [Object Copy (ms): Min: 4.1, Avg: 4.4, Max: 4.6, Diff: 0.5, Sum: 34.8]
      [Termination (ms): Min: 0.0, Avg: 0.0, Max: 0.0, Diff: 0.0, Sum: 0.0]
         [Termination Attempts: Min: 1, Avg: 1.0, Max: 1, Diff: 0, Sum: 8]
      [GC Worker Other (ms): Min: 0.0, Avg: 0.1, Max: 0.2, Diff: 0.1, Sum: 0.6]
      [GC Worker Total (ms): Min: 5.7, Avg: 5.9, Max: 6.1, Diff: 0.4, Sum: 46.9]
      [GC Worker End (ms): Min: 339216900.4, Avg: 339216900.5, Max: 339216900.6, Diff: 0.1]
   [Code Root Fixup: 0.0 ms]
   [Code Root Purge: 0.0 ms]
   [Clear CT: 0.6 ms]
   [Other: 2.6 ms]
      [Choose CSet: 0.0 ms]
      [Ref Proc: 1.4 ms]
      [Ref Enq: 0.0 ms]
      [Redirty Cards: 0.7 ms]
      [Humongous Register: 0.0 ms]
      [Humongous Reclaim: 0.0 ms]
      [Free CSet: 0.2 ms]
   [Eden: 609.0M(609.0M)->0.0B(608.0M) Survivors: 5120.0K->6144.0K Heap: 841.6M(1024.0M)->233.7M(1024.0M)]
 [Times: user=0.05 sys=0.01, real=0.00 secs] 
2019-06-26T23:06:35.010+0900: 348932.666: [GC pause (G1 Evacuation Pause) (young), 0.0089774 secs]
   [Parallel Time: 5.9 ms, GC Workers: 8]
      [GC Worker Start (ms): Min: 348932666.0, Avg: 348932666.2, Max: 348932666.4, Diff: 0.3]
      [Ext Root Scanning (ms): Min: 0.6, Avg: 0.8, Max: 1.1, Diff: 0.5, Sum: 6.2]
      [Update RS (ms): Min: 0.2, Avg: 0.4, Max: 0.8, Diff: 0.5, Sum: 3.1]
         [Processed Buffers: Min: 1, Avg: 5.1, Max: 9, Diff: 8, Sum: 41]
      [Scan RS (ms): Min: 0.1, Avg: 0.2, Max: 0.3, Diff: 0.2, Sum: 1.8]
      [Code Root Scanning (ms): Min: 0.0, Avg: 0.0, Max: 0.0, Diff: 0.0, Sum: 0.1]
      [Object Copy (ms): Min: 3.5, Avg: 3.7, Max: 3.8, Diff: 0.3, Sum: 29.9]
      [Termination (ms): Min: 0.0, Avg: 0.0, Max: 0.0, Diff: 0.0, Sum: 0.0]
         [Termination Attempts: Min: 1, Avg: 1.0, Max: 1, Diff: 0, Sum: 8]
      [GC Worker Other (ms): Min: 0.0, Avg: 0.1, Max: 0.2, Diff: 0.2, Sum: 0.6]
      [GC Worker Total (ms): Min: 5.0, Avg: 5.2, Max: 5.4, Diff: 0.3, Sum: 41.7]
      [GC Worker End (ms): Min: 348932671.4, Avg: 348932671.4, Max: 348932671.5, Diff: 0.2]
   [Code Root Fixup: 0.0 ms]
   [Code Root Purge: 0.0 ms]
   [Clear CT: 0.7 ms]
   [Other: 2.4 ms]
      [Choose CSet: 0.0 ms]
      [Ref Proc: 1.4 ms]
      [Ref Enq: 0.0 ms]
      [Redirty Cards: 0.5 ms]
      [Humongous Register: 0.0 ms]
      [Humongous Reclaim: 0.0 ms]
      [Free CSet: 0.2 ms]
   [Eden: 608.0M(608.0M)->0.0B(609.0M) Survivors: 6144.0K->5120.0K Heap: 841.7M(1024.0M)->232.6M(1024.0M)]
 [Times: user=0.05 sys=0.00, real=0.02 secs] 
2019-06-27T01:48:43.285+0900: 358660.941: [GC pause (G1 Evacuation Pause) (young), 0.0087176 secs]
   [Parallel Time: 6.0 ms, GC Workers: 8]
      [GC Worker Start (ms): Min: 358660940.8, Avg: 358660941.0, Max: 358660941.2, Diff: 0.3]
      [Ext Root Scanning (ms): Min: 0.6, Avg: 0.8, Max: 1.0, Diff: 0.4, Sum: 6.1]
      [Update RS (ms): Min: 0.3, Avg: 0.4, Max: 0.8, Diff: 0.5, Sum: 3.4]
         [Processed Buffers: Min: 2, Avg: 5.1, Max: 9, Diff: 7, Sum: 41]
      [Scan RS (ms): Min: 0.1, Avg: 0.2, Max: 0.3, Diff: 0.2, Sum: 1.8]
      [Code Root Scanning (ms): Min: 0.0, Avg: 0.0, Max: 0.0, Diff: 0.0, Sum: 0.1]
      [Object Copy (ms): Min: 3.8, Avg: 4.0, Max: 4.1, Diff: 0.3, Sum: 32.3]
      [Termination (ms): Min: 0.0, Avg: 0.0, Max: 0.0, Diff: 0.0, Sum: 0.0]
         [Termination Attempts: Min: 1, Avg: 1.0, Max: 1, Diff: 0, Sum: 8]
      [GC Worker Other (ms): Min: 0.0, Avg: 0.0, Max: 0.1, Diff: 0.1, Sum: 0.3]
      [GC Worker Total (ms): Min: 5.3, Avg: 5.5, Max: 5.7, Diff: 0.4, Sum: 44.2]
      [GC Worker End (ms): Min: 358660946.5, Avg: 358660946.5, Max: 358660946.6, Diff: 0.1]
   [Code Root Fixup: 0.0 ms]
   [Code Root Purge: 0.0 ms]
   [Clear CT: 0.6 ms]
   [Other: 2.1 ms]
      [Choose CSet: 0.0 ms]
      [Ref Proc: 1.1 ms]
      [Ref Enq: 0.0 ms]
      [Redirty Cards: 0.6 ms]
      [Humongous Register: 0.0 ms]
      [Humongous Reclaim: 0.0 ms]
      [Free CSet: 0.2 ms]
   [Eden: 609.0M(609.0M)->0.0B(608.0M) Survivors: 5120.0K->6144.0K Heap: 841.6M(1024.0M)->233.9M(1024.0M)]
 [Times: user=0.05 sys=0.00, real=0.01 secs] 
2019-06-27T04:30:15.009+0900: 368352.665: [GC pause (G1 Evacuation Pause) (young), 0.0075641 secs]
   [Parallel Time: 5.7 ms, GC Workers: 8]
      [GC Worker Start (ms): Min: 368352665.5, Avg: 368352665.7, Max: 368352666.4, Diff: 0.9]
      [Ext Root Scanning (ms): Min: 0.2, Avg: 0.8, Max: 1.1, Diff: 1.0, Sum: 6.5]
      [Update RS (ms): Min: 0.3, Avg: 0.4, Max: 0.8, Diff: 0.6, Sum: 3.2]
         [Processed Buffers: Min: 1, Avg: 5.1, Max: 9, Diff: 8, Sum: 41]
      [Scan RS (ms): Min: 0.1, Avg: 0.2, Max: 0.3, Diff: 0.2, Sum: 1.8]
      [Code Root Scanning (ms): Min: 0.0, Avg: 0.0, Max: 0.0, Diff: 0.0, Sum: 0.1]
      [Object Copy (ms): Min: 3.4, Avg: 3.6, Max: 3.7, Diff: 0.3, Sum: 29.2]
      [Termination (ms): Min: 0.0, Avg: 0.0, Max: 0.0, Diff: 0.0, Sum: 0.0]
         [Termination Attempts: Min: 1, Avg: 1.0, Max: 1, Diff: 0, Sum: 8]
      [GC Worker Other (ms): Min: 0.0, Avg: 0.1, Max: 0.2, Diff: 0.2, Sum: 0.6]
      [GC Worker Total (ms): Min: 4.5, Avg: 5.2, Max: 5.4, Diff: 0.9, Sum: 41.5]
      [GC Worker End (ms): Min: 368352670.9, Avg: 368352670.9, Max: 368352671.0, Diff: 0.2]
   [Code Root Fixup: 0.0 ms]
   [Code Root Purge: 0.0 ms]
   [Clear CT: 0.1 ms]
   [Other: 1.8 ms]
      [Choose CSet: 0.0 ms]
      [Ref Proc: 1.1 ms]
      [Ref Enq: 0.0 ms]
      [Redirty Cards: 0.2 ms]
      [Humongous Register: 0.0 ms]
      [Humongous Reclaim: 0.0 ms]
      [Free CSet: 0.2 ms]
   [Eden: 608.0M(608.0M)->0.0B(610.0M) Survivors: 6144.0K->4096.0K Heap: 841.9M(1024.0M)->231.9M(1024.0M)]
 [Times: user=0.04 sys=0.00, real=0.01 secs] 
2019-06-27T07:12:50.010+0900: 378107.666: [GC pause (G1 Evacuation Pause) (young), 0.0091530 secs]
   [Parallel Time: 6.0 ms, GC Workers: 8]
      [GC Worker Start (ms): Min: 378107666.1, Avg: 378107666.2, Max: 378107666.4, Diff: 0.3]
      [Ext Root Scanning (ms): Min: 0.6, Avg: 0.8, Max: 1.1, Diff: 0.5, Sum: 6.1]
      [Update RS (ms): Min: 0.2, Avg: 0.4, Max: 0.8, Diff: 0.6, Sum: 3.1]
         [Processed Buffers: Min: 2, Avg: 5.0, Max: 9, Diff: 7, Sum: 40]
      [Scan RS (ms): Min: 0.1, Avg: 0.2, Max: 0.3, Diff: 0.2, Sum: 1.8]
      [Code Root Scanning (ms): Min: 0.0, Avg: 0.0, Max: 0.0, Diff: 0.0, Sum: 0.1]
      [Object Copy (ms): Min: 3.7, Avg: 3.9, Max: 4.0, Diff: 0.3, Sum: 31.3]
      [Termination (ms): Min: 0.0, Avg: 0.0, Max: 0.0, Diff: 0.0, Sum: 0.0]
         [Termination Attempts: Min: 1, Avg: 1.0, Max: 1, Diff: 0, Sum: 8]
      [GC Worker Other (ms): Min: 0.0, Avg: 0.0, Max: 0.1, Diff: 0.1, Sum: 0.4]
      [GC Worker Total (ms): Min: 5.2, Avg: 5.3, Max: 5.5, Diff: 0.3, Sum: 42.7]
      [GC Worker End (ms): Min: 378107671.5, Avg: 378107671.6, Max: 378107671.6, Diff: 0.1]
   [Code Root Fixup: 0.0 ms]
   [Code Root Purge: 0.0 ms]
   [Clear CT: 0.7 ms]
   [Other: 2.5 ms]
      [Choose CSet: 0.0 ms]
      [Ref Proc: 1.3 ms]
      [Ref Enq: 0.0 ms]
      [Redirty Cards: 0.8 ms]
      [Humongous Register: 0.0 ms]
      [Humongous Reclaim: 0.0 ms]
      [Free CSet: 0.2 ms]
   [Eden: 610.0M(610.0M)->0.0B(611.0M) Survivors: 4096.0K->3072.0K Heap: 841.9M(1024.0M)->231.3M(1024.0M)]
 [Times: user=0.04 sys=0.01, real=0.02 secs] 
2019-06-27T09:55:15.441+0900: 387853.097: [GC pause (G1 Evacuation Pause) (young), 0.0093683 secs]
   [Parallel Time: 6.6 ms, GC Workers: 8]
      [GC Worker Start (ms): Min: 387853097.3, Avg: 387853097.5, Max: 387853097.6, Diff: 0.4]
      [Ext Root Scanning (ms): Min: 0.6, Avg: 0.8, Max: 1.0, Diff: 0.4, Sum: 6.4]
      [Update RS (ms): Min: 0.3, Avg: 0.4, Max: 0.8, Diff: 0.5, Sum: 3.2]
         [Processed Buffers: Min: 1, Avg: 5.1, Max: 9, Diff: 8, Sum: 41]
      [Scan RS (ms): Min: 0.1, Avg: 0.2, Max: 0.3, Diff: 0.2, Sum: 1.9]
      [Code Root Scanning (ms): Min: 0.0, Avg: 0.0, Max: 0.0, Diff: 0.0, Sum: 0.1]
      [Object Copy (ms): Min: 4.2, Avg: 4.5, Max: 4.6, Diff: 0.4, Sum: 35.9]
      [Termination (ms): Min: 0.0, Avg: 0.0, Max: 0.0, Diff: 0.0, Sum: 0.0]
         [Termination Attempts: Min: 1, Avg: 1.0, Max: 1, Diff: 0, Sum: 8]
      [GC Worker Other (ms): Min: 0.0, Avg: 0.0, Max: 0.1, Diff: 0.1, Sum: 0.3]
      [GC Worker Total (ms): Min: 5.8, Avg: 6.0, Max: 6.1, Diff: 0.4, Sum: 47.8]
      [GC Worker End (ms): Min: 387853103.4, Avg: 387853103.5, Max: 387853103.5, Diff: 0.1]
   [Code Root Fixup: 0.0 ms]
   [Code Root Purge: 0.0 ms]
   [Clear CT: 0.6 ms]
   [Other: 2.2 ms]
      [Choose CSet: 0.0 ms]
      [Ref Proc: 1.0 ms]
      [Ref Enq: 0.0 ms]
      [Redirty Cards: 0.7 ms]
      [Humongous Register: 0.0 ms]
      [Humongous Reclaim: 0.0 ms]
      [Free CSet: 0.2 ms]
   [Eden: 611.0M(611.0M)->0.0B(608.0M) Survivors: 3072.0K->6144.0K Heap: 842.3M(1024.0M)->233.7M(1024.0M)]
 [Times: user=0.05 sys=0.00, real=0.01 secs] 
2019-06-27T12:36:45.010+0900: 397542.666: [GC pause (G1 Evacuation Pause) (young), 0.0093903 secs]
   [Parallel Time: 6.1 ms, GC Workers: 8]
      [GC Worker Start (ms): Min: 397542666.0, Avg: 397542666.1, Max: 397542666.3, Diff: 0.4]
      [Ext Root Scanning (ms): Min: 0.6, Avg: 0.8, Max: 1.1, Diff: 0.5, Sum: 6.3]
      [Update RS (ms): Min: 0.2, Avg: 0.4, Max: 0.7, Diff: 0.5, Sum: 3.1]
         [Processed Buffers: Min: 1, Avg: 5.1, Max: 10, Diff: 9, Sum: 41]
      [Scan RS (ms): Min: 0.1, Avg: 0.2, Max: 0.3, Diff: 0.2, Sum: 1.9]
      [Code Root Scanning (ms): Min: 0.0, Avg: 0.0, Max: 0.1, Diff: 0.1, Sum: 0.1]
      [Object Copy (ms): Min: 4.2, Avg: 4.3, Max: 4.4, Diff: 0.2, Sum: 34.8]
      [Termination (ms): Min: 0.0, Avg: 0.0, Max: 0.0, Diff: 0.0, Sum: 0.0]
         [Termination Attempts: Min: 1, Avg: 1.0, Max: 1, Diff: 0, Sum: 8]
      [GC Worker Other (ms): Min: 0.0, Avg: 0.0, Max: 0.1, Diff: 0.1, Sum: 0.4]
      [GC Worker Total (ms): Min: 5.7, Avg: 5.8, Max: 6.0, Diff: 0.3, Sum: 46.6]
      [GC Worker End (ms): Min: 397542671.9, Avg: 397542672.0, Max: 397542672.0, Diff: 0.1]
   [Code Root Fixup: 0.0 ms]
   [Code Root Purge: 0.0 ms]
   [Clear CT: 0.7 ms]
   [Other: 2.6 ms]
      [Choose CSet: 0.0 ms]
      [Ref Proc: 1.2 ms]
      [Ref Enq: 0.0 ms]
      [Redirty Cards: 0.9 ms]
      [Humongous Register: 0.0 ms]
      [Humongous Reclaim: 0.0 ms]
      [Free CSet: 0.2 ms]
   [Eden: 608.0M(608.0M)->0.0B(610.0M) Survivors: 6144.0K->4096.0K Heap: 841.7M(1024.0M)->231.8M(1024.0M)]
 [Times: user=0.05 sys=0.00, real=0.02 secs] 
2019-06-27T15:19:18.945+0900: 407296.601: [GC pause (G1 Evacuation Pause) (young), 0.0086997 secs]
   [Parallel Time: 5.5 ms, GC Workers: 8]
      [GC Worker Start (ms): Min: 407296600.8, Avg: 407296601.0, Max: 407296601.1, Diff: 0.3]
      [Ext Root Scanning (ms): Min: 0.6, Avg: 0.8, Max: 1.0, Diff: 0.4, Sum: 6.2]
      [Update RS (ms): Min: 0.3, Avg: 0.4, Max: 0.8, Diff: 0.4, Sum: 3.5]
         [Processed Buffers: Min: 1, Avg: 5.1, Max: 12, Diff: 11, Sum: 41]
      [Scan RS (ms): Min: 0.1, Avg: 0.2, Max: 0.3, Diff: 0.2, Sum: 2.0]
      [Code Root Scanning (ms): Min: 0.0, Avg: 0.0, Max: 0.1, Diff: 0.1, Sum: 0.1]
      [Object Copy (ms): Min: 3.1, Avg: 3.3, Max: 3.3, Diff: 0.3, Sum: 26.1]
      [Termination (ms): Min: 0.0, Avg: 0.0, Max: 0.0, Diff: 0.0, Sum: 0.0]
         [Termination Attempts: Min: 1, Avg: 1.0, Max: 1, Diff: 0, Sum: 8]
      [GC Worker Other (ms): Min: 0.0, Avg: 0.1, Max: 0.2, Diff: 0.2, Sum: 0.7]
      [GC Worker Total (ms): Min: 4.7, Avg: 4.8, Max: 5.0, Diff: 0.3, Sum: 38.6]
      [GC Worker End (ms): Min: 407296605.7, Avg: 407296605.8, Max: 407296605.9, Diff: 0.2]
   [Code Root Fixup: 0.0 ms]
   [Code Root Purge: 0.0 ms]
   [Clear CT: 0.6 ms]
   [Other: 2.5 ms]
      [Choose CSet: 0.0 ms]
      [Ref Proc: 1.1 ms]
      [Ref Enq: 0.0 ms]
      [Redirty Cards: 0.9 ms]
      [Humongous Register: 0.0 ms]
      [Humongous Reclaim: 0.0 ms]
      [Free CSet: 0.2 ms]
   [Eden: 610.0M(610.0M)->0.0B(611.0M) Survivors: 4096.0K->3072.0K Heap: 841.8M(1024.0M)->231.4M(1024.0M)]
 [Times: user=0.04 sys=0.00, real=0.01 secs] 
2019-06-27T18:01:40.010+0900: 417037.666: [GC pause (G1 Evacuation Pause) (young), 0.0087368 secs]
   [Parallel Time: 6.1 ms, GC Workers: 8]
      [GC Worker Start (ms): Min: 417037665.9, Avg: 417037666.1, Max: 417037666.2, Diff: 0.4]
      [Ext Root Scanning (ms): Min: 0.6, Avg: 0.8, Max: 1.1, Diff: 0.4, Sum: 6.4]
      [Update RS (ms): Min: 0.3, Avg: 0.4, Max: 0.8, Diff: 0.5, Sum: 3.1]
         [Processed Buffers: Min: 1, Avg: 5.1, Max: 10, Diff: 9, Sum: 41]
      [Scan RS (ms): Min: 0.1, Avg: 0.2, Max: 0.3, Diff: 0.2, Sum: 1.9]
      [Code Root Scanning (ms): Min: 0.0, Avg: 0.0, Max: 0.1, Diff: 0.1, Sum: 0.1]
      [Object Copy (ms): Min: 3.9, Avg: 4.2, Max: 4.2, Diff: 0.3, Sum: 33.2]
      [Termination (ms): Min: 0.0, Avg: 0.0, Max: 0.0, Diff: 0.0, Sum: 0.0]
         [Termination Attempts: Min: 1, Avg: 1.0, Max: 1, Diff: 0, Sum: 8]
      [GC Worker Other (ms): Min: 0.0, Avg: 0.0, Max: 0.1, Diff: 0.1, Sum: 0.3]
      [GC Worker Total (ms): Min: 5.5, Avg: 5.6, Max: 5.8, Diff: 0.3, Sum: 45.1]
      [GC Worker End (ms): Min: 417037671.7, Avg: 417037671.7, Max: 417037671.8, Diff: 0.1]
   [Code Root Fixup: 0.0 ms]
   [Code Root Purge: 0.0 ms]
   [Clear CT: 0.4 ms]
   [Other: 2.2 ms]
      [Choose CSet: 0.0 ms]
      [Ref Proc: 1.2 ms]
      [Ref Enq: 0.0 ms]
      [Redirty Cards: 0.6 ms]
      [Humongous Register: 0.0 ms]
      [Humongous Reclaim: 0.0 ms]
      [Free CSet: 0.2 ms]
   [Eden: 611.0M(611.0M)->0.0B(608.0M) Survivors: 3072.0K->6144.0K Heap: 842.4M(1024.0M)->233.7M(1024.0M)]
 [Times: user=0.05 sys=0.00, real=0.02 secs] 
2019-06-27T20:43:07.860+0900: 426725.516: [GC pause (G1 Evacuation Pause) (young), 0.0086873 secs]
   [Parallel Time: 5.6 ms, GC Workers: 8]
      [GC Worker Start (ms): Min: 426725516.2, Avg: 426725516.4, Max: 426725516.5, Diff: 0.3]
      [Ext Root Scanning (ms): Min: 0.6, Avg: 0.8, Max: 1.0, Diff: 0.4, Sum: 6.2]
      [Update RS (ms): Min: 0.3, Avg: 0.4, Max: 0.8, Diff: 0.5, Sum: 3.1]
         [Processed Buffers: Min: 1, Avg: 5.0, Max: 8, Diff: 7, Sum: 40]
      [Scan RS (ms): Min: 0.1, Avg: 0.3, Max: 0.3, Diff: 0.2, Sum: 2.0]
      [Code Root Scanning (ms): Min: 0.0, Avg: 0.0, Max: 0.1, Diff: 0.1, Sum: 0.1]
      [Object Copy (ms): Min: 3.1, Avg: 3.5, Max: 3.5, Diff: 0.4, Sum: 27.6]
      [Termination (ms): Min: 0.0, Avg: 0.0, Max: 0.0, Diff: 0.0, Sum: 0.0]
         [Termination Attempts: Min: 1, Avg: 1.0, Max: 1, Diff: 0, Sum: 8]
      [GC Worker Other (ms): Min: 0.0, Avg: 0.0, Max: 0.1, Diff: 0.0, Sum: 0.3]
      [GC Worker Total (ms): Min: 4.8, Avg: 4.9, Max: 5.1, Diff: 0.3, Sum: 39.3]
      [GC Worker End (ms): Min: 426725521.3, Avg: 426725521.3, Max: 426725521.3, Diff: 0.0]
   [Code Root Fixup: 0.0 ms]
   [Code Root Purge: 0.0 ms]
   [Clear CT: 0.7 ms]
   [Other: 2.4 ms]
      [Choose CSet: 0.0 ms]
      [Ref Proc: 1.2 ms]
      [Ref Enq: 0.0 ms]
      [Redirty Cards: 0.8 ms]
      [Humongous Register: 0.0 ms]
      [Humongous Reclaim: 0.0 ms]
      [Free CSet: 0.2 ms]
   [Eden: 608.0M(608.0M)->0.0B(610.0M) Survivors: 6144.0K->4096.0K Heap: 841.7M(1024.0M)->232.0M(1024.0M)]
 [Times: user=0.04 sys=0.01, real=0.00 secs] 
2019-06-27T23:25:08.161+0900: 436445.817: [GC pause (G1 Evacuation Pause) (young), 0.0093191 secs]
   [Parallel Time: 6.1 ms, GC Workers: 8]
      [GC Worker Start (ms): Min: 436445817.6, Avg: 436445817.8, Max: 436445818.0, Diff: 0.3]
      [Ext Root Scanning (ms): Min: 0.6, Avg: 0.8, Max: 1.0, Diff: 0.4, Sum: 6.3]
      [Update RS (ms): Min: 0.3, Avg: 0.4, Max: 0.9, Diff: 0.6, Sum: 3.2]
         [Processed Buffers: Min: 1, Avg: 5.2, Max: 10, Diff: 9, Sum: 42]
      [Scan RS (ms): Min: 0.1, Avg: 0.3, Max: 0.4, Diff: 0.3, Sum: 2.0]
      [Code Root Scanning (ms): Min: 0.0, Avg: 0.0, Max: 0.1, Diff: 0.1, Sum: 0.1]
      [Object Copy (ms): Min: 3.7, Avg: 4.0, Max: 4.1, Diff: 0.4, Sum: 31.8]
      [Termination (ms): Min: 0.0, Avg: 0.0, Max: 0.0, Diff: 0.0, Sum: 0.0]
         [Termination Attempts: Min: 1, Avg: 1.0, Max: 1, Diff: 0, Sum: 8]
      [GC Worker Other (ms): Min: 0.0, Avg: 0.0, Max: 0.1, Diff: 0.1, Sum: 0.3]
      [GC Worker Total (ms): Min: 5.3, Avg: 5.5, Max: 5.6, Diff: 0.3, Sum: 43.8]
      [GC Worker End (ms): Min: 436445823.3, Avg: 436445823.3, Max: 436445823.3, Diff: 0.1]
   [Code Root Fixup: 0.0 ms]
   [Code Root Purge: 0.0 ms]
   [Clear CT: 0.7 ms]
   [Other: 2.6 ms]
      [Choose CSet: 0.0 ms]
      [Ref Proc: 1.2 ms]
      [Ref Enq: 0.0 ms]
      [Redirty Cards: 0.9 ms]
      [Humongous Register: 0.0 ms]
      [Humongous Reclaim: 0.0 ms]
      [Free CSet: 0.2 ms]
   [Eden: 610.0M(610.0M)->0.0B(610.0M) Survivors: 4096.0K->4096.0K Heap: 842.0M(1024.0M)->232.4M(1024.0M)]
 [Times: user=0.05 sys=0.00, real=0.01 secs] 
2019-06-28T02:07:33.437+0900: 446191.093: [GC pause (G1 Evacuation Pause) (young), 0.0094249 secs]
   [Parallel Time: 6.5 ms, GC Workers: 8]
      [GC Worker Start (ms): Min: 446191093.1, Avg: 446191093.3, Max: 446191093.5, Diff: 0.3]
      [Ext Root Scanning (ms): Min: 0.6, Avg: 0.8, Max: 1.0, Diff: 0.4, Sum: 6.3]
      [Update RS (ms): Min: 0.3, Avg: 0.4, Max: 0.7, Diff: 0.5, Sum: 3.1]
         [Processed Buffers: Min: 1, Avg: 5.2, Max: 8, Diff: 7, Sum: 42]
      [Scan RS (ms): Min: 0.1, Avg: 0.2, Max: 0.3, Diff: 0.2, Sum: 1.8]
      [Code Root Scanning (ms): Min: 0.0, Avg: 0.0, Max: 0.1, Diff: 0.1, Sum: 0.2]
      [Object Copy (ms): Min: 4.0, Avg: 4.2, Max: 4.3, Diff: 0.3, Sum: 33.7]
      [Termination (ms): Min: 0.0, Avg: 0.0, Max: 0.0, Diff: 0.0, Sum: 0.0]
         [Termination Attempts: Min: 1, Avg: 1.0, Max: 1, Diff: 0, Sum: 8]
      [GC Worker Other (ms): Min: 0.0, Avg: 0.1, Max: 0.2, Diff: 0.2, Sum: 0.7]
      [GC Worker Total (ms): Min: 5.5, Avg: 5.7, Max: 5.9, Diff: 0.3, Sum: 45.8]
      [GC Worker End (ms): Min: 446191099.0, Avg: 446191099.0, Max: 446191099.2, Diff: 0.2]
   [Code Root Fixup: 0.0 ms]
   [Code Root Purge: 0.0 ms]
   [Clear CT: 0.6 ms]
   [Other: 2.3 ms]
      [Choose CSet: 0.0 ms]
      [Ref Proc: 1.2 ms]
      [Ref Enq: 0.0 ms]
      [Redirty Cards: 0.7 ms]
      [Humongous Register: 0.0 ms]
      [Humongous Reclaim: 0.0 ms]
      [Free CSet: 0.2 ms]
   [Eden: 610.0M(610.0M)->0.0B(608.0M) Survivors: 4096.0K->6144.0K Heap: 842.4M(1024.0M)->234.0M(1024.0M)]
 [Times: user=0.05 sys=0.00, real=0.01 secs] 
2019-06-28T04:49:15.876+0900: 455893.532: [GC pause (G1 Evacuation Pause) (young), 0.0084866 secs]
   [Parallel Time: 5.6 ms, GC Workers: 8]
      [GC Worker Start (ms): Min: 455893532.4, Avg: 455893532.6, Max: 455893532.7, Diff: 0.4]
      [Ext Root Scanning (ms): Min: 0.6, Avg: 0.8, Max: 1.0, Diff: 0.4, Sum: 6.3]
      [Update RS (ms): Min: 0.3, Avg: 0.4, Max: 0.8, Diff: 0.5, Sum: 3.1]
         [Processed Buffers: Min: 1, Avg: 5.1, Max: 8, Diff: 7, Sum: 41]
      [Scan RS (ms): Min: 0.1, Avg: 0.2, Max: 0.3, Diff: 0.2, Sum: 1.8]
      [Code Root Scanning (ms): Min: 0.0, Avg: 0.0, Max: 0.1, Diff: 0.1, Sum: 0.2]
      [Object Copy (ms): Min: 3.3, Avg: 3.5, Max: 3.6, Diff: 0.3, Sum: 28.0]
      [Termination (ms): Min: 0.0, Avg: 0.0, Max: 0.0, Diff: 0.0, Sum: 0.0]
         [Termination Attempts: Min: 1, Avg: 1.0, Max: 1, Diff: 0, Sum: 8]
      [GC Worker Other (ms): Min: 0.0, Avg: 0.1, Max: 0.1, Diff: 0.1, Sum: 0.5]
      [GC Worker Total (ms): Min: 4.8, Avg: 5.0, Max: 5.1, Diff: 0.3, Sum: 39.8]
      [GC Worker End (ms): Min: 455893537.5, Avg: 455893537.5, Max: 455893537.6, Diff: 0.1]
   [Code Root Fixup: 0.0 ms]
   [Code Root Purge: 0.0 ms]
   [Clear CT: 0.6 ms]
   [Other: 2.3 ms]
      [Choose CSet: 0.0 ms]
      [Ref Proc: 0.9 ms]
      [Ref Enq: 0.0 ms]
      [Redirty Cards: 0.9 ms]
      [Humongous Register: 0.0 ms]
      [Humongous Reclaim: 0.0 ms]
      [Free CSet: 0.2 ms]
   [Eden: 608.0M(608.0M)->0.0B(609.0M) Survivors: 6144.0K->5120.0K Heap: 842.0M(1024.0M)->232.6M(1024.0M)]
 [Times: user=0.04 sys=0.00, real=0.01 secs] 
2019-06-28T07:31:06.123+0900: 465603.779: [GC pause (G1 Evacuation Pause) (young), 0.0085695 secs]
   [Parallel Time: 4.0 ms, GC Workers: 8]
      [GC Worker Start (ms): Min: 465603779.1, Avg: 465603779.2, Max: 465603779.3, Diff: 0.2]
      [Ext Root Scanning (ms): Min: 0.4, Avg: 0.5, Max: 0.8, Diff: 0.3, Sum: 3.9]
      [Update RS (ms): Min: 0.0, Avg: 0.2, Max: 0.5, Diff: 0.5, Sum: 2.0]
         [Processed Buffers: Min: 2, Avg: 5.1, Max: 9, Diff: 7, Sum: 41]
      [Scan RS (ms): Min: 0.1, Avg: 0.1, Max: 0.2, Diff: 0.1, Sum: 1.2]
      [Code Root Scanning (ms): Min: 0.0, Avg: 0.0, Max: 0.1, Diff: 0.1, Sum: 0.1]
      [Object Copy (ms): Min: 2.7, Avg: 2.8, Max: 2.8, Diff: 0.2, Sum: 22.5]
      [Termination (ms): Min: 0.0, Avg: 0.0, Max: 0.0, Diff: 0.0, Sum: 0.0]
         [Termination Attempts: Min: 1, Avg: 1.1, Max: 2, Diff: 1, Sum: 9]
      [GC Worker Other (ms): Min: 0.0, Avg: 0.1, Max: 0.1, Diff: 0.1, Sum: 0.4]
      [GC Worker Total (ms): Min: 3.7, Avg: 3.8, Max: 3.9, Diff: 0.2, Sum: 30.1]
      [GC Worker End (ms): Min: 465603782.9, Avg: 465603783.0, Max: 465603783.1, Diff: 0.1]
   [Code Root Fixup: 0.0 ms]
   [Code Root Purge: 0.0 ms]
   [Clear CT: 0.5 ms]
   [Other: 4.0 ms]
      [Choose CSet: 0.0 ms]
      [Ref Proc: 2.4 ms]
      [Ref Enq: 0.0 ms]
      [Redirty Cards: 0.9 ms]
      [Humongous Register: 0.0 ms]
      [Humongous Reclaim: 0.0 ms]
      [Free CSet: 0.4 ms]
   [Eden: 609.0M(609.0M)->0.0B(610.0M) Survivors: 5120.0K->4096.0K Heap: 841.6M(1024.0M)->232.4M(1024.0M)]
 [Times: user=0.04 sys=0.00, real=0.01 secs] 
2019-06-28T10:13:33.435+0900: 475351.091: [GC pause (G1 Evacuation Pause) (young), 0.0098251 secs]
   [Parallel Time: 6.8 ms, GC Workers: 8]
      [GC Worker Start (ms): Min: 475351090.8, Avg: 475351091.0, Max: 475351091.1, Diff: 0.3]
      [Ext Root Scanning (ms): Min: 0.6, Avg: 0.8, Max: 1.0, Diff: 0.4, Sum: 6.1]
      [Update RS (ms): Min: 0.3, Avg: 0.4, Max: 0.8, Diff: 0.5, Sum: 3.1]
         [Processed Buffers: Min: 1, Avg: 5.2, Max: 8, Diff: 7, Sum: 42]
      [Scan RS (ms): Min: 0.1, Avg: 0.2, Max: 0.3, Diff: 0.2, Sum: 1.9]
      [Code Root Scanning (ms): Min: 0.0, Avg: 0.0, Max: 0.1, Diff: 0.1, Sum: 0.2]
      [Object Copy (ms): Min: 4.5, Avg: 4.7, Max: 4.7, Diff: 0.3, Sum: 37.3]
      [Termination (ms): Min: 0.0, Avg: 0.0, Max: 0.0, Diff: 0.0, Sum: 0.0]
         [Termination Attempts: Min: 1, Avg: 1.0, Max: 1, Diff: 0, Sum: 8]
      [GC Worker Other (ms): Min: 0.0, Avg: 0.0, Max: 0.1, Diff: 0.1, Sum: 0.4]
      [GC Worker Total (ms): Min: 6.0, Avg: 6.1, Max: 6.3, Diff: 0.3, Sum: 49.0]
      [GC Worker End (ms): Min: 475351097.1, Avg: 475351097.1, Max: 475351097.1, Diff: 0.1]
   [Code Root Fixup: 0.0 ms]
   [Code Root Purge: 0.0 ms]
   [Clear CT: 0.7 ms]
   [Other: 2.4 ms]
      [Choose CSet: 0.0 ms]
      [Ref Proc: 1.2 ms]
      [Ref Enq: 0.0 ms]
      [Redirty Cards: 0.8 ms]
      [Humongous Register: 0.0 ms]
      [Humongous Reclaim: 0.0 ms]
      [Free CSet: 0.2 ms]
   [Eden: 610.0M(610.0M)->0.0B(608.0M) Survivors: 4096.0K->6144.0K Heap: 842.4M(1024.0M)->234.0M(1024.0M)]
 [Times: user=0.05 sys=0.01, real=0.01 secs] 
2019-06-28T12:55:12.561+0900: 485050.217: [GC pause (G1 Evacuation Pause) (young), 0.0091022 secs]
   [Parallel Time: 5.9 ms, GC Workers: 8]
      [GC Worker Start (ms): Min: 485050217.2, Avg: 485050217.4, Max: 485050218.1, Diff: 1.0]
      [Ext Root Scanning (ms): Min: 0.1, Avg: 0.7, Max: 1.0, Diff: 1.0, Sum: 5.9]
      [Update RS (ms): Min: 0.3, Avg: 0.4, Max: 0.7, Diff: 0.5, Sum: 3.1]
         [Processed Buffers: Min: 1, Avg: 5.0, Max: 9, Diff: 8, Sum: 40]
      [Scan RS (ms): Min: 0.1, Avg: 0.2, Max: 0.3, Diff: 0.3, Sum: 1.8]
      [Code Root Scanning (ms): Min: 0.0, Avg: 0.0, Max: 0.1, Diff: 0.1, Sum: 0.2]
      [Object Copy (ms): Min: 3.4, Avg: 3.6, Max: 3.7, Diff: 0.3, Sum: 28.8]
      [Termination (ms): Min: 0.0, Avg: 0.0, Max: 0.0, Diff: 0.0, Sum: 0.0]
         [Termination Attempts: Min: 1, Avg: 1.0, Max: 1, Diff: 0, Sum: 8]
      [GC Worker Other (ms): Min: 0.0, Avg: 0.1, Max: 0.2, Diff: 0.1, Sum: 0.6]
      [GC Worker Total (ms): Min: 4.3, Avg: 5.1, Max: 5.3, Diff: 1.0, Sum: 40.4]
      [GC Worker End (ms): Min: 485050222.4, Avg: 485050222.5, Max: 485050222.6, Diff: 0.1]
   [Code Root Fixup: 0.0 ms]
   [Code Root Purge: 0.0 ms]
   [Clear CT: 0.7 ms]
   [Other: 2.4 ms]
      [Choose CSet: 0.0 ms]
      [Ref Proc: 1.1 ms]
      [Ref Enq: 0.0 ms]
      [Redirty Cards: 0.8 ms]
      [Humongous Register: 0.0 ms]
      [Humongous Reclaim: 0.0 ms]
      [Free CSet: 0.2 ms]
   [Eden: 608.0M(608.0M)->0.0B(610.0M) Survivors: 6144.0K->4096.0K Heap: 842.0M(1024.0M)->232.3M(1024.0M)]
 [Times: user=0.05 sys=0.00, real=0.01 secs] 
2019-06-28T15:37:20.645+0900: 494778.301: [GC pause (G1 Evacuation Pause) (young), 0.0087266 secs]
   [Parallel Time: 5.9 ms, GC Workers: 8]
      [GC Worker Start (ms): Min: 494778301.3, Avg: 494778301.5, Max: 494778301.7, Diff: 0.3]
      [Ext Root Scanning (ms): Min: 0.6, Avg: 0.8, Max: 1.0, Diff: 0.4, Sum: 6.3]
      [Update RS (ms): Min: 0.3, Avg: 0.4, Max: 0.7, Diff: 0.5, Sum: 3.1]
         [Processed Buffers: Min: 1, Avg: 5.1, Max: 8, Diff: 7, Sum: 41]
      [Scan RS (ms): Min: 0.1, Avg: 0.2, Max: 0.3, Diff: 0.2, Sum: 1.9]
      [Code Root Scanning (ms): Min: 0.0, Avg: 0.0, Max: 0.1, Diff: 0.1, Sum: 0.2]
      [Object Copy (ms): Min: 3.6, Avg: 3.8, Max: 3.9, Diff: 0.3, Sum: 30.4]
      [Termination (ms): Min: 0.0, Avg: 0.0, Max: 0.0, Diff: 0.0, Sum: 0.0]
         [Termination Attempts: Min: 1, Avg: 1.0, Max: 1, Diff: 0, Sum: 8]
      [GC Worker Other (ms): Min: 0.0, Avg: 0.1, Max: 0.1, Diff: 0.1, Sum: 0.5]
      [GC Worker Total (ms): Min: 5.1, Avg: 5.3, Max: 5.6, Diff: 0.4, Sum: 42.4]
      [GC Worker End (ms): Min: 494778306.8, Avg: 494778306.8, Max: 494778306.9, Diff: 0.1]
   [Code Root Fixup: 0.0 ms]
   [Code Root Purge: 0.0 ms]
   [Clear CT: 0.6 ms]
   [Other: 2.2 ms]
      [Choose CSet: 0.0 ms]
      [Ref Proc: 1.0 ms]
      [Ref Enq: 0.0 ms]
      [Redirty Cards: 0.8 ms]
      [Humongous Register: 0.0 ms]
      [Humongous Reclaim: 0.0 ms]
      [Free CSet: 0.2 ms]
   [Eden: 610.0M(610.0M)->0.0B(610.0M) Survivors: 4096.0K->4096.0K Heap: 842.3M(1024.0M)->232.4M(1024.0M)]
 [Times: user=0.05 sys=0.00, real=0.01 secs] 
2019-06-28T18:19:44.083+0900: 504521.739: [GC pause (G1 Evacuation Pause) (young), 0.0092019 secs]
   [Parallel Time: 6.0 ms, GC Workers: 8]
      [GC Worker Start (ms): Min: 504521739.3, Avg: 504521739.5, Max: 504521739.6, Diff: 0.3]
      [Ext Root Scanning (ms): Min: 0.6, Avg: 0.8, Max: 1.0, Diff: 0.4, Sum: 6.3]
      [Update RS (ms): Min: 0.3, Avg: 0.4, Max: 0.8, Diff: 0.5, Sum: 3.1]
         [Processed Buffers: Min: 2, Avg: 5.1, Max: 10, Diff: 8, Sum: 41]
      [Scan RS (ms): Min: 0.1, Avg: 0.2, Max: 0.3, Diff: 0.2, Sum: 1.9]
      [Code Root Scanning (ms): Min: 0.0, Avg: 0.0, Max: 0.1, Diff: 0.1, Sum: 0.2]
      [Object Copy (ms): Min: 4.0, Avg: 4.1, Max: 4.2, Diff: 0.2, Sum: 33.2]
      [Termination (ms): Min: 0.0, Avg: 0.0, Max: 0.0, Diff: 0.0, Sum: 0.0]
         [Termination Attempts: Min: 1, Avg: 1.0, Max: 1, Diff: 0, Sum: 8]
      [GC Worker Other (ms): Min: 0.0, Avg: 0.0, Max: 0.1, Diff: 0.0, Sum: 0.3]
      [GC Worker Total (ms): Min: 5.5, Avg: 5.6, Max: 5.8, Diff: 0.3, Sum: 44.9]
      [GC Worker End (ms): Min: 504521745.1, Avg: 504521745.1, Max: 504521745.1, Diff: 0.0]
   [Code Root Fixup: 0.0 ms]
   [Code Root Purge: 0.0 ms]
   [Clear CT: 0.7 ms]
   [Other: 2.5 ms]
      [Choose CSet: 0.0 ms]
      [Ref Proc: 1.2 ms]
      [Ref Enq: 0.0 ms]
      [Redirty Cards: 0.8 ms]
      [Humongous Register: 0.0 ms]
      [Humongous Reclaim: 0.0 ms]
      [Free CSet: 0.2 ms]
   [Eden: 610.0M(610.0M)->0.0B(609.0M) Survivors: 4096.0K->5120.0K Heap: 842.4M(1024.0M)->233.3M(1024.0M)]
 [Times: user=0.05 sys=0.00, real=0.01 secs] 
2019-06-28T21:01:33.351+0900: 514231.007: [GC pause (G1 Evacuation Pause) (young), 0.0086284 secs]
   [Parallel Time: 5.5 ms, GC Workers: 8]
      [GC Worker Start (ms): Min: 514231006.8, Avg: 514231007.0, Max: 514231007.1, Diff: 0.4]
      [Ext Root Scanning (ms): Min: 0.6, Avg: 0.8, Max: 1.1, Diff: 0.5, Sum: 6.3]
      [Update RS (ms): Min: 0.3, Avg: 0.4, Max: 0.7, Diff: 0.4, Sum: 3.0]
         [Processed Buffers: Min: 3, Avg: 5.0, Max: 11, Diff: 8, Sum: 40]
      [Scan RS (ms): Min: 0.1, Avg: 0.2, Max: 0.3, Diff: 0.2, Sum: 1.9]
      [Code Root Scanning (ms): Min: 0.0, Avg: 0.0, Max: 0.1, Diff: 0.1, Sum: 0.1]
      [Object Copy (ms): Min: 3.3, Avg: 3.4, Max: 3.5, Diff: 0.2, Sum: 27.5]
      [Termination (ms): Min: 0.0, Avg: 0.0, Max: 0.0, Diff: 0.0, Sum: 0.0]
         [Termination Attempts: Min: 1, Avg: 1.0, Max: 1, Diff: 0, Sum: 8]
      [GC Worker Other (ms): Min: 0.0, Avg: 0.1, Max: 0.2, Diff: 0.2, Sum: 0.6]
      [GC Worker Total (ms): Min: 4.8, Avg: 4.9, Max: 5.2, Diff: 0.4, Sum: 39.6]
      [GC Worker End (ms): Min: 514231011.9, Avg: 514231011.9, Max: 514231012.0, Diff: 0.2]
   [Code Root Fixup: 0.0 ms]
   [Code Root Purge: 0.0 ms]
   [Clear CT: 0.6 ms]
   [Other: 2.5 ms]
      [Choose CSet: 0.0 ms]
      [Ref Proc: 1.2 ms]
      [Ref Enq: 0.0 ms]
      [Redirty Cards: 0.8 ms]
      [Humongous Register: 0.0 ms]
      [Humongous Reclaim: 0.0 ms]
      [Free CSet: 0.2 ms]
   [Eden: 609.0M(609.0M)->0.0B(609.0M) Survivors: 5120.0K->5120.0K Heap: 842.3M(1024.0M)->232.8M(1024.0M)]
 [Times: user=0.04 sys=0.01, real=0.01 secs] 
2019-06-28T23:43:33.453+0900: 523951.109: [GC pause (G1 Evacuation Pause) (young), 0.0091479 secs]
   [Parallel Time: 5.9 ms, GC Workers: 8]
      [GC Worker Start (ms): Min: 523951108.7, Avg: 523951108.9, Max: 523951109.1, Diff: 0.3]
      [Ext Root Scanning (ms): Min: 0.6, Avg: 0.8, Max: 1.0, Diff: 0.4, Sum: 6.1]
      [Update RS (ms): Min: 0.3, Avg: 0.4, Max: 0.9, Diff: 0.6, Sum: 3.3]
         [Processed Buffers: Min: 2, Avg: 5.2, Max: 12, Diff: 10, Sum: 42]
      [Scan RS (ms): Min: 0.1, Avg: 0.3, Max: 0.4, Diff: 0.3, Sum: 2.1]
      [Code Root Scanning (ms): Min: 0.0, Avg: 0.0, Max: 0.1, Diff: 0.1, Sum: 0.2]
      [Object Copy (ms): Min: 3.6, Avg: 3.9, Max: 4.0, Diff: 0.4, Sum: 31.1]
      [Termination (ms): Min: 0.0, Avg: 0.0, Max: 0.0, Diff: 0.0, Sum: 0.0]
         [Termination Attempts: Min: 1, Avg: 1.0, Max: 1, Diff: 0, Sum: 8]
      [GC Worker Other (ms): Min: 0.0, Avg: 0.1, Max: 0.2, Diff: 0.1, Sum: 0.6]
      [GC Worker Total (ms): Min: 5.2, Avg: 5.4, Max: 5.7, Diff: 0.5, Sum: 43.3]
      [GC Worker End (ms): Min: 523951114.3, Avg: 523951114.3, Max: 523951114.4, Diff: 0.1]
   [Code Root Fixup: 0.0 ms]
   [Code Root Purge: 0.0 ms]
   [Clear CT: 0.7 ms]
   [Other: 2.6 ms]
      [Choose CSet: 0.0 ms]
      [Ref Proc: 1.3 ms]
      [Ref Enq: 0.0 ms]
      [Redirty Cards: 0.9 ms]
      [Humongous Register: 0.0 ms]
      [Humongous Reclaim: 0.0 ms]
      [Free CSet: 0.2 ms]
   [Eden: 609.0M(609.0M)->0.0B(609.0M) Survivors: 5120.0K->5120.0K Heap: 841.8M(1024.0M)->233.0M(1024.0M)]
 [Times: user=0.05 sys=0.00, real=0.01 secs] 
2019-06-29T02:25:11.352+0900: 533649.007: [GC pause (G1 Evacuation Pause) (young), 0.0095718 secs]
   [Parallel Time: 6.2 ms, GC Workers: 8]
      [GC Worker Start (ms): Min: 533649007.7, Avg: 533649007.9, Max: 533649008.1, Diff: 0.4]
      [Ext Root Scanning (ms): Min: 0.6, Avg: 0.8, Max: 1.0, Diff: 0.4, Sum: 6.2]
      [Update RS (ms): Min: 0.2, Avg: 0.4, Max: 0.6, Diff: 0.4, Sum: 3.1]
         [Processed Buffers: Min: 2, Avg: 5.1, Max: 13, Diff: 11, Sum: 41]
      [Scan RS (ms): Min: 0.1, Avg: 0.2, Max: 0.3, Diff: 0.2, Sum: 1.7]
      [Code Root Scanning (ms): Min: 0.0, Avg: 0.0, Max: 0.1, Diff: 0.1, Sum: 0.2]
      [Object Copy (ms): Min: 4.1, Avg: 4.2, Max: 4.2, Diff: 0.2, Sum: 33.3]
      [Termination (ms): Min: 0.0, Avg: 0.0, Max: 0.0, Diff: 0.0, Sum: 0.0]
         [Termination Attempts: Min: 1, Avg: 1.0, Max: 1, Diff: 0, Sum: 8]
      [GC Worker Other (ms): Min: 0.0, Avg: 0.1, Max: 0.2, Diff: 0.2, Sum: 0.5]
      [GC Worker Total (ms): Min: 5.4, Avg: 5.6, Max: 5.8, Diff: 0.3, Sum: 44.9]
      [GC Worker End (ms): Min: 533649013.5, Avg: 533649013.5, Max: 533649013.7, Diff: 0.2]
   [Code Root Fixup: 0.0 ms]
   [Code Root Purge: 0.0 ms]
   [Clear CT: 0.7 ms]
   [Other: 2.7 ms]
      [Choose CSet: 0.0 ms]
      [Ref Proc: 1.3 ms]
      [Ref Enq: 0.0 ms]
      [Redirty Cards: 0.9 ms]
      [Humongous Register: 0.0 ms]
      [Humongous Reclaim: 0.0 ms]
      [Free CSet: 0.2 ms]
   [Eden: 609.0M(609.0M)->0.0B(608.0M) Survivors: 5120.0K->6144.0K Heap: 842.0M(1024.0M)->233.8M(1024.0M)]
 [Times: user=0.05 sys=0.00, real=0.01 secs] 
2019-06-29T05:07:10.010+0900: 543367.666: [GC pause (G1 Evacuation Pause) (young), 0.0087872 secs]
   [Parallel Time: 5.6 ms, GC Workers: 8]
      [GC Worker Start (ms): Min: 543367666.0, Avg: 543367666.2, Max: 543367666.3, Diff: 0.3]
      [Ext Root Scanning (ms): Min: 0.6, Avg: 0.8, Max: 1.1, Diff: 0.5, Sum: 6.3]
      [Update RS (ms): Min: 0.3, Avg: 0.4, Max: 0.7, Diff: 0.4, Sum: 3.1]
         [Processed Buffers: Min: 2, Avg: 5.1, Max: 10, Diff: 8, Sum: 41]
      [Scan RS (ms): Min: 0.1, Avg: 0.2, Max: 0.3, Diff: 0.2, Sum: 1.9]
      [Code Root Scanning (ms): Min: 0.0, Avg: 0.0, Max: 0.1, Diff: 0.1, Sum: 0.2]
      [Object Copy (ms): Min: 3.4, Avg: 3.6, Max: 3.7, Diff: 0.3, Sum: 29.2]
      [Termination (ms): Min: 0.0, Avg: 0.0, Max: 0.0, Diff: 0.0, Sum: 0.0]
         [Termination Attempts: Min: 1, Avg: 1.0, Max: 1, Diff: 0, Sum: 8]
      [GC Worker Other (ms): Min: 0.0, Avg: 0.1, Max: 0.2, Diff: 0.1, Sum: 0.4]
      [GC Worker Total (ms): Min: 5.0, Avg: 5.1, Max: 5.4, Diff: 0.4, Sum: 41.1]
      [GC Worker End (ms): Min: 543367671.3, Avg: 543367671.3, Max: 543367671.4, Diff: 0.1]
   [Code Root Fixup: 0.0 ms]
   [Code Root Purge: 0.0 ms]
   [Clear CT: 0.7 ms]
   [Other: 2.5 ms]
      [Choose CSet: 0.0 ms]
      [Ref Proc: 1.1 ms]
      [Ref Enq: 0.0 ms]
      [Redirty Cards: 0.9 ms]
      [Humongous Register: 0.0 ms]
      [Humongous Reclaim: 0.0 ms]
      [Free CSet: 0.2 ms]
   [Eden: 608.0M(608.0M)->0.0B(610.0M) Survivors: 6144.0K->4096.0K Heap: 841.8M(1024.0M)->232.3M(1024.0M)]
 [Times: user=0.04 sys=0.00, real=0.02 secs] 
2019-06-29T07:49:28.971+0900: 553106.627: [GC pause (G1 Evacuation Pause) (young), 0.0092766 secs]
   [Parallel Time: 6.1 ms, GC Workers: 8]
      [GC Worker Start (ms): Min: 553106626.8, Avg: 553106627.0, Max: 553106627.2, Diff: 0.4]
      [Ext Root Scanning (ms): Min: 0.6, Avg: 0.8, Max: 1.0, Diff: 0.4, Sum: 6.1]
      [Update RS (ms): Min: 0.2, Avg: 0.4, Max: 0.8, Diff: 0.5, Sum: 3.0]
         [Processed Buffers: Min: 2, Avg: 5.2, Max: 9, Diff: 7, Sum: 42]
      [Scan RS (ms): Min: 0.1, Avg: 0.2, Max: 0.3, Diff: 0.2, Sum: 1.8]
      [Code Root Scanning (ms): Min: 0.0, Avg: 0.0, Max: 0.1, Diff: 0.1, Sum: 0.2]
      [Object Copy (ms): Min: 3.7, Avg: 3.9, Max: 4.1, Diff: 0.4, Sum: 31.5]
      [Termination (ms): Min: 0.0, Avg: 0.0, Max: 0.0, Diff: 0.0, Sum: 0.0]
         [Termination Attempts: Min: 1, Avg: 1.0, Max: 1, Diff: 0, Sum: 8]
      [GC Worker Other (ms): Min: 0.0, Avg: 0.1, Max: 0.2, Diff: 0.2, Sum: 0.5]
      [GC Worker Total (ms): Min: 5.2, Avg: 5.4, Max: 5.6, Diff: 0.4, Sum: 43.2]
      [GC Worker End (ms): Min: 553106632.4, Avg: 553106632.4, Max: 553106632.5, Diff: 0.2]
   [Code Root Fixup: 0.0 ms]
   [Code Root Purge: 0.0 ms]
   [Clear CT: 0.7 ms]
   [Other: 2.5 ms]
      [Choose CSet: 0.0 ms]
      [Ref Proc: 1.2 ms]
      [Ref Enq: 0.0 ms]
      [Redirty Cards: 0.8 ms]
      [Humongous Register: 0.0 ms]
      [Humongous Reclaim: 0.0 ms]
      [Free CSet: 0.2 ms]
   [Eden: 610.0M(610.0M)->0.0B(608.0M) Survivors: 4096.0K->6144.0K Heap: 842.3M(1024.0M)->234.0M(1024.0M)]
 [Times: user=0.04 sys=0.00, real=0.01 secs] 
2019-06-29T10:30:48.635+0900: 562786.291: [GC pause (G1 Evacuation Pause) (young), 0.0098343 secs]
   [Parallel Time: 6.5 ms, GC Workers: 8]
      [GC Worker Start (ms): Min: 562786290.9, Avg: 562786291.1, Max: 562786291.3, Diff: 0.3]
      [Ext Root Scanning (ms): Min: 0.6, Avg: 0.8, Max: 1.0, Diff: 0.4, Sum: 6.1]
      [Update RS (ms): Min: 0.3, Avg: 0.4, Max: 0.7, Diff: 0.5, Sum: 3.0]
         [Processed Buffers: Min: 2, Avg: 5.2, Max: 9, Diff: 7, Sum: 42]
      [Scan RS (ms): Min: 0.1, Avg: 0.2, Max: 0.3, Diff: 0.2, Sum: 1.9]
      [Code Root Scanning (ms): Min: 0.0, Avg: 0.0, Max: 0.0, Diff: 0.0, Sum: 0.2]
      [Object Copy (ms): Min: 4.4, Avg: 4.6, Max: 4.6, Diff: 0.3, Sum: 36.6]
      [Termination (ms): Min: 0.0, Avg: 0.0, Max: 0.0, Diff: 0.0, Sum: 0.0]
         [Termination Attempts: Min: 1, Avg: 1.0, Max: 1, Diff: 0, Sum: 8]
      [GC Worker Other (ms): Min: 0.0, Avg: 0.0, Max: 0.1, Diff: 0.1, Sum: 0.4]
      [GC Worker Total (ms): Min: 5.9, Avg: 6.0, Max: 6.2, Diff: 0.4, Sum: 48.2]
      [GC Worker End (ms): Min: 562786297.1, Avg: 562786297.1, Max: 562786297.2, Diff: 0.1]
   [Code Root Fixup: 0.0 ms]
   [Code Root Purge: 0.0 ms]
   [Clear CT: 0.7 ms]
   [Other: 2.6 ms]
      [Choose CSet: 0.0 ms]
      [Ref Proc: 1.3 ms]
      [Ref Enq: 0.0 ms]
      [Redirty Cards: 0.8 ms]
      [Humongous Register: 0.1 ms]
      [Humongous Reclaim: 0.0 ms]
      [Free CSet: 0.2 ms]
   [Eden: 608.0M(608.0M)->0.0B(610.0M) Survivors: 6144.0K->4096.0K Heap: 842.0M(1024.0M)->231.8M(1024.0M)]
 [Times: user=0.05 sys=0.01, real=0.01 secs] 
2019-06-29T13:13:33.350+0900: 572551.006: [GC pause (G1 Evacuation Pause) (young), 0.0087469 secs]
   [Parallel Time: 5.9 ms, GC Workers: 8]
      [GC Worker Start (ms): Min: 572551006.7, Avg: 572551006.9, Max: 572551007.0, Diff: 0.4]
      [Ext Root Scanning (ms): Min: 0.6, Avg: 0.8, Max: 1.0, Diff: 0.4, Sum: 6.1]
      [Update RS (ms): Min: 0.3, Avg: 0.4, Max: 0.8, Diff: 0.5, Sum: 3.0]
         [Processed Buffers: Min: 1, Avg: 5.1, Max: 9, Diff: 8, Sum: 41]
      [Scan RS (ms): Min: 0.1, Avg: 0.2, Max: 0.3, Diff: 0.2, Sum: 1.9]
      [Code Root Scanning (ms): Min: 0.0, Avg: 0.0, Max: 0.0, Diff: 0.0, Sum: 0.2]
      [Object Copy (ms): Min: 3.7, Avg: 3.9, Max: 4.0, Diff: 0.3, Sum: 31.1]
      [Termination (ms): Min: 0.0, Avg: 0.0, Max: 0.0, Diff: 0.0, Sum: 0.0]
         [Termination Attempts: Min: 1, Avg: 1.0, Max: 1, Diff: 0, Sum: 8]
      [GC Worker Other (ms): Min: 0.0, Avg: 0.0, Max: 0.1, Diff: 0.1, Sum: 0.3]
      [GC Worker Total (ms): Min: 5.2, Avg: 5.3, Max: 5.5, Diff: 0.3, Sum: 42.7]
      [GC Worker End (ms): Min: 572551012.2, Avg: 572551012.2, Max: 572551012.3, Diff: 0.1]
   [Code Root Fixup: 0.0 ms]
   [Code Root Purge: 0.0 ms]
   [Clear CT: 0.6 ms]
   [Other: 2.3 ms]
      [Choose CSet: 0.0 ms]
      [Ref Proc: 1.0 ms]
      [Ref Enq: 0.0 ms]
      [Redirty Cards: 0.8 ms]
      [Humongous Register: 0.0 ms]
      [Humongous Reclaim: 0.0 ms]
      [Free CSet: 0.2 ms]
   [Eden: 610.0M(610.0M)->0.0B(611.0M) Survivors: 4096.0K->3072.0K Heap: 841.8M(1024.0M)->231.4M(1024.0M)]
 [Times: user=0.05 sys=0.01, real=0.01 secs] 
2019-06-29T15:55:59.677+0900: 582297.333: [GC pause (G1 Evacuation Pause) (young), 0.0091786 secs]
   [Parallel Time: 6.4 ms, GC Workers: 8]
      [GC Worker Start (ms): Min: 582297333.3, Avg: 582297333.5, Max: 582297333.6, Diff: 0.3]
      [Ext Root Scanning (ms): Min: 0.6, Avg: 0.8, Max: 1.1, Diff: 0.5, Sum: 6.3]
      [Update RS (ms): Min: 0.3, Avg: 0.4, Max: 0.7, Diff: 0.4, Sum: 3.1]
         [Processed Buffers: Min: 2, Avg: 5.1, Max: 8, Diff: 6, Sum: 41]
      [Scan RS (ms): Min: 0.1, Avg: 0.2, Max: 0.3, Diff: 0.2, Sum: 1.8]
      [Code Root Scanning (ms): Min: 0.0, Avg: 0.0, Max: 0.1, Diff: 0.1, Sum: 0.2]
      [Object Copy (ms): Min: 4.2, Avg: 4.4, Max: 4.5, Diff: 0.3, Sum: 35.1]
      [Termination (ms): Min: 0.0, Avg: 0.0, Max: 0.0, Diff: 0.0, Sum: 0.0]
         [Termination Attempts: Min: 1, Avg: 1.0, Max: 1, Diff: 0, Sum: 8]
      [GC Worker Other (ms): Min: 0.0, Avg: 0.1, Max: 0.2, Diff: 0.1, Sum: 0.5]
      [GC Worker Total (ms): Min: 5.7, Avg: 5.9, Max: 6.0, Diff: 0.3, Sum: 46.9]
      [GC Worker End (ms): Min: 582297339.3, Avg: 582297339.3, Max: 582297339.4, Diff: 0.1]
   [Code Root Fixup: 0.0 ms]
   [Code Root Purge: 0.0 ms]
   [Clear CT: 0.4 ms]
   [Other: 2.4 ms]
      [Choose CSet: 0.0 ms]
      [Ref Proc: 1.0 ms]
      [Ref Enq: 0.0 ms]
      [Redirty Cards: 0.9 ms]
      [Humongous Register: 0.0 ms]
      [Humongous Reclaim: 0.0 ms]
      [Free CSet: 0.2 ms]
   [Eden: 611.0M(611.0M)->0.0B(608.0M) Survivors: 3072.0K->6144.0K Heap: 842.4M(1024.0M)->233.8M(1024.0M)]
 [Times: user=0.05 sys=0.00, real=0.01 secs] 
2019-06-29T18:37:26.652+0900: 591984.308: [GC pause (G1 Evacuation Pause) (young), 0.0093979 secs]
   [Parallel Time: 6.3 ms, GC Workers: 8]
      [GC Worker Start (ms): Min: 591984308.7, Avg: 591984308.9, Max: 591984309.0, Diff: 0.3]
      [Ext Root Scanning (ms): Min: 0.6, Avg: 0.8, Max: 1.0, Diff: 0.4, Sum: 6.3]
      [Update RS (ms): Min: 0.3, Avg: 0.4, Max: 0.8, Diff: 0.5, Sum: 3.3]
         [Processed Buffers: Min: 1, Avg: 5.2, Max: 10, Diff: 9, Sum: 42]
      [Scan RS (ms): Min: 0.1, Avg: 0.3, Max: 0.4, Diff: 0.3, Sum: 2.1]
      [Code Root Scanning (ms): Min: 0.0, Avg: 0.0, Max: 0.1, Diff: 0.1, Sum: 0.2]
      [Object Copy (ms): Min: 4.0, Avg: 4.2, Max: 4.2, Diff: 0.2, Sum: 33.3]
      [Termination (ms): Min: 0.0, Avg: 0.0, Max: 0.0, Diff: 0.0, Sum: 0.0]
         [Termination Attempts: Min: 1, Avg: 1.0, Max: 1, Diff: 0, Sum: 8]
      [GC Worker Other (ms): Min: 0.0, Avg: 0.0, Max: 0.1, Diff: 0.1, Sum: 0.3]
      [GC Worker Total (ms): Min: 5.6, Avg: 5.7, Max: 5.8, Diff: 0.3, Sum: 45.4]
      [GC Worker End (ms): Min: 591984314.5, Avg: 591984314.6, Max: 591984314.6, Diff: 0.1]
   [Code Root Fixup: 0.0 ms]
   [Code Root Purge: 0.0 ms]
   [Clear CT: 0.5 ms]
   [Other: 2.5 ms]
      [Choose CSet: 0.0 ms]
      [Ref Proc: 1.5 ms]
      [Ref Enq: 0.0 ms]
      [Redirty Cards: 0.6 ms]
      [Humongous Register: 0.0 ms]
      [Humongous Reclaim: 0.0 ms]
      [Free CSet: 0.2 ms]
   [Eden: 608.0M(608.0M)->0.0B(610.0M) Survivors: 6144.0K->4096.0K Heap: 841.8M(1024.0M)->231.9M(1024.0M)]
 [Times: user=0.05 sys=0.00, real=0.01 secs] 
2019-06-29T21:19:52.146+0900: 601729.802: [GC pause (G1 Evacuation Pause) (young), 0.0078096 secs]
   [Parallel Time: 5.0 ms, GC Workers: 8]
      [GC Worker Start (ms): Min: 601729802.7, Avg: 601729802.8, Max: 601729803.0, Diff: 0.3]
      [Ext Root Scanning (ms): Min: 0.7, Avg: 0.8, Max: 1.1, Diff: 0.4, Sum: 6.4]
      [Update RS (ms): Min: 0.2, Avg: 0.4, Max: 0.8, Diff: 0.6, Sum: 3.1]
         [Processed Buffers: Min: 3, Avg: 5.1, Max: 10, Diff: 7, Sum: 41]
      [Scan RS (ms): Min: 0.1, Avg: 0.2, Max: 0.3, Diff: 0.2, Sum: 2.0]
      [Code Root Scanning (ms): Min: 0.0, Avg: 0.0, Max: 0.1, Diff: 0.1, Sum: 0.2]
      [Object Copy (ms): Min: 2.7, Avg: 3.0, Max: 3.1, Diff: 0.3, Sum: 24.0]
      [Termination (ms): Min: 0.0, Avg: 0.0, Max: 0.0, Diff: 0.0, Sum: 0.0]
         [Termination Attempts: Min: 1, Avg: 1.0, Max: 1, Diff: 0, Sum: 8]
      [GC Worker Other (ms): Min: 0.0, Avg: 0.1, Max: 0.2, Diff: 0.2, Sum: 0.5]
      [GC Worker Total (ms): Min: 4.4, Avg: 4.5, Max: 4.7, Diff: 0.4, Sum: 36.1]
      [GC Worker End (ms): Min: 601729807.3, Avg: 601729807.4, Max: 601729807.5, Diff: 0.2]
   [Code Root Fixup: 0.0 ms]
   [Code Root Purge: 0.0 ms]
   [Clear CT: 0.6 ms]
   [Other: 2.3 ms]
      [Choose CSet: 0.0 ms]
      [Ref Proc: 1.0 ms]
      [Ref Enq: 0.0 ms]
      [Redirty Cards: 0.8 ms]
      [Humongous Register: 0.0 ms]
      [Humongous Reclaim: 0.0 ms]
      [Free CSet: 0.2 ms]
   [Eden: 610.0M(610.0M)->0.0B(611.0M) Survivors: 4096.0K->3072.0K Heap: 841.9M(1024.0M)->231.5M(1024.0M)]
 [Times: user=0.04 sys=0.00, real=0.01 secs] 
2019-06-30T00:01:35.503+0900: 611433.159: [GC pause (G1 Evacuation Pause) (young), 0.0078153 secs]
   [Parallel Time: 5.9 ms, GC Workers: 8]
      [GC Worker Start (ms): Min: 611433158.9, Avg: 611433159.1, Max: 611433159.2, Diff: 0.3]
      [Ext Root Scanning (ms): Min: 0.6, Avg: 0.8, Max: 1.1, Diff: 0.5, Sum: 6.2]
      [Update RS (ms): Min: 0.2, Avg: 0.5, Max: 1.0, Diff: 0.8, Sum: 3.8]
         [Processed Buffers: Min: 1, Avg: 5.0, Max: 8, Diff: 7, Sum: 40]
      [Scan RS (ms): Min: 0.1, Avg: 0.2, Max: 0.3, Diff: 0.2, Sum: 1.9]
      [Code Root Scanning (ms): Min: 0.0, Avg: 0.0, Max: 0.1, Diff: 0.1, Sum: 0.1]
      [Object Copy (ms): Min: 3.6, Avg: 4.0, Max: 4.1, Diff: 0.5, Sum: 31.7]
      [Termination (ms): Min: 0.0, Avg: 0.0, Max: 0.0, Diff: 0.0, Sum: 0.0]
         [Termination Attempts: Min: 1, Avg: 1.0, Max: 1, Diff: 0, Sum: 8]
      [GC Worker Other (ms): Min: 0.0, Avg: 0.0, Max: 0.1, Diff: 0.0, Sum: 0.3]
      [GC Worker Total (ms): Min: 5.3, Avg: 5.5, Max: 5.7, Diff: 0.3, Sum: 44.1]
      [GC Worker End (ms): Min: 611433164.6, Avg: 611433164.6, Max: 611433164.6, Diff: 0.0]
   [Code Root Fixup: 0.0 ms]
   [Code Root Purge: 0.0 ms]
   [Clear CT: 0.3 ms]
   [Other: 1.7 ms]
      [Choose CSet: 0.0 ms]
      [Ref Proc: 1.0 ms]
      [Ref Enq: 0.0 ms]
      [Redirty Cards: 0.2 ms]
      [Humongous Register: 0.0 ms]
      [Humongous Reclaim: 0.0 ms]
      [Free CSet: 0.2 ms]
   [Eden: 611.0M(611.0M)->0.0B(609.0M) Survivors: 3072.0K->5120.0K Heap: 842.5M(1024.0M)->233.1M(1024.0M)]
 [Times: user=0.04 sys=0.00, real=0.01 secs] 
2019-06-30T02:43:26.653+0900: 621144.309: [GC pause (G1 Evacuation Pause) (young), 0.0090836 secs]
   [Parallel Time: 6.8 ms, GC Workers: 8]
      [GC Worker Start (ms): Min: 621144309.5, Avg: 621144309.6, Max: 621144309.8, Diff: 0.3]
      [Ext Root Scanning (ms): Min: 0.6, Avg: 0.8, Max: 1.2, Diff: 0.6, Sum: 6.7]
      [Update RS (ms): Min: 0.3, Avg: 0.5, Max: 1.0, Diff: 0.6, Sum: 4.2]
         [Processed Buffers: Min: 1, Avg: 5.0, Max: 9, Diff: 8, Sum: 40]
      [Scan RS (ms): Min: 0.1, Avg: 0.2, Max: 0.3, Diff: 0.2, Sum: 1.8]
      [Code Root Scanning (ms): Min: 0.0, Avg: 0.0, Max: 0.1, Diff: 0.1, Sum: 0.1]
      [Object Copy (ms): Min: 4.3, Avg: 4.5, Max: 4.7, Diff: 0.4, Sum: 36.4]
      [Termination (ms): Min: 0.0, Avg: 0.0, Max: 0.0, Diff: 0.0, Sum: 0.0]
         [Termination Attempts: Min: 1, Avg: 1.0, Max: 1, Diff: 0, Sum: 8]
      [GC Worker Other (ms): Min: 0.0, Avg: 0.0, Max: 0.1, Diff: 0.0, Sum: 0.3]
      [GC Worker Total (ms): Min: 6.0, Avg: 6.2, Max: 6.4, Diff: 0.3, Sum: 49.5]
      [GC Worker End (ms): Min: 621144315.8, Avg: 621144315.8, Max: 621144315.8, Diff: 0.0]
   [Code Root Fixup: 0.0 ms]
   [Code Root Purge: 0.0 ms]
   [Clear CT: 0.3 ms]
   [Other: 2.0 ms]
      [Choose CSet: 0.0 ms]
      [Ref Proc: 1.1 ms]
      [Ref Enq: 0.0 ms]
      [Redirty Cards: 0.5 ms]
      [Humongous Register: 0.0 ms]
      [Humongous Reclaim: 0.0 ms]
      [Free CSet: 0.2 ms]
   [Eden: 609.0M(609.0M)->0.0B(608.0M) Survivors: 5120.0K->6144.0K Heap: 842.1M(1024.0M)->233.8M(1024.0M)]
 [Times: user=0.06 sys=0.00, real=0.01 secs] 
2019-06-30T05:24:49.692+0900: 630827.348: [GC pause (G1 Evacuation Pause) (young), 0.0092742 secs]
   [Parallel Time: 5.9 ms, GC Workers: 8]
      [GC Worker Start (ms): Min: 630827348.5, Avg: 630827348.7, Max: 630827348.8, Diff: 0.3]
      [Ext Root Scanning (ms): Min: 0.6, Avg: 0.8, Max: 1.2, Diff: 0.6, Sum: 6.4]
      [Update RS (ms): Min: 0.4, Avg: 0.5, Max: 0.9, Diff: 0.5, Sum: 4.3]
         [Processed Buffers: Min: 1, Avg: 5.0, Max: 10, Diff: 9, Sum: 40]
      [Scan RS (ms): Min: 0.1, Avg: 0.2, Max: 0.4, Diff: 0.3, Sum: 2.0]
      [Code Root Scanning (ms): Min: 0.0, Avg: 0.0, Max: 0.1, Diff: 0.1, Sum: 0.2]
      [Object Copy (ms): Min: 3.6, Avg: 3.7, Max: 3.8, Diff: 0.3, Sum: 29.9]
      [Termination (ms): Min: 0.0, Avg: 0.0, Max: 0.0, Diff: 0.0, Sum: 0.0]
         [Termination Attempts: Min: 1, Avg: 1.0, Max: 1, Diff: 0, Sum: 8]
      [GC Worker Other (ms): Min: 0.0, Avg: 0.0, Max: 0.1, Diff: 0.1, Sum: 0.3]
      [GC Worker Total (ms): Min: 5.2, Avg: 5.4, Max: 5.6, Diff: 0.3, Sum: 43.1]
      [GC Worker End (ms): Min: 630827354.0, Avg: 630827354.1, Max: 630827354.1, Diff: 0.1]
   [Code Root Fixup: 0.0 ms]
   [Code Root Purge: 0.0 ms]
   [Clear CT: 0.6 ms]
   [Other: 2.7 ms]
      [Choose CSet: 0.0 ms]
      [Ref Proc: 1.4 ms]
      [Ref Enq: 0.0 ms]
      [Redirty Cards: 0.8 ms]
      [Humongous Register: 0.0 ms]
      [Humongous Reclaim: 0.0 ms]
      [Free CSet: 0.2 ms]
   [Eden: 608.0M(608.0M)->0.0B(610.0M) Survivors: 6144.0K->4096.0K Heap: 841.8M(1024.0M)->232.4M(1024.0M)]
 [Times: user=0.04 sys=0.01, real=0.01 secs] 
2019-06-30T08:07:14.599+0900: 640572.255: [GC pause (G1 Evacuation Pause) (young), 0.0081603 secs]
   [Parallel Time: 5.6 ms, GC Workers: 8]
      [GC Worker Start (ms): Min: 640572254.8, Avg: 640572254.9, Max: 640572255.0, Diff: 0.3]
      [Ext Root Scanning (ms): Min: 0.6, Avg: 0.7, Max: 1.0, Diff: 0.5, Sum: 5.6]
      [Update RS (ms): Min: 0.2, Avg: 0.5, Max: 0.8, Diff: 0.7, Sum: 3.7]
         [Processed Buffers: Min: 1, Avg: 5.4, Max: 16, Diff: 15, Sum: 43]
      [Scan RS (ms): Min: 0.1, Avg: 0.2, Max: 0.3, Diff: 0.2, Sum: 1.5]
      [Code Root Scanning (ms): Min: 0.0, Avg: 0.0, Max: 0.1, Diff: 0.1, Sum: 0.1]
      [Object Copy (ms): Min: 3.8, Avg: 4.0, Max: 4.0, Diff: 0.3, Sum: 31.8]
      [Termination (ms): Min: 0.0, Avg: 0.0, Max: 0.0, Diff: 0.0, Sum: 0.0]
         [Termination Attempts: Min: 1, Avg: 1.4, Max: 2, Diff: 1, Sum: 11]
      [GC Worker Other (ms): Min: 0.0, Avg: 0.0, Max: 0.1, Diff: 0.1, Sum: 0.3]
      [GC Worker Total (ms): Min: 5.3, Avg: 5.4, Max: 5.5, Diff: 0.2, Sum: 43.1]
      [GC Worker End (ms): Min: 640572260.3, Avg: 640572260.3, Max: 640572260.3, Diff: 0.1]
   [Code Root Fixup: 0.0 ms]
   [Code Root Purge: 0.0 ms]
   [Clear CT: 0.5 ms]
   [Other: 2.1 ms]
      [Choose CSet: 0.0 ms]
      [Ref Proc: 0.9 ms]
      [Ref Enq: 0.0 ms]
      [Redirty Cards: 0.8 ms]
      [Humongous Register: 0.0 ms]
      [Humongous Reclaim: 0.0 ms]
      [Free CSet: 0.2 ms]
   [Eden: 610.0M(610.0M)->0.0B(608.0M) Survivors: 4096.0K->6144.0K Heap: 842.4M(1024.0M)->233.8M(1024.0M)]
 [Times: user=0.04 sys=0.01, real=0.00 secs] 
2019-06-30T10:48:52.340+0900: 650269.996: [GC pause (G1 Evacuation Pause) (young), 0.0091057 secs]
   [Parallel Time: 6.1 ms, GC Workers: 8]
      [GC Worker Start (ms): Min: 650269996.6, Avg: 650269996.8, Max: 650269997.0, Diff: 0.4]
      [Ext Root Scanning (ms): Min: 0.6, Avg: 0.8, Max: 1.1, Diff: 0.5, Sum: 6.4]
      [Update RS (ms): Min: 0.3, Avg: 0.5, Max: 0.9, Diff: 0.5, Sum: 4.4]
         [Processed Buffers: Min: 1, Avg: 5.2, Max: 10, Diff: 9, Sum: 42]
      [Scan RS (ms): Min: 0.1, Avg: 0.2, Max: 0.4, Diff: 0.3, Sum: 1.9]
      [Code Root Scanning (ms): Min: 0.0, Avg: 0.0, Max: 0.1, Diff: 0.1, Sum: 0.1]
      [Object Copy (ms): Min: 3.6, Avg: 3.7, Max: 3.8, Diff: 0.2, Sum: 29.6]
      [Termination (ms): Min: 0.0, Avg: 0.0, Max: 0.0, Diff: 0.0, Sum: 0.0]
         [Termination Attempts: Min: 1, Avg: 1.0, Max: 1, Diff: 0, Sum: 8]
      [GC Worker Other (ms): Min: 0.0, Avg: 0.1, Max: 0.1, Diff: 0.1, Sum: 0.5]
      [GC Worker Total (ms): Min: 5.2, Avg: 5.4, Max: 5.6, Diff: 0.4, Sum: 42.8]
      [GC Worker End (ms): Min: 650270002.2, Avg: 650270002.2, Max: 650270002.3, Diff: 0.1]
   [Code Root Fixup: 0.0 ms]
   [Code Root Purge: 0.0 ms]
   [Clear CT: 0.6 ms]
   [Other: 2.4 ms]
      [Choose CSet: 0.0 ms]
      [Ref Proc: 1.0 ms]
      [Ref Enq: 0.0 ms]
      [Redirty Cards: 0.9 ms]
      [Humongous Register: 0.0 ms]
      [Humongous Reclaim: 0.0 ms]
      [Free CSet: 0.2 ms]
   [Eden: 608.0M(608.0M)->0.0B(608.0M) Survivors: 6144.0K->6144.0K Heap: 841.8M(1024.0M)->233.8M(1024.0M)]
 [Times: user=0.04 sys=0.00, real=0.00 secs] 
2019-06-30T13:30:31.271+0900: 659968.927: [GC pause (G1 Evacuation Pause) (young), 0.0093015 secs]
   [Parallel Time: 5.9 ms, GC Workers: 8]
      [GC Worker Start (ms): Min: 659968927.7, Avg: 659968927.9, Max: 659968928.1, Diff: 0.4]
      [Ext Root Scanning (ms): Min: 0.6, Avg: 0.8, Max: 1.1, Diff: 0.5, Sum: 6.3]
      [Update RS (ms): Min: 0.2, Avg: 0.5, Max: 0.8, Diff: 0.6, Sum: 4.2]
         [Processed Buffers: Min: 1, Avg: 4.9, Max: 11, Diff: 10, Sum: 39]
      [Scan RS (ms): Min: 0.1, Avg: 0.2, Max: 0.3, Diff: 0.3, Sum: 1.6]
      [Code Root Scanning (ms): Min: 0.0, Avg: 0.0, Max: 0.1, Diff: 0.1, Sum: 0.1]
      [Object Copy (ms): Min: 3.8, Avg: 3.9, Max: 4.0, Diff: 0.2, Sum: 31.4]
      [Termination (ms): Min: 0.0, Avg: 0.0, Max: 0.0, Diff: 0.0, Sum: 0.0]
         [Termination Attempts: Min: 1, Avg: 5.9, Max: 10, Diff: 9, Sum: 47]
      [GC Worker Other (ms): Min: 0.0, Avg: 0.1, Max: 0.2, Diff: 0.2, Sum: 0.5]
      [GC Worker Total (ms): Min: 5.4, Avg: 5.5, Max: 5.7, Diff: 0.3, Sum: 44.1]
      [GC Worker End (ms): Min: 659968933.4, Avg: 659968933.4, Max: 659968933.5, Diff: 0.1]
   [Code Root Fixup: 0.0 ms]
   [Code Root Purge: 0.0 ms]
   [Clear CT: 0.7 ms]
   [Other: 2.6 ms]
      [Choose CSet: 0.0 ms]
      [Ref Proc: 1.4 ms]
      [Ref Enq: 0.0 ms]
      [Redirty Cards: 0.8 ms]
      [Humongous Register: 0.0 ms]
      [Humongous Reclaim: 0.0 ms]
      [Free CSet: 0.2 ms]
   [Eden: 608.0M(608.0M)->0.0B(609.0M) Survivors: 6144.0K->5120.0K Heap: 841.8M(1024.0M)->232.7M(1024.0M)]
 [Times: user=0.04 sys=0.01, real=0.01 secs] 
2019-06-30T16:12:41.316+0900: 669698.972: [GC pause (G1 Evacuation Pause) (young), 0.0100638 secs]
   [Parallel Time: 6.6 ms, GC Workers: 8]
      [GC Worker Start (ms): Min: 669698971.8, Avg: 669698972.0, Max: 669698972.2, Diff: 0.3]
      [Ext Root Scanning (ms): Min: 0.6, Avg: 0.8, Max: 1.1, Diff: 0.5, Sum: 6.2]
      [Update RS (ms): Min: 0.4, Avg: 0.5, Max: 0.8, Diff: 0.4, Sum: 4.1]
         [Processed Buffers: Min: 1, Avg: 5.0, Max: 11, Diff: 10, Sum: 40]
      [Scan RS (ms): Min: 0.1, Avg: 0.2, Max: 0.3, Diff: 0.2, Sum: 1.6]
      [Code Root Scanning (ms): Min: 0.0, Avg: 0.0, Max: 0.1, Diff: 0.1, Sum: 0.1]
      [Object Copy (ms): Min: 4.1, Avg: 4.3, Max: 4.4, Diff: 0.3, Sum: 34.2]
      [Termination (ms): Min: 0.0, Avg: 0.0, Max: 0.0, Diff: 0.0, Sum: 0.0]
         [Termination Attempts: Min: 1, Avg: 1.0, Max: 1, Diff: 0, Sum: 8]
      [GC Worker Other (ms): Min: 0.0, Avg: 0.1, Max: 0.2, Diff: 0.2, Sum: 0.6]
      [GC Worker Total (ms): Min: 5.7, Avg: 5.9, Max: 6.0, Diff: 0.3, Sum: 47.0]
      [GC Worker End (ms): Min: 669698977.8, Avg: 669698977.9, Max: 669698978.0, Diff: 0.2]
   [Code Root Fixup: 0.0 ms]
   [Code Root Purge: 0.0 ms]
   [Clear CT: 0.7 ms]
   [Other: 2.7 ms]
      [Choose CSet: 0.0 ms]
      [Ref Proc: 1.4 ms]
      [Ref Enq: 0.0 ms]
      [Redirty Cards: 0.9 ms]
      [Humongous Register: 0.0 ms]
      [Humongous Reclaim: 0.0 ms]
      [Free CSet: 0.2 ms]
   [Eden: 609.0M(609.0M)->0.0B(608.0M) Survivors: 5120.0K->6144.0K Heap: 841.7M(1024.0M)->234.1M(1024.0M)]
 [Times: user=0.05 sys=0.01, real=0.01 secs] 
2019-06-30T18:54:27.189+0900: 679404.845: [GC pause (G1 Evacuation Pause) (young), 0.0087717 secs]
   [Parallel Time: 6.0 ms, GC Workers: 8]
      [GC Worker Start (ms): Min: 679404845.7, Avg: 679404845.8, Max: 679404846.0, Diff: 0.3]
      [Ext Root Scanning (ms): Min: 0.6, Avg: 0.8, Max: 1.3, Diff: 0.7, Sum: 6.7]
      [Update RS (ms): Min: 0.1, Avg: 0.5, Max: 0.9, Diff: 0.8, Sum: 4.3]
         [Processed Buffers: Min: 1, Avg: 5.1, Max: 11, Diff: 10, Sum: 41]
      [Scan RS (ms): Min: 0.1, Avg: 0.2, Max: 0.3, Diff: 0.2, Sum: 1.7]
      [Code Root Scanning (ms): Min: 0.0, Avg: 0.0, Max: 0.1, Diff: 0.1, Sum: 0.1]
      [Object Copy (ms): Min: 3.8, Avg: 3.9, Max: 4.0, Diff: 0.2, Sum: 31.6]
      [Termination (ms): Min: 0.0, Avg: 0.0, Max: 0.0, Diff: 0.0, Sum: 0.0]
         [Termination Attempts: Min: 1, Avg: 1.0, Max: 1, Diff: 0, Sum: 8]
      [GC Worker Other (ms): Min: 0.0, Avg: 0.0, Max: 0.1, Diff: 0.1, Sum: 0.3]
      [GC Worker Total (ms): Min: 5.5, Avg: 5.6, Max: 5.7, Diff: 0.3, Sum: 44.7]
      [GC Worker End (ms): Min: 679404851.4, Avg: 679404851.4, Max: 679404851.5, Diff: 0.1]
   [Code Root Fixup: 0.0 ms]
   [Code Root Purge: 0.0 ms]
   [Clear CT: 0.3 ms]
   [Other: 2.4 ms]
      [Choose CSet: 0.0 ms]
      [Ref Proc: 1.3 ms]
      [Ref Enq: 0.0 ms]
      [Redirty Cards: 0.6 ms]
      [Humongous Register: 0.0 ms]
      [Humongous Reclaim: 0.0 ms]
      [Free CSet: 0.2 ms]
   [Eden: 608.0M(608.0M)->0.0B(610.0M) Survivors: 6144.0K->4096.0K Heap: 842.1M(1024.0M)->232.1M(1024.0M)]
 [Times: user=0.05 sys=0.00, real=0.02 secs] 
2019-06-30T21:36:25.010+0900: 689122.666: [GC pause (G1 Evacuation Pause) (young), 0.0089021 secs]
   [Parallel Time: 6.1 ms, GC Workers: 8]
      [GC Worker Start (ms): Min: 689122666.0, Avg: 689122666.2, Max: 689122666.3, Diff: 0.3]
      [Ext Root Scanning (ms): Min: 0.6, Avg: 0.8, Max: 1.2, Diff: 0.6, Sum: 6.5]
      [Update RS (ms): Min: 0.2, Avg: 0.5, Max: 0.8, Diff: 0.6, Sum: 4.1]
         [Processed Buffers: Min: 1, Avg: 5.1, Max: 10, Diff: 9, Sum: 41]
      [Scan RS (ms): Min: 0.1, Avg: 0.2, Max: 0.3, Diff: 0.2, Sum: 1.6]
      [Code Root Scanning (ms): Min: 0.0, Avg: 0.0, Max: 0.1, Diff: 0.1, Sum: 0.1]
      [Object Copy (ms): Min: 3.5, Avg: 3.7, Max: 3.8, Diff: 0.3, Sum: 29.8]
      [Termination (ms): Min: 0.0, Avg: 0.0, Max: 0.0, Diff: 0.0, Sum: 0.0]
         [Termination Attempts: Min: 1, Avg: 3.8, Max: 5, Diff: 4, Sum: 30]
      [GC Worker Other (ms): Min: 0.0, Avg: 0.0, Max: 0.1, Diff: 0.1, Sum: 0.4]
      [GC Worker Total (ms): Min: 5.2, Avg: 5.3, Max: 5.6, Diff: 0.4, Sum: 42.6]
      [GC Worker End (ms): Min: 689122671.5, Avg: 689122671.5, Max: 689122671.6, Diff: 0.1]
   [Code Root Fixup: 0.0 ms]
   [Code Root Purge: 0.0 ms]
   [Clear CT: 0.6 ms]
   [Other: 2.2 ms]
      [Choose CSet: 0.0 ms]
      [Ref Proc: 1.0 ms]
      [Ref Enq: 0.0 ms]
      [Redirty Cards: 0.7 ms]
      [Humongous Register: 0.0 ms]
      [Humongous Reclaim: 0.0 ms]
      [Free CSet: 0.2 ms]
   [Eden: 610.0M(610.0M)->0.0B(609.0M) Survivors: 4096.0K->5120.0K Heap: 842.1M(1024.0M)->232.9M(1024.0M)]
 [Times: user=0.05 sys=0.00, real=0.02 secs] 
2019-07-01T00:18:19.948+0900: 698837.604: [GC pause (G1 Evacuation Pause) (young), 0.0088580 secs]
   [Parallel Time: 6.1 ms, GC Workers: 8]
      [GC Worker Start (ms): Min: 698837604.0, Avg: 698837604.2, Max: 698837604.3, Diff: 0.3]
      [Ext Root Scanning (ms): Min: 0.6, Avg: 0.8, Max: 1.1, Diff: 0.6, Sum: 6.1]
      [Update RS (ms): Min: 0.2, Avg: 0.5, Max: 0.8, Diff: 0.6, Sum: 4.1]
         [Processed Buffers: Min: 1, Avg: 4.9, Max: 9, Diff: 8, Sum: 39]
      [Scan RS (ms): Min: 0.1, Avg: 0.2, Max: 0.3, Diff: 0.2, Sum: 1.6]
      [Code Root Scanning (ms): Min: 0.0, Avg: 0.0, Max: 0.0, Diff: 0.0, Sum: 0.1]
      [Object Copy (ms): Min: 3.7, Avg: 3.8, Max: 3.9, Diff: 0.2, Sum: 30.4]
      [Termination (ms): Min: 0.0, Avg: 0.0, Max: 0.0, Diff: 0.0, Sum: 0.0]
         [Termination Attempts: Min: 1, Avg: 1.0, Max: 1, Diff: 0, Sum: 8]
      [GC Worker Other (ms): Min: 0.0, Avg: 0.1, Max: 0.2, Diff: 0.2, Sum: 0.7]
      [GC Worker Total (ms): Min: 5.2, Avg: 5.4, Max: 5.5, Diff: 0.3, Sum: 43.0]
      [GC Worker End (ms): Min: 698837609.5, Avg: 698837609.5, Max: 698837609.7, Diff: 0.2]
   [Code Root Fixup: 0.0 ms]
   [Code Root Purge: 0.0 ms]
   [Clear CT: 0.5 ms]
   [Other: 2.2 ms]
      [Choose CSet: 0.0 ms]
      [Ref Proc: 1.3 ms]
      [Ref Enq: 0.0 ms]
      [Redirty Cards: 0.4 ms]
      [Humongous Register: 0.0 ms]
      [Humongous Reclaim: 0.0 ms]
      [Free CSet: 0.2 ms]
   [Eden: 609.0M(609.0M)->0.0B(608.0M) Survivors: 5120.0K->6144.0K Heap: 841.9M(1024.0M)->233.8M(1024.0M)]
 [Times: user=0.04 sys=0.01, real=0.01 secs] 
2019-07-01T02:59:58.953+0900: 708536.609: [GC pause (G1 Evacuation Pause) (young), 0.0100445 secs]
   [Parallel Time: 6.7 ms, GC Workers: 8]
      [GC Worker Start (ms): Min: 708536609.2, Avg: 708536609.4, Max: 708536609.6, Diff: 0.4]
      [Ext Root Scanning (ms): Min: 0.7, Avg: 0.8, Max: 1.1, Diff: 0.5, Sum: 6.4]
      [Update RS (ms): Min: 0.3, Avg: 0.5, Max: 0.8, Diff: 0.6, Sum: 4.2]
         [Processed Buffers: Min: 1, Avg: 5.1, Max: 9, Diff: 8, Sum: 41]
      [Scan RS (ms): Min: 0.1, Avg: 0.2, Max: 0.3, Diff: 0.2, Sum: 1.6]
      [Code Root Scanning (ms): Min: 0.0, Avg: 0.0, Max: 0.1, Diff: 0.1, Sum: 0.2]
      [Object Copy (ms): Min: 4.5, Avg: 4.7, Max: 4.7, Diff: 0.2, Sum: 37.2]
      [Termination (ms): Min: 0.0, Avg: 0.0, Max: 0.0, Diff: 0.0, Sum: 0.0]
         [Termination Attempts: Min: 1, Avg: 1.0, Max: 1, Diff: 0, Sum: 8]
      [GC Worker Other (ms): Min: 0.0, Avg: 0.0, Max: 0.1, Diff: 0.1, Sum: 0.4]
      [GC Worker Total (ms): Min: 6.1, Avg: 6.2, Max: 6.4, Diff: 0.3, Sum: 50.0]
      [GC Worker End (ms): Min: 708536615.7, Avg: 708536615.7, Max: 708536615.8, Diff: 0.1]
   [Code Root Fixup: 0.0 ms]
   [Code Root Purge: 0.0 ms]
   [Clear CT: 0.7 ms]
   [Other: 2.6 ms]
      [Choose CSet: 0.0 ms]
      [Ref Proc: 1.3 ms]
      [Ref Enq: 0.0 ms]
      [Redirty Cards: 0.9 ms]
      [Humongous Register: 0.0 ms]
      [Humongous Reclaim: 0.0 ms]
      [Free CSet: 0.2 ms]
   [Eden: 608.0M(608.0M)->0.0B(609.0M) Survivors: 6144.0K->5120.0K Heap: 841.8M(1024.0M)->232.7M(1024.0M)]
 [Times: user=0.05 sys=0.00, real=0.01 secs] 
2019-07-01T05:41:16.168+0900: 718213.824: [GC pause (G1 Evacuation Pause) (young), 0.0075155 secs]
   [Parallel Time: 5.5 ms, GC Workers: 8]
      [GC Worker Start (ms): Min: 718213824.6, Avg: 718213824.8, Max: 718213824.9, Diff: 0.3]
      [Ext Root Scanning (ms): Min: 0.6, Avg: 0.8, Max: 1.1, Diff: 0.5, Sum: 6.3]
      [Update RS (ms): Min: 0.3, Avg: 0.5, Max: 0.9, Diff: 0.5, Sum: 4.4]
         [Processed Buffers: Min: 1, Avg: 5.4, Max: 10, Diff: 9, Sum: 43]
      [Scan RS (ms): Min: 0.1, Avg: 0.2, Max: 0.4, Diff: 0.3, Sum: 1.8]
      [Code Root Scanning (ms): Min: 0.0, Avg: 0.0, Max: 0.1, Diff: 0.1, Sum: 0.2]
      [Object Copy (ms): Min: 3.2, Avg: 3.5, Max: 3.6, Diff: 0.4, Sum: 27.7]
      [Termination (ms): Min: 0.0, Avg: 0.0, Max: 0.0, Diff: 0.0, Sum: 0.0]
         [Termination Attempts: Min: 1, Avg: 1.1, Max: 2, Diff: 1, Sum: 9]
      [GC Worker Other (ms): Min: 0.0, Avg: 0.0, Max: 0.1, Diff: 0.1, Sum: 0.4]
      [GC Worker Total (ms): Min: 5.0, Avg: 5.1, Max: 5.3, Diff: 0.3, Sum: 40.7]
      [GC Worker End (ms): Min: 718213829.8, Avg: 718213829.9, Max: 718213829.9, Diff: 0.1]
   [Code Root Fixup: 0.0 ms]
   [Code Root Purge: 0.0 ms]
   [Clear CT: 0.3 ms]
   [Other: 1.7 ms]
      [Choose CSet: 0.0 ms]
      [Ref Proc: 1.0 ms]
      [Ref Enq: 0.0 ms]
      [Redirty Cards: 0.3 ms]
      [Humongous Register: 0.0 ms]
      [Humongous Reclaim: 0.0 ms]
      [Free CSet: 0.2 ms]
   [Eden: 609.0M(609.0M)->0.0B(609.0M) Survivors: 5120.0K->5120.0K Heap: 841.7M(1024.0M)->232.9M(1024.0M)]
 [Times: user=0.04 sys=0.00, real=0.01 secs] 
2019-07-01T08:22:33.551+0900: 727891.207: [GC pause (G1 Evacuation Pause) (young), 0.0090477 secs]
   [Parallel Time: 5.9 ms, GC Workers: 8]
      [GC Worker Start (ms): Min: 727891207.0, Avg: 727891207.2, Max: 727891207.4, Diff: 0.3]
      [Ext Root Scanning (ms): Min: 0.6, Avg: 0.8, Max: 1.1, Diff: 0.5, Sum: 6.2]
      [Update RS (ms): Min: 0.4, Avg: 0.5, Max: 0.7, Diff: 0.4, Sum: 4.2]
         [Processed Buffers: Min: 1, Avg: 5.1, Max: 12, Diff: 11, Sum: 41]
      [Scan RS (ms): Min: 0.1, Avg: 0.2, Max: 0.3, Diff: 0.2, Sum: 1.7]
      [Code Root Scanning (ms): Min: 0.0, Avg: 0.0, Max: 0.1, Diff: 0.1, Sum: 0.2]
      [Object Copy (ms): Min: 3.6, Avg: 3.8, Max: 3.9, Diff: 0.3, Sum: 30.6]
      [Termination (ms): Min: 0.0, Avg: 0.0, Max: 0.0, Diff: 0.0, Sum: 0.0]
         [Termination Attempts: Min: 1, Avg: 1.0, Max: 1, Diff: 0, Sum: 8]
      [GC Worker Other (ms): Min: 0.0, Avg: 0.0, Max: 0.1, Diff: 0.1, Sum: 0.4]
      [GC Worker Total (ms): Min: 5.2, Avg: 5.4, Max: 5.7, Diff: 0.5, Sum: 43.4]
      [GC Worker End (ms): Min: 727891212.6, Avg: 727891212.6, Max: 727891212.7, Diff: 0.1]
   [Code Root Fixup: 0.0 ms]
   [Code Root Purge: 0.0 ms]
   [Clear CT: 0.7 ms]
   [Other: 2.5 ms]
      [Choose CSet: 0.0 ms]
      [Ref Proc: 1.2 ms]
      [Ref Enq: 0.0 ms]
      [Redirty Cards: 0.8 ms]
      [Humongous Register: 0.1 ms]
      [Humongous Reclaim: 0.0 ms]
      [Free CSet: 0.2 ms]
   [Eden: 609.0M(609.0M)->0.0B(609.0M) Survivors: 5120.0K->5120.0K Heap: 841.9M(1024.0M)->232.8M(1024.0M)]
 [Times: user=0.04 sys=0.01, real=0.01 secs] 
2019-07-01T11:04:34.021+0900: 737611.677: [GC pause (G1 Evacuation Pause) (young), 0.0092214 secs]
   [Parallel Time: 6.1 ms, GC Workers: 8]
      [GC Worker Start (ms): Min: 737611677.3, Avg: 737611677.5, Max: 737611677.7, Diff: 0.4]
      [Ext Root Scanning (ms): Min: 0.6, Avg: 0.8, Max: 1.2, Diff: 0.5, Sum: 6.4]
      [Update RS (ms): Min: 0.3, Avg: 0.5, Max: 0.8, Diff: 0.5, Sum: 4.2]
         [Processed Buffers: Min: 1, Avg: 5.1, Max: 12, Diff: 11, Sum: 41]
      [Scan RS (ms): Min: 0.1, Avg: 0.2, Max: 0.3, Diff: 0.2, Sum: 1.6]
      [Code Root Scanning (ms): Min: 0.0, Avg: 0.0, Max: 0.1, Diff: 0.1, Sum: 0.2]
      [Object Copy (ms): Min: 3.7, Avg: 3.9, Max: 4.0, Diff: 0.3, Sum: 30.9]
      [Termination (ms): Min: 0.0, Avg: 0.0, Max: 0.0, Diff: 0.0, Sum: 0.0]
         [Termination Attempts: Min: 1, Avg: 1.0, Max: 1, Diff: 0, Sum: 8]
      [GC Worker Other (ms): Min: 0.0, Avg: 0.0, Max: 0.1, Diff: 0.0, Sum: 0.3]
      [GC Worker Total (ms): Min: 5.3, Avg: 5.5, Max: 5.7, Diff: 0.4, Sum: 43.7]
      [GC Worker End (ms): Min: 737611683.0, Avg: 737611683.0, Max: 737611683.0, Diff: 0.0]
   [Code Root Fixup: 0.0 ms]
   [Code Root Purge: 0.0 ms]
   [Clear CT: 0.6 ms]
   [Other: 2.4 ms]
      [Choose CSet: 0.0 ms]
      [Ref Proc: 1.1 ms]
      [Ref Enq: 0.0 ms]
      [Redirty Cards: 0.8 ms]
      [Humongous Register: 0.0 ms]
      [Humongous Reclaim: 0.0 ms]
      [Free CSet: 0.2 ms]
   [Eden: 609.0M(609.0M)->0.0B(609.0M) Survivors: 5120.0K->5120.0K Heap: 841.8M(1024.0M)->233.2M(1024.0M)]
 [Times: user=0.04 sys=0.00, real=0.01 secs] 
2019-07-01T13:46:19.637+0900: 747317.293: [GC pause (G1 Evacuation Pause) (young), 0.0089431 secs]
   [Parallel Time: 5.7 ms, GC Workers: 8]
      [GC Worker Start (ms): Min: 747317293.0, Avg: 747317293.2, Max: 747317293.3, Diff: 0.3]
      [Ext Root Scanning (ms): Min: 0.6, Avg: 0.8, Max: 1.2, Diff: 0.6, Sum: 6.3]
      [Update RS (ms): Min: 0.3, Avg: 0.6, Max: 0.9, Diff: 0.6, Sum: 4.5]
         [Processed Buffers: Min: 1, Avg: 5.0, Max: 10, Diff: 9, Sum: 40]
      [Scan RS (ms): Min: 0.1, Avg: 0.2, Max: 0.3, Diff: 0.2, Sum: 1.7]
      [Code Root Scanning (ms): Min: 0.0, Avg: 0.0, Max: 0.1, Diff: 0.1, Sum: 0.2]
      [Object Copy (ms): Min: 3.3, Avg: 3.4, Max: 3.5, Diff: 0.2, Sum: 27.4]
      [Termination (ms): Min: 0.0, Avg: 0.0, Max: 0.0, Diff: 0.0, Sum: 0.1]
         [Termination Attempts: Min: 11, Avg: 15.2, Max: 19, Diff: 8, Sum: 122]
      [GC Worker Other (ms): Min: 0.0, Avg: 0.1, Max: 0.3, Diff: 0.3, Sum: 0.9]
      [GC Worker Total (ms): Min: 4.9, Avg: 5.1, Max: 5.3, Diff: 0.4, Sum: 41.0]
      [GC Worker End (ms): Min: 747317298.2, Avg: 747317298.3, Max: 747317298.5, Diff: 0.3]
   [Code Root Fixup: 0.0 ms]
   [Code Root Purge: 0.0 ms]
   [Clear CT: 0.7 ms]
   [Other: 2.6 ms]
      [Choose CSet: 0.0 ms]
      [Ref Proc: 1.3 ms]
      [Ref Enq: 0.0 ms]
      [Redirty Cards: 0.8 ms]
      [Humongous Register: 0.0 ms]
      [Humongous Reclaim: 0.0 ms]
      [Free CSet: 0.2 ms]
   [Eden: 609.0M(609.0M)->0.0B(609.0M) Survivors: 5120.0K->5120.0K Heap: 842.2M(1024.0M)->232.9M(1024.0M)]
 [Times: user=0.05 sys=0.00, real=0.01 secs] 
2019-07-01T16:27:56.365+0900: 757014.021: [GC pause (G1 Evacuation Pause) (young), 0.0094116 secs]
   [Parallel Time: 6.2 ms, GC Workers: 8]
      [GC Worker Start (ms): Min: 757014021.6, Avg: 757014021.7, Max: 757014021.9, Diff: 0.3]
      [Ext Root Scanning (ms): Min: 0.7, Avg: 0.8, Max: 1.2, Diff: 0.5, Sum: 6.6]
      [Update RS (ms): Min: 0.3, Avg: 0.5, Max: 0.8, Diff: 0.6, Sum: 4.1]
         [Processed Buffers: Min: 1, Avg: 5.0, Max: 10, Diff: 9, Sum: 40]
      [Scan RS (ms): Min: 0.1, Avg: 0.2, Max: 0.3, Diff: 0.2, Sum: 1.5]
      [Code Root Scanning (ms): Min: 0.0, Avg: 0.0, Max: 0.1, Diff: 0.1, Sum: 0.2]
      [Object Copy (ms): Min: 3.6, Avg: 3.7, Max: 3.8, Diff: 0.2, Sum: 29.9]
      [Termination (ms): Min: 0.0, Avg: 0.0, Max: 0.0, Diff: 0.0, Sum: 0.0]
         [Termination Attempts: Min: 1, Avg: 1.0, Max: 1, Diff: 0, Sum: 8]
      [GC Worker Other (ms): Min: 0.0, Avg: 0.1, Max: 0.2, Diff: 0.2, Sum: 0.6]
      [GC Worker Total (ms): Min: 5.2, Avg: 5.4, Max: 5.6, Diff: 0.4, Sum: 43.0]
      [GC Worker End (ms): Min: 757014027.1, Avg: 757014027.1, Max: 757014027.2, Diff: 0.2]
   [Code Root Fixup: 0.0 ms]
   [Code Root Purge: 0.0 ms]
   [Clear CT: 0.6 ms]
   [Other: 2.6 ms]
      [Choose CSet: 0.0 ms]
      [Ref Proc: 1.3 ms]
      [Ref Enq: 0.0 ms]
      [Redirty Cards: 0.8 ms]
      [Humongous Register: 0.0 ms]
      [Humongous Reclaim: 0.0 ms]
      [Free CSet: 0.2 ms]
   [Eden: 609.0M(609.0M)->0.0B(609.0M) Survivors: 5120.0K->5120.0K Heap: 841.9M(1024.0M)->232.9M(1024.0M)]
 [Times: user=0.05 sys=0.00, real=0.01 secs] 
2019-07-01T19:10:07.057+0900: 766744.713: [GC pause (G1 Evacuation Pause) (young), 0.0089095 secs]
   [Parallel Time: 6.3 ms, GC Workers: 8]
      [GC Worker Start (ms): Min: 766744713.1, Avg: 766744713.2, Max: 766744713.4, Diff: 0.3]
      [Ext Root Scanning (ms): Min: 0.6, Avg: 0.8, Max: 1.3, Diff: 0.6, Sum: 6.4]
      [Update RS (ms): Min: 0.2, Avg: 0.6, Max: 1.1, Diff: 0.9, Sum: 4.6]
         [Processed Buffers: Min: 1, Avg: 5.1, Max: 14, Diff: 13, Sum: 41]
      [Scan RS (ms): Min: 0.1, Avg: 0.2, Max: 0.3, Diff: 0.2, Sum: 1.7]
      [Code Root Scanning (ms): Min: 0.0, Avg: 0.0, Max: 0.0, Diff: 0.0, Sum: 0.1]
      [Object Copy (ms): Min: 3.7, Avg: 4.1, Max: 4.3, Diff: 0.5, Sum: 32.9]
      [Termination (ms): Min: 0.0, Avg: 0.0, Max: 0.0, Diff: 0.0, Sum: 0.0]
         [Termination Attempts: Min: 1, Avg: 1.0, Max: 1, Diff: 0, Sum: 8]
      [GC Worker Other (ms): Min: 0.0, Avg: 0.1, Max: 0.1, Diff: 0.1, Sum: 0.4]
      [GC Worker Total (ms): Min: 5.6, Avg: 5.8, Max: 6.0, Diff: 0.4, Sum: 46.2]
      [GC Worker End (ms): Min: 766744719.0, Avg: 766744719.0, Max: 766744719.1, Diff: 0.1]
   [Code Root Fixup: 0.0 ms]
   [Code Root Purge: 0.0 ms]
   [Clear CT: 0.4 ms]
   [Other: 2.2 ms]
      [Choose CSet: 0.0 ms]
      [Ref Proc: 1.1 ms]
      [Ref Enq: 0.0 ms]
      [Redirty Cards: 0.6 ms]
      [Humongous Register: 0.0 ms]
      [Humongous Reclaim: 0.0 ms]
      [Free CSet: 0.2 ms]
   [Eden: 609.0M(609.0M)->0.0B(609.0M) Survivors: 5120.0K->5120.0K Heap: 841.9M(1024.0M)->233.5M(1024.0M)]
 [Times: user=0.05 sys=0.00, real=0.01 secs] 
2019-07-01T21:51:33.441+0900: 776431.097: [GC pause (G1 Evacuation Pause) (young), 0.0050326 secs]
   [Parallel Time: 2.9 ms, GC Workers: 8]
      [GC Worker Start (ms): Min: 776431096.9, Avg: 776431097.0, Max: 776431097.2, Diff: 0.3]
      [Ext Root Scanning (ms): Min: 0.6, Avg: 0.8, Max: 1.0, Diff: 0.4, Sum: 6.2]
      [Update RS (ms): Min: 0.4, Avg: 0.4, Max: 0.5, Diff: 0.2, Sum: 3.3]
         [Processed Buffers: Min: 1, Avg: 5.1, Max: 9, Diff: 8, Sum: 41]
      [Scan RS (ms): Min: 0.0, Avg: 0.1, Max: 0.1, Diff: 0.1, Sum: 0.6]
      [Code Root Scanning (ms): Min: 0.0, Avg: 0.0, Max: 0.0, Diff: 0.0, Sum: 0.0]
      [Object Copy (ms): Min: 1.1, Avg: 1.2, Max: 1.2, Diff: 0.1, Sum: 9.2]
      [Termination (ms): Min: 0.0, Avg: 0.0, Max: 0.0, Diff: 0.0, Sum: 0.0]
         [Termination Attempts: Min: 1, Avg: 1.0, Max: 1, Diff: 0, Sum: 8]
      [GC Worker Other (ms): Min: 0.0, Avg: 0.0, Max: 0.1, Diff: 0.0, Sum: 0.3]
      [GC Worker Total (ms): Min: 2.3, Avg: 2.5, Max: 2.6, Diff: 0.3, Sum: 19.7]
      [GC Worker End (ms): Min: 776431099.5, Avg: 776431099.5, Max: 776431099.5, Diff: 0.0]
   [Code Root Fixup: 0.0 ms]
   [Code Root Purge: 0.0 ms]
   [Clear CT: 0.3 ms]
   [Other: 1.8 ms]
      [Choose CSet: 0.0 ms]
      [Ref Proc: 1.1 ms]
      [Ref Enq: 0.0 ms]
      [Redirty Cards: 0.3 ms]
      [Humongous Register: 0.0 ms]
      [Humongous Reclaim: 0.0 ms]
      [Free CSet: 0.2 ms]
   [Eden: 609.0M(609.0M)->0.0B(609.0M) Survivors: 5120.0K->5120.0K Heap: 842.5M(1024.0M)->233.0M(1024.0M)]
 [Times: user=0.02 sys=0.00, real=0.00 secs] 
2019-07-02T00:32:50.010+0900: 786107.666: [GC pause (G1 Evacuation Pause) (young), 0.0085196 secs]
   [Parallel Time: 5.3 ms, GC Workers: 8]
      [GC Worker Start (ms): Min: 786107666.0, Avg: 786107666.2, Max: 786107666.4, Diff: 0.3]
      [Ext Root Scanning (ms): Min: 0.6, Avg: 0.8, Max: 1.1, Diff: 0.5, Sum: 6.2]
      [Update RS (ms): Min: 0.2, Avg: 0.4, Max: 0.8, Diff: 0.6, Sum: 3.2]
         [Processed Buffers: Min: 1, Avg: 5.1, Max: 11, Diff: 10, Sum: 41]
      [Scan RS (ms): Min: 0.1, Avg: 0.2, Max: 0.3, Diff: 0.2, Sum: 1.8]
      [Code Root Scanning (ms): Min: 0.0, Avg: 0.0, Max: 0.0, Diff: 0.0, Sum: 0.1]
      [Object Copy (ms): Min: 2.8, Avg: 3.0, Max: 3.1, Diff: 0.3, Sum: 24.3]
      [Termination (ms): Min: 0.0, Avg: 0.0, Max: 0.0, Diff: 0.0, Sum: 0.0]
         [Termination Attempts: Min: 1, Avg: 1.0, Max: 1, Diff: 0, Sum: 8]
      [GC Worker Other (ms): Min: 0.0, Avg: 0.1, Max: 0.2, Diff: 0.2, Sum: 0.6]
      [GC Worker Total (ms): Min: 4.3, Avg: 4.5, Max: 4.7, Diff: 0.4, Sum: 36.2]
      [GC Worker End (ms): Min: 786107670.7, Avg: 786107670.8, Max: 786107670.9, Diff: 0.2]
   [Code Root Fixup: 0.0 ms]
   [Code Root Purge: 0.0 ms]
   [Clear CT: 0.6 ms]
   [Other: 2.5 ms]
      [Choose CSet: 0.0 ms]
      [Ref Proc: 1.2 ms]
      [Ref Enq: 0.0 ms]
      [Redirty Cards: 0.9 ms]
      [Humongous Register: 0.0 ms]
      [Humongous Reclaim: 0.0 ms]
      [Free CSet: 0.2 ms]
   [Eden: 609.0M(609.0M)->0.0B(609.0M) Survivors: 5120.0K->5120.0K Heap: 842.0M(1024.0M)->233.2M(1024.0M)]
 [Times: user=0.04 sys=0.00, real=0.02 secs] 
2019-07-02T03:14:47.730+0900: 795825.386: [GC pause (G1 Evacuation Pause) (young), 0.0095936 secs]
   [Parallel Time: 6.4 ms, GC Workers: 8]
      [GC Worker Start (ms): Min: 795825386.6, Avg: 795825386.8, Max: 795825386.9, Diff: 0.3]
      [Ext Root Scanning (ms): Min: 0.6, Avg: 0.8, Max: 1.0, Diff: 0.4, Sum: 6.3]
      [Update RS (ms): Min: 0.3, Avg: 0.4, Max: 0.7, Diff: 0.5, Sum: 3.2]
         [Processed Buffers: Min: 1, Avg: 5.1, Max: 13, Diff: 12, Sum: 41]
      [Scan RS (ms): Min: 0.1, Avg: 0.2, Max: 0.3, Diff: 0.2, Sum: 2.0]
      [Code Root Scanning (ms): Min: 0.0, Avg: 0.0, Max: 0.0, Diff: 0.0, Sum: 0.1]
      [Object Copy (ms): Min: 3.9, Avg: 4.1, Max: 4.2, Diff: 0.3, Sum: 32.9]
      [Termination (ms): Min: 0.0, Avg: 0.0, Max: 0.0, Diff: 0.0, Sum: 0.0]
         [Termination Attempts: Min: 1, Avg: 1.0, Max: 1, Diff: 0, Sum: 8]
      [GC Worker Other (ms): Min: 0.0, Avg: 0.1, Max: 0.2, Diff: 0.2, Sum: 0.5]
      [GC Worker Total (ms): Min: 5.5, Avg: 5.6, Max: 5.9, Diff: 0.4, Sum: 45.1]
      [GC Worker End (ms): Min: 795825392.4, Avg: 795825392.4, Max: 795825392.6, Diff: 0.2]
   [Code Root Fixup: 0.0 ms]
   [Code Root Purge: 0.0 ms]
   [Clear CT: 0.7 ms]
   [Other: 2.5 ms]
      [Choose CSet: 0.0 ms]
      [Ref Proc: 1.2 ms]
      [Ref Enq: 0.0 ms]
      [Redirty Cards: 0.8 ms]
      [Humongous Register: 0.0 ms]
      [Humongous Reclaim: 0.0 ms]
      [Free CSet: 0.2 ms]
   [Eden: 609.0M(609.0M)->0.0B(608.0M) Survivors: 5120.0K->6144.0K Heap: 842.2M(1024.0M)->233.9M(1024.0M)]
 [Times: user=0.04 sys=0.00, real=0.01 secs] 
2019-07-02T05:56:12.254+0900: 805509.910: [GC pause (G1 Evacuation Pause) (young), 0.0099717 secs]
   [Parallel Time: 6.6 ms, GC Workers: 8]
      [GC Worker Start (ms): Min: 805509909.7, Avg: 805509910.0, Max: 805509910.9, Diff: 1.1]
      [Ext Root Scanning (ms): Min: 0.0, Avg: 0.8, Max: 1.1, Diff: 1.1, Sum: 6.1]
      [Update RS (ms): Min: 0.3, Avg: 0.4, Max: 0.7, Diff: 0.5, Sum: 3.2]
         [Processed Buffers: Min: 1, Avg: 4.8, Max: 12, Diff: 11, Sum: 38]
      [Scan RS (ms): Min: 0.1, Avg: 0.2, Max: 0.3, Diff: 0.2, Sum: 2.0]
      [Code Root Scanning (ms): Min: 0.0, Avg: 0.0, Max: 0.0, Diff: 0.0, Sum: 0.1]
      [Object Copy (ms): Min: 4.2, Avg: 4.4, Max: 4.4, Diff: 0.2, Sum: 34.8]
      [Termination (ms): Min: 0.0, Avg: 0.0, Max: 0.0, Diff: 0.0, Sum: 0.0]
         [Termination Attempts: Min: 1, Avg: 1.0, Max: 1, Diff: 0, Sum: 8]
      [GC Worker Other (ms): Min: 0.0, Avg: 0.1, Max: 0.1, Diff: 0.1, Sum: 0.4]
      [GC Worker Total (ms): Min: 4.9, Avg: 5.8, Max: 6.2, Diff: 1.2, Sum: 46.7]
      [GC Worker End (ms): Min: 805509915.8, Avg: 805509915.8, Max: 805509915.9, Diff: 0.1]
   [Code Root Fixup: 0.0 ms]
   [Code Root Purge: 0.0 ms]
   [Clear CT: 0.7 ms]
   [Other: 2.7 ms]
      [Choose CSet: 0.0 ms]
      [Ref Proc: 1.3 ms]
      [Ref Enq: 0.0 ms]
      [Redirty Cards: 0.9 ms]
      [Humongous Register: 0.0 ms]
      [Humongous Reclaim: 0.0 ms]
      [Free CSet: 0.2 ms]
   [Eden: 608.0M(608.0M)->0.0B(609.0M) Survivors: 6144.0K->5120.0K Heap: 841.9M(1024.0M)->233.0M(1024.0M)]
 [Times: user=0.05 sys=0.00, real=0.01 secs] 
2019-07-02T08:37:35.009+0900: 815192.665: [GC pause (G1 Evacuation Pause) (young), 0.0085326 secs]
   [Parallel Time: 5.7 ms, GC Workers: 8]
      [GC Worker Start (ms): Min: 815192665.7, Avg: 815192665.9, Max: 815192666.1, Diff: 0.3]
      [Ext Root Scanning (ms): Min: 0.6, Avg: 0.8, Max: 1.0, Diff: 0.4, Sum: 6.4]
      [Update RS (ms): Min: 0.3, Avg: 0.4, Max: 0.8, Diff: 0.5, Sum: 3.2]
         [Processed Buffers: Min: 1, Avg: 5.2, Max: 12, Diff: 11, Sum: 42]
      [Scan RS (ms): Min: 0.1, Avg: 0.2, Max: 0.3, Diff: 0.2, Sum: 1.9]
      [Code Root Scanning (ms): Min: 0.0, Avg: 0.0, Max: 0.0, Diff: 0.0, Sum: 0.1]
      [Object Copy (ms): Min: 3.5, Avg: 3.8, Max: 3.8, Diff: 0.3, Sum: 30.1]
      [Termination (ms): Min: 0.0, Avg: 0.0, Max: 0.0, Diff: 0.0, Sum: 0.0]
         [Termination Attempts: Min: 1, Avg: 3.0, Max: 4, Diff: 3, Sum: 24]
      [GC Worker Other (ms): Min: 0.0, Avg: 0.1, Max: 0.2, Diff: 0.1, Sum: 0.5]
      [GC Worker Total (ms): Min: 5.2, Avg: 5.3, Max: 5.4, Diff: 0.3, Sum: 42.3]
      [GC Worker End (ms): Min: 815192671.2, Avg: 815192671.2, Max: 815192671.3, Diff: 0.1]
   [Code Root Fixup: 0.0 ms]
   [Code Root Purge: 0.0 ms]
   [Clear CT: 0.6 ms]
   [Other: 2.2 ms]
      [Choose CSet: 0.0 ms]
      [Ref Proc: 1.3 ms]
      [Ref Enq: 0.0 ms]
      [Redirty Cards: 0.4 ms]
      [Humongous Register: 0.0 ms]
      [Humongous Reclaim: 0.0 ms]
      [Free CSet: 0.2 ms]
   [Eden: 609.0M(609.0M)->0.0B(609.0M) Survivors: 5120.0K->5120.0K Heap: 842.0M(1024.0M)->233.0M(1024.0M)]
 [Times: user=0.05 sys=0.00, real=0.02 secs] 
2019-07-02T11:19:35.010+0900: 824912.666: [GC pause (G1 Evacuation Pause) (young), 0.0086853 secs]
   [Parallel Time: 5.7 ms, GC Workers: 8]
      [GC Worker Start (ms): Min: 824912666.1, Avg: 824912666.2, Max: 824912666.4, Diff: 0.3]
      [Ext Root Scanning (ms): Min: 0.6, Avg: 0.8, Max: 1.1, Diff: 0.5, Sum: 6.2]
      [Update RS (ms): Min: 0.2, Avg: 0.4, Max: 0.8, Diff: 0.6, Sum: 3.2]
         [Processed Buffers: Min: 1, Avg: 4.9, Max: 9, Diff: 8, Sum: 39]
      [Scan RS (ms): Min: 0.1, Avg: 0.2, Max: 0.3, Diff: 0.2, Sum: 1.9]
      [Code Root Scanning (ms): Min: 0.0, Avg: 0.0, Max: 0.0, Diff: 0.0, Sum: 0.1]
      [Object Copy (ms): Min: 3.6, Avg: 3.8, Max: 3.9, Diff: 0.3, Sum: 30.8]
      [Termination (ms): Min: 0.0, Avg: 0.0, Max: 0.0, Diff: 0.0, Sum: 0.0]
         [Termination Attempts: Min: 1, Avg: 1.0, Max: 1, Diff: 0, Sum: 8]
      [GC Worker Other (ms): Min: 0.0, Avg: 0.1, Max: 0.2, Diff: 0.1, Sum: 0.6]
      [GC Worker Total (ms): Min: 5.2, Avg: 5.3, Max: 5.5, Diff: 0.3, Sum: 42.8]
      [GC Worker End (ms): Min: 824912671.5, Avg: 824912671.6, Max: 824912671.7, Diff: 0.1]
   [Code Root Fixup: 0.0 ms]
   [Code Root Purge: 0.0 ms]
   [Clear CT: 0.6 ms]
   [Other: 2.3 ms]
      [Choose CSet: 0.0 ms]
      [Ref Proc: 1.1 ms]
      [Ref Enq: 0.0 ms]
      [Redirty Cards: 0.7 ms]
      [Humongous Register: 0.0 ms]
      [Humongous Reclaim: 0.0 ms]
      [Free CSet: 0.2 ms]
   [Eden: 609.0M(609.0M)->0.0B(609.0M) Survivors: 5120.0K->5120.0K Heap: 842.0M(1024.0M)->233.5M(1024.0M)]
 [Times: user=0.04 sys=0.00, real=0.02 secs] 
2019-07-02T14:01:02.690+0900: 834600.346: [GC pause (G1 Evacuation Pause) (young), 0.0088990 secs]
   [Parallel Time: 6.1 ms, GC Workers: 8]
      [GC Worker Start (ms): Min: 834600346.1, Avg: 834600346.3, Max: 834600346.4, Diff: 0.3]
      [Ext Root Scanning (ms): Min: 0.6, Avg: 0.8, Max: 1.0, Diff: 0.4, Sum: 6.3]
      [Update RS (ms): Min: 0.3, Avg: 0.4, Max: 0.8, Diff: 0.5, Sum: 3.3]
         [Processed Buffers: Min: 1, Avg: 5.0, Max: 10, Diff: 9, Sum: 40]
      [Scan RS (ms): Min: 0.1, Avg: 0.2, Max: 0.3, Diff: 0.2, Sum: 2.0]
      [Code Root Scanning (ms): Min: 0.0, Avg: 0.0, Max: 0.0, Diff: 0.0, Sum: 0.1]
      [Object Copy (ms): Min: 3.9, Avg: 4.1, Max: 4.1, Diff: 0.2, Sum: 32.7]
      [Termination (ms): Min: 0.0, Avg: 0.0, Max: 0.0, Diff: 0.0, Sum: 0.0]
         [Termination Attempts: Min: 1, Avg: 1.0, Max: 1, Diff: 0, Sum: 8]
      [GC Worker Other (ms): Min: 0.0, Avg: 0.1, Max: 0.2, Diff: 0.1, Sum: 0.5]
      [GC Worker Total (ms): Min: 5.4, Avg: 5.6, Max: 5.8, Diff: 0.3, Sum: 44.9]
      [GC Worker End (ms): Min: 834600351.9, Avg: 834600351.9, Max: 834600352.0, Diff: 0.1]
   [Code Root Fixup: 0.0 ms]
   [Code Root Purge: 0.0 ms]
   [Clear CT: 0.5 ms]
   [Other: 2.3 ms]
      [Choose CSet: 0.0 ms]
      [Ref Proc: 1.1 ms]
      [Ref Enq: 0.0 ms]
      [Redirty Cards: 0.7 ms]
      [Humongous Register: 0.0 ms]
      [Humongous Reclaim: 0.0 ms]
      [Free CSet: 0.2 ms]
   [Eden: 609.0M(609.0M)->0.0B(610.0M) Survivors: 5120.0K->4096.0K Heap: 842.5M(1024.0M)->232.0M(1024.0M)]
 [Times: user=0.04 sys=0.01, real=0.02 secs] 
2019-07-02T16:42:54.155+0900: 844311.811: [GC pause (G1 Evacuation Pause) (young), 0.0090700 secs]
   [Parallel Time: 6.0 ms, GC Workers: 8]
      [GC Worker Start (ms): Min: 844311810.9, Avg: 844311811.1, Max: 844311811.3, Diff: 0.3]
      [Ext Root Scanning (ms): Min: 0.6, Avg: 0.8, Max: 1.0, Diff: 0.4, Sum: 6.1]
      [Update RS (ms): Min: 0.3, Avg: 0.4, Max: 0.8, Diff: 0.5, Sum: 3.3]
         [Processed Buffers: Min: 1, Avg: 5.0, Max: 14, Diff: 13, Sum: 40]
      [Scan RS (ms): Min: 0.1, Avg: 0.3, Max: 0.3, Diff: 0.2, Sum: 2.1]
      [Code Root Scanning (ms): Min: 0.0, Avg: 0.0, Max: 0.0, Diff: 0.0, Sum: 0.1]
      [Object Copy (ms): Min: 3.8, Avg: 4.0, Max: 4.0, Diff: 0.3, Sum: 31.7]
      [Termination (ms): Min: 0.0, Avg: 0.0, Max: 0.0, Diff: 0.0, Sum: 0.0]
         [Termination Attempts: Min: 1, Avg: 1.0, Max: 1, Diff: 0, Sum: 8]
      [GC Worker Other (ms): Min: 0.0, Avg: 0.1, Max: 0.2, Diff: 0.2, Sum: 0.8]
      [GC Worker Total (ms): Min: 5.3, Avg: 5.5, Max: 5.6, Diff: 0.3, Sum: 44.1]
      [GC Worker End (ms): Min: 844311816.6, Avg: 844311816.6, Max: 844311816.7, Diff: 0.2]
   [Code Root Fixup: 0.0 ms]
   [Code Root Purge: 0.0 ms]
   [Clear CT: 0.7 ms]
   [Other: 2.4 ms]
      [Choose CSet: 0.0 ms]
      [Ref Proc: 1.0 ms]
      [Ref Enq: 0.0 ms]
      [Redirty Cards: 0.9 ms]
      [Humongous Register: 0.0 ms]
      [Humongous Reclaim: 0.0 ms]
      [Free CSet: 0.2 ms]
   [Eden: 610.0M(610.0M)->0.0B(611.0M) Survivors: 4096.0K->3072.0K Heap: 842.0M(1024.0M)->231.6M(1024.0M)]
 [Times: user=0.04 sys=0.00, real=0.01 secs] 
2019-07-02T19:24:43.355+0900: 854021.011: [GC pause (G1 Evacuation Pause) (young), 0.0086955 secs]
   [Parallel Time: 5.6 ms, GC Workers: 8]
      [GC Worker Start (ms): Min: 854021011.1, Avg: 854021011.2, Max: 854021011.4, Diff: 0.3]
      [Ext Root Scanning (ms): Min: 0.6, Avg: 0.8, Max: 1.1, Diff: 0.5, Sum: 6.1]
      [Update RS (ms): Min: 0.3, Avg: 0.4, Max: 0.8, Diff: 0.5, Sum: 3.2]
         [Processed Buffers: Min: 1, Avg: 5.2, Max: 11, Diff: 10, Sum: 42]
      [Scan RS (ms): Min: 0.1, Avg: 0.2, Max: 0.3, Diff: 0.2, Sum: 2.0]
      [Code Root Scanning (ms): Min: 0.0, Avg: 0.0, Max: 0.0, Diff: 0.0, Sum: 0.1]
      [Object Copy (ms): Min: 3.4, Avg: 3.6, Max: 3.7, Diff: 0.3, Sum: 28.9]
      [Termination (ms): Min: 0.0, Avg: 0.0, Max: 0.0, Diff: 0.0, Sum: 0.0]
         [Termination Attempts: Min: 1, Avg: 1.0, Max: 1, Diff: 0, Sum: 8]
      [GC Worker Other (ms): Min: 0.0, Avg: 0.1, Max: 0.1, Diff: 0.1, Sum: 0.5]
      [GC Worker Total (ms): Min: 4.9, Avg: 5.1, Max: 5.3, Diff: 0.4, Sum: 40.8]
      [GC Worker End (ms): Min: 854021016.3, Avg: 854021016.3, Max: 854021016.4, Diff: 0.1]
   [Code Root Fixup: 0.0 ms]
   [Code Root Purge: 0.0 ms]
   [Clear CT: 0.4 ms]
   [Other: 2.7 ms]
      [Choose CSet: 0.0 ms]
      [Ref Proc: 1.2 ms]
      [Ref Enq: 0.0 ms]
      [Redirty Cards: 1.1 ms]
      [Humongous Register: 0.0 ms]
      [Humongous Reclaim: 0.0 ms]
      [Free CSet: 0.2 ms]
   [Eden: 611.0M(611.0M)->0.0B(609.0M) Survivors: 3072.0K->5120.0K Heap: 842.6M(1024.0M)->233.0M(1024.0M)]
 [Times: user=0.04 sys=0.00, real=0.01 secs] 
2019-07-02T22:06:33.387+0900: 863731.043: [GC pause (G1 Evacuation Pause) (young), 0.0095555 secs]
   [Parallel Time: 6.7 ms, GC Workers: 8]
      [GC Worker Start (ms): Min: 863731043.6, Avg: 863731043.8, Max: 863731043.9, Diff: 0.3]
      [Ext Root Scanning (ms): Min: 0.6, Avg: 0.8, Max: 1.0, Diff: 0.4, Sum: 6.1]
      [Update RS (ms): Min: 0.2, Avg: 0.4, Max: 0.8, Diff: 0.5, Sum: 3.3]
         [Processed Buffers: Min: 1, Avg: 5.1, Max: 11, Diff: 10, Sum: 41]
      [Scan RS (ms): Min: 0.1, Avg: 0.2, Max: 0.3, Diff: 0.2, Sum: 1.9]
      [Code Root Scanning (ms): Min: 0.0, Avg: 0.0, Max: 0.0, Diff: 0.0, Sum: 0.1]
      [Object Copy (ms): Min: 4.5, Avg: 4.7, Max: 4.7, Diff: 0.2, Sum: 37.4]
      [Termination (ms): Min: 0.0, Avg: 0.0, Max: 0.0, Diff: 0.0, Sum: 0.0]
         [Termination Attempts: Min: 1, Avg: 1.0, Max: 1, Diff: 0, Sum: 8]
      [GC Worker Other (ms): Min: 0.0, Avg: 0.0, Max: 0.1, Diff: 0.1, Sum: 0.3]
      [GC Worker Total (ms): Min: 6.0, Avg: 6.1, Max: 6.3, Diff: 0.3, Sum: 49.1]
      [GC Worker End (ms): Min: 863731049.9, Avg: 863731049.9, Max: 863731050.0, Diff: 0.1]
   [Code Root Fixup: 0.0 ms]
   [Code Root Purge: 0.0 ms]
   [Clear CT: 0.6 ms]
   [Other: 2.2 ms]
      [Choose CSet: 0.0 ms]
      [Ref Proc: 1.0 ms]
      [Ref Enq: 0.0 ms]
      [Redirty Cards: 0.8 ms]
      [Humongous Register: 0.0 ms]
      [Humongous Reclaim: 0.0 ms]
      [Free CSet: 0.2 ms]
   [Eden: 609.0M(609.0M)->0.0B(608.0M) Survivors: 5120.0K->6144.0K Heap: 842.0M(1024.0M)->234.0M(1024.0M)]
 [Times: user=0.05 sys=0.01, real=0.01 secs] 
2019-07-03T00:47:43.957+0900: 873401.613: [GC pause (G1 Evacuation Pause) (young), 0.0095057 secs]
   [Parallel Time: 6.2 ms, GC Workers: 8]
      [GC Worker Start (ms): Min: 873401613.6, Avg: 873401613.8, Max: 873401613.9, Diff: 0.3]
      [Ext Root Scanning (ms): Min: 0.7, Avg: 0.8, Max: 1.1, Diff: 0.4, Sum: 6.5]
      [Update RS (ms): Min: 0.3, Avg: 0.4, Max: 0.8, Diff: 0.5, Sum: 3.2]
         [Processed Buffers: Min: 1, Avg: 5.1, Max: 10, Diff: 9, Sum: 41]
      [Scan RS (ms): Min: 0.1, Avg: 0.2, Max: 0.3, Diff: 0.2, Sum: 1.9]
      [Code Root Scanning (ms): Min: 0.0, Avg: 0.0, Max: 0.0, Diff: 0.0, Sum: 0.1]
      [Object Copy (ms): Min: 3.8, Avg: 4.0, Max: 4.1, Diff: 0.3, Sum: 32.3]
      [Termination (ms): Min: 0.0, Avg: 0.0, Max: 0.0, Diff: 0.0, Sum: 0.2]
         [Termination Attempts: Min: 13, Avg: 15.2, Max: 19, Diff: 6, Sum: 122]
      [GC Worker Other (ms): Min: 0.0, Avg: 0.0, Max: 0.1, Diff: 0.1, Sum: 0.4]
      [GC Worker Total (ms): Min: 5.4, Avg: 5.6, Max: 5.8, Diff: 0.4, Sum: 44.5]
      [GC Worker End (ms): Min: 873401619.3, Avg: 873401619.3, Max: 873401619.4, Diff: 0.1]
   [Code Root Fixup: 0.0 ms]
   [Code Root Purge: 0.0 ms]
   [Clear CT: 0.7 ms]
   [Other: 2.6 ms]
      [Choose CSet: 0.0 ms]
      [Ref Proc: 1.3 ms]
      [Ref Enq: 0.0 ms]
      [Redirty Cards: 0.9 ms]
      [Humongous Register: 0.0 ms]
      [Humongous Reclaim: 0.0 ms]
      [Free CSet: 0.2 ms]
   [Eden: 608.0M(608.0M)->0.0B(609.0M) Survivors: 6144.0K->5120.0K Heap: 842.0M(1024.0M)->232.9M(1024.0M)]
 [Times: user=0.05 sys=0.00, real=0.01 secs] 
2019-07-03T03:29:13.635+0900: 883091.291: [GC pause (G1 Evacuation Pause) (young), 0.0088184 secs]
   [Parallel Time: 6.2 ms, GC Workers: 8]
      [GC Worker Start (ms): Min: 883091290.9, Avg: 883091291.1, Max: 883091291.3, Diff: 0.3]
      [Ext Root Scanning (ms): Min: 0.6, Avg: 0.8, Max: 1.0, Diff: 0.4, Sum: 6.1]
      [Update RS (ms): Min: 0.3, Avg: 0.4, Max: 0.8, Diff: 0.5, Sum: 3.2]
         [Processed Buffers: Min: 1, Avg: 5.4, Max: 9, Diff: 8, Sum: 43]
      [Scan RS (ms): Min: 0.1, Avg: 0.2, Max: 0.3, Diff: 0.2, Sum: 1.8]
      [Code Root Scanning (ms): Min: 0.0, Avg: 0.0, Max: 0.0, Diff: 0.0, Sum: 0.1]
      [Object Copy (ms): Min: 4.0, Avg: 4.2, Max: 4.2, Diff: 0.3, Sum: 33.3]
      [Termination (ms): Min: 0.0, Avg: 0.0, Max: 0.0, Diff: 0.0, Sum: 0.0]
         [Termination Attempts: Min: 1, Avg: 1.0, Max: 1, Diff: 0, Sum: 8]
      [GC Worker Other (ms): Min: 0.0, Avg: 0.0, Max: 0.1, Diff: 0.0, Sum: 0.3]
      [GC Worker Total (ms): Min: 5.4, Avg: 5.6, Max: 5.8, Diff: 0.3, Sum: 44.8]
      [GC Worker End (ms): Min: 883091296.7, Avg: 883091296.7, Max: 883091296.8, Diff: 0.0]
   [Code Root Fixup: 0.0 ms]
   [Code Root Purge: 0.0 ms]
   [Clear CT: 0.5 ms]
   [Other: 2.2 ms]
      [Choose CSet: 0.0 ms]
      [Ref Proc: 1.1 ms]
      [Ref Enq: 0.0 ms]
      [Redirty Cards: 0.7 ms]
      [Humongous Register: 0.0 ms]
      [Humongous Reclaim: 0.0 ms]
      [Free CSet: 0.2 ms]
   [Eden: 609.0M(609.0M)->0.0B(611.0M) Survivors: 5120.0K->3072.0K Heap: 841.9M(1024.0M)->231.6M(1024.0M)]
 [Times: user=0.04 sys=0.01, real=0.01 secs] 
2019-07-03T06:11:36.793+0900: 892834.449: [GC pause (G1 Evacuation Pause) (young), 0.0085294 secs]
   [Parallel Time: 6.2 ms, GC Workers: 8]
      [GC Worker Start (ms): Min: 892834449.1, Avg: 892834449.3, Max: 892834449.4, Diff: 0.3]
      [Ext Root Scanning (ms): Min: 0.6, Avg: 0.8, Max: 1.1, Diff: 0.5, Sum: 6.6]
      [Update RS (ms): Min: 0.2, Avg: 0.4, Max: 0.8, Diff: 0.6, Sum: 3.2]
         [Processed Buffers: Min: 2, Avg: 5.1, Max: 10, Diff: 8, Sum: 41]
      [Scan RS (ms): Min: 0.1, Avg: 0.2, Max: 0.3, Diff: 0.2, Sum: 1.9]
      [Code Root Scanning (ms): Min: 0.0, Avg: 0.0, Max: 0.0, Diff: 0.0, Sum: 0.1]
      [Object Copy (ms): Min: 3.8, Avg: 4.0, Max: 4.1, Diff: 0.3, Sum: 31.9]
      [Termination (ms): Min: 0.0, Avg: 0.0, Max: 0.0, Diff: 0.0, Sum: 0.0]
         [Termination Attempts: Min: 1, Avg: 1.0, Max: 1, Diff: 0, Sum: 8]
      [GC Worker Other (ms): Min: 0.0, Avg: 0.0, Max: 0.1, Diff: 0.0, Sum: 0.3]
      [GC Worker Total (ms): Min: 5.4, Avg: 5.5, Max: 5.6, Diff: 0.3, Sum: 44.0]
      [GC Worker End (ms): Min: 892834454.7, Avg: 892834454.8, Max: 892834454.8, Diff: 0.0]
   [Code Root Fixup: 0.0 ms]
   [Code Root Purge: 0.0 ms]
   [Clear CT: 0.4 ms]
   [Other: 2.0 ms]
      [Choose CSet: 0.0 ms]
      [Ref Proc: 1.2 ms]
      [Ref Enq: 0.0 ms]
      [Redirty Cards: 0.3 ms]
      [Humongous Register: 0.0 ms]
      [Humongous Reclaim: 0.0 ms]
      [Free CSet: 0.2 ms]
   [Eden: 611.0M(611.0M)->0.0B(608.0M) Survivors: 3072.0K->6144.0K Heap: 842.6M(1024.0M)->234.2M(1024.0M)]
 [Times: user=0.05 sys=0.00, real=0.01 secs] 
2019-07-03T08:53:09.401+0900: 902527.057: [GC pause (G1 Evacuation Pause) (young), 0.0087459 secs]
   [Parallel Time: 5.6 ms, GC Workers: 8]
      [GC Worker Start (ms): Min: 902527057.4, Avg: 902527057.6, Max: 902527057.8, Diff: 0.3]
      [Ext Root Scanning (ms): Min: 0.7, Avg: 0.8, Max: 1.1, Diff: 0.4, Sum: 6.7]
      [Update RS (ms): Min: 0.3, Avg: 0.4, Max: 0.8, Diff: 0.5, Sum: 3.2]
         [Processed Buffers: Min: 1, Avg: 5.0, Max: 8, Diff: 7, Sum: 40]
      [Scan RS (ms): Min: 0.1, Avg: 0.2, Max: 0.3, Diff: 0.2, Sum: 1.9]
      [Code Root Scanning (ms): Min: 0.0, Avg: 0.0, Max: 0.0, Diff: 0.0, Sum: 0.1]
      [Object Copy (ms): Min: 3.4, Avg: 3.6, Max: 3.6, Diff: 0.3, Sum: 28.6]
      [Termination (ms): Min: 0.0, Avg: 0.0, Max: 0.0, Diff: 0.0, Sum: 0.0]
         [Termination Attempts: Min: 1, Avg: 4.4, Max: 7, Diff: 6, Sum: 35]
      [GC Worker Other (ms): Min: 0.0, Avg: 0.1, Max: 0.1, Diff: 0.1, Sum: 0.4]
      [GC Worker Total (ms): Min: 4.9, Avg: 5.1, Max: 5.3, Diff: 0.3, Sum: 40.9]
      [GC Worker End (ms): Min: 902527062.7, Avg: 902527062.7, Max: 902527062.8, Diff: 0.1]
   [Code Root Fixup: 0.0 ms]
   [Code Root Purge: 0.0 ms]
   [Clear CT: 0.6 ms]
   [Other: 2.5 ms]
      [Choose CSet: 0.0 ms]
      [Ref Proc: 1.2 ms]
      [Ref Enq: 0.0 ms]
      [Redirty Cards: 0.8 ms]
      [Humongous Register: 0.0 ms]
      [Humongous Reclaim: 0.0 ms]
      [Free CSet: 0.2 ms]
   [Eden: 608.0M(608.0M)->0.0B(611.0M) Survivors: 6144.0K->3072.0K Heap: 842.2M(1024.0M)->231.7M(1024.0M)]
 [Times: user=0.05 sys=0.00, real=0.00 secs] 
2019-07-03T11:34:58.253+0900: 912235.909: [GC pause (G1 Evacuation Pause) (young), 0.0084804 secs]
   [Parallel Time: 5.9 ms, GC Workers: 8]
      [GC Worker Start (ms): Min: 912235908.8, Avg: 912235908.9, Max: 912235909.1, Diff: 0.3]
      [Ext Root Scanning (ms): Min: 0.6, Avg: 0.8, Max: 1.0, Diff: 0.4, Sum: 6.1]
      [Update RS (ms): Min: 0.3, Avg: 0.4, Max: 0.8, Diff: 0.5, Sum: 3.3]
         [Processed Buffers: Min: 2, Avg: 5.1, Max: 11, Diff: 9, Sum: 41]
      [Scan RS (ms): Min: 0.1, Avg: 0.3, Max: 0.4, Diff: 0.3, Sum: 2.1]
      [Code Root Scanning (ms): Min: 0.0, Avg: 0.0, Max: 0.0, Diff: 0.0, Sum: 0.1]
      [Object Copy (ms): Min: 3.8, Avg: 4.0, Max: 4.1, Diff: 0.3, Sum: 32.2]
      [Termination (ms): Min: 0.0, Avg: 0.0, Max: 0.0, Diff: 0.0, Sum: 0.0]
         [Termination Attempts: Min: 1, Avg: 1.0, Max: 1, Diff: 0, Sum: 8]
      [GC Worker Other (ms): Min: 0.0, Avg: 0.0, Max: 0.1, Diff: 0.1, Sum: 0.3]
      [GC Worker Total (ms): Min: 5.4, Avg: 5.5, Max: 5.7, Diff: 0.3, Sum: 44.1]
      [GC Worker End (ms): Min: 912235914.4, Avg: 912235914.5, Max: 912235914.5, Diff: 0.1]
   [Code Root Fixup: 0.0 ms]
   [Code Root Purge: 0.0 ms]
   [Clear CT: 0.6 ms]
   [Other: 2.0 ms]
      [Choose CSet: 0.0 ms]
      [Ref Proc: 1.0 ms]
      [Ref Enq: 0.0 ms]
      [Redirty Cards: 0.5 ms]
      [Humongous Register: 0.0 ms]
      [Humongous Reclaim: 0.0 ms]
      [Free CSet: 0.2 ms]
   [Eden: 611.0M(611.0M)->0.0B(609.0M) Survivors: 3072.0K->5120.0K Heap: 842.7M(1024.0M)->233.2M(1024.0M)]
 [Times: user=0.05 sys=0.00, real=0.01 secs] 
2019-07-03T14:16:33.350+0900: 921931.006: [GC pause (G1 Evacuation Pause) (young), 0.0095938 secs]
   [Parallel Time: 6.4 ms, GC Workers: 8]
      [GC Worker Start (ms): Min: 921931006.7, Avg: 921931006.8, Max: 921931007.0, Diff: 0.3]
      [Ext Root Scanning (ms): Min: 0.6, Avg: 0.8, Max: 1.1, Diff: 0.5, Sum: 6.2]
      [Update RS (ms): Min: 0.3, Avg: 0.4, Max: 0.8, Diff: 0.5, Sum: 3.2]
         [Processed Buffers: Min: 1, Avg: 5.0, Max: 10, Diff: 9, Sum: 40]
      [Scan RS (ms): Min: 0.1, Avg: 0.2, Max: 0.3, Diff: 0.2, Sum: 1.9]
      [Code Root Scanning (ms): Min: 0.0, Avg: 0.0, Max: 0.0, Diff: 0.0, Sum: 0.1]
      [Object Copy (ms): Min: 4.3, Avg: 4.6, Max: 4.6, Diff: 0.3, Sum: 36.5]
      [Termination (ms): Min: 0.0, Avg: 0.0, Max: 0.0, Diff: 0.0, Sum: 0.0]
         [Termination Attempts: Min: 1, Avg: 1.0, Max: 1, Diff: 0, Sum: 8]
      [GC Worker Other (ms): Min: 0.0, Avg: 0.0, Max: 0.1, Diff: 0.1, Sum: 0.3]
      [GC Worker Total (ms): Min: 5.8, Avg: 6.0, Max: 6.2, Diff: 0.3, Sum: 48.2]
      [GC Worker End (ms): Min: 921931012.8, Avg: 921931012.8, Max: 921931012.9, Diff: 0.1]
   [Code Root Fixup: 0.0 ms]
   [Code Root Purge: 0.0 ms]
   [Clear CT: 0.6 ms]
   [Other: 2.7 ms]
      [Choose CSet: 0.0 ms]
      [Ref Proc: 1.2 ms]
      [Ref Enq: 0.0 ms]
      [Redirty Cards: 1.0 ms]
      [Humongous Register: 0.0 ms]
      [Humongous Reclaim: 0.0 ms]
      [Free CSet: 0.2 ms]
   [Eden: 609.0M(609.0M)->0.0B(608.0M) Survivors: 5120.0K->6144.0K Heap: 842.2M(1024.0M)->234.0M(1024.0M)]
 [Times: user=0.05 sys=0.00, real=0.01 secs] 
2019-07-03T16:57:55.010+0900: 931612.666: [GC pause (G1 Evacuation Pause) (young), 0.0095119 secs]
   [Parallel Time: 6.9 ms, GC Workers: 8]
      [GC Worker Start (ms): Min: 931612666.0, Avg: 931612666.2, Max: 931612666.4, Diff: 0.4]
      [Ext Root Scanning (ms): Min: 0.6, Avg: 0.8, Max: 1.0, Diff: 0.4, Sum: 6.2]
      [Update RS (ms): Min: 0.3, Avg: 0.4, Max: 0.8, Diff: 0.5, Sum: 3.2]
         [Processed Buffers: Min: 1, Avg: 4.9, Max: 10, Diff: 9, Sum: 39]
      [Scan RS (ms): Min: 0.1, Avg: 0.2, Max: 0.3, Diff: 0.2, Sum: 1.9]
      [Code Root Scanning (ms): Min: 0.0, Avg: 0.0, Max: 0.0, Diff: 0.0, Sum: 0.1]
      [Object Copy (ms): Min: 4.3, Avg: 4.6, Max: 4.7, Diff: 0.4, Sum: 37.0]
      [Termination (ms): Min: 0.0, Avg: 0.0, Max: 0.0, Diff: 0.0, Sum: 0.0]
         [Termination Attempts: Min: 1, Avg: 1.0, Max: 1, Diff: 0, Sum: 8]
      [GC Worker Other (ms): Min: 0.0, Avg: 0.1, Max: 0.1, Diff: 0.1, Sum: 0.6]
      [GC Worker Total (ms): Min: 6.0, Avg: 6.1, Max: 6.4, Diff: 0.4, Sum: 49.0]
      [GC Worker End (ms): Min: 931612672.3, Avg: 931612672.3, Max: 931612672.4, Diff: 0.1]
   [Code Root Fixup: 0.0 ms]
   [Code Root Purge: 0.0 ms]
   [Clear CT: 0.5 ms]
   [Other: 2.1 ms]
      [Choose CSet: 0.0 ms]
      [Ref Proc: 1.1 ms]
      [Ref Enq: 0.0 ms]
      [Redirty Cards: 0.6 ms]
      [Humongous Register: 0.0 ms]
      [Humongous Reclaim: 0.0 ms]
      [Free CSet: 0.2 ms]
   [Eden: 608.0M(608.0M)->0.0B(609.0M) Survivors: 6144.0K->5120.0K Heap: 842.0M(1024.0M)->232.9M(1024.0M)]
 [Times: user=0.05 sys=0.00, real=0.02 secs] 
2019-07-03T19:39:10.993+0900: 941288.649: [GC pause (G1 Evacuation Pause) (young), 0.0088800 secs]
   [Parallel Time: 5.8 ms, GC Workers: 8]
      [GC Worker Start (ms): Min: 941288649.3, Avg: 941288649.4, Max: 941288649.6, Diff: 0.3]
      [Ext Root Scanning (ms): Min: 0.7, Avg: 0.8, Max: 1.1, Diff: 0.5, Sum: 6.5]
      [Update RS (ms): Min: 0.2, Avg: 0.4, Max: 0.8, Diff: 0.6, Sum: 3.0]
         [Processed Buffers: Min: 2, Avg: 5.2, Max: 10, Diff: 8, Sum: 42]
      [Scan RS (ms): Min: 0.1, Avg: 0.2, Max: 0.3, Diff: 0.2, Sum: 2.0]
      [Code Root Scanning (ms): Min: 0.0, Avg: 0.0, Max: 0.0, Diff: 0.0, Sum: 0.1]
      [Object Copy (ms): Min: 3.5, Avg: 3.7, Max: 3.8, Diff: 0.3, Sum: 29.8]
      [Termination (ms): Min: 0.0, Avg: 0.0, Max: 0.0, Diff: 0.0, Sum: 0.0]
         [Termination Attempts: Min: 1, Avg: 1.0, Max: 1, Diff: 0, Sum: 8]
      [GC Worker Other (ms): Min: 0.0, Avg: 0.0, Max: 0.1, Diff: 0.1, Sum: 0.4]
      [GC Worker Total (ms): Min: 5.0, Avg: 5.2, Max: 5.4, Diff: 0.4, Sum: 41.7]
      [GC Worker End (ms): Min: 941288654.6, Avg: 941288654.7, Max: 941288654.7, Diff: 0.1]
   [Code Root Fixup: 0.0 ms]
   [Code Root Purge: 0.0 ms]
   [Clear CT: 0.7 ms]
   [Other: 2.4 ms]
      [Choose CSet: 0.0 ms]
      [Ref Proc: 1.2 ms]
      [Ref Enq: 0.0 ms]
      [Redirty Cards: 0.7 ms]
      [Humongous Register: 0.0 ms]
      [Humongous Reclaim: 0.0 ms]
      [Free CSet: 0.2 ms]
   [Eden: 609.0M(609.0M)->0.0B(611.0M) Survivors: 5120.0K->3072.0K Heap: 841.9M(1024.0M)->231.7M(1024.0M)]
 [Times: user=0.05 sys=0.00, real=0.01 secs] 
2019-07-03T22:21:31.974+0900: 951029.630: [GC pause (G1 Evacuation Pause) (young), 0.0082948 secs]
   [Parallel Time: 5.9 ms, GC Workers: 8]
      [GC Worker Start (ms): Min: 951029630.1, Avg: 951029630.2, Max: 951029630.4, Diff: 0.3]
      [Ext Root Scanning (ms): Min: 0.6, Avg: 0.8, Max: 1.1, Diff: 0.5, Sum: 6.2]
      [Update RS (ms): Min: 0.2, Avg: 0.4, Max: 0.7, Diff: 0.6, Sum: 3.0]
         [Processed Buffers: Min: 1, Avg: 5.2, Max: 9, Diff: 8, Sum: 42]
      [Scan RS (ms): Min: 0.1, Avg: 0.2, Max: 0.3, Diff: 0.2, Sum: 1.8]
      [Code Root Scanning (ms): Min: 0.0, Avg: 0.0, Max: 0.0, Diff: 0.0, Sum: 0.1]
      [Object Copy (ms): Min: 4.0, Avg: 4.2, Max: 4.2, Diff: 0.3, Sum: 33.5]
      [Termination (ms): Min: 0.0, Avg: 0.0, Max: 0.0, Diff: 0.0, Sum: 0.0]
         [Termination Attempts: Min: 1, Avg: 1.0, Max: 1, Diff: 0, Sum: 8]
      [GC Worker Other (ms): Min: 0.0, Avg: 0.1, Max: 0.1, Diff: 0.1, Sum: 0.4]
      [GC Worker Total (ms): Min: 5.5, Avg: 5.6, Max: 5.8, Diff: 0.3, Sum: 45.1]
      [GC Worker End (ms): Min: 951029635.8, Avg: 951029635.9, Max: 951029635.9, Diff: 0.1]
   [Code Root Fixup: 0.0 ms]
   [Code Root Purge: 0.0 ms]
   [Clear CT: 0.4 ms]
   [Other: 2.0 ms]
      [Choose CSet: 0.0 ms]
      [Ref Proc: 1.1 ms]
      [Ref Enq: 0.0 ms]
      [Redirty Cards: 0.5 ms]
      [Humongous Register: 0.0 ms]
      [Humongous Reclaim: 0.0 ms]
      [Free CSet: 0.2 ms]
   [Eden: 611.0M(611.0M)->0.0B(609.0M) Survivors: 3072.0K->5120.0K Heap: 842.7M(1024.0M)->233.6M(1024.0M)]
 [Times: user=0.05 sys=0.01, real=0.01 secs] 
2019-07-04T01:02:45.593+0900: 960703.249: [GC pause (G1 Evacuation Pause) (young), 0.0085999 secs]
   [Parallel Time: 6.2 ms, GC Workers: 8]
      [GC Worker Start (ms): Min: 960703249.6, Avg: 960703249.8, Max: 960703250.0, Diff: 0.3]
      [Ext Root Scanning (ms): Min: 0.7, Avg: 0.8, Max: 1.1, Diff: 0.4, Sum: 6.5]
      [Update RS (ms): Min: 0.2, Avg: 0.4, Max: 0.8, Diff: 0.5, Sum: 3.0]
         [Processed Buffers: Min: 1, Avg: 5.0, Max: 8, Diff: 7, Sum: 40]
      [Scan RS (ms): Min: 0.1, Avg: 0.2, Max: 0.3, Diff: 0.2, Sum: 1.9]
      [Code Root Scanning (ms): Min: 0.0, Avg: 0.0, Max: 0.0, Diff: 0.0, Sum: 0.1]
      [Object Copy (ms): Min: 4.1, Avg: 4.4, Max: 4.4, Diff: 0.3, Sum: 34.8]
      [Termination (ms): Min: 0.0, Avg: 0.0, Max: 0.0, Diff: 0.0, Sum: 0.0]
         [Termination Attempts: Min: 1, Avg: 1.0, Max: 1, Diff: 0, Sum: 8]
      [GC Worker Other (ms): Min: 0.0, Avg: 0.1, Max: 0.1, Diff: 0.1, Sum: 0.4]
      [GC Worker Total (ms): Min: 5.7, Avg: 5.8, Max: 6.1, Diff: 0.4, Sum: 46.7]
      [GC Worker End (ms): Min: 960703255.6, Avg: 960703255.7, Max: 960703255.7, Diff: 0.1]
   [Code Root Fixup: 0.0 ms]
   [Code Root Purge: 0.0 ms]
   [Clear CT: 0.4 ms]
   [Other: 2.0 ms]
      [Choose CSet: 0.0 ms]
      [Ref Proc: 1.2 ms]
      [Ref Enq: 0.0 ms]
      [Redirty Cards: 0.4 ms]
      [Humongous Register: 0.0 ms]
      [Humongous Reclaim: 0.0 ms]
      [Free CSet: 0.2 ms]
   [Eden: 609.0M(609.0M)->0.0B(608.0M) Survivors: 5120.0K->6144.0K Heap: 842.6M(1024.0M)->234.0M(1024.0M)]
 [Times: user=0.05 sys=0.00, real=0.01 secs] 
2019-07-04T03:44:03.787+0900: 970381.443: [GC pause (G1 Evacuation Pause) (young), 0.0080887 secs]
   [Parallel Time: 5.3 ms, GC Workers: 8]
      [GC Worker Start (ms): Min: 970381443.2, Avg: 970381443.3, Max: 970381443.5, Diff: 0.3]
      [Ext Root Scanning (ms): Min: 0.6, Avg: 0.8, Max: 1.1, Diff: 0.5, Sum: 6.3]
      [Update RS (ms): Min: 0.2, Avg: 0.4, Max: 0.7, Diff: 0.5, Sum: 3.0]
         [Processed Buffers: Min: 1, Avg: 5.1, Max: 11, Diff: 10, Sum: 41]
      [Scan RS (ms): Min: 0.1, Avg: 0.2, Max: 0.3, Diff: 0.2, Sum: 1.8]
      [Code Root Scanning (ms): Min: 0.0, Avg: 0.0, Max: 0.0, Diff: 0.0, Sum: 0.1]
      [Object Copy (ms): Min: 3.2, Avg: 3.4, Max: 3.5, Diff: 0.3, Sum: 27.2]
      [Termination (ms): Min: 0.0, Avg: 0.0, Max: 0.0, Diff: 0.0, Sum: 0.0]
         [Termination Attempts: Min: 1, Avg: 1.8, Max: 3, Diff: 2, Sum: 14]
      [GC Worker Other (ms): Min: 0.0, Avg: 0.1, Max: 0.2, Diff: 0.2, Sum: 0.8]
      [GC Worker Total (ms): Min: 4.7, Avg: 4.9, Max: 5.1, Diff: 0.4, Sum: 39.1]
      [GC Worker End (ms): Min: 970381448.2, Avg: 970381448.2, Max: 970381448.4, Diff: 0.2]
   [Code Root Fixup: 0.0 ms]
   [Code Root Purge: 0.0 ms]
   [Clear CT: 0.6 ms]
   [Other: 2.2 ms]
      [Choose CSet: 0.0 ms]
      [Ref Proc: 1.1 ms]
      [Ref Enq: 0.0 ms]
      [Redirty Cards: 0.7 ms]
      [Humongous Register: 0.0 ms]
      [Humongous Reclaim: 0.0 ms]
      [Free CSet: 0.2 ms]
   [Eden: 608.0M(608.0M)->0.0B(610.0M) Survivors: 6144.0K->4096.0K Heap: 842.0M(1024.0M)->232.4M(1024.0M)]
 [Times: user=0.04 sys=0.00, real=0.01 secs] 
2019-07-04T06:25:47.729+0900: 980085.385: [GC pause (G1 Evacuation Pause) (young), 0.0081969 secs]
   [Parallel Time: 5.6 ms, GC Workers: 8]
      [GC Worker Start (ms): Min: 980085385.6, Avg: 980085385.8, Max: 980085386.0, Diff: 0.3]
      [Ext Root Scanning (ms): Min: 0.6, Avg: 0.8, Max: 1.1, Diff: 0.5, Sum: 6.6]
      [Update RS (ms): Min: 0.3, Avg: 0.4, Max: 0.7, Diff: 0.4, Sum: 3.0]
         [Processed Buffers: Min: 2, Avg: 5.0, Max: 8, Diff: 6, Sum: 40]
      [Scan RS (ms): Min: 0.1, Avg: 0.3, Max: 0.3, Diff: 0.2, Sum: 2.0]
      [Code Root Scanning (ms): Min: 0.0, Avg: 0.0, Max: 0.0, Diff: 0.0, Sum: 0.1]
      [Object Copy (ms): Min: 3.3, Avg: 3.6, Max: 3.6, Diff: 0.3, Sum: 28.4]
      [Termination (ms): Min: 0.0, Avg: 0.0, Max: 0.0, Diff: 0.0, Sum: 0.0]
         [Termination Attempts: Min: 1, Avg: 1.0, Max: 1, Diff: 0, Sum: 8]
      [GC Worker Other (ms): Min: 0.0, Avg: 0.0, Max: 0.1, Diff: 0.1, Sum: 0.3]
      [GC Worker Total (ms): Min: 4.9, Avg: 5.1, Max: 5.2, Diff: 0.3, Sum: 40.4]
      [GC Worker End (ms): Min: 980085390.8, Avg: 980085390.8, Max: 980085390.9, Diff: 0.1]
   [Code Root Fixup: 0.0 ms]
   [Code Root Purge: 0.0 ms]
   [Clear CT: 0.5 ms]
   [Other: 2.1 ms]
      [Choose CSet: 0.0 ms]
      [Ref Proc: 1.0 ms]
      [Ref Enq: 0.0 ms]
      [Redirty Cards: 0.7 ms]
      [Humongous Register: 0.0 ms]
      [Humongous Reclaim: 0.0 ms]
      [Free CSet: 0.2 ms]
   [Eden: 610.0M(610.0M)->0.0B(608.0M) Survivors: 4096.0K->6144.0K Heap: 842.4M(1024.0M)->234.2M(1024.0M)]
 [Times: user=0.04 sys=0.00, real=0.01 secs] 
2019-07-04T09:07:32.763+0900: 989790.419: [GC pause (G1 Evacuation Pause) (young), 0.0094714 secs]
   [Parallel Time: 6.3 ms, GC Workers: 8]
      [GC Worker Start (ms): Min: 989790419.4, Avg: 989790419.5, Max: 989790419.6, Diff: 0.2]
      [Ext Root Scanning (ms): Min: 0.6, Avg: 0.8, Max: 1.1, Diff: 0.4, Sum: 6.3]
      [Update RS (ms): Min: 0.2, Avg: 0.4, Max: 0.7, Diff: 0.5, Sum: 3.0]
         [Processed Buffers: Min: 1, Avg: 5.1, Max: 13, Diff: 12, Sum: 41]
      [Scan RS (ms): Min: 0.1, Avg: 0.2, Max: 0.3, Diff: 0.2, Sum: 1.9]
      [Code Root Scanning (ms): Min: 0.0, Avg: 0.0, Max: 0.0, Diff: 0.0, Sum: 0.1]
      [Object Copy (ms): Min: 3.9, Avg: 4.1, Max: 4.1, Diff: 0.2, Sum: 32.6]
      [Termination (ms): Min: 0.0, Avg: 0.0, Max: 0.0, Diff: 0.0, Sum: 0.0]
         [Termination Attempts: Min: 1, Avg: 1.0, Max: 1, Diff: 0, Sum: 8]
      [GC Worker Other (ms): Min: 0.0, Avg: 0.1, Max: 0.2, Diff: 0.2, Sum: 0.6]
      [GC Worker Total (ms): Min: 5.5, Avg: 5.6, Max: 5.8, Diff: 0.3, Sum: 44.6]
      [GC Worker End (ms): Min: 989790425.0, Avg: 989790425.1, Max: 989790425.2, Diff: 0.2]
   [Code Root Fixup: 0.0 ms]
   [Code Root Purge: 0.0 ms]
   [Clear CT: 0.6 ms]
   [Other: 2.6 ms]
      [Choose CSet: 0.0 ms]
      [Ref Proc: 1.3 ms]
      [Ref Enq: 0.0 ms]
      [Redirty Cards: 0.8 ms]
      [Humongous Register: 0.0 ms]
      [Humongous Reclaim: 0.0 ms]
      [Free CSet: 0.2 ms]
   [Eden: 608.0M(608.0M)->0.0B(610.0M) Survivors: 6144.0K->4096.0K Heap: 842.2M(1024.0M)->232.1M(1024.0M)]
 [Times: user=0.05 sys=0.01, real=0.01 secs] 
2019-07-04T11:49:31.665+0900: 999509.321: [GC pause (G1 Evacuation Pause) (young), 0.0083824 secs]
   [Parallel Time: 5.4 ms, GC Workers: 8]
      [GC Worker Start (ms): Min: 999509321.2, Avg: 999509321.3, Max: 999509321.5, Diff: 0.3]
      [Ext Root Scanning (ms): Min: 0.6, Avg: 0.8, Max: 1.1, Diff: 0.4, Sum: 6.4]
      [Update RS (ms): Min: 0.3, Avg: 0.4, Max: 0.9, Diff: 0.6, Sum: 3.1]
         [Processed Buffers: Min: 1, Avg: 5.2, Max: 9, Diff: 8, Sum: 42]
      [Scan RS (ms): Min: 0.1, Avg: 0.2, Max: 0.3, Diff: 0.2, Sum: 1.9]
      [Code Root Scanning (ms): Min: 0.0, Avg: 0.0, Max: 0.0, Diff: 0.0, Sum: 0.1]
      [Object Copy (ms): Min: 3.1, Avg: 3.5, Max: 3.6, Diff: 0.4, Sum: 27.6]
      [Termination (ms): Min: 0.0, Avg: 0.0, Max: 0.0, Diff: 0.0, Sum: 0.0]
         [Termination Attempts: Min: 1, Avg: 8.0, Max: 12, Diff: 11, Sum: 64]
      [GC Worker Other (ms): Min: 0.0, Avg: 0.1, Max: 0.2, Diff: 0.1, Sum: 0.5]
      [GC Worker Total (ms): Min: 4.8, Avg: 5.0, Max: 5.1, Diff: 0.3, Sum: 39.7]
      [GC Worker End (ms): Min: 999509326.3, Avg: 999509326.3, Max: 999509326.4, Diff: 0.1]
   [Code Root Fixup: 0.0 ms]
   [Code Root Purge: 0.0 ms]
   [Clear CT: 0.5 ms]
   [Other: 2.5 ms]
      [Choose CSet: 0.0 ms]
      [Ref Proc: 0.9 ms]
      [Ref Enq: 0.0 ms]
      [Redirty Cards: 1.0 ms]
      [Humongous Register: 0.0 ms]
      [Humongous Reclaim: 0.0 ms]
      [Free CSet: 0.2 ms]
   [Eden: 610.0M(610.0M)->0.0B(611.0M) Survivors: 4096.0K->3072.0K Heap: 842.1M(1024.0M)->231.6M(1024.0M)]
 [Times: user=0.05 sys=0.00, real=0.01 secs] 
2019-07-04T14:31:26.616+0900: 1009224.272: [GC pause (G1 Evacuation Pause) (young), 0.0076039 secs]
   [Parallel Time: 5.1 ms, GC Workers: 8]
      [GC Worker Start (ms): Min: 1009224272.2, Avg: 1009224272.4, Max: 1009224272.5, Diff: 0.3]
      [Ext Root Scanning (ms): Min: 0.6, Avg: 0.8, Max: 1.0, Diff: 0.4, Sum: 6.2]
      [Update RS (ms): Min: 0.2, Avg: 0.4, Max: 0.8, Diff: 0.5, Sum: 2.9]
         [Processed Buffers: Min: 2, Avg: 5.1, Max: 8, Diff: 6, Sum: 41]
      [Scan RS (ms): Min: 0.1, Avg: 0.2, Max: 0.3, Diff: 0.2, Sum: 1.9]
      [Code Root Scanning (ms): Min: 0.0, Avg: 0.0, Max: 0.0, Diff: 0.0, Sum: 0.1]
      [Object Copy (ms): Min: 3.1, Avg: 3.3, Max: 3.4, Diff: 0.3, Sum: 26.5]
      [Termination (ms): Min: 0.0, Avg: 0.0, Max: 0.0, Diff: 0.0, Sum: 0.0]
         [Termination Attempts: Min: 1, Avg: 1.0, Max: 1, Diff: 0, Sum: 8]
      [GC Worker Other (ms): Min: 0.0, Avg: 0.0, Max: 0.1, Diff: 0.1, Sum: 0.4]
      [GC Worker Total (ms): Min: 4.6, Avg: 4.7, Max: 4.9, Diff: 0.3, Sum: 37.9]
      [GC Worker End (ms): Min: 1009224277.1, Avg: 1009224277.1, Max: 1009224277.1, Diff: 0.1]
   [Code Root Fixup: 0.0 ms]
   [Code Root Purge: 0.0 ms]
   [Clear CT: 0.4 ms]
   [Other: 2.1 ms]
      [Choose CSet: 0.0 ms]
      [Ref Proc: 1.0 ms]
      [Ref Enq: 0.0 ms]
      [Redirty Cards: 0.7 ms]
      [Humongous Register: 0.0 ms]
      [Humongous Reclaim: 0.0 ms]
      [Free CSet: 0.2 ms]
   [Eden: 611.0M(611.0M)->0.0B(609.0M) Survivors: 3072.0K->5120.0K Heap: 842.6M(1024.0M)->233.5M(1024.0M)]
 [Times: user=0.04 sys=0.00, real=0.01 secs] 
2019-07-04T17:13:22.174+0900: 1018939.830: [GC pause (G1 Evacuation Pause) (young), 0.0091037 secs]
   [Parallel Time: 5.7 ms, GC Workers: 8]
      [GC Worker Start (ms): Min: 1018939830.3, Avg: 1018939830.4, Max: 1018939830.6, Diff: 0.3]
      [Ext Root Scanning (ms): Min: 0.6, Avg: 0.8, Max: 1.0, Diff: 0.4, Sum: 6.3]
      [Update RS (ms): Min: 0.3, Avg: 0.4, Max: 0.7, Diff: 0.5, Sum: 3.0]
         [Processed Buffers: Min: 2, Avg: 5.0, Max: 10, Diff: 8, Sum: 40]
      [Scan RS (ms): Min: 0.1, Avg: 0.2, Max: 0.3, Diff: 0.2, Sum: 1.9]
      [Code Root Scanning (ms): Min: 0.0, Avg: 0.0, Max: 0.0, Diff: 0.0, Sum: 0.1]
      [Object Copy (ms): Min: 3.6, Avg: 3.8, Max: 3.9, Diff: 0.3, Sum: 30.5]
      [Termination (ms): Min: 0.0, Avg: 0.0, Max: 0.0, Diff: 0.0, Sum: 0.0]
         [Termination Attempts: Min: 1, Avg: 1.0, Max: 1, Diff: 0, Sum: 8]
      [GC Worker Other (ms): Min: 0.0, Avg: 0.0, Max: 0.1, Diff: 0.1, Sum: 0.3]
      [GC Worker Total (ms): Min: 5.1, Avg: 5.3, Max: 5.4, Diff: 0.3, Sum: 42.2]
      [GC Worker End (ms): Min: 1018939835.7, Avg: 1018939835.7, Max: 1018939835.8, Diff: 0.1]
   [Code Root Fixup: 0.0 ms]
   [Code Root Purge: 0.0 ms]
   [Clear CT: 0.7 ms]
   [Other: 2.7 ms]
      [Choose CSet: 0.0 ms]
      [Ref Proc: 1.3 ms]
      [Ref Enq: 0.0 ms]
      [Redirty Cards: 0.9 ms]
      [Humongous Register: 0.1 ms]
      [Humongous Reclaim: 0.0 ms]
      [Free CSet: 0.2 ms]
   [Eden: 609.0M(609.0M)->0.0B(608.0M) Survivors: 5120.0K->6144.0K Heap: 842.5M(1024.0M)->234.0M(1024.0M)]
 [Times: user=0.04 sys=0.01, real=0.01 secs] 
2019-07-04T19:54:39.822+0900: 1028617.478: [GC pause (G1 Evacuation Pause) (young), 0.0093480 secs]
   [Parallel Time: 6.0 ms, GC Workers: 8]
      [GC Worker Start (ms): Min: 1028617477.9, Avg: 1028617478.1, Max: 1028617478.2, Diff: 0.3]
      [Ext Root Scanning (ms): Min: 0.7, Avg: 0.8, Max: 1.2, Diff: 0.5, Sum: 6.7]
      [Update RS (ms): Min: 0.2, Avg: 0.4, Max: 0.7, Diff: 0.5, Sum: 3.0]
         [Processed Buffers: Min: 1, Avg: 5.1, Max: 9, Diff: 8, Sum: 41]
      [Scan RS (ms): Min: 0.1, Avg: 0.2, Max: 0.3, Diff: 0.2, Sum: 1.9]
      [Code Root Scanning (ms): Min: 0.0, Avg: 0.0, Max: 0.0, Diff: 0.0, Sum: 0.1]
      [Object Copy (ms): Min: 3.6, Avg: 4.0, Max: 4.1, Diff: 0.5, Sum: 31.7]
      [Termination (ms): Min: 0.0, Avg: 0.0, Max: 0.0, Diff: 0.0, Sum: 0.1]
         [Termination Attempts: Min: 1, Avg: 4.8, Max: 8, Diff: 7, Sum: 38]
      [GC Worker Other (ms): Min: 0.0, Avg: 0.1, Max: 0.2, Diff: 0.1, Sum: 0.5]
      [GC Worker Total (ms): Min: 5.3, Avg: 5.5, Max: 5.6, Diff: 0.3, Sum: 44.0]
      [GC Worker End (ms): Min: 1028617483.5, Avg: 1028617483.6, Max: 1028617483.7, Diff: 0.1]
   [Code Root Fixup: 0.0 ms]
   [Code Root Purge: 0.0 ms]
   [Clear CT: 0.6 ms]
   [Other: 2.7 ms]
      [Choose CSet: 0.0 ms]
      [Ref Proc: 1.3 ms]
      [Ref Enq: 0.0 ms]
      [Redirty Cards: 0.9 ms]
      [Humongous Register: 0.0 ms]
      [Humongous Reclaim: 0.0 ms]
      [Free CSet: 0.2 ms]
   [Eden: 608.0M(608.0M)->0.0B(609.0M) Survivors: 6144.0K->5120.0K Heap: 842.0M(1024.0M)->232.9M(1024.0M)]
 [Times: user=0.05 sys=0.00, real=0.01 secs] 
2019-07-04T22:36:10.009+0900: 1038307.665: [GC pause (G1 Evacuation Pause) (young), 0.0094242 secs]
   [Parallel Time: 6.3 ms, GC Workers: 8]
      [GC Worker Start (ms): Min: 1038307665.7, Avg: 1038307665.9, Max: 1038307666.0, Diff: 0.3]
      [Ext Root Scanning (ms): Min: 0.6, Avg: 0.8, Max: 1.1, Diff: 0.4, Sum: 6.5]
      [Update RS (ms): Min: 0.2, Avg: 0.4, Max: 0.7, Diff: 0.5, Sum: 3.1]
         [Processed Buffers: Min: 2, Avg: 5.4, Max: 11, Diff: 9, Sum: 43]
      [Scan RS (ms): Min: 0.1, Avg: 0.2, Max: 0.3, Diff: 0.2, Sum: 1.8]
      [Code Root Scanning (ms): Min: 0.0, Avg: 0.0, Max: 0.0, Diff: 0.0, Sum: 0.1]
      [Object Copy (ms): Min: 4.0, Avg: 4.2, Max: 4.2, Diff: 0.2, Sum: 33.3]
      [Termination (ms): Min: 0.0, Avg: 0.0, Max: 0.0, Diff: 0.0, Sum: 0.0]
         [Termination Attempts: Min: 1, Avg: 1.0, Max: 1, Diff: 0, Sum: 8]
      [GC Worker Other (ms): Min: 0.0, Avg: 0.0, Max: 0.1, Diff: 0.0, Sum: 0.3]
      [GC Worker Total (ms): Min: 5.5, Avg: 5.6, Max: 5.8, Diff: 0.3, Sum: 45.1]
      [GC Worker End (ms): Min: 1038307671.5, Avg: 1038307671.5, Max: 1038307671.5, Diff: 0.0]
   [Code Root Fixup: 0.0 ms]
   [Code Root Purge: 0.0 ms]
   [Clear CT: 0.8 ms]
   [Other: 2.4 ms]
      [Choose CSet: 0.0 ms]
      [Ref Proc: 1.1 ms]
      [Ref Enq: 0.0 ms]
      [Redirty Cards: 0.8 ms]
      [Humongous Register: 0.0 ms]
      [Humongous Reclaim: 0.0 ms]
      [Free CSet: 0.2 ms]
   [Eden: 609.0M(609.0M)->0.0B(610.0M) Survivors: 5120.0K->4096.0K Heap: 841.9M(1024.0M)->231.9M(1024.0M)]
 [Times: user=0.05 sys=0.00, real=0.02 secs] 
2019-07-05T01:18:20.010+0900: 1048037.666: [GC pause (G1 Evacuation Pause) (young), 0.0093711 secs]
   [Parallel Time: 6.5 ms, GC Workers: 8]
      [GC Worker Start (ms): Min: 1048037665.9, Avg: 1048037666.1, Max: 1048037666.3, Diff: 0.4]
      [Ext Root Scanning (ms): Min: 0.6, Avg: 0.8, Max: 1.0, Diff: 0.4, Sum: 6.2]
      [Update RS (ms): Min: 0.3, Avg: 0.4, Max: 0.8, Diff: 0.5, Sum: 3.0]
         [Processed Buffers: Min: 2, Avg: 5.1, Max: 12, Diff: 10, Sum: 41]
      [Scan RS (ms): Min: 0.1, Avg: 0.2, Max: 0.3, Diff: 0.2, Sum: 1.8]
      [Code Root Scanning (ms): Min: 0.0, Avg: 0.0, Max: 0.0, Diff: 0.0, Sum: 0.1]
      [Object Copy (ms): Min: 4.1, Avg: 4.3, Max: 4.4, Diff: 0.3, Sum: 34.4]
      [Termination (ms): Min: 0.0, Avg: 0.0, Max: 0.0, Diff: 0.0, Sum: 0.0]
         [Termination Attempts: Min: 1, Avg: 1.0, Max: 1, Diff: 0, Sum: 8]
      [GC Worker Other (ms): Min: 0.0, Avg: 0.1, Max: 0.2, Diff: 0.2, Sum: 0.5]
      [GC Worker Total (ms): Min: 5.6, Avg: 5.7, Max: 5.9, Diff: 0.4, Sum: 45.9]
      [GC Worker End (ms): Min: 1048037671.8, Avg: 1048037671.9, Max: 1048037672.0, Diff: 0.2]
   [Code Root Fixup: 0.0 ms]
   [Code Root Purge: 0.0 ms]
   [Clear CT: 0.5 ms]
   [Other: 2.3 ms]
      [Choose CSet: 0.0 ms]
      [Ref Proc: 1.1 ms]
      [Ref Enq: 0.0 ms]
      [Redirty Cards: 0.8 ms]
      [Humongous Register: 0.0 ms]
      [Humongous Reclaim: 0.0 ms]
      [Free CSet: 0.2 ms]
   [Eden: 610.0M(610.0M)->0.0B(608.0M) Survivors: 4096.0K->6144.0K Heap: 841.9M(1024.0M)->234.2M(1024.0M)]
 [Times: user=0.05 sys=0.00, real=0.02 secs] 
2019-07-05T03:59:29.388+0900: 1057707.044: [GC pause (G1 Evacuation Pause) (young), 0.0088883 secs]
   [Parallel Time: 5.8 ms, GC Workers: 8]
      [GC Worker Start (ms): Min: 1057707044.4, Avg: 1057707044.6, Max: 1057707044.7, Diff: 0.3]
      [Ext Root Scanning (ms): Min: 0.6, Avg: 0.8, Max: 1.0, Diff: 0.4, Sum: 6.3]
      [Update RS (ms): Min: 0.3, Avg: 0.4, Max: 0.6, Diff: 0.3, Sum: 3.1]
         [Processed Buffers: Min: 1, Avg: 5.2, Max: 10, Diff: 9, Sum: 42]
      [Scan RS (ms): Min: 0.1, Avg: 0.2, Max: 0.4, Diff: 0.2, Sum: 2.0]
      [Code Root Scanning (ms): Min: 0.0, Avg: 0.0, Max: 0.0, Diff: 0.0, Sum: 0.1]
      [Object Copy (ms): Min: 3.9, Avg: 4.0, Max: 4.0, Diff: 0.2, Sum: 31.8]
      [Termination (ms): Min: 0.0, Avg: 0.0, Max: 0.0, Diff: 0.0, Sum: 0.0]
         [Termination Attempts: Min: 1, Avg: 1.0, Max: 1, Diff: 0, Sum: 8]
      [GC Worker Other (ms): Min: 0.0, Avg: 0.1, Max: 0.2, Diff: 0.1, Sum: 0.5]
      [GC Worker Total (ms): Min: 5.3, Avg: 5.5, Max: 5.6, Diff: 0.3, Sum: 43.7]
      [GC Worker End (ms): Min: 1057707050.0, Avg: 1057707050.1, Max: 1057707050.2, Diff: 0.1]
   [Code Root Fixup: 0.0 ms]
   [Code Root Purge: 0.0 ms]
   [Clear CT: 0.6 ms]
   [Other: 2.4 ms]
      [Choose CSet: 0.0 ms]
      [Ref Proc: 1.1 ms]
      [Ref Enq: 0.0 ms]
      [Redirty Cards: 0.8 ms]
      [Humongous Register: 0.0 ms]
      [Humongous Reclaim: 0.0 ms]
      [Free CSet: 0.2 ms]
   [Eden: 608.0M(608.0M)->0.0B(608.0M) Survivors: 6144.0K->6144.0K Heap: 842.2M(1024.0M)->234.4M(1024.0M)]
 [Times: user=0.04 sys=0.00, real=0.01 secs] 
2019-07-05T06:40:36.945+0900: 1067374.601: [GC pause (G1 Evacuation Pause) (young), 0.0096238 secs]
   [Parallel Time: 6.4 ms, GC Workers: 8]
      [GC Worker Start (ms): Min: 1067374601.2, Avg: 1067374601.3, Max: 1067374601.5, Diff: 0.3]
      [Ext Root Scanning (ms): Min: 0.6, Avg: 0.8, Max: 1.0, Diff: 0.4, Sum: 6.4]
      [Update RS (ms): Min: 0.3, Avg: 0.4, Max: 0.7, Diff: 0.5, Sum: 3.0]
         [Processed Buffers: Min: 1, Avg: 5.1, Max: 12, Diff: 11, Sum: 41]
      [Scan RS (ms): Min: 0.1, Avg: 0.2, Max: 0.4, Diff: 0.3, Sum: 2.0]
      [Code Root Scanning (ms): Min: 0.0, Avg: 0.0, Max: 0.0, Diff: 0.0, Sum: 0.1]
      [Object Copy (ms): Min: 3.9, Avg: 4.1, Max: 4.2, Diff: 0.3, Sum: 32.9]
      [Termination (ms): Min: 0.0, Avg: 0.0, Max: 0.0, Diff: 0.0, Sum: 0.0]
         [Termination Attempts: Min: 1, Avg: 5.9, Max: 9, Diff: 8, Sum: 47]
      [GC Worker Other (ms): Min: 0.0, Avg: 0.1, Max: 0.1, Diff: 0.1, Sum: 0.6]
      [GC Worker Total (ms): Min: 5.5, Avg: 5.6, Max: 5.8, Diff: 0.3, Sum: 45.0]
      [GC Worker End (ms): Min: 1067374606.9, Avg: 1067374607.0, Max: 1067374607.0, Diff: 0.1]
   [Code Root Fixup: 0.0 ms]
   [Code Root Purge: 0.0 ms]
   [Clear CT: 0.7 ms]
   [Other: 2.5 ms]
      [Choose CSet: 0.0 ms]
      [Ref Proc: 1.3 ms]
      [Ref Enq: 0.0 ms]
      [Redirty Cards: 0.8 ms]
      [Humongous Register: 0.0 ms]
      [Humongous Reclaim: 0.0 ms]
      [Free CSet: 0.2 ms]
   [Eden: 608.0M(608.0M)->0.0B(609.0M) Survivors: 6144.0K->5120.0K Heap: 842.4M(1024.0M)->233.0M(1024.0M)]
 [Times: user=0.05 sys=0.00, real=0.01 secs] 
2019-07-05T09:22:22.444+0900: 1077080.100: [GC pause (G1 Evacuation Pause) (young), 0.0089140 secs]
   [Parallel Time: 6.1 ms, GC Workers: 8]
      [GC Worker Start (ms): Min: 1077080100.4, Avg: 1077080100.6, Max: 1077080100.8, Diff: 0.4]
      [Ext Root Scanning (ms): Min: 0.7, Avg: 0.8, Max: 1.0, Diff: 0.4, Sum: 6.2]
      [Update RS (ms): Min: 0.3, Avg: 0.4, Max: 0.8, Diff: 0.5, Sum: 3.1]
         [Processed Buffers: Min: 1, Avg: 5.0, Max: 11, Diff: 10, Sum: 40]
      [Scan RS (ms): Min: 0.1, Avg: 0.3, Max: 0.3, Diff: 0.3, Sum: 2.0]
      [Code Root Scanning (ms): Min: 0.0, Avg: 0.0, Max: 0.0, Diff: 0.0, Sum: 0.1]
      [Object Copy (ms): Min: 4.0, Avg: 4.2, Max: 4.3, Diff: 0.3, Sum: 33.5]
      [Termination (ms): Min: 0.0, Avg: 0.0, Max: 0.0, Diff: 0.0, Sum: 0.0]
         [Termination Attempts: Min: 1, Avg: 1.0, Max: 1, Diff: 0, Sum: 8]
      [GC Worker Other (ms): Min: 0.0, Avg: 0.0, Max: 0.1, Diff: 0.1, Sum: 0.4]
      [GC Worker Total (ms): Min: 5.5, Avg: 5.7, Max: 5.9, Diff: 0.4, Sum: 45.2]
      [GC Worker End (ms): Min: 1077080106.3, Avg: 1077080106.3, Max: 1077080106.3, Diff: 0.1]
   [Code Root Fixup: 0.0 ms]
   [Code Root Purge: 0.0 ms]
   [Clear CT: 0.6 ms]
   [Other: 2.3 ms]
      [Choose CSet: 0.0 ms]
      [Ref Proc: 1.3 ms]
      [Ref Enq: 0.0 ms]
      [Redirty Cards: 0.6 ms]
      [Humongous Register: 0.0 ms]
      [Humongous Reclaim: 0.0 ms]
      [Free CSet: 0.2 ms]
   [Eden: 609.0M(609.0M)->0.0B(611.0M) Survivors: 5120.0K->3072.0K Heap: 842.0M(1024.0M)->231.7M(1024.0M)]
 [Times: user=0.05 sys=0.00, real=0.01 secs] 
2019-07-05T12:04:46.825+0900: 1086824.481: [GC pause (G1 Evacuation Pause) (young), 0.0101471 secs]
   [Parallel Time: 6.8 ms, GC Workers: 8]
      [GC Worker Start (ms): Min: 1086824481.2, Avg: 1086824481.4, Max: 1086824481.6, Diff: 0.4]
      [Ext Root Scanning (ms): Min: 0.7, Avg: 0.9, Max: 1.3, Diff: 0.7, Sum: 7.3]
      [Update RS (ms): Min: 0.0, Avg: 0.4, Max: 0.8, Diff: 0.8, Sum: 3.0]
         [Processed Buffers: Min: 0, Avg: 5.1, Max: 11, Diff: 11, Sum: 41]
      [Scan RS (ms): Min: 0.1, Avg: 0.2, Max: 0.3, Diff: 0.2, Sum: 1.8]
      [Code Root Scanning (ms): Min: 0.0, Avg: 0.0, Max: 0.0, Diff: 0.0, Sum: 0.1]
      [Object Copy (ms): Min: 4.3, Avg: 4.5, Max: 4.6, Diff: 0.3, Sum: 36.0]
      [Termination (ms): Min: 0.0, Avg: 0.0, Max: 0.0, Diff: 0.0, Sum: 0.0]
         [Termination Attempts: Min: 1, Avg: 1.0, Max: 1, Diff: 0, Sum: 8]
      [GC Worker Other (ms): Min: 0.0, Avg: 0.1, Max: 0.1, Diff: 0.1, Sum: 0.5]
      [GC Worker Total (ms): Min: 5.9, Avg: 6.1, Max: 6.2, Diff: 0.3, Sum: 48.6]
      [GC Worker End (ms): Min: 1086824487.5, Avg: 1086824487.5, Max: 1086824487.6, Diff: 0.1]
   [Code Root Fixup: 0.0 ms]
   [Code Root Purge: 0.0 ms]
   [Clear CT: 0.6 ms]
   [Other: 2.7 ms]
      [Choose CSet: 0.0 ms]
      [Ref Proc: 1.3 ms]
      [Ref Enq: 0.0 ms]
      [Redirty Cards: 0.9 ms]
      [Humongous Register: 0.0 ms]
      [Humongous Reclaim: 0.0 ms]
      [Free CSet: 0.2 ms]
   [Eden: 611.0M(611.0M)->0.0B(608.0M) Survivors: 3072.0K->6144.0K Heap: 842.7M(1024.0M)->234.3M(1024.0M)]
 [Times: user=0.05 sys=0.00, real=0.01 secs] 
2019-07-05T14:46:00.010+0900: 1096497.666: [GC pause (G1 Evacuation Pause) (young), 0.0091270 secs]
   [Parallel Time: 6.4 ms, GC Workers: 8]
      [GC Worker Start (ms): Min: 1096497665.8, Avg: 1096497666.1, Max: 1096497666.2, Diff: 0.4]
      [Ext Root Scanning (ms): Min: 0.6, Avg: 0.8, Max: 1.1, Diff: 0.4, Sum: 6.4]
      [Update RS (ms): Min: 0.3, Avg: 0.4, Max: 0.7, Diff: 0.5, Sum: 3.0]
         [Processed Buffers: Min: 1, Avg: 5.0, Max: 13, Diff: 12, Sum: 40]
      [Scan RS (ms): Min: 0.1, Avg: 0.2, Max: 0.3, Diff: 0.2, Sum: 1.9]
      [Code Root Scanning (ms): Min: 0.0, Avg: 0.0, Max: 0.0, Diff: 0.0, Sum: 0.1]
      [Object Copy (ms): Min: 3.9, Avg: 4.1, Max: 4.2, Diff: 0.3, Sum: 32.8]
      [Termination (ms): Min: 0.0, Avg: 0.0, Max: 0.0, Diff: 0.0, Sum: 0.1]
         [Termination Attempts: Min: 4, Avg: 5.5, Max: 8, Diff: 4, Sum: 44]
      [GC Worker Other (ms): Min: 0.0, Avg: 0.1, Max: 0.2, Diff: 0.2, Sum: 0.6]
      [GC Worker Total (ms): Min: 5.4, Avg: 5.6, Max: 5.9, Diff: 0.6, Sum: 44.9]
      [GC Worker End (ms): Min: 1096497671.6, Avg: 1096497671.7, Max: 1096497671.8, Diff: 0.2]
   [Code Root Fixup: 0.0 ms]
   [Code Root Purge: 0.0 ms]
   [Clear CT: 0.5 ms]
   [Other: 2.2 ms]
      [Choose CSet: 0.0 ms]
      [Ref Proc: 1.1 ms]
      [Ref Enq: 0.0 ms]
      [Redirty Cards: 0.7 ms]
      [Humongous Register: 0.0 ms]
      [Humongous Reclaim: 0.0 ms]
      [Free CSet: 0.2 ms]
   [Eden: 608.0M(608.0M)->0.0B(609.0M) Survivors: 6144.0K->5120.0K Heap: 842.3M(1024.0M)->233.1M(1024.0M)]
 [Times: user=0.05 sys=0.00, real=0.02 secs] 
2019-07-05T17:27:22.835+0900: 1106180.491: [GC pause (G1 Evacuation Pause) (young), 0.0083552 secs]
   [Parallel Time: 5.6 ms, GC Workers: 8]
      [GC Worker Start (ms): Min: 1106180491.1, Avg: 1106180491.3, Max: 1106180491.5, Diff: 0.3]
      [Ext Root Scanning (ms): Min: 0.6, Avg: 0.8, Max: 1.0, Diff: 0.4, Sum: 6.3]
      [Update RS (ms): Min: 0.2, Avg: 0.4, Max: 0.7, Diff: 0.5, Sum: 3.0]
         [Processed Buffers: Min: 1, Avg: 5.1, Max: 11, Diff: 10, Sum: 41]
      [Scan RS (ms): Min: 0.1, Avg: 0.2, Max: 0.3, Diff: 0.2, Sum: 1.8]
      [Code Root Scanning (ms): Min: 0.0, Avg: 0.0, Max: 0.0, Diff: 0.0, Sum: 0.1]
      [Object Copy (ms): Min: 3.6, Avg: 3.8, Max: 3.8, Diff: 0.3, Sum: 30.2]
      [Termination (ms): Min: 0.0, Avg: 0.0, Max: 0.0, Diff: 0.0, Sum: 0.0]
         [Termination Attempts: Min: 1, Avg: 1.0, Max: 1, Diff: 0, Sum: 8]
      [GC Worker Other (ms): Min: 0.0, Avg: 0.0, Max: 0.1, Diff: 0.1, Sum: 0.4]
      [GC Worker Total (ms): Min: 5.1, Avg: 5.2, Max: 5.4, Diff: 0.3, Sum: 41.7]
      [GC Worker End (ms): Min: 1106180496.5, Avg: 1106180496.5, Max: 1106180496.6, Diff: 0.1]
   [Code Root Fixup: 0.0 ms]
   [Code Root Purge: 0.0 ms]
   [Clear CT: 0.5 ms]
   [Other: 2.3 ms]
      [Choose CSet: 0.0 ms]
      [Ref Proc: 1.0 ms]
      [Ref Enq: 0.0 ms]
      [Redirty Cards: 0.8 ms]
      [Humongous Register: 0.0 ms]
      [Humongous Reclaim: 0.0 ms]
      [Free CSet: 0.2 ms]
   [Eden: 609.0M(609.0M)->0.0B(610.0M) Survivors: 5120.0K->4096.0K Heap: 842.1M(1024.0M)->232.3M(1024.0M)]
 [Times: user=0.05 sys=0.00, real=0.01 secs] 
2019-07-05T20:09:25.010+0900: 1115902.666: [GC pause (G1 Evacuation Pause) (young), 0.0092276 secs]
   [Parallel Time: 6.2 ms, GC Workers: 8]
      [GC Worker Start (ms): Min: 1115902666.1, Avg: 1115902666.3, Max: 1115902666.4, Diff: 0.3]
      [Ext Root Scanning (ms): Min: 0.6, Avg: 0.8, Max: 1.0, Diff: 0.4, Sum: 6.1]
      [Update RS (ms): Min: 0.3, Avg: 0.4, Max: 0.8, Diff: 0.5, Sum: 3.0]
         [Processed Buffers: Min: 1, Avg: 5.1, Max: 12, Diff: 11, Sum: 41]
      [Scan RS (ms): Min: 0.1, Avg: 0.2, Max: 0.3, Diff: 0.2, Sum: 2.0]
      [Code Root Scanning (ms): Min: 0.0, Avg: 0.0, Max: 0.0, Diff: 0.0, Sum: 0.1]
      [Object Copy (ms): Min: 3.8, Avg: 4.0, Max: 4.1, Diff: 0.3, Sum: 32.3]
      [Termination (ms): Min: 0.0, Avg: 0.0, Max: 0.0, Diff: 0.0, Sum: 0.0]
         [Termination Attempts: Min: 1, Avg: 1.0, Max: 1, Diff: 0, Sum: 8]
      [GC Worker Other (ms): Min: 0.0, Avg: 0.1, Max: 0.2, Diff: 0.2, Sum: 0.6]
      [GC Worker Total (ms): Min: 5.3, Avg: 5.5, Max: 5.7, Diff: 0.4, Sum: 44.1]
      [GC Worker End (ms): Min: 1115902671.7, Avg: 1115902671.8, Max: 1115902671.9, Diff: 0.2]
   [Code Root Fixup: 0.0 ms]
   [Code Root Purge: 0.0 ms]
   [Clear CT: 0.4 ms]
   [Other: 2.6 ms]
      [Choose CSet: 0.0 ms]
      [Ref Proc: 1.2 ms]
      [Ref Enq: 0.0 ms]
      [Redirty Cards: 1.0 ms]
      [Humongous Register: 0.0 ms]
      [Humongous Reclaim: 0.0 ms]
      [Free CSet: 0.2 ms]
   [Eden: 610.0M(610.0M)->0.0B(608.0M) Survivors: 4096.0K->6144.0K Heap: 842.3M(1024.0M)->234.1M(1024.0M)]
 [Times: user=0.05 sys=0.00, real=0.02 secs] 
2019-07-05T22:50:33.452+0900: 1125571.108: [GC pause (G1 Evacuation Pause) (young), 0.0076043 secs]
   [Parallel Time: 6.0 ms, GC Workers: 8]
      [GC Worker Start (ms): Min: 1125571108.1, Avg: 1125571108.3, Max: 1125571108.4, Diff: 0.3]
      [Ext Root Scanning (ms): Min: 0.6, Avg: 0.7, Max: 1.0, Diff: 0.4, Sum: 5.6]
      [Update RS (ms): Min: 0.3, Avg: 0.3, Max: 0.7, Diff: 0.4, Sum: 2.7]
         [Processed Buffers: Min: 1, Avg: 5.1, Max: 9, Diff: 8, Sum: 41]
      [Scan RS (ms): Min: 0.1, Avg: 0.2, Max: 0.3, Diff: 0.2, Sum: 1.7]
      [Code Root Scanning (ms): Min: 0.0, Avg: 0.0, Max: 0.0, Diff: 0.0, Sum: 0.1]
      [Object Copy (ms): Min: 4.2, Avg: 4.4, Max: 4.5, Diff: 0.2, Sum: 35.3]
      [Termination (ms): Min: 0.0, Avg: 0.0, Max: 0.0, Diff: 0.0, Sum: 0.0]
         [Termination Attempts: Min: 1, Avg: 1.0, Max: 1, Diff: 0, Sum: 8]
      [GC Worker Other (ms): Min: 0.0, Avg: 0.0, Max: 0.0, Diff: 0.0, Sum: 0.2]
      [GC Worker Total (ms): Min: 5.6, Avg: 5.7, Max: 5.8, Diff: 0.2, Sum: 45.6]
      [GC Worker End (ms): Min: 1125571113.9, Avg: 1125571114.0, Max: 1125571114.0, Diff: 0.0]
   [Code Root Fixup: 0.0 ms]
   [Code Root Purge: 0.0 ms]
   [Clear CT: 0.2 ms]
   [Other: 1.4 ms]
      [Choose CSet: 0.0 ms]
      [Ref Proc: 0.7 ms]
      [Ref Enq: 0.0 ms]
      [Redirty Cards: 0.3 ms]
      [Humongous Register: 0.0 ms]
      [Humongous Reclaim: 0.0 ms]
      [Free CSet: 0.2 ms]
   [Eden: 608.0M(608.0M)->0.0B(609.0M) Survivors: 6144.0K->5120.0K Heap: 842.1M(1024.0M)->233.2M(1024.0M)]
 [Times: user=0.04 sys=0.00, real=0.01 secs] 
2019-07-06T01:31:56.585+0900: 1135254.241: [GC pause (G1 Evacuation Pause) (young), 0.0090571 secs]
   [Parallel Time: 5.9 ms, GC Workers: 8]
      [GC Worker Start (ms): Min: 1135254241.7, Avg: 1135254241.8, Max: 1135254242.0, Diff: 0.3]
      [Ext Root Scanning (ms): Min: 0.6, Avg: 0.8, Max: 1.1, Diff: 0.4, Sum: 6.6]
      [Update RS (ms): Min: 0.2, Avg: 0.4, Max: 0.7, Diff: 0.5, Sum: 3.0]
         [Processed Buffers: Min: 1, Avg: 5.0, Max: 11, Diff: 10, Sum: 40]
      [Scan RS (ms): Min: 0.1, Avg: 0.2, Max: 0.3, Diff: 0.2, Sum: 1.9]
      [Code Root Scanning (ms): Min: 0.0, Avg: 0.0, Max: 0.0, Diff: 0.0, Sum: 0.1]
      [Object Copy (ms): Min: 3.8, Avg: 4.0, Max: 4.0, Diff: 0.2, Sum: 31.9]
      [Termination (ms): Min: 0.0, Avg: 0.0, Max: 0.0, Diff: 0.0, Sum: 0.0]
         [Termination Attempts: Min: 1, Avg: 1.0, Max: 1, Diff: 0, Sum: 8]
      [GC Worker Other (ms): Min: 0.0, Avg: 0.1, Max: 0.1, Diff: 0.1, Sum: 0.5]
      [GC Worker Total (ms): Min: 5.3, Avg: 5.5, Max: 5.7, Diff: 0.4, Sum: 43.9]
      [GC Worker End (ms): Min: 1135254247.3, Avg: 1135254247.3, Max: 1135254247.4, Diff: 0.1]
   [Code Root Fixup: 0.0 ms]
   [Code Root Purge: 0.0 ms]
   [Clear CT: 0.7 ms]
   [Other: 2.5 ms]
      [Choose CSet: 0.0 ms]
      [Ref Proc: 1.2 ms]
      [Ref Enq: 0.0 ms]
      [Redirty Cards: 0.8 ms]
      [Humongous Register: 0.0 ms]
      [Humongous Reclaim: 0.0 ms]
      [Free CSet: 0.2 ms]
   [Eden: 609.0M(609.0M)->0.0B(609.0M) Survivors: 5120.0K->5120.0K Heap: 842.2M(1024.0M)->233.1M(1024.0M)]
 [Times: user=0.05 sys=0.00, real=0.01 secs] 
2019-07-06T04:13:53.455+0900: 1144971.111: [GC pause (G1 Evacuation Pause) (young), 0.0092665 secs]
   [Parallel Time: 6.2 ms, GC Workers: 8]
      [GC Worker Start (ms): Min: 1144971110.8, Avg: 1144971111.0, Max: 1144971111.1, Diff: 0.3]
      [Ext Root Scanning (ms): Min: 0.5, Avg: 0.7, Max: 1.0, Diff: 0.4, Sum: 5.6]
      [Update RS (ms): Min: 0.2, Avg: 0.3, Max: 0.6, Diff: 0.4, Sum: 2.7]
         [Processed Buffers: Min: 1, Avg: 5.2, Max: 10, Diff: 9, Sum: 42]
      [Scan RS (ms): Min: 0.1, Avg: 0.2, Max: 0.3, Diff: 0.2, Sum: 1.6]
      [Code Root Scanning (ms): Min: 0.0, Avg: 0.0, Max: 0.0, Diff: 0.0, Sum: 0.1]
      [Object Copy (ms): Min: 4.4, Avg: 4.6, Max: 4.6, Diff: 0.2, Sum: 36.5]
      [Termination (ms): Min: 0.0, Avg: 0.0, Max: 0.0, Diff: 0.0, Sum: 0.2]
         [Termination Attempts: Min: 1, Avg: 1.0, Max: 1, Diff: 0, Sum: 8]
      [GC Worker Other (ms): Min: 0.0, Avg: 0.0, Max: 0.1, Diff: 0.1, Sum: 0.3]
      [GC Worker Total (ms): Min: 5.8, Avg: 5.9, Max: 6.0, Diff: 0.3, Sum: 47.1]
      [GC Worker End (ms): Min: 1144971116.9, Avg: 1144971116.9, Max: 1144971116.9, Diff: 0.1]
   [Code Root Fixup: 0.0 ms]
   [Code Root Purge: 0.0 ms]
   [Clear CT: 0.7 ms]
   [Other: 2.4 ms]
      [Choose CSet: 0.0 ms]
      [Ref Proc: 1.1 ms]
      [Ref Enq: 0.0 ms]
      [Redirty Cards: 0.8 ms]
      [Humongous Register: 0.0 ms]
      [Humongous Reclaim: 0.0 ms]
      [Free CSet: 0.2 ms]
   [Eden: 609.0M(609.0M)->0.0B(609.0M) Survivors: 5120.0K->5120.0K Heap: 842.1M(1024.0M)->233.7M(1024.0M)]
 [Times: user=0.05 sys=0.00, real=0.01 secs] 
2019-07-06T06:55:33.351+0900: 1154671.007: [GC pause (G1 Evacuation Pause) (young), 0.0090573 secs]
   [Parallel Time: 5.9 ms, GC Workers: 8]
      [GC Worker Start (ms): Min: 1154671006.8, Avg: 1154671007.0, Max: 1154671007.1, Diff: 0.3]
      [Ext Root Scanning (ms): Min: 0.6, Avg: 0.8, Max: 1.0, Diff: 0.4, Sum: 6.2]
      [Update RS (ms): Min: 0.3, Avg: 0.4, Max: 0.7, Diff: 0.5, Sum: 3.0]
         [Processed Buffers: Min: 1, Avg: 5.1, Max: 10, Diff: 9, Sum: 41]
      [Scan RS (ms): Min: 0.1, Avg: 0.2, Max: 0.3, Diff: 0.2, Sum: 1.9]
      [Code Root Scanning (ms): Min: 0.0, Avg: 0.0, Max: 0.0, Diff: 0.0, Sum: 0.1]
      [Object Copy (ms): Min: 3.8, Avg: 4.0, Max: 4.0, Diff: 0.2, Sum: 31.8]
      [Termination (ms): Min: 0.0, Avg: 0.0, Max: 0.0, Diff: 0.0, Sum: 0.0]
         [Termination Attempts: Min: 1, Avg: 1.0, Max: 1, Diff: 0, Sum: 8]
      [GC Worker Other (ms): Min: 0.0, Avg: 0.0, Max: 0.1, Diff: 0.1, Sum: 0.4]
      [GC Worker Total (ms): Min: 5.3, Avg: 5.4, Max: 5.6, Diff: 0.3, Sum: 43.4]
      [GC Worker End (ms): Min: 1154671012.4, Avg: 1154671012.4, Max: 1154671012.5, Diff: 0.1]
   [Code Root Fixup: 0.0 ms]
   [Code Root Purge: 0.0 ms]
   [Clear CT: 0.6 ms]
   [Other: 2.6 ms]
      [Choose CSet: 0.0 ms]
      [Ref Proc: 1.4 ms]
      [Ref Enq: 0.0 ms]
      [Redirty Cards: 0.7 ms]
      [Humongous Register: 0.0 ms]
      [Humongous Reclaim: 0.0 ms]
      [Free CSet: 0.2 ms]
   [Eden: 609.0M(609.0M)->0.0B(610.0M) Survivors: 5120.0K->4096.0K Heap: 842.7M(1024.0M)->232.2M(1024.0M)]
 [Times: user=0.04 sys=0.00, real=0.01 secs] 
2019-07-06T09:37:30.873+0900: 1164388.529: [GC pause (G1 Evacuation Pause) (young), 0.0076443 secs]
   [Parallel Time: 5.3 ms, GC Workers: 8]
      [GC Worker Start (ms): Min: 1164388528.7, Avg: 1164388528.9, Max: 1164388529.1, Diff: 0.3]
      [Ext Root Scanning (ms): Min: 0.6, Avg: 0.8, Max: 1.1, Diff: 0.5, Sum: 6.3]
      [Update RS (ms): Min: 0.2, Avg: 0.4, Max: 0.8, Diff: 0.6, Sum: 3.2]
         [Processed Buffers: Min: 1, Avg: 5.2, Max: 12, Diff: 11, Sum: 42]
      [Scan RS (ms): Min: 0.1, Avg: 0.2, Max: 0.3, Diff: 0.2, Sum: 2.0]
      [Code Root Scanning (ms): Min: 0.0, Avg: 0.0, Max: 0.0, Diff: 0.0, Sum: 0.1]
      [Object Copy (ms): Min: 3.2, Avg: 3.5, Max: 3.5, Diff: 0.3, Sum: 27.7]
      [Termination (ms): Min: 0.0, Avg: 0.0, Max: 0.0, Diff: 0.0, Sum: 0.0]
         [Termination Attempts: Min: 4, Avg: 6.9, Max: 12, Diff: 8, Sum: 55]
      [GC Worker Other (ms): Min: 0.0, Avg: 0.0, Max: 0.1, Diff: 0.1, Sum: 0.3]
      [GC Worker Total (ms): Min: 4.8, Avg: 5.0, Max: 5.1, Diff: 0.3, Sum: 39.6]
      [GC Worker End (ms): Min: 1164388533.8, Avg: 1164388533.9, Max: 1164388533.9, Diff: 0.1]
   [Code Root Fixup: 0.0 ms]
   [Code Root Purge: 0.0 ms]
   [Clear CT: 0.4 ms]
   [Other: 2.0 ms]
      [Choose CSet: 0.0 ms]
      [Ref Proc: 0.9 ms]
      [Ref Enq: 0.0 ms]
      [Redirty Cards: 0.7 ms]
      [Humongous Register: 0.0 ms]
      [Humongous Reclaim: 0.0 ms]
      [Free CSet: 0.2 ms]
   [Eden: 610.0M(610.0M)->0.0B(611.0M) Survivors: 4096.0K->3072.0K Heap: 842.2M(1024.0M)->231.7M(1024.0M)]
 [Times: user=0.04 sys=0.01, real=0.01 secs] 
2019-07-06T12:19:48.253+0900: 1174125.909: [GC pause (G1 Evacuation Pause) (young), 0.0096987 secs]
   [Parallel Time: 6.4 ms, GC Workers: 8]
      [GC Worker Start (ms): Min: 1174125909.1, Avg: 1174125909.2, Max: 1174125909.4, Diff: 0.3]
      [Ext Root Scanning (ms): Min: 0.6, Avg: 0.8, Max: 1.0, Diff: 0.4, Sum: 6.3]
      [Update RS (ms): Min: 0.3, Avg: 0.4, Max: 0.7, Diff: 0.5, Sum: 3.0]
         [Processed Buffers: Min: 1, Avg: 5.0, Max: 8, Diff: 7, Sum: 40]
      [Scan RS (ms): Min: 0.1, Avg: 0.2, Max: 0.3, Diff: 0.2, Sum: 1.8]
      [Code Root Scanning (ms): Min: 0.0, Avg: 0.0, Max: 0.0, Diff: 0.0, Sum: 0.1]
      [Object Copy (ms): Min: 4.4, Avg: 4.6, Max: 4.6, Diff: 0.3, Sum: 36.6]
      [Termination (ms): Min: 0.0, Avg: 0.0, Max: 0.0, Diff: 0.0, Sum: 0.0]
         [Termination Attempts: Min: 1, Avg: 1.0, Max: 1, Diff: 0, Sum: 8]
      [GC Worker Other (ms): Min: 0.0, Avg: 0.0, Max: 0.1, Diff: 0.1, Sum: 0.4]
      [GC Worker Total (ms): Min: 5.8, Avg: 6.0, Max: 6.2, Diff: 0.3, Sum: 48.1]
      [GC Worker End (ms): Min: 1174125915.2, Avg: 1174125915.3, Max: 1174125915.3, Diff: 0.1]
   [Code Root Fixup: 0.0 ms]
   [Code Root Purge: 0.0 ms]
   [Clear CT: 0.7 ms]
   [Other: 2.6 ms]
      [Choose CSet: 0.0 ms]
      [Ref Proc: 1.4 ms]
      [Ref Enq: 0.0 ms]
      [Redirty Cards: 0.8 ms]
      [Humongous Register: 0.0 ms]
      [Humongous Reclaim: 0.0 ms]
      [Free CSet: 0.2 ms]
   [Eden: 611.0M(611.0M)->0.0B(608.0M) Survivors: 3072.0K->6144.0K Heap: 842.7M(1024.0M)->234.1M(1024.0M)]
 [Times: user=0.05 sys=0.00, real=0.01 secs] 
2019-07-06T15:01:15.010+0900: 1183812.666: [GC pause (G1 Evacuation Pause) (young), 0.0093177 secs]
   [Parallel Time: 6.4 ms, GC Workers: 8]
      [GC Worker Start (ms): Min: 1183812665.9, Avg: 1183812666.1, Max: 1183812666.3, Diff: 0.3]
      [Ext Root Scanning (ms): Min: 0.6, Avg: 0.8, Max: 1.1, Diff: 0.4, Sum: 6.3]
      [Update RS (ms): Min: 0.2, Avg: 0.4, Max: 0.8, Diff: 0.5, Sum: 3.0]
         [Processed Buffers: Min: 1, Avg: 5.2, Max: 11, Diff: 10, Sum: 42]
      [Scan RS (ms): Min: 0.1, Avg: 0.2, Max: 0.3, Diff: 0.2, Sum: 1.8]
      [Code Root Scanning (ms): Min: 0.0, Avg: 0.0, Max: 0.0, Diff: 0.0, Sum: 0.1]
      [Object Copy (ms): Min: 4.3, Avg: 4.5, Max: 4.6, Diff: 0.3, Sum: 35.8]
      [Termination (ms): Min: 0.0, Avg: 0.0, Max: 0.0, Diff: 0.0, Sum: 0.0]
         [Termination Attempts: Min: 1, Avg: 1.0, Max: 1, Diff: 0, Sum: 8]
      [GC Worker Other (ms): Min: 0.0, Avg: 0.1, Max: 0.1, Diff: 0.1, Sum: 0.4]
      [GC Worker Total (ms): Min: 5.8, Avg: 5.9, Max: 6.1, Diff: 0.3, Sum: 47.4]
      [GC Worker End (ms): Min: 1183812672.0, Avg: 1183812672.0, Max: 1183812672.1, Diff: 0.1]
   [Code Root Fixup: 0.0 ms]
   [Code Root Purge: 0.0 ms]
   [Clear CT: 0.6 ms]
   [Other: 2.3 ms]
      [Choose CSet: 0.0 ms]
      [Ref Proc: 1.2 ms]
      [Ref Enq: 0.0 ms]
      [Redirty Cards: 0.6 ms]
      [Humongous Register: 0.0 ms]
      [Humongous Reclaim: 0.0 ms]
      [Free CSet: 0.2 ms]
   [Eden: 608.0M(608.0M)->0.0B(610.0M) Survivors: 6144.0K->4096.0K Heap: 842.1M(1024.0M)->232.2M(1024.0M)]
 [Times: user=0.05 sys=0.00, real=0.02 secs] 
2019-07-06T17:42:58.690+0900: 1193516.346: [GC pause (G1 Evacuation Pause) (young), 0.0089387 secs]
   [Parallel Time: 5.5 ms, GC Workers: 8]
      [GC Worker Start (ms): Min: 1193516346.2, Avg: 1193516346.4, Max: 1193516346.6, Diff: 0.3]
      [Ext Root Scanning (ms): Min: 0.6, Avg: 0.8, Max: 1.1, Diff: 0.5, Sum: 6.2]
      [Update RS (ms): Min: 0.2, Avg: 0.4, Max: 0.8, Diff: 0.5, Sum: 3.0]
         [Processed Buffers: Min: 1, Avg: 5.1, Max: 12, Diff: 11, Sum: 41]
      [Scan RS (ms): Min: 0.1, Avg: 0.2, Max: 0.3, Diff: 0.2, Sum: 2.0]
      [Code Root Scanning (ms): Min: 0.0, Avg: 0.0, Max: 0.0, Diff: 0.0, Sum: 0.1]
      [Object Copy (ms): Min: 3.1, Avg: 3.3, Max: 3.4, Diff: 0.3, Sum: 26.7]
      [Termination (ms): Min: 0.0, Avg: 0.0, Max: 0.0, Diff: 0.0, Sum: 0.0]
         [Termination Attempts: Min: 1, Avg: 4.5, Max: 8, Diff: 7, Sum: 36]
      [GC Worker Other (ms): Min: 0.0, Avg: 0.1, Max: 0.2, Diff: 0.2, Sum: 0.6]
      [GC Worker Total (ms): Min: 4.6, Avg: 4.8, Max: 5.0, Diff: 0.4, Sum: 38.5]
      [GC Worker End (ms): Min: 1193516351.2, Avg: 1193516351.2, Max: 1193516351.3, Diff: 0.2]
   [Code Root Fixup: 0.0 ms]
   [Code Root Purge: 0.0 ms]
   [Clear CT: 0.7 ms]
   [Other: 2.7 ms]
      [Choose CSet: 0.0 ms]
      [Ref Proc: 1.3 ms]
      [Ref Enq: 0.0 ms]
      [Redirty Cards: 0.9 ms]
      [Humongous Register: 0.0 ms]
      [Humongous Reclaim: 0.0 ms]
      [Free CSet: 0.2 ms]
   [Eden: 610.0M(610.0M)->0.0B(611.0M) Survivors: 4096.0K->3072.0K Heap: 842.2M(1024.0M)->231.8M(1024.0M)]
 [Times: user=0.04 sys=0.00, real=0.02 secs] 
2019-07-06T20:24:47.293+0900: 1203224.949: [GC pause (G1 Evacuation Pause) (young), 0.0089114 secs]
   [Parallel Time: 5.9 ms, GC Workers: 8]
      [GC Worker Start (ms): Min: 1203224949.1, Avg: 1203224949.2, Max: 1203224949.3, Diff: 0.3]
      [Ext Root Scanning (ms): Min: 0.6, Avg: 0.8, Max: 1.1, Diff: 0.4, Sum: 6.3]
      [Update RS (ms): Min: 0.2, Avg: 0.4, Max: 0.8, Diff: 0.6, Sum: 3.1]
         [Processed Buffers: Min: 1, Avg: 5.1, Max: 13, Diff: 12, Sum: 41]
      [Scan RS (ms): Min: 0.1, Avg: 0.3, Max: 0.3, Diff: 0.2, Sum: 2.0]
      [Code Root Scanning (ms): Min: 0.0, Avg: 0.0, Max: 0.0, Diff: 0.0, Sum: 0.1]
      [Object Copy (ms): Min: 3.5, Avg: 3.7, Max: 3.8, Diff: 0.3, Sum: 29.3]
      [Termination (ms): Min: 0.0, Avg: 0.0, Max: 0.0, Diff: 0.0, Sum: 0.0]
         [Termination Attempts: Min: 1, Avg: 1.0, Max: 1, Diff: 0, Sum: 8]
      [GC Worker Other (ms): Min: 0.0, Avg: 0.1, Max: 0.2, Diff: 0.2, Sum: 0.6]
      [GC Worker Total (ms): Min: 5.0, Avg: 5.2, Max: 5.4, Diff: 0.4, Sum: 41.3]
      [GC Worker End (ms): Min: 1203224954.3, Avg: 1203224954.4, Max: 1203224954.5, Diff: 0.2]
   [Code Root Fixup: 0.0 ms]
   [Code Root Purge: 0.0 ms]
   [Clear CT: 0.7 ms]
   [Other: 2.3 ms]
      [Choose CSet: 0.0 ms]
      [Ref Proc: 1.2 ms]
      [Ref Enq: 0.0 ms]
      [Redirty Cards: 0.7 ms]
      [Humongous Register: 0.0 ms]
      [Humongous Reclaim: 0.0 ms]
      [Free CSet: 0.2 ms]
   [Eden: 611.0M(611.0M)->0.0B(609.0M) Survivors: 3072.0K->5120.0K Heap: 842.8M(1024.0M)->233.7M(1024.0M)]
 [Times: user=0.04 sys=0.00, real=0.01 secs] 
2019-07-06T23:06:38.810+0900: 1212936.466: [GC pause (G1 Evacuation Pause) (young), 0.0097099 secs]
   [Parallel Time: 6.7 ms, GC Workers: 8]
      [GC Worker Start (ms): Min: 1212936466.5, Avg: 1212936466.6, Max: 1212936466.8, Diff: 0.3]
      [Ext Root Scanning (ms): Min: 0.6, Avg: 0.8, Max: 1.1, Diff: 0.5, Sum: 6.3]
      [Update RS (ms): Min: 0.2, Avg: 0.4, Max: 0.8, Diff: 0.6, Sum: 3.0]
         [Processed Buffers: Min: 1, Avg: 5.1, Max: 11, Diff: 10, Sum: 41]
      [Scan RS (ms): Min: 0.1, Avg: 0.2, Max: 0.3, Diff: 0.2, Sum: 2.0]
      [Code Root Scanning (ms): Min: 0.0, Avg: 0.0, Max: 0.0, Diff: 0.0, Sum: 0.1]
      [Object Copy (ms): Min: 4.3, Avg: 4.5, Max: 4.7, Diff: 0.4, Sum: 36.3]
      [Termination (ms): Min: 0.0, Avg: 0.0, Max: 0.0, Diff: 0.0, Sum: 0.0]
         [Termination Attempts: Min: 1, Avg: 1.0, Max: 1, Diff: 0, Sum: 8]
      [GC Worker Other (ms): Min: 0.0, Avg: 0.1, Max: 0.2, Diff: 0.2, Sum: 0.7]
      [GC Worker Total (ms): Min: 5.8, Avg: 6.0, Max: 6.2, Diff: 0.4, Sum: 48.4]
      [GC Worker End (ms): Min: 1212936472.6, Avg: 1212936472.7, Max: 1212936472.8, Diff: 0.2]
   [Code Root Fixup: 0.0 ms]
   [Code Root Purge: 0.0 ms]
   [Clear CT: 0.6 ms]
   [Other: 2.4 ms]
      [Choose CSet: 0.0 ms]
      [Ref Proc: 1.3 ms]
      [Ref Enq: 0.0 ms]
      [Redirty Cards: 0.7 ms]
      [Humongous Register: 0.0 ms]
      [Humongous Reclaim: 0.0 ms]
      [Free CSet: 0.2 ms]
   [Eden: 609.0M(609.0M)->0.0B(610.0M) Survivors: 5120.0K->4096.0K Heap: 842.7M(1024.0M)->232.2M(1024.0M)]
 [Times: user=0.05 sys=0.01, real=0.01 secs] 
2019-07-07T01:48:40.010+0900: 1222657.666: [GC pause (G1 Evacuation Pause) (young), 0.0077677 secs]
   [Parallel Time: 5.0 ms, GC Workers: 8]
      [GC Worker Start (ms): Min: 1222657665.8, Avg: 1222657666.0, Max: 1222657666.2, Diff: 0.4]
      [Ext Root Scanning (ms): Min: 0.6, Avg: 0.8, Max: 1.1, Diff: 0.5, Sum: 6.5]
      [Update RS (ms): Min: 0.2, Avg: 0.4, Max: 0.8, Diff: 0.6, Sum: 3.0]
         [Processed Buffers: Min: 1, Avg: 5.1, Max: 10, Diff: 9, Sum: 41]
      [Scan RS (ms): Min: 0.1, Avg: 0.2, Max: 0.3, Diff: 0.2, Sum: 2.0]
      [Code Root Scanning (ms): Min: 0.0, Avg: 0.0, Max: 0.0, Diff: 0.0, Sum: 0.1]
      [Object Copy (ms): Min: 2.7, Avg: 2.9, Max: 3.1, Diff: 0.4, Sum: 23.4]
      [Termination (ms): Min: 0.0, Avg: 0.0, Max: 0.0, Diff: 0.0, Sum: 0.0]
         [Termination Attempts: Min: 1, Avg: 1.0, Max: 1, Diff: 0, Sum: 8]
      [GC Worker Other (ms): Min: 0.0, Avg: 0.1, Max: 0.2, Diff: 0.1, Sum: 0.4]
      [GC Worker Total (ms): Min: 4.2, Avg: 4.4, Max: 4.6, Diff: 0.4, Sum: 35.4]
      [GC Worker End (ms): Min: 1222657670.4, Avg: 1222657670.4, Max: 1222657670.5, Diff: 0.1]
   [Code Root Fixup: 0.0 ms]
   [Code Root Purge: 0.0 ms]
   [Clear CT: 0.6 ms]
   [Other: 2.2 ms]
      [Choose CSet: 0.0 ms]
      [Ref Proc: 1.1 ms]
      [Ref Enq: 0.0 ms]
      [Redirty Cards: 0.6 ms]
      [Humongous Register: 0.0 ms]
      [Humongous Reclaim: 0.0 ms]
      [Free CSet: 0.2 ms]
   [Eden: 610.0M(610.0M)->0.0B(611.0M) Survivors: 4096.0K->3072.0K Heap: 842.2M(1024.0M)->231.8M(1024.0M)]
 [Times: user=0.04 sys=0.00, real=0.01 secs] 
2019-07-07T04:30:31.576+0900: 1232369.232: [GC pause (G1 Evacuation Pause) (young), 0.0093437 secs]
   [Parallel Time: 6.3 ms, GC Workers: 8]
      [GC Worker Start (ms): Min: 1232369232.4, Avg: 1232369232.6, Max: 1232369232.8, Diff: 0.3]
      [Ext Root Scanning (ms): Min: 0.6, Avg: 0.8, Max: 1.0, Diff: 0.4, Sum: 6.1]
      [Update RS (ms): Min: 0.2, Avg: 0.4, Max: 0.8, Diff: 0.6, Sum: 3.0]
         [Processed Buffers: Min: 2, Avg: 5.1, Max: 12, Diff: 10, Sum: 41]
      [Scan RS (ms): Min: 0.1, Avg: 0.2, Max: 0.3, Diff: 0.2, Sum: 1.9]
      [Code Root Scanning (ms): Min: 0.0, Avg: 0.0, Max: 0.0, Diff: 0.0, Sum: 0.1]
      [Object Copy (ms): Min: 3.8, Avg: 4.0, Max: 4.2, Diff: 0.4, Sum: 32.4]
      [Termination (ms): Min: 0.0, Avg: 0.0, Max: 0.0, Diff: 0.0, Sum: 0.0]
         [Termination Attempts: Min: 1, Avg: 1.2, Max: 2, Diff: 1, Sum: 10]
      [GC Worker Other (ms): Min: 0.0, Avg: 0.1, Max: 0.3, Diff: 0.2, Sum: 1.0]
      [GC Worker Total (ms): Min: 5.3, Avg: 5.6, Max: 5.9, Diff: 0.5, Sum: 44.5]
      [GC Worker End (ms): Min: 1232369238.1, Avg: 1232369238.2, Max: 1232369238.3, Diff: 0.3]
   [Code Root Fixup: 0.0 ms]
   [Code Root Purge: 0.0 ms]
   [Clear CT: 0.5 ms]
   [Other: 2.5 ms]
      [Choose CSet: 0.0 ms]
      [Ref Proc: 1.4 ms]
      [Ref Enq: 0.0 ms]
      [Redirty Cards: 0.6 ms]
      [Humongous Register: 0.0 ms]
      [Humongous Reclaim: 0.0 ms]
      [Free CSet: 0.2 ms]
   [Eden: 611.0M(611.0M)->0.0B(608.0M) Survivors: 3072.0K->6144.0K Heap: 842.8M(1024.0M)->234.1M(1024.0M)]
 [Times: user=0.05 sys=0.00, real=0.01 secs] 
2019-07-07T07:12:03.161+0900: 1242060.817: [GC pause (G1 Evacuation Pause) (young), 0.0090096 secs]
   [Parallel Time: 6.3 ms, GC Workers: 8]
      [GC Worker Start (ms): Min: 1242060817.2, Avg: 1242060817.4, Max: 1242060818.1, Diff: 1.0]
      [Ext Root Scanning (ms): Min: 0.0, Avg: 0.7, Max: 1.1, Diff: 1.1, Sum: 5.8]
      [Update RS (ms): Min: 0.3, Avg: 0.4, Max: 0.7, Diff: 0.5, Sum: 3.1]
         [Processed Buffers: Min: 1, Avg: 5.1, Max: 9, Diff: 8, Sum: 41]
      [Scan RS (ms): Min: 0.1, Avg: 0.2, Max: 0.3, Diff: 0.2, Sum: 1.9]
      [Code Root Scanning (ms): Min: 0.0, Avg: 0.0, Max: 0.0, Diff: 0.0, Sum: 0.1]
      [Object Copy (ms): Min: 4.2, Avg: 4.5, Max: 4.5, Diff: 0.3, Sum: 35.6]
      [Termination (ms): Min: 0.0, Avg: 0.0, Max: 0.0, Diff: 0.0, Sum: 0.0]
         [Termination Attempts: Min: 1, Avg: 1.0, Max: 1, Diff: 0, Sum: 8]
      [GC Worker Other (ms): Min: 0.0, Avg: 0.0, Max: 0.1, Diff: 0.1, Sum: 0.4]
      [GC Worker Total (ms): Min: 5.1, Avg: 5.9, Max: 6.1, Diff: 1.0, Sum: 46.9]
      [GC Worker End (ms): Min: 1242060823.3, Avg: 1242060823.3, Max: 1242060823.3, Diff: 0.1]
   [Code Root Fixup: 0.0 ms]
   [Code Root Purge: 0.0 ms]
   [Clear CT: 0.3 ms]
   [Other: 2.4 ms]
      [Choose CSet: 0.0 ms]
      [Ref Proc: 0.9 ms]
      [Ref Enq: 0.0 ms]
      [Redirty Cards: 1.0 ms]
      [Humongous Register: 0.0 ms]
      [Humongous Reclaim: 0.0 ms]
      [Free CSet: 0.2 ms]
   [Eden: 608.0M(608.0M)->0.0B(610.0M) Survivors: 6144.0K->4096.0K Heap: 842.1M(1024.0M)->232.2M(1024.0M)]
 [Times: user=0.06 sys=0.00, real=0.00 secs] 
2019-07-07T09:54:02.918+0900: 1251780.574: [GC pause (G1 Evacuation Pause) (young), 0.0082170 secs]
   [Parallel Time: 5.3 ms, GC Workers: 8]
      [GC Worker Start (ms): Min: 1251780574.7, Avg: 1251780574.9, Max: 1251780575.1, Diff: 0.3]
      [Ext Root Scanning (ms): Min: 0.6, Avg: 0.8, Max: 1.0, Diff: 0.4, Sum: 6.1]
      [Update RS (ms): Min: 0.2, Avg: 0.4, Max: 0.8, Diff: 0.5, Sum: 2.9]
         [Processed Buffers: Min: 1, Avg: 5.1, Max: 10, Diff: 9, Sum: 41]
      [Scan RS (ms): Min: 0.1, Avg: 0.2, Max: 0.3, Diff: 0.2, Sum: 1.9]
      [Code Root Scanning (ms): Min: 0.0, Avg: 0.0, Max: 0.0, Diff: 0.0, Sum: 0.1]
      [Object Copy (ms): Min: 3.1, Avg: 3.3, Max: 3.4, Diff: 0.3, Sum: 26.7]
      [Termination (ms): Min: 0.0, Avg: 0.0, Max: 0.0, Diff: 0.0, Sum: 0.0]
         [Termination Attempts: Min: 1, Avg: 1.0, Max: 1, Diff: 0, Sum: 8]
      [GC Worker Other (ms): Min: 0.0, Avg: 0.1, Max: 0.1, Diff: 0.1, Sum: 0.4]
      [GC Worker Total (ms): Min: 4.6, Avg: 4.8, Max: 4.9, Diff: 0.3, Sum: 38.3]
      [GC Worker End (ms): Min: 1251780579.7, Avg: 1251780579.7, Max: 1251780579.8, Diff: 0.1]
   [Code Root Fixup: 0.0 ms]
   [Code Root Purge: 0.0 ms]
   [Clear CT: 0.7 ms]
   [Other: 2.2 ms]
      [Choose CSet: 0.0 ms]
      [Ref Proc: 1.3 ms]
      [Ref Enq: 0.0 ms]
      [Redirty Cards: 0.5 ms]
      [Humongous Register: 0.0 ms]
      [Humongous Reclaim: 0.0 ms]
      [Free CSet: 0.2 ms]
   [Eden: 610.0M(610.0M)->0.0B(611.0M) Survivors: 4096.0K->3072.0K Heap: 842.2M(1024.0M)->231.8M(1024.0M)]
 [Times: user=0.04 sys=0.01, real=0.00 secs] 
2019-07-07T12:36:00.593+0900: 1261498.249: [GC pause (G1 Evacuation Pause) (young), 0.0092643 secs]
   [Parallel Time: 6.0 ms, GC Workers: 8]
      [GC Worker Start (ms): Min: 1261498248.9, Avg: 1261498249.1, Max: 1261498249.3, Diff: 0.3]
      [Ext Root Scanning (ms): Min: 0.6, Avg: 0.8, Max: 1.1, Diff: 0.4, Sum: 6.4]
      [Update RS (ms): Min: 0.2, Avg: 0.4, Max: 0.8, Diff: 0.6, Sum: 3.2]
         [Processed Buffers: Min: 1, Avg: 5.1, Max: 11, Diff: 10, Sum: 41]
      [Scan RS (ms): Min: 0.1, Avg: 0.2, Max: 0.3, Diff: 0.2, Sum: 2.0]
      [Code Root Scanning (ms): Min: 0.0, Avg: 0.0, Max: 0.0, Diff: 0.0, Sum: 0.1]
      [Object Copy (ms): Min: 3.8, Avg: 4.0, Max: 4.2, Diff: 0.4, Sum: 31.8]
      [Termination (ms): Min: 0.0, Avg: 0.0, Max: 0.0, Diff: 0.0, Sum: 0.0]
         [Termination Attempts: Min: 1, Avg: 1.0, Max: 1, Diff: 0, Sum: 8]
      [GC Worker Other (ms): Min: 0.0, Avg: 0.1, Max: 0.1, Diff: 0.1, Sum: 0.5]
      [GC Worker Total (ms): Min: 5.3, Avg: 5.5, Max: 5.7, Diff: 0.4, Sum: 44.0]
      [GC Worker End (ms): Min: 1261498254.6, Avg: 1261498254.6, Max: 1261498254.7, Diff: 0.1]
   [Code Root Fixup: 0.0 ms]
   [Code Root Purge: 0.0 ms]
   [Clear CT: 0.6 ms]
   [Other: 2.6 ms]
      [Choose CSet: 0.0 ms]
      [Ref Proc: 1.4 ms]
      [Ref Enq: 0.0 ms]
      [Redirty Cards: 0.8 ms]
      [Humongous Register: 0.0 ms]
      [Humongous Reclaim: 0.0 ms]
      [Free CSet: 0.2 ms]
   [Eden: 611.0M(611.0M)->0.0B(609.0M) Survivors: 3072.0K->5120.0K Heap: 842.8M(1024.0M)->233.7M(1024.0M)]
 [Times: user=0.04 sys=0.00, real=0.01 secs] 
2019-07-07T15:17:45.010+0900: 1271202.666: [GC pause (G1 Evacuation Pause) (young), 0.0088782 secs]
   [Parallel Time: 6.4 ms, GC Workers: 8]
      [GC Worker Start (ms): Min: 1271202666.0, Avg: 1271202666.2, Max: 1271202666.4, Diff: 0.3]
      [Ext Root Scanning (ms): Min: 0.6, Avg: 0.8, Max: 1.1, Diff: 0.5, Sum: 6.3]
      [Update RS (ms): Min: 0.2, Avg: 0.4, Max: 0.7, Diff: 0.5, Sum: 3.0]
         [Processed Buffers: Min: 1, Avg: 5.1, Max: 9, Diff: 8, Sum: 41]
      [Scan RS (ms): Min: 0.1, Avg: 0.2, Max: 0.3, Diff: 0.2, Sum: 1.9]
      [Code Root Scanning (ms): Min: 0.0, Avg: 0.0, Max: 0.0, Diff: 0.0, Sum: 0.1]
      [Object Copy (ms): Min: 4.0, Avg: 4.2, Max: 4.3, Diff: 0.3, Sum: 33.3]
      [Termination (ms): Min: 0.0, Avg: 0.0, Max: 0.0, Diff: 0.0, Sum: 0.0]
         [Termination Attempts: Min: 1, Avg: 1.0, Max: 1, Diff: 0, Sum: 8]
      [GC Worker Other (ms): Min: 0.0, Avg: 0.1, Max: 0.2, Diff: 0.2, Sum: 0.6]
      [GC Worker Total (ms): Min: 5.4, Avg: 5.7, Max: 5.8, Diff: 0.4, Sum: 45.2]
      [GC Worker End (ms): Min: 1271202671.8, Avg: 1271202671.9, Max: 1271202672.0, Diff: 0.2]
   [Code Root Fixup: 0.0 ms]
   [Code Root Purge: 0.0 ms]
   [Clear CT: 0.4 ms]
   [Other: 2.1 ms]
      [Choose CSet: 0.0 ms]
      [Ref Proc: 1.0 ms]
      [Ref Enq: 0.0 ms]
      [Redirty Cards: 0.6 ms]
      [Humongous Register: 0.0 ms]
      [Humongous Reclaim: 0.0 ms]
      [Free CSet: 0.2 ms]
   [Eden: 609.0M(609.0M)->0.0B(610.0M) Survivors: 5120.0K->4096.0K Heap: 842.7M(1024.0M)->232.2M(1024.0M)]
 [Times: user=0.05 sys=0.00, real=0.02 secs] 
2019-07-07T17:59:25.493+0900: 1280903.149: [GC pause (G1 Evacuation Pause) (young), 0.0082935 secs]
   [Parallel Time: 5.7 ms, GC Workers: 8]
      [GC Worker Start (ms): Min: 1280903149.5, Avg: 1280903149.7, Max: 1280903149.9, Diff: 0.4]
      [Ext Root Scanning (ms): Min: 0.6, Avg: 0.8, Max: 1.1, Diff: 0.4, Sum: 6.5]
      [Update RS (ms): Min: 0.2, Avg: 0.4, Max: 0.8, Diff: 0.6, Sum: 3.0]
         [Processed Buffers: Min: 1, Avg: 5.0, Max: 9, Diff: 8, Sum: 40]
      [Scan RS (ms): Min: 0.1, Avg: 0.2, Max: 0.3, Diff: 0.2, Sum: 2.0]
      [Code Root Scanning (ms): Min: 0.0, Avg: 0.0, Max: 0.0, Diff: 0.0, Sum: 0.1]
      [Object Copy (ms): Min: 3.5, Avg: 3.7, Max: 3.8, Diff: 0.4, Sum: 30.0]
      [Termination (ms): Min: 0.0, Avg: 0.0, Max: 0.0, Diff: 0.0, Sum: 0.0]
         [Termination Attempts: Min: 1, Avg: 1.0, Max: 1, Diff: 0, Sum: 8]
      [GC Worker Other (ms): Min: 0.0, Avg: 0.1, Max: 0.2, Diff: 0.1, Sum: 0.6]
      [GC Worker Total (ms): Min: 5.1, Avg: 5.3, Max: 5.5, Diff: 0.4, Sum: 42.1]
      [GC Worker End (ms): Min: 1280903154.9, Avg: 1280903155.0, Max: 1280903155.1, Diff: 0.2]
   [Code Root Fixup: 0.0 ms]
   [Code Root Purge: 0.0 ms]
   [Clear CT: 0.3 ms]
   [Other: 2.3 ms]
      [Choose CSet: 0.0 ms]
      [Ref Proc: 1.1 ms]
      [Ref Enq: 0.0 ms]
      [Redirty Cards: 0.8 ms]
      [Humongous Register: 0.0 ms]
      [Humongous Reclaim: 0.0 ms]
      [Free CSet: 0.2 ms]
   [Eden: 610.0M(610.0M)->0.0B(611.0M) Survivors: 4096.0K->3072.0K Heap: 842.2M(1024.0M)->231.8M(1024.0M)]
 [Times: user=0.05 sys=0.00, real=0.01 secs] 
2019-07-07T20:41:09.395+0900: 1290607.051: [GC pause (G1 Evacuation Pause) (young), 0.0083231 secs]
   [Parallel Time: 5.5 ms, GC Workers: 8]
      [GC Worker Start (ms): Min: 1290607051.1, Avg: 1290607051.2, Max: 1290607051.4, Diff: 0.3]
      [Ext Root Scanning (ms): Min: 0.6, Avg: 0.8, Max: 1.0, Diff: 0.4, Sum: 6.1]
      [Update RS (ms): Min: 0.2, Avg: 0.4, Max: 0.7, Diff: 0.4, Sum: 3.0]
         [Processed Buffers: Min: 1, Avg: 5.1, Max: 8, Diff: 7, Sum: 41]
      [Scan RS (ms): Min: 0.1, Avg: 0.2, Max: 0.3, Diff: 0.2, Sum: 1.8]
      [Code Root Scanning (ms): Min: 0.0, Avg: 0.0, Max: 0.0, Diff: 0.0, Sum: 0.1]
      [Object Copy (ms): Min: 3.6, Avg: 3.7, Max: 3.8, Diff: 0.2, Sum: 29.6]
      [Termination (ms): Min: 0.0, Avg: 0.0, Max: 0.0, Diff: 0.0, Sum: 0.0]
         [Termination Attempts: Min: 1, Avg: 1.0, Max: 1, Diff: 0, Sum: 8]
      [GC Worker Other (ms): Min: 0.0, Avg: 0.0, Max: 0.1, Diff: 0.1, Sum: 0.3]
      [GC Worker Total (ms): Min: 4.9, Avg: 5.1, Max: 5.3, Diff: 0.3, Sum: 40.8]
      [GC Worker End (ms): Min: 1290607056.3, Avg: 1290607056.3, Max: 1290607056.4, Diff: 0.1]
   [Code Root Fixup: 0.0 ms]
   [Code Root Purge: 0.0 ms]
   [Clear CT: 0.6 ms]
   [Other: 2.3 ms]
      [Choose CSet: 0.0 ms]
      [Ref Proc: 1.1 ms]
      [Ref Enq: 0.0 ms]
      [Redirty Cards: 0.7 ms]
      [Humongous Register: 0.0 ms]
      [Humongous Reclaim: 0.0 ms]
      [Free CSet: 0.2 ms]
   [Eden: 611.0M(611.0M)->0.0B(608.0M) Survivors: 3072.0K->6144.0K Heap: 842.8M(1024.0M)->234.1M(1024.0M)]
 [Times: user=0.04 sys=0.00, real=0.01 secs] 
2019-07-07T23:22:23.423+0900: 1300281.079: [GC pause (G1 Evacuation Pause) (young), 0.0050035 secs]
   [Parallel Time: 2.6 ms, GC Workers: 8]
      [GC Worker Start (ms): Min: 1300281079.3, Avg: 1300281079.4, Max: 1300281079.5, Diff: 0.2]
      [Ext Root Scanning (ms): Min: 0.2, Avg: 0.3, Max: 0.6, Diff: 0.4, Sum: 2.2]
      [Update RS (ms): Min: 0.0, Avg: 0.1, Max: 0.2, Diff: 0.2, Sum: 1.0]
         [Processed Buffers: Min: 0, Avg: 5.1, Max: 15, Diff: 15, Sum: 41]
      [Scan RS (ms): Min: 0.0, Avg: 0.1, Max: 0.1, Diff: 0.1, Sum: 0.6]
      [Code Root Scanning (ms): Min: 0.0, Avg: 0.0, Max: 0.0, Diff: 0.0, Sum: 0.0]
      [Object Copy (ms): Min: 1.5, Avg: 1.6, Max: 1.6, Diff: 0.1, Sum: 12.5]
      [Termination (ms): Min: 0.0, Avg: 0.0, Max: 0.0, Diff: 0.0, Sum: 0.0]
         [Termination Attempts: Min: 1, Avg: 1.0, Max: 1, Diff: 0, Sum: 8]
      [GC Worker Other (ms): Min: 0.0, Avg: 0.0, Max: 0.0, Diff: 0.0, Sum: 0.2]
      [GC Worker Total (ms): Min: 2.0, Avg: 2.1, Max: 2.2, Diff: 0.2, Sum: 16.5]
      [GC Worker End (ms): Min: 1300281081.5, Avg: 1300281081.5, Max: 1300281081.5, Diff: 0.0]
   [Code Root Fixup: 0.0 ms]
   [Code Root Purge: 0.0 ms]
   [Clear CT: 0.3 ms]
   [Other: 2.0 ms]
      [Choose CSet: 0.0 ms]
      [Ref Proc: 1.3 ms]
      [Ref Enq: 0.0 ms]
      [Redirty Cards: 0.4 ms]
      [Humongous Register: 0.0 ms]
      [Humongous Reclaim: 0.0 ms]
      [Free CSet: 0.2 ms]
   [Eden: 608.0M(608.0M)->0.0B(610.0M) Survivors: 6144.0K->4096.0K Heap: 842.1M(1024.0M)->232.4M(1024.0M)]
 [Times: user=0.02 sys=0.01, real=0.00 secs] 
2019-07-08T02:04:16.366+0900: 1309994.022: [GC pause (G1 Evacuation Pause) (young), 0.0089624 secs]
   [Parallel Time: 6.0 ms, GC Workers: 8]
      [GC Worker Start (ms): Min: 1309994022.5, Avg: 1309994022.6, Max: 1309994022.8, Diff: 0.3]
      [Ext Root Scanning (ms): Min: 0.6, Avg: 0.8, Max: 1.1, Diff: 0.5, Sum: 6.4]
      [Update RS (ms): Min: 0.2, Avg: 0.4, Max: 0.8, Diff: 0.5, Sum: 3.0]
         [Processed Buffers: Min: 1, Avg: 5.1, Max: 12, Diff: 11, Sum: 41]
      [Scan RS (ms): Min: 0.1, Avg: 0.3, Max: 0.3, Diff: 0.2, Sum: 2.1]
      [Code Root Scanning (ms): Min: 0.0, Avg: 0.0, Max: 0.0, Diff: 0.0, Sum: 0.1]
      [Object Copy (ms): Min: 3.4, Avg: 3.6, Max: 3.7, Diff: 0.3, Sum: 28.9]
      [Termination (ms): Min: 0.0, Avg: 0.0, Max: 0.0, Diff: 0.0, Sum: 0.0]
         [Termination Attempts: Min: 1, Avg: 1.0, Max: 1, Diff: 0, Sum: 8]
      [GC Worker Other (ms): Min: 0.0, Avg: 0.1, Max: 0.3, Diff: 0.2, Sum: 1.0]
      [GC Worker Total (ms): Min: 4.9, Avg: 5.2, Max: 5.3, Diff: 0.4, Sum: 41.4]
      [GC Worker End (ms): Min: 1309994027.7, Avg: 1309994027.8, Max: 1309994027.9, Diff: 0.2]
   [Code Root Fixup: 0.0 ms]
   [Code Root Purge: 0.0 ms]
   [Clear CT: 0.6 ms]
   [Other: 2.3 ms]
      [Choose CSet: 0.0 ms]
      [Ref Proc: 1.0 ms]
      [Ref Enq: 0.0 ms]
      [Redirty Cards: 0.8 ms]
      [Humongous Register: 0.0 ms]
      [Humongous Reclaim: 0.0 ms]
      [Free CSet: 0.2 ms]
   [Eden: 610.0M(610.0M)->0.0B(611.0M) Survivors: 4096.0K->3072.0K Heap: 842.4M(1024.0M)->231.7M(1024.0M)]
 [Times: user=0.04 sys=0.01, real=0.01 secs] 
2019-07-08T04:46:15.797+0900: 1319713.453: [GC pause (G1 Evacuation Pause) (young), 0.0088655 secs]
   [Parallel Time: 5.6 ms, GC Workers: 8]
      [GC Worker Start (ms): Min: 1319713452.8, Avg: 1319713453.0, Max: 1319713453.1, Diff: 0.3]
      [Ext Root Scanning (ms): Min: 0.6, Avg: 0.8, Max: 1.0, Diff: 0.4, Sum: 6.1]
      [Update RS (ms): Min: 0.3, Avg: 0.4, Max: 0.8, Diff: 0.5, Sum: 3.3]
         [Processed Buffers: Min: 1, Avg: 5.1, Max: 9, Diff: 8, Sum: 41]
      [Scan RS (ms): Min: 0.1, Avg: 0.2, Max: 0.3, Diff: 0.2, Sum: 1.8]
      [Code Root Scanning (ms): Min: 0.0, Avg: 0.0, Max: 0.0, Diff: 0.0, Sum: 0.1]
      [Object Copy (ms): Min: 3.6, Avg: 3.8, Max: 3.9, Diff: 0.4, Sum: 30.8]
      [Termination (ms): Min: 0.0, Avg: 0.0, Max: 0.0, Diff: 0.0, Sum: 0.0]
         [Termination Attempts: Min: 1, Avg: 1.0, Max: 1, Diff: 0, Sum: 8]
      [GC Worker Other (ms): Min: 0.0, Avg: 0.0, Max: 0.1, Diff: 0.0, Sum: 0.3]
      [GC Worker Total (ms): Min: 5.1, Avg: 5.3, Max: 5.5, Diff: 0.4, Sum: 42.4]
      [GC Worker End (ms): Min: 1319713458.3, Avg: 1319713458.3, Max: 1319713458.3, Diff: 0.0]
   [Code Root Fixup: 0.0 ms]
   [Code Root Purge: 0.0 ms]
   [Clear CT: 0.7 ms]
   [Other: 2.5 ms]
      [Choose CSet: 0.0 ms]
      [Ref Proc: 1.2 ms]
      [Ref Enq: 0.0 ms]
      [Redirty Cards: 0.8 ms]
      [Humongous Register: 0.0 ms]
      [Humongous Reclaim: 0.0 ms]
      [Free CSet: 0.2 ms]
   [Eden: 611.0M(611.0M)->0.0B(608.0M) Survivors: 3072.0K->6144.0K Heap: 842.7M(1024.0M)->234.1M(1024.0M)]
 [Times: user=0.05 sys=0.00, real=0.01 secs] 
2019-07-08T07:27:32.877+0900: 1329390.533: [GC pause (G1 Evacuation Pause) (young), 0.0074049 secs]
   [Parallel Time: 5.4 ms, GC Workers: 8]
      [GC Worker Start (ms): Min: 1329390533.0, Avg: 1329390533.2, Max: 1329390533.3, Diff: 0.3]
      [Ext Root Scanning (ms): Min: 0.6, Avg: 0.8, Max: 1.0, Diff: 0.4, Sum: 6.2]
      [Update RS (ms): Min: 0.3, Avg: 0.4, Max: 0.8, Diff: 0.6, Sum: 3.3]
         [Processed Buffers: Min: 2, Avg: 5.1, Max: 10, Diff: 8, Sum: 41]
      [Scan RS (ms): Min: 0.1, Avg: 0.2, Max: 0.3, Diff: 0.2, Sum: 2.0]
      [Code Root Scanning (ms): Min: 0.0, Avg: 0.0, Max: 0.0, Diff: 0.0, Sum: 0.1]
      [Object Copy (ms): Min: 3.4, Avg: 3.6, Max: 3.7, Diff: 0.4, Sum: 28.8]
      [Termination (ms): Min: 0.0, Avg: 0.0, Max: 0.0, Diff: 0.0, Sum: 0.0]
         [Termination Attempts: Min: 1, Avg: 1.0, Max: 1, Diff: 0, Sum: 8]
      [GC Worker Other (ms): Min: 0.0, Avg: 0.0, Max: 0.1, Diff: 0.1, Sum: 0.4]
      [GC Worker Total (ms): Min: 5.0, Avg: 5.1, Max: 5.2, Diff: 0.3, Sum: 40.8]
      [GC Worker End (ms): Min: 1329390538.2, Avg: 1329390538.3, Max: 1329390538.3, Diff: 0.0]
   [Code Root Fixup: 0.0 ms]
   [Code Root Purge: 0.0 ms]
   [Clear CT: 0.2 ms]
   [Other: 1.9 ms]
      [Choose CSet: 0.0 ms]
      [Ref Proc: 1.0 ms]
      [Ref Enq: 0.0 ms]
      [Redirty Cards: 0.4 ms]
      [Humongous Register: 0.0 ms]
      [Humongous Reclaim: 0.0 ms]
      [Free CSet: 0.2 ms]
   [Eden: 608.0M(608.0M)->0.0B(610.0M) Survivors: 6144.0K->4096.0K Heap: 842.1M(1024.0M)->232.2M(1024.0M)]
 [Times: user=0.05 sys=0.00, real=0.01 secs] 
2019-07-08T10:09:33.453+0900: 1339111.109: [GC pause (G1 Evacuation Pause) (young), 0.0067424 secs]
   [Parallel Time: 4.2 ms, GC Workers: 8]
      [GC Worker Start (ms): Min: 1339111109.0, Avg: 1339111109.1, Max: 1339111109.3, Diff: 0.3]
      [Ext Root Scanning (ms): Min: 0.6, Avg: 0.8, Max: 1.0, Diff: 0.4, Sum: 6.1]
      [Update RS (ms): Min: 0.2, Avg: 0.4, Max: 0.8, Diff: 0.6, Sum: 3.2]
         [Processed Buffers: Min: 1, Avg: 5.1, Max: 10, Diff: 9, Sum: 41]
      [Scan RS (ms): Min: 0.1, Avg: 0.2, Max: 0.3, Diff: 0.2, Sum: 1.8]
      [Code Root Scanning (ms): Min: 0.0, Avg: 0.0, Max: 0.0, Diff: 0.0, Sum: 0.1]
      [Object Copy (ms): Min: 2.2, Avg: 2.4, Max: 2.5, Diff: 0.4, Sum: 19.1]
      [Termination (ms): Min: 0.0, Avg: 0.0, Max: 0.0, Diff: 0.0, Sum: 0.0]
         [Termination Attempts: Min: 1, Avg: 1.0, Max: 1, Diff: 0, Sum: 8]
      [GC Worker Other (ms): Min: 0.0, Avg: 0.1, Max: 0.2, Diff: 0.2, Sum: 0.6]
      [GC Worker Total (ms): Min: 3.7, Avg: 3.9, Max: 4.0, Diff: 0.3, Sum: 30.9]
      [GC Worker End (ms): Min: 1339111112.9, Avg: 1339111113.0, Max: 1339111113.1, Diff: 0.2]
   [Code Root Fixup: 0.0 ms]
   [Code Root Purge: 0.0 ms]
   [Clear CT: 0.5 ms]
   [Other: 2.0 ms]
      [Choose CSet: 0.0 ms]
      [Ref Proc: 1.1 ms]
      [Ref Enq: 0.0 ms]
      [Redirty Cards: 0.5 ms]
      [Humongous Register: 0.0 ms]
      [Humongous Reclaim: 0.0 ms]
      [Free CSet: 0.2 ms]
   [Eden: 610.0M(610.0M)->0.0B(608.0M) Survivors: 4096.0K->6144.0K Heap: 842.2M(1024.0M)->234.1M(1024.0M)]
 [Times: user=0.03 sys=0.00, real=0.01 secs] 
2019-07-08T12:51:00.895+0900: 1348798.551: [GC pause (G1 Evacuation Pause) (young), 0.0088156 secs]
   [Parallel Time: 5.7 ms, GC Workers: 8]
      [GC Worker Start (ms): Min: 1348798551.6, Avg: 1348798551.8, Max: 1348798551.9, Diff: 0.3]
      [Ext Root Scanning (ms): Min: 0.6, Avg: 0.8, Max: 1.1, Diff: 0.5, Sum: 6.3]
      [Update RS (ms): Min: 0.2, Avg: 0.4, Max: 0.8, Diff: 0.6, Sum: 2.9]
         [Processed Buffers: Min: 1, Avg: 5.1, Max: 13, Diff: 12, Sum: 41]
      [Scan RS (ms): Min: 0.1, Avg: 0.2, Max: 0.3, Diff: 0.2, Sum: 1.9]
      [Code Root Scanning (ms): Min: 0.0, Avg: 0.0, Max: 0.0, Diff: 0.0, Sum: 0.1]
      [Object Copy (ms): Min: 3.2, Avg: 3.5, Max: 3.6, Diff: 0.4, Sum: 27.9]
      [Termination (ms): Min: 0.0, Avg: 0.0, Max: 0.0, Diff: 0.0, Sum: 0.0]
         [Termination Attempts: Min: 1, Avg: 1.0, Max: 1, Diff: 0, Sum: 8]
      [GC Worker Other (ms): Min: 0.0, Avg: 0.1, Max: 0.1, Diff: 0.1, Sum: 0.5]
      [GC Worker Total (ms): Min: 4.8, Avg: 4.9, Max: 5.2, Diff: 0.4, Sum: 39.6]
      [GC Worker End (ms): Min: 1348798556.7, Avg: 1348798556.7, Max: 1348798556.8, Diff: 0.1]
   [Code Root Fixup: 0.0 ms]
   [Code Root Purge: 0.0 ms]
   [Clear CT: 0.5 ms]
   [Other: 2.6 ms]
      [Choose CSet: 0.0 ms]
      [Ref Proc: 1.3 ms]
      [Ref Enq: 0.0 ms]
      [Redirty Cards: 0.9 ms]
      [Humongous Register: 0.0 ms]
      [Humongous Reclaim: 0.0 ms]
      [Free CSet: 0.2 ms]
   [Eden: 608.0M(608.0M)->0.0B(609.0M) Survivors: 6144.0K->5120.0K Heap: 842.1M(1024.0M)->233.2M(1024.0M)]
 [Times: user=0.05 sys=0.00, real=0.01 secs] 
2019-07-08T15:32:33.445+0900: 1358491.101: [GC pause (G1 Evacuation Pause) (young), 0.0076117 secs]
   [Parallel Time: 5.3 ms, GC Workers: 8]
      [GC Worker Start (ms): Min: 1358491101.3, Avg: 1358491101.5, Max: 1358491101.6, Diff: 0.3]
      [Ext Root Scanning (ms): Min: 0.6, Avg: 0.7, Max: 1.0, Diff: 0.4, Sum: 5.7]
      [Update RS (ms): Min: 0.2, Avg: 0.3, Max: 0.7, Diff: 0.5, Sum: 2.6]
         [Processed Buffers: Min: 2, Avg: 5.1, Max: 14, Diff: 12, Sum: 41]
      [Scan RS (ms): Min: 0.1, Avg: 0.2, Max: 0.3, Diff: 0.2, Sum: 1.7]
      [Code Root Scanning (ms): Min: 0.0, Avg: 0.0, Max: 0.0, Diff: 0.0, Sum: 0.1]
      [Object Copy (ms): Min: 3.3, Avg: 3.5, Max: 3.6, Diff: 0.3, Sum: 28.4]
      [Termination (ms): Min: 0.0, Avg: 0.0, Max: 0.0, Diff: 0.0, Sum: 0.0]
         [Termination Attempts: Min: 1, Avg: 1.0, Max: 1, Diff: 0, Sum: 8]
      [GC Worker Other (ms): Min: 0.0, Avg: 0.1, Max: 0.2, Diff: 0.2, Sum: 0.7]
      [GC Worker Total (ms): Min: 4.8, Avg: 4.9, Max: 5.0, Diff: 0.1, Sum: 39.3]
      [GC Worker End (ms): Min: 1358491106.3, Avg: 1358491106.4, Max: 1358491106.5, Diff: 0.2]
   [Code Root Fixup: 0.0 ms]
   [Code Root Purge: 0.0 ms]
   [Clear CT: 0.4 ms]
   [Other: 1.9 ms]
      [Choose CSet: 0.0 ms]
      [Ref Proc: 1.0 ms]
      [Ref Enq: 0.0 ms]
      [Redirty Cards: 0.5 ms]
      [Humongous Register: 0.0 ms]
      [Humongous Reclaim: 0.0 ms]
      [Free CSet: 0.2 ms]
   [Eden: 609.0M(609.0M)->0.0B(609.0M) Survivors: 5120.0K->5120.0K Heap: 842.2M(1024.0M)->233.4M(1024.0M)]
 [Times: user=0.04 sys=0.00, real=0.01 secs] 
